
> fibreflow-react@1.0.0 test
> vitest

[33mThe CJS build of Vite's Node API is deprecated. See https://vite.dev/guide/troubleshooting.html#vite-cjs-node-api-deprecated for more details.[39m

 DEV  v0.34.6 /home/hein/Workspace/FF_Next.js/.worktrees/001-ticketing-phase1-core

 ❯ src/App.test.tsx  (0 test)
stderr | src/tests/api-integration/sow.test.ts > SOW Module API Integration Tests > SOW Health Check > SOW health endpoint returns OK
SOW API not running - skipping health check

stderr | src/tests/api-integration/api-health.test.ts > API Health & Integration Tests > API Infrastructure > CORS headers are properly configured
CORS test skipped - endpoint not available

stderr | src/tests/api-integration/sow.test.ts > SOW Module API Integration Tests > SOW Data Retrieval > Can fetch SOW data by project ID
SOW data fetch test skipped - API not available

stderr | src/tests/api-integration/api-health.test.ts > API Health & Integration Tests > Response Format Consistency > /sow/health returns consistent response format
Skipping /sow/health - API not reachable

stderr | src/tests/no-direct-db-connections.test.ts > No Direct Database Connections > should not have any direct database connections in frontend code

Direct database connections found in frontend code:
  - /home/hein/Workspace/FF_Next.js/.worktrees/001-ticketing-phase1-core/src/components/dev/ClientsDebug.tsx:21 - Direct database connection found
  - /home/hein/Workspace/FF_Next.js/.worktrees/001-ticketing-phase1-core/src/lib/neon-sql.ts:55 - Direct database connection found
  - /home/hein/Workspace/FF_Next.js/.worktrees/001-ticketing-phase1-core/src/modules/contractor-documents-report/services/documentReportService.ts:32 - Direct database connection found
  - /home/hein/Workspace/FF_Next.js/.worktrees/001-ticketing-phase1-core/src/modules/foto-review/services/fotoDbService.ts:32 - Direct database connection found
  - /home/hein/Workspace/FF_Next.js/.worktrees/001-ticketing-phase1-core/src/modules/ticketing/__tests__/utils/db.test.ts:63 - Direct database connection found
  - /home/hein/Workspace/FF_Next.js/.worktrees/001-ticketing-phase1-core/src/modules/ticketing/utils/db.ts:52 - Direct database connection found
  - /home/hein/Workspace/FF_Next.js/.worktrees/001-ticketing-phase1-core/src/modules/wa-monitor/services/waMonitorService.ts:37 - Direct database connection found
  - /home/hein/Workspace/FF_Next.js/.worktrees/001-ticketing-phase1-core/src/scripts/test-neon-clients.ts:7 - Direct database connection found
  - /home/hein/Workspace/FF_Next.js/.worktrees/001-ticketing-phase1-core/src/services/analytics/clientAnalytics.ts:38 - Direct database connection found
  - /home/hein/Workspace/FF_Next.js/.worktrees/001-ticketing-phase1-core/src/services/client/neon/mutations.ts:1 - Direct database connection found
  - /home/hein/Workspace/FF_Next.js/.worktrees/001-ticketing-phase1-core/src/services/client/neon/queries.ts:1 - Direct database connection found
  - /home/hein/Workspace/FF_Next.js/.worktrees/001-ticketing-phase1-core/src/services/contractor/contractorOnboardingService.ts:84 - Direct database connection found
  - /home/hein/Workspace/FF_Next.js/.worktrees/001-ticketing-phase1-core/src/services/dashboard/dashboardStatsService.ts:190 - Direct database connection found
  - /home/hein/Workspace/FF_Next.js/.worktrees/001-ticketing-phase1-core/src/services/fireflies/firefliesService.ts:71 - Direct database connection found
  - /home/hein/Workspace/FF_Next.js/.worktrees/001-ticketing-phase1-core/src/services/procurement/boq/boqCrud.ts:88 - Direct database connection found
  - /home/hein/Workspace/FF_Next.js/.worktrees/001-ticketing-phase1-core/src/services/procurement/notifications/emailService.ts:40 - Direct database connection found
  - /home/hein/Workspace/FF_Next.js/.worktrees/001-ticketing-phase1-core/src/services/procurement/rfq/core/RfqCrudService.ts:23 - Direct database connection found
  - /home/hein/Workspace/FF_Next.js/.worktrees/001-ticketing-phase1-core/src/services/procurement/rfq/core/RfqItemService.ts:18 - Direct database connection found
  - /home/hein/Workspace/FF_Next.js/.worktrees/001-ticketing-phase1-core/src/services/procurement/rfq/core/RfqQueryService.ts:10 - Direct database connection found
  - /home/hein/Workspace/FF_Next.js/.worktrees/001-ticketing-phase1-core/src/services/procurement/rfq/lifecycle/RfqEvaluationService.ts:27 - Direct database connection found
  - /home/hein/Workspace/FF_Next.js/.worktrees/001-ticketing-phase1-core/src/services/procurement/rfq/lifecycle/RfqLifecycleService.ts:29 - Direct database connection found
  - /home/hein/Workspace/FF_Next.js/.worktrees/001-ticketing-phase1-core/src/services/procurement/rfq/lifecycle/RfqResponseService.ts:23 - Direct database connection found
  - /home/hein/Workspace/FF_Next.js/.worktrees/001-ticketing-phase1-core/src/services/procurement/rfq/lifecycle.ts:109 - Direct database connection found
  - /home/hein/Workspace/FF_Next.js/.worktrees/001-ticketing-phase1-core/src/services/procurement/rfq/notifications/RfqNotificationService.ts:18 - Direct database connection found
  - /home/hein/Workspace/FF_Next.js/.worktrees/001-ticketing-phase1-core/src/services/procurement/rfq/notifications/RfqReminderService.ts:22 - Direct database connection found
  - /home/hein/Workspace/FF_Next.js/.worktrees/001-ticketing-phase1-core/src/services/procurement/rfq/notifications/emailNotificationService.ts:173 - Direct database connection found
  - /home/hein/Workspace/FF_Next.js/.worktrees/001-ticketing-phase1-core/src/services/procurement/rfq/rfqCrud.ts:100 - Direct database connection found
  - /home/hein/Workspace/FF_Next.js/.worktrees/001-ticketing-phase1-core/src/services/procurement/rfq/utils/rfqNumberGenerator.ts:15 - Direct database connection found
  - /home/hein/Workspace/FF_Next.js/.worktrees/001-ticketing-phase1-core/src/services/procurement/stock/core/StockMovementService.ts:446 - Direct database connection found
  - /home/hein/Workspace/FF_Next.js/.worktrees/001-ticketing-phase1-core/src/services/procurement/stock/core/StockQueryService.ts:96 - Direct database connection found
  - /home/hein/Workspace/FF_Next.js/.worktrees/001-ticketing-phase1-core/src/services/projects/analytics/project-analytics/summary-analytics.ts:49 - Direct database connection found
  - /home/hein/Workspace/FF_Next.js/.worktrees/001-ticketing-phase1-core/src/services/projects/phases/neonPhaseService.ts:38 - Direct database connection found
  - /home/hein/Workspace/FF_Next.js/.worktrees/001-ticketing-phase1-core/src/services/projects/projectStats.ts:27 - Direct database connection found
  - /home/hein/Workspace/FF_Next.js/.worktrees/001-ticketing-phase1-core/src/services/sow/schema.ts:10 - Direct database connection found
  - /home/hein/Workspace/FF_Next.js/.worktrees/001-ticketing-phase1-core/src/services/staff/neon/crudOperations.ts:6 - Direct database connection found
  - /home/hein/Workspace/FF_Next.js/.worktrees/001-ticketing-phase1-core/src/services/staff/neon/queryBuilders.ts:6 - Direct database connection found
  - /home/hein/Workspace/FF_Next.js/.worktrees/001-ticketing-phase1-core/src/services/staff/neon/statistics.ts:6 - Direct database connection found
  - /home/hein/Workspace/FF_Next.js/.worktrees/001-ticketing-phase1-core/src/services/suppliers/neonSupplierService.ts:114 - Direct database connection found

These files should use API endpoints instead of direct database connections.
Move database logic to /api routes or use existing API services.


stderr | src/tests/no-direct-db-connections.test.ts > No Direct Database Connections > should use API services for data access

Missing API service files:
  - src/services/api/projectApi.ts

stderr | src/tests/no-direct-db-connections.test.ts > No Direct Database Connections > should have proper API endpoints for database operations

Missing API endpoints:
  - api/clients/index.js
  - api/projects/index.js
  - api/staff/index.js
  - api/sow/index.js

These endpoints are required for database operations.

stderr | src/tests/api-integration/api-health.test.ts > API Health & Integration Tests > Response Format Consistency > /projects/health returns consistent response format
Skipping /projects/health - API not reachable

 ❯ src/tests/no-direct-db-connections.test.ts  (3 tests | 3 failed) 62ms
   ❯ src/tests/no-direct-db-connections.test.ts > No Direct Database Connections > should not have any direct database connections in frontend code
     → expected [ …(38) ] to have a length of +0 but got 38
   ❯ src/tests/no-direct-db-connections.test.ts > No Direct Database Connections > should use API services for data access
     → expected [ 'src/services/api/projectApi.ts' ] to have a length of +0 but got 1
   ❯ src/tests/no-direct-db-connections.test.ts > No Direct Database Connections > should have proper API endpoints for database operations
     → expected [ 'api/clients/index.js', …(3) ] to have a length of +0 but got 4
stderr | src/tests/api-integration/api-health.test.ts > API Health & Integration Tests > Response Format Consistency > /staff/health returns consistent response format
Skipping /staff/health - API not reachable

stderr | src/tests/api-integration/staff.test.ts > Staff Module API Integration Tests > Staff Health Check > Staff health endpoint returns OK
Staff API not running - skipping health check

stderr | src/tests/api-integration/staff.test.ts > Staff Module API Integration Tests > Staff CRUD Operations > Can list all staff members
Staff list test skipped - API not available

stderr | src/tests/api-integration/api-health.test.ts > API Health & Integration Tests > Response Format Consistency > /clients/health returns consistent response format
Skipping /clients/health - API not reachable

stderr | src/tests/api-integration/sow.test.ts > SOW Module API Integration Tests > SOW Import Operations > Valid import structure is accepted
SOW import test skipped - API not available

stderr | src/tests/api-integration/projects.test.ts > Projects Module API Integration Tests > Projects Health Check > Projects health endpoint returns OK
Projects API not running - skipping health check

stderr | src/tests/api-integration/sow.test.ts > SOW Module API Integration Tests > SOW Schema Validation > Schema endpoint returns valid structure
SOW schema test skipped - API not available

stderr | src/tests/api-integration/clients.test.ts > Clients Module API Integration Tests > Clients Health Check > Clients health endpoint returns OK
Clients API not running - skipping health check

stderr | src/tests/api-integration/projects.test.ts > Projects Module API Integration Tests > Project CRUD Operations > Can list all projects
Projects list test skipped - API not available

stderr | src/tests/api-integration/clients.test.ts > Clients Module API Integration Tests > Client CRUD Operations > Can list all clients
Clients list test skipped - API not available

stderr | src/tests/api-integration/staff.test.ts > Staff Module API Integration Tests > Staff CRUD Operations > Can update staff member
Staff update test failed unexpectedly

stderr | src/tests/api-integration/api-health.test.ts > API Health & Integration Tests > Database Connection Health > Database queries are working through API
Database health check failed for /sow/health

stderr | src/tests/api-integration/api-health.test.ts > API Health & Integration Tests > Database Connection Health > Database queries are working through API
Database health check failed for /projects/health

stderr | src/tests/api-integration/sow.test.ts > SOW Module API Integration Tests > SOW Performance > Health check responds within 1 second
Performance test skipped - API not available

stderr | src/tests/api-integration/staff.test.ts > Staff Module API Integration Tests > Staff Search and Filtering > Can search staff by name
Staff search test skipped

stderr | src/tests/api-integration/staff.test.ts > Staff Module API Integration Tests > Staff Search and Filtering > Can filter staff by department
Staff department filter test skipped

stderr | src/tests/api-integration/staff.test.ts > Staff Module API Integration Tests > Staff Search and Filtering > Can filter staff by role
Staff role filter test skipped

stderr | src/tests/api-integration/projects.test.ts > Projects Module API Integration Tests > Project CRUD Operations > Can update project
Project update test failed unexpectedly

stderr | src/tests/api-integration/api-health.test.ts > API Health & Integration Tests > Database Connection Health > Database queries are working through API
Database health check failed for /staff/health

stderr | src/tests/api-integration/api-health.test.ts > API Health & Integration Tests > Database Connection Health > Database queries are working through API
Database health check failed for /clients/health

 ❯ src/tests/api-integration/sow.test.ts  (10 tests | 3 failed) 81ms
   ❯ src/tests/api-integration/sow.test.ts > SOW Module API Integration Tests > SOW Data Retrieval > Invalid project ID returns 404
     → expected 401 to be 404 // Object.is equality
   ❯ src/tests/api-integration/sow.test.ts > SOW Module API Integration Tests > SOW Import Operations > Import endpoint exists and validates data
     → expected [ 400, 422 ] to include 401
   ❯ src/tests/api-integration/sow.test.ts > SOW Module API Integration Tests > SOW Error Handling > Handles database connection errors gracefully
     → expected { extra: null, …(4) } to have property "error"
stderr | src/tests/api-integration/sow.test.ts > SOW Module API Integration Tests > SOW Performance > Data fetch responds within 2 seconds
Performance test skipped - API not available

stderr | src/tests/api-integration/staff.test.ts > Staff Module API Integration Tests > Staff Statistics > Can fetch staff statistics
Staff statistics test skipped

stderr | src/tests/api-integration/projects.test.ts > Projects Module API Integration Tests > Project Relationships > Project includes client information
Project relationships test skipped

 ❯ src/tests/api-integration/api-health.test.ts  (9 tests | 2 failed) 85ms
   ❯ src/tests/api-integration/api-health.test.ts > API Health & Integration Tests > Error Handling > 404 errors return proper format
     → expected 401 to be 404 // Object.is equality
   ❯ src/tests/api-integration/api-health.test.ts > API Health & Integration Tests > Error Handling > Invalid JSON returns 400 error
     → expected [ 400, 422 ] to include 401
stderr | src/tests/api-integration/clients.test.ts > Clients Module API Integration Tests > Client CRUD Operations > Can update client
Client update test failed unexpectedly

stderr | src/tests/api-integration/staff.test.ts > Staff Module API Integration Tests > Staff Statistics > Can fetch department summary
Department summary test skipped

stderr | src/tests/api-integration/projects.test.ts > Projects Module API Integration Tests > Project Relationships > Can fetch project with staff assignments
Project staff test skipped

stderr | src/tests/api-integration/projects.test.ts > Projects Module API Integration Tests > Project Filtering and Search > Can filter projects by status
Project filtering test skipped

stderr | src/tests/api-integration/projects.test.ts > Projects Module API Integration Tests > Project Filtering and Search > Can search projects by name
Project search test skipped

stderr | src/tests/api-integration/clients.test.ts > Clients Module API Integration Tests > Client Relationships > Can fetch client with projects
Client projects test skipped

stderr | src/tests/api-integration/staff.test.ts > Staff Module API Integration Tests > Staff Availability > Can check staff availability
Staff availability test skipped

stderr | src/tests/api-integration/projects.test.ts > Projects Module API Integration Tests > Project Statistics > Can fetch project statistics
Project statistics test skipped

stderr | src/tests/api-integration/clients.test.ts > Clients Module API Integration Tests > Client Relationships > Can fetch client project count
Client project count test skipped

stderr | src/tests/api-integration/staff.test.ts > Staff Module API Integration Tests > Staff Performance > List staff responds within 1 second
Performance test skipped

stderr | src/tests/api-integration/clients.test.ts > Clients Module API Integration Tests > Client Search and Filtering > Can search clients by name
Client search test skipped

 ❯ src/tests/api-integration/staff.test.ts  (15 tests | 1 failed) 90ms
   ❯ src/tests/api-integration/staff.test.ts > Staff Module API Integration Tests > Staff CRUD Operations > Staff creation validates email format
     → expected [ 400, 422 ] to include 401
stderr | src/tests/api-integration/staff.test.ts > Staff Module API Integration Tests > Staff Performance > Staff search responds within 1.5 seconds
Search performance test skipped

stderr | src/tests/api-integration/clients.test.ts > Clients Module API Integration Tests > Client Search and Filtering > Can filter clients by status
Client status filter test skipped

stderr | src/tests/api-integration/projects.test.ts > Projects Module API Integration Tests > Project Performance > List projects responds within 1 second
Performance test skipped

stderr | src/tests/api-integration/clients.test.ts > Clients Module API Integration Tests > Client Search and Filtering > Can filter clients by city
Client city filter test skipped

stderr | src/tests/api-integration/clients.test.ts > Clients Module API Integration Tests > Client Statistics > Can fetch client statistics
Client statistics test skipped

stderr | src/tests/api-integration/clients.test.ts > Clients Module API Integration Tests > Client Statistics > Can fetch client revenue summary
Client revenue test skipped

 ❯ src/tests/api-integration/projects.test.ts  (12 tests | 1 failed) 87ms
   ❯ src/tests/api-integration/projects.test.ts > Projects Module API Integration Tests > Project CRUD Operations > Project creation validates required fields
     → expected [ 400, 422 ] to include 401
stderr | src/tests/api-integration/clients.test.ts > Clients Module API Integration Tests > Client Performance > List clients responds within 1 second
Performance test skipped

stderr | src/tests/api-integration/clients.test.ts > Clients Module API Integration Tests > Client Performance > Client search responds within 1.5 seconds
Search performance test skipped

 ❯ src/tests/api-integration/clients.test.ts  (18 tests | 3 failed) 103ms
   ❯ src/tests/api-integration/clients.test.ts > Clients Module API Integration Tests > Client CRUD Operations > Client creation validates required fields
     → expected [ 400, 422 ] to include 401
   ❯ src/tests/api-integration/clients.test.ts > Clients Module API Integration Tests > Client CRUD Operations > Client creation validates email format
     → expected [ 400, 422 ] to include 401
   ❯ src/tests/api-integration/clients.test.ts > Clients Module API Integration Tests > Client Validation > Prevents duplicate client names
     → expected [ 400, 409 ] to include 401
stderr | src/tests/api-integration/no-direct-db.test.ts > No Direct Database Connections > Frontend code should not import database clients

❌ Direct database connections found in frontend code:


📄 src/services/neonServiceAPI.ts:
  Line 55: return this.query(queryText, params);

📄 src/services/suppliers/neonSupplierService.ts:
  Line 17: const sql = neon(process.env.DATABASE_URL!);
  Line 97: // Use sql.query() for parameterized queries (Neon v0.9+ requirement)
  Line 99: ? await sql.query(query, params)
  Line 100: : await sql.query(query, []);

📄 src/services/sow/schema.ts:
  Line 6: import { createNeonClient } from '@/lib/neon-sql';
  Line 10: const { query } = createNeonClient(process.env.NEXT_PUBLIC_NEON_DATABASE_URL || '');

📄 src/services/projects/projectStats.ts:
  Line 19: const sql = neon(DATABASE_URL);

📄 src/services/contractor/contractorOnboardingService.ts:
  Line 8: const sql = neon(process.env.DATABASE_URL || '');

📄 src/components/dev/ClientsDebug.tsx:
  Line 2: import { sql } from '@/lib/neon';
  Line 2: import { sql } from '@/lib/neon';

📄 src/services/projects/phases/neonPhaseService.ts:
  Line 27: const sql = neon(DATABASE_URL);

📄 src/services/procurement/stock/StockService.ts:
  Line 473: await db.execute('SELECT 1');

📄 src/services/procurement/rfq/rfqCrud.ts:
  Line 16: const sql = neon(process.env.DATABASE_URL!);

📄 src/services/procurement/rfq/lifecycle.ts:
  Line 13: const sql = neon(process.env.DATABASE_URL!);

📄 src/services/procurement/notifications/emailService.ts:
  Line 10: const sql = neon(process.env.DATABASE_URL!);

📄 src/services/procurement/boq/boqCrud.ts:
  Line 12: const sql = neon(process.env.DATABASE_URL!);

📄 src/pages/api/monitoring/health.ts:
  Line 11: const sql = neon(process.env.DATABASE_URL || '');

📄 src/modules/workflow/services/WorkflowTemplateService.ts:
  Line 87: const result = await workflowManagementService['client'].query(sql, params);

📄 src/modules/wa-monitor/services/waMonitorService.ts:
  Line 25: return neon(databaseUrl);

📄 src/modules/ticketing/utils/db.ts:
  Line 52: connection = neon(databaseUrl);
  Line 158: *   await txn.query(

📄 src/modules/qfield-sync/services/qfieldcloudApiService.ts:
  Line 75: const result = await qfieldPool.query(`
  Line 99: const result = await qfieldPool.query(`
  Line 129: const result = await qfieldPool.query(`
  Line 187: const result = await qfieldPool.query(query, params);
  Line 236: const result = await qfieldPool.query(query, params);
  Line 292: const result = await qfieldPool.query(query, params);

📄 src/modules/foto-review/services/fotoDbService.ts:
  Line 19: return neon(databaseUrl);

📄 src/modules/contractor-documents-report/services/documentReportService.ts:
  Line 26: const sql = neon(process.env.DATABASE_URL!);

📄 src/services/procurement/rfq/utils/rfqNumberGenerator.ts:
  Line 8: const sql = neon(process.env.DATABASE_URL!);

📄 src/services/procurement/rfq/notifications/emailNotificationService.ts:
  Line 9: const sql = neon(process.env.DATABASE_URL!);

📄 src/services/procurement/rfq/notifications/RfqReminderService.ts:
  Line 11: const sql = neon(process.env.DATABASE_URL!);

📄 src/services/procurement/rfq/notifications/RfqNotificationService.ts:
  Line 10: const sql = neon(process.env.DATABASE_URL!);

📄 src/services/procurement/rfq/lifecycle/RfqResponseService.ts:
  Line 13: const sql = neon(process.env.DATABASE_URL!);

📄 src/services/procurement/rfq/lifecycle/RfqLifecycleService.ts:
  Line 13: const sql = neon(process.env.DATABASE_URL!);

📄 src/services/procurement/rfq/lifecycle/RfqEvaluationService.ts:
  Line 12: const sql = neon(process.env.DATABASE_URL!);

📄 src/services/procurement/rfq/core/RfqQueryService.ts:
  Line 10: const sql = neon(process.env.DATABASE_URL!);

📄 src/services/procurement/rfq/core/RfqItemService.ts:
  Line 10: const sql = neon(process.env.DATABASE_URL!);

📄 src/services/procurement/rfq/core/RfqCrudService.ts:
  Line 13: const sql = neon(process.env.DATABASE_URL!);

📄 src/modules/ticketing/__tests__/utils/db.test.ts:
  Line 63: // Make neon() return our mock SQL function
  Line 243: await txn.query(operations[0].query, operations[0].params);
  Line 244: await txn.query(operations[1].query, operations[1].params);
  Line 262: await txn.query('INSERT INTO tickets (ticket_uid) VALUES ($1)', ['FT001']);
  Line 263: await txn.query('INVALID SQL');
  Line 295: const ticket = await txn.query(

📄 src/modules/projects/pole-tracker/services/poleTrackerNeonService/services/statisticsService.ts:
  Line 10: const result = await neonService.query(POLE_QUERIES.getProjectStatistics, [projectId]);
  Line 41: const result = await neonService.query(

📄 src/modules/projects/pole-tracker/services/poleTrackerNeonService/services/qualityCheckService.ts:
  Line 58: const result = await neonService.execute(query, params);

📄 src/modules/projects/pole-tracker/services/poleTrackerNeonService/services/poleDataService.ts:
  Line 73: const result = await neonService.execute(POLE_QUERIES.updatePoleStatus, [status, id]);
  Line 100: const result = await neonService.execute(query, params);

📄 src/modules/projects/pole-tracker/services/poleTrackerNeonService/services/photoManagementService.ts:
  Line 28: const result = await neonService.execute(query, [downloadURL, poleId]);
  Line 55: const result = await neonService.execute(query, [null, poleId]);

❌ Total violations: 34 files

 ❯ src/tests/api-integration/no-direct-db.test.ts  (2 tests | 1 failed) 209ms
   ❯ src/tests/api-integration/no-direct-db.test.ts > No Direct Database Connections > Frontend code should not import database clients
     → expected [ { …(2) }, { …(2) }, { …(2) }, …(31) ] to deeply equal []
stderr | src/modules/ticketing/__tests__/components/HandoverHistory.test.tsx > HandoverHistory Component > Initial Rendering > should display handover history timeline
Warning: `ReactDOMTestUtils.act` is deprecated in favor of `React.act`. Import `act` from `react` instead of `react-dom/test-utils`. See https://react.dev/warnings/react-dom-test-utils for more info.

stderr | src/modules/ticketing/__tests__/components/TicketList.test.tsx > TicketList > should display ticket list
Warning: `ReactDOMTestUtils.act` is deprecated in favor of `React.act`. Import `act` from `react` instead of `react-dom/test-utils`. See https://react.dev/warnings/react-dom-test-utils for more info.

stderr | src/modules/ticketing/__tests__/components/HandoverSnapshot.test.tsx > HandoverSnapshot Component > Snapshot Data Display > should display ticket basic info
Warning: `ReactDOMTestUtils.act` is deprecated in favor of `React.act`. Import `act` from `react` instead of `react-dom/test-utils`. See https://react.dev/warnings/react-dom-test-utils for more info.

 ❯ src/modules/ticketing/__tests__/components/HandoverSnapshot.test.tsx  (16 tests | 12 failed) 135ms
   ❯ src/modules/ticketing/__tests__/components/HandoverSnapshot.test.tsx > HandoverSnapshot Component > Snapshot Data Display > should display ticket basic info
     → Unable to find an element with the text: Fiber cut repair. This could be because the text is broken up by multiple elements. In this case, you can provide a function for your text matcher to make your matcher more flexible.

Ignored nodes: comments, script, style
[36m<body>[39m
  [36m<div>[39m
    [36m<div[39m
      [33mclass[39m=[32m"space-y-4"[39m
    [36m>[39m
      [36m<div[39m
        [33mclass[39m=[32m"bg-white/5 border border-white/10 rounded-lg p-6"[39m
      [36m>[39m
        [36m<div[39m
          [33mclass[39m=[32m"flex items-start justify-between mb-4"[39m
        [36m>[39m
          [36m<div>[39m
            [36m<h3[39m
              [33mclass[39m=[32m"text-xl font-bold text-white mb-2"[39m
            [36m>[39m
              [0mQA → Maintenance[0m
            [36m</h3>[39m
            [36m<p[39m
              [33mclass[39m=[32m"text-sm text-white/60"[39m
            [36m>[39m
              [0mTicket: [0m
              [36m<span[39m
                [33mclass[39m=[32m"font-mono text-white/80"[39m
              [36m>[39m
                [0mFT406824[0m
              [36m</span>[39m
            [36m</p>[39m
          [36m</div>[39m
          [36m<div[39m
            [33mclass[39m=[32m"flex items-center gap-2 px-3 py-1.5 bg-blue-500/20 text-blue-400 rounded-full text-sm font-medium"[39m
          [36m>[39m
            [36m<svg[39m
              [33mclass[39m=[32m"w-4 h-4"[39m
              [33mfill[39m=[32m"none"[39m
              [33mheight[39m=[32m"24"[39m
              [33mstroke[39m=[32m"currentColor"[39m
              [33mstroke-linecap[39m=[32m"round"[39m
              [33mstroke-linejoin[39m=[32m"round"[39m
              [33mstroke-width[39m=[32m"2"[39m
              [33mviewBox[39m=[32m"0 0 24 24"[39m
              [33mwidth[39m=[32m"24"[39m
              [33mxmlns[39m=[32m"http://www.w3.org/2000/svg"[39m
            [36m>[39m
              [36m<rect[39m
                [33mheight[39m=[32m"11"[39m
                [33mrx[39m=[32m"2"[39m
                [33mry[39m=[32m"2"[39m
                [33mwidth[39m=[32m"18"[39m
                [33mx[39m=[32m"3"[39m
                [33my[39m=[32m"11"[39m
              [36m/>[39m
              [36m<path[39m
                [33md[39m=[32m"M7 11V7a5 5 0 0 1 10 0v4"[39m
              [36m/>[39m
            [36m</svg>[39m
            [36m<span>[39m
              [0mLocked[0m
            [36m</span>[39m
          [36m</div>[39m
        [36m</div>[39m
        [36m<div[39m
          [33mclass[39m=[32m"flex items-center gap-4 p-3 bg-white/5 rounded-lg"[39m
        [36m>[39m
          [36m<span[39m
            [33mclass[39m=[32m"px-3 py-1 bg-blue-500/20 text-blue-400 rounded-full text-sm font-medium"[39m
          [36m>[39m
            [0mQA Team[0m
          [36m</span>[39m
          [36m<svg[39m
            [33mclass[39m=[32m"w-4 h-4 text-white/40"[39m
            [33mfill[39m=[32m"none"[39m
            [33mheight[39m=[32m"24"[39m
            [33mstroke[39m=[32m"currentColor"[39m
            [33mstroke-linecap[39m=[32m"round"[39m
            [33mstroke-linejoin[39m=[32m"round"[39m
            [33mstroke-width[39m=[32m"2"[39m
            [33mviewBox[39m=[32m"0 0 24 24"[39m
            [33mwidth[39m=[32m"24"[39m
            [33mxmlns[39m=[32m"http://www.w3.org/2000/svg"[39m
          [36m>[39m
            [36m<path[39m
              [33md[39m=[32m"M5 12h14"[39m
            [36m/>[39m
            [36m<path[39m
              [33md[39m=[32m"m12 5 7 7-7 7"[39m
            [36m/>[39m
          [36m</svg>[39m
          [36m<span[39m
            [33mclass[39m=[32m"px-3 py-1 bg-green-500/20 text-green-400 rounded-full text-sm font-medium"[39m
          [36m>[39m
            [0mMaintenance Team[0m
          [36m</span>[39m
        [36m</div>[39m
        [36m<div[39m
          [33mclass[39m=[32m"grid grid-cols-1 md:grid-cols-2 gap-3 mt-4 pt-4 border-t border-white/10"[39m
        [36m>[39m
          [36m<div[39m
            [33mclass[39m=[32m"flex items-center gap-2 text-sm"[39m
          [36m>[39m
            [36m<svg[39m
              [33mclass[39m=[32m"w-4 h-4 text-white/40"[39m
              [33mfill[39m=[32m"none"[39m
              [33mheight[39m=[32m"24"[39m
              [33mstroke[39m=[32m"currentColor"[39m
              [33mstroke-linecap[39m=[32m"round"[39m
              [33mstroke-linejoin[39m=[32m"round"[39m
              [33mstroke-width[39m=[32m"2"[39m
              [33mviewBox[39m=[32m"0 0 24 24"[39m
              [33mwidth[39m=[32m"24"[39m
              [33mxmlns[39m=[32m"http://www.w3.org/2000/svg"[39m
            [36m>[39m
              [36m<rect[39m
                [33mheight[39m=[32m"18"[39m
                [33mrx[39m=[32m"2"[39m
                [33mry[39m=[32m"2"[39m
                [33mwidth[39m=[32m"18"[39m
                [33mx[39m=[32m"3"[39m
                [33my[39m=[32m"4"[39m
              [36m/>[39m
              [36m<line[39m
                [33mx1[39m=[32m"16"[39m
                [33mx2[39m=[32m"16"[39m
                [33my1[39m=[32m"2"[39m
                [33my2[39m=[32m"6"[39m
              [36m/>[39m
              [36m<line[39m
                [33mx1[39m=[32m"8"[39m
                [33mx2[39m=[32m"8"[39m
                [33my1[39m=[32m"2"[39m
                [33my2[39m=[32m"6"[39m
              [36m/>[39m
              [36m<line[39m
                [33mx1[39m=[32m"3"[39m
                [33mx2[39m=[32m"21"[39m
                [33my1[39m=[32m"10"[39m
                [33my2[39m=[32m"10"[39m
              [36m/>[39m
            [36m</svg>[39m
            [36m<span[39m
              [33mclass[39m=[32m"text-white/60"[39m
            [36m>[39m
              [0mHandover At:[0m
            [36m</span>[39m
            [36m<span[39m
              [33mclass[39m=[32m"text-white/90"[39m
            [36m>[39m
              [0m1/15/2024, 2:00:00 PM[0m
            [36m</span>[39m
          [36m</div>[39m
          [36m<div[39m
            [33mclass[39m=[32m"flex items-center gap-2 text-sm"[39m
          [36m>[39m
            [36m<svg[39m
              [33mclass[39m=[32m"w-4 h-4 text-white/40"[39m
              [33mfill[39m=[32m"none"[39m
              [33mheight[39m=[32m"24"[39m
              [33mstroke[39m=[32m"currentColor"[39m
              [33mstroke-linecap[39m=[32m"round"[39m
              [33mstroke-linejoin[39m=[32m"round"[39m
              [33mstroke-width[39m=[32m"2"[39m
              [33mviewBox[39m=[32m"0 0 24 24"[39m
              [33mwidth[39m=[32m"24"[39m
              [33mxmlns[39m=[32m"http://www.w3.org/2000/svg"[39m
            [36m>[39m
              [36m<path[39m
                [33md[39m=[32m"M19 21v-2a4 4 0 0 0-4-4H9a4 4 0 0 0-4 4v2"[39m
              [36m/>[39m
              [36m<circle[39m
                [33mcx[39m=[32m"12"[39m
                [33mcy[39m=[32m"7"[39m
                [33mr[39m=[32m"4"[39m
              [36m/>[39m
            [36m</svg>[39m
            [36m<span[39m
              [33mclass[39m=[32m"text-white/60"[39m
            [36m>[39m
              [0mHandover By:[0m
            [36m</span>[39m
            [36m<span[39m
              [33mclass[39m=[32m"text-white/90 font-mono"[39m
            [36m>[39m
              [0mqa-user-[0m
            [36m</span>[39m
          [36m</div>[39m
        [36m</div>[39m
      [36m</div>[39m
      [36m<div[39m
        [33mclass[39m=[32m"border border-white/10 rounded-lg overflow-hidden"[39m
      [36m>[39m
        [36m<button[39m
          [33mclass[39m=[32m"w-full flex items-center justify-between p-4 bg-white/5 hover:bg-white/10 transition-colors"[39m
        [36m>[39m
          [36m<div[39m
            [33mclass[39m=[32m"flex items-center gap-3"[39m
          [36m>[39m
            [36m<svg[39m
              [33mclass[39m=[32m"w-5 h-5 text-white/60"[39m
              [33mfill[39m=[32m"none"[39m
              [33mheight[39m=[32m"24"[39m
              [33mstroke[39m=[32m"currentColor"[39m
              [33mstroke-linecap[39m=[32m"round"[39m
              [33mstroke-linejoin[39m=[32m"round"[39m
              [33mstroke-width[39m=[32m"2"[39m
              [33mviewBox[39m=[32m"0 0 24 24"[39m
              [33mwidth[39m=[32m"24"[39m
              [33mxmlns[39m=[32m"http://www.w3.org/2000/svg"[39m
            [36m>[39m
              [36m<path[39m
                [33md[39m=[32m"M14.5 2H6a2 2 0 0 0-2 2v16a2 2 0 0 0 2 2h12a2 2 0 0 0 2-2V7.5L14.5 2z"[39m
              [36m/>[39m
              [36m<polyline[39m
                [33mpoints[39m=[32m"14 2 14 8 20 8"[39m
              [36m/>[39m
              [36m<line[39m
                [33mx1[39m=[32m"16"[39m
                [33mx2[39m=[32m"8"[39m
                [33my1[39m=[32m"13"[39m
                [33my2[39m=[32m"13"[39m
              [36m/>[39m
              [36m<line[39m
                [33mx1[39m=[32m"16"[39m
                [33mx2[39m=[32m"8"[39m
                [33my1[39m=[32m"17"[39m
                [33my2[39m=[32m"17"[39m
              [36m/>[39m
              [36m<line[39m
                [33mx1[39m=[32m"10"[39m
                [33mx2[39m=[32m"8"[39m
                [33my1[39m=[32m"9"[39m
                [33my2[39m=[32m"9"[39m
              [36m/>[39m
            [36m</svg>[39m
            [36m<span[39m
              [33mclass[39m=[32m"font-medium text-white"[39m
            [36m>[39m
              [0mTicket Snapshot Data[0m
            [36m</span>[39m
          [36m</div>[39m
          [36m<svg[39m
            [33mclass[39m=[32m"w-5 h-5 text-white/60"[39m
            [33mfill[39m=[32m"none"[39m
            [33mheight[39m=[32m"24"[39m
            [33mstroke[39m=[32m"currentColor"[39m
            [33mstroke-linecap[39m=[32m"round"[39m
            [33mstroke-linejoin[39m=[32m"round"[39m
            [33mstroke-width[39m=[32m"2"[39m
            [33mviewBox[39m=[32m"0 0 24 24"[39m
            [33mwidth[39m=[32m"24"[39m
            [33mxmlns[39m=[32m"http://www.w3.org/2000/svg"[39m
          [36m>[39m
            [36m<path[39m
              [33md[39m=[32m"m6 9 6 6 6-6"[39m
            [36m/>[39m
          [36m</svg>[39m
        [36m</button>[39m
      [36m</div>[39m
      [36m<div[39m
        [33mclass[39m=[32m"bg-white/5 border border-white/10 rounded-lg p-4"[39m
      [36m>[39m
        [36m<div[39m
          [33mclass[39m=[32m"flex items-center justify-between"[39m
        [36m>[39m
          [36m<span[39m
            [33mclass[39m=[32m"text-white/60"[39m
          [36m>[39m
            [0mGuarantee Status:[0m
          [36m</span>[39m
          [36m<span[39m
            [33mclass[39m=[32m"px-3 py-1 rounded-full text-sm font-medium bg-green-500/20 text-green-400"[39m
          [36m>[39m
            [0mUNDER GUARANTEE[0m
          [36m</span>[39m
        [36m</div>[39m
      [36m</div>[39m
    [36m</div>[39m
  [36m</div>[39m
[36m</body>[39m
   ❯ src/modules/ticketing/__tests__/components/HandoverSnapshot.test.tsx > HandoverSnapshot Component > Snapshot Data Display > should display location data
     → Unable to find an element with the text: /DR12345/i. This could be because the text is broken up by multiple elements. In this case, you can provide a function for your text matcher to make your matcher more flexible.

Ignored nodes: comments, script, style
[36m<body>[39m
  [36m<div>[39m
    [36m<div[39m
      [33mclass[39m=[32m"space-y-4"[39m
    [36m>[39m
      [36m<div[39m
        [33mclass[39m=[32m"bg-white/5 border border-white/10 rounded-lg p-6"[39m
      [36m>[39m
        [36m<div[39m
          [33mclass[39m=[32m"flex items-start justify-between mb-4"[39m
        [36m>[39m
          [36m<div>[39m
            [36m<h3[39m
              [33mclass[39m=[32m"text-xl font-bold text-white mb-2"[39m
            [36m>[39m
              [0mQA → Maintenance[0m
            [36m</h3>[39m
            [36m<p[39m
              [33mclass[39m=[32m"text-sm text-white/60"[39m
            [36m>[39m
              [0mTicket: [0m
              [36m<span[39m
                [33mclass[39m=[32m"font-mono text-white/80"[39m
              [36m>[39m
                [0mFT406824[0m
              [36m</span>[39m
            [36m</p>[39m
          [36m</div>[39m
          [36m<div[39m
            [33mclass[39m=[32m"flex items-center gap-2 px-3 py-1.5 bg-blue-500/20 text-blue-400 rounded-full text-sm font-medium"[39m
          [36m>[39m
            [36m<svg[39m
              [33mclass[39m=[32m"w-4 h-4"[39m
              [33mfill[39m=[32m"none"[39m
              [33mheight[39m=[32m"24"[39m
              [33mstroke[39m=[32m"currentColor"[39m
              [33mstroke-linecap[39m=[32m"round"[39m
              [33mstroke-linejoin[39m=[32m"round"[39m
              [33mstroke-width[39m=[32m"2"[39m
              [33mviewBox[39m=[32m"0 0 24 24"[39m
              [33mwidth[39m=[32m"24"[39m
              [33mxmlns[39m=[32m"http://www.w3.org/2000/svg"[39m
            [36m>[39m
              [36m<rect[39m
                [33mheight[39m=[32m"11"[39m
                [33mrx[39m=[32m"2"[39m
                [33mry[39m=[32m"2"[39m
                [33mwidth[39m=[32m"18"[39m
                [33mx[39m=[32m"3"[39m
                [33my[39m=[32m"11"[39m
              [36m/>[39m
              [36m<path[39m
                [33md[39m=[32m"M7 11V7a5 5 0 0 1 10 0v4"[39m
              [36m/>[39m
            [36m</svg>[39m
            [36m<span>[39m
              [0mLocked[0m
            [36m</span>[39m
          [36m</div>[39m
        [36m</div>[39m
        [36m<div[39m
          [33mclass[39m=[32m"flex items-center gap-4 p-3 bg-white/5 rounded-lg"[39m
        [36m>[39m
          [36m<span[39m
            [33mclass[39m=[32m"px-3 py-1 bg-blue-500/20 text-blue-400 rounded-full text-sm font-medium"[39m
          [36m>[39m
            [0mQA Team[0m
          [36m</span>[39m
          [36m<svg[39m
            [33mclass[39m=[32m"w-4 h-4 text-white/40"[39m
            [33mfill[39m=[32m"none"[39m
            [33mheight[39m=[32m"24"[39m
            [33mstroke[39m=[32m"currentColor"[39m
            [33mstroke-linecap[39m=[32m"round"[39m
            [33mstroke-linejoin[39m=[32m"round"[39m
            [33mstroke-width[39m=[32m"2"[39m
            [33mviewBox[39m=[32m"0 0 24 24"[39m
            [33mwidth[39m=[32m"24"[39m
            [33mxmlns[39m=[32m"http://www.w3.org/2000/svg"[39m
          [36m>[39m
            [36m<path[39m
              [33md[39m=[32m"M5 12h14"[39m
            [36m/>[39m
            [36m<path[39m
              [33md[39m=[32m"m12 5 7 7-7 7"[39m
            [36m/>[39m
          [36m</svg>[39m
          [36m<span[39m
            [33mclass[39m=[32m"px-3 py-1 bg-green-500/20 text-green-400 rounded-full text-sm font-medium"[39m
          [36m>[39m
            [0mMaintenance Team[0m
          [36m</span>[39m
        [36m</div>[39m
        [36m<div[39m
          [33mclass[39m=[32m"grid grid-cols-1 md:grid-cols-2 gap-3 mt-4 pt-4 border-t border-white/10"[39m
        [36m>[39m
          [36m<div[39m
            [33mclass[39m=[32m"flex items-center gap-2 text-sm"[39m
          [36m>[39m
            [36m<svg[39m
              [33mclass[39m=[32m"w-4 h-4 text-white/40"[39m
              [33mfill[39m=[32m"none"[39m
              [33mheight[39m=[32m"24"[39m
              [33mstroke[39m=[32m"currentColor"[39m
              [33mstroke-linecap[39m=[32m"round"[39m
              [33mstroke-linejoin[39m=[32m"round"[39m
              [33mstroke-width[39m=[32m"2"[39m
              [33mviewBox[39m=[32m"0 0 24 24"[39m
              [33mwidth[39m=[32m"24"[39m
              [33mxmlns[39m=[32m"http://www.w3.org/2000/svg"[39m
            [36m>[39m
              [36m<rect[39m
                [33mheight[39m=[32m"18"[39m
                [33mrx[39m=[32m"2"[39m
                [33mry[39m=[32m"2"[39m
                [33mwidth[39m=[32m"18"[39m
                [33mx[39m=[32m"3"[39m
                [33my[39m=[32m"4"[39m
              [36m/>[39m
              [36m<line[39m
                [33mx1[39m=[32m"16"[39m
                [33mx2[39m=[32m"16"[39m
                [33my1[39m=[32m"2"[39m
                [33my2[39m=[32m"6"[39m
              [36m/>[39m
              [36m<line[39m
                [33mx1[39m=[32m"8"[39m
                [33mx2[39m=[32m"8"[39m
                [33my1[39m=[32m"2"[39m
                [33my2[39m=[32m"6"[39m
              [36m/>[39m
              [36m<line[39m
                [33mx1[39m=[32m"3"[39m
                [33mx2[39m=[32m"21"[39m
                [33my1[39m=[32m"10"[39m
                [33my2[39m=[32m"10"[39m
              [36m/>[39m
            [36m</svg>[39m
            [36m<span[39m
              [33mclass[39m=[32m"text-white/60"[39m
            [36m>[39m
              [0mHandover At:[0m
            [36m</span>[39m
            [36m<span[39m
              [33mclass[39m=[32m"text-white/90"[39m
            [36m>[39m
              [0m1/15/2024, 2:00:00 PM[0m
            [36m</span>[39m
          [36m</div>[39m
          [36m<div[39m
            [33mclass[39m=[32m"flex items-center gap-2 text-sm"[39m
          [36m>[39m
            [36m<svg[39m
              [33mclass[39m=[32m"w-4 h-4 text-white/40"[39m
              [33mfill[39m=[32m"none"[39m
              [33mheight[39m=[32m"24"[39m
              [33mstroke[39m=[32m"currentColor"[39m
              [33mstroke-linecap[39m=[32m"round"[39m
              [33mstroke-linejoin[39m=[32m"round"[39m
              [33mstroke-width[39m=[32m"2"[39m
              [33mviewBox[39m=[32m"0 0 24 24"[39m
              [33mwidth[39m=[32m"24"[39m
              [33mxmlns[39m=[32m"http://www.w3.org/2000/svg"[39m
            [36m>[39m
              [36m<path[39m
                [33md[39m=[32m"M19 21v-2a4 4 0 0 0-4-4H9a4 4 0 0 0-4 4v2"[39m
              [36m/>[39m
              [36m<circle[39m
                [33mcx[39m=[32m"12"[39m
                [33mcy[39m=[32m"7"[39m
                [33mr[39m=[32m"4"[39m
              [36m/>[39m
            [36m</svg>[39m
            [36m<span[39m
              [33mclass[39m=[32m"text-white/60"[39m
            [36m>[39m
              [0mHandover By:[0m
            [36m</span>[39m
            [36m<span[39m
              [33mclass[39m=[32m"text-white/90 font-mono"[39m
            [36m>[39m
              [0mqa-user-[0m
            [36m</span>[39m
          [36m</div>[39m
        [36m</div>[39m
      [36m</div>[39m
      [36m<div[39m
        [33mclass[39m=[32m"border border-white/10 rounded-lg overflow-hidden"[39m
      [36m>[39m
        [36m<button[39m
          [33mclass[39m=[32m"w-full flex items-center justify-between p-4 bg-white/5 hover:bg-white/10 transition-colors"[39m
        [36m>[39m
          [36m<div[39m
            [33mclass[39m=[32m"flex items-center gap-3"[39m
          [36m>[39m
            [36m<svg[39m
              [33mclass[39m=[32m"w-5 h-5 text-white/60"[39m
              [33mfill[39m=[32m"none"[39m
              [33mheight[39m=[32m"24"[39m
              [33mstroke[39m=[32m"currentColor"[39m
              [33mstroke-linecap[39m=[32m"round"[39m
              [33mstroke-linejoin[39m=[32m"round"[39m
              [33mstroke-width[39m=[32m"2"[39m
              [33mviewBox[39m=[32m"0 0 24 24"[39m
              [33mwidth[39m=[32m"24"[39m
              [33mxmlns[39m=[32m"http://www.w3.org/2000/svg"[39m
            [36m>[39m
              [36m<path[39m
                [33md[39m=[32m"M14.5 2H6a2 2 0 0 0-2 2v16a2 2 0 0 0 2 2h12a2 2 0 0 0 2-2V7.5L14.5 2z"[39m
              [36m/>[39m
              [36m<polyline[39m
                [33mpoints[39m=[32m"14 2 14 8 20 8"[39m
              [36m/>[39m
              [36m<line[39m
                [33mx1[39m=[32m"16"[39m
                [33mx2[39m=[32m"8"[39m
                [33my1[39m=[32m"13"[39m
                [33my2[39m=[32m"13"[39m
              [36m/>[39m
              [36m<line[39m
                [33mx1[39m=[32m"16"[39m
                [33mx2[39m=[32m"8"[39m
                [33my1[39m=[32m"17"[39m
                [33my2[39m=[32m"17"[39m
              [36m/>[39m
              [36m<line[39m
                [33mx1[39m=[32m"10"[39m
                [33mx2[39m=[32m"8"[39m
                [33my1[39m=[32m"9"[39m
                [33my2[39m=[32m"9"[39m
              [36m/>[39m
            [36m</svg>[39m
            [36m<span[39m
              [33mclass[39m=[32m"font-medium text-white"[39m
            [36m>[39m
              [0mTicket Snapshot Data[0m
            [36m</span>[39m
          [36m</div>[39m
          [36m<svg[39m
            [33mclass[39m=[32m"w-5 h-5 text-white/60"[39m
            [33mfill[39m=[32m"none"[39m
            [33mheight[39m=[32m"24"[39m
            [33mstroke[39m=[32m"currentColor"[39m
            [33mstroke-linecap[39m=[32m"round"[39m
            [33mstroke-linejoin[39m=[32m"round"[39m
            [33mstroke-width[39m=[32m"2"[39m
            [33mviewBox[39m=[32m"0 0 24 24"[39m
            [33mwidth[39m=[32m"24"[39m
            [33mxmlns[39m=[32m"http://www.w3.org/2000/svg"[39m
          [36m>[39m
            [36m<path[39m
              [33md[39m=[32m"m6 9 6 6 6-6"[39m
            [36m/>[39m
          [36m</svg>[39m
        [36m</button>[39m
      [36m</div>[39m
      [36m<div[39m
        [33mclass[39m=[32m"bg-white/5 border border-white/10 rounded-lg p-4"[39m
      [36m>[39m
        [36m<div[39m
          [33mclass[39m=[32m"flex items-center justify-between"[39m
        [36m>[39m
          [36m<span[39m
            [33mclass[39m=[32m"text-white/60"[39m
          [36m>[39m
            [0mGuarantee Status:[0m
          [36m</span>[39m
          [36m<span[39m
            [33mclass[39m=[32m"px-3 py-1 rounded-full text-sm font-medium bg-green-500/20 text-green-400"[39m
          [36m>[39m
            [0mUNDER GUARANTEE[0m
          [36m</span>[39m
        [36m</div>[39m
      [36m</div>[39m
    [36m</div>[39m
  [36m</div>[39m
[36m</body>[39m
   ❯ src/modules/ticketing/__tests__/components/HandoverSnapshot.test.tsx > HandoverSnapshot Component > Snapshot Data Display > should display equipment data
     → Unable to find an element with the text: /ONT123456/i. This could be because the text is broken up by multiple elements. In this case, you can provide a function for your text matcher to make your matcher more flexible.

Ignored nodes: comments, script, style
[36m<body>[39m
  [36m<div>[39m
    [36m<div[39m
      [33mclass[39m=[32m"space-y-4"[39m
    [36m>[39m
      [36m<div[39m
        [33mclass[39m=[32m"bg-white/5 border border-white/10 rounded-lg p-6"[39m
      [36m>[39m
        [36m<div[39m
          [33mclass[39m=[32m"flex items-start justify-between mb-4"[39m
        [36m>[39m
          [36m<div>[39m
            [36m<h3[39m
              [33mclass[39m=[32m"text-xl font-bold text-white mb-2"[39m
            [36m>[39m
              [0mQA → Maintenance[0m
            [36m</h3>[39m
            [36m<p[39m
              [33mclass[39m=[32m"text-sm text-white/60"[39m
            [36m>[39m
              [0mTicket: [0m
              [36m<span[39m
                [33mclass[39m=[32m"font-mono text-white/80"[39m
              [36m>[39m
                [0mFT406824[0m
              [36m</span>[39m
            [36m</p>[39m
          [36m</div>[39m
          [36m<div[39m
            [33mclass[39m=[32m"flex items-center gap-2 px-3 py-1.5 bg-blue-500/20 text-blue-400 rounded-full text-sm font-medium"[39m
          [36m>[39m
            [36m<svg[39m
              [33mclass[39m=[32m"w-4 h-4"[39m
              [33mfill[39m=[32m"none"[39m
              [33mheight[39m=[32m"24"[39m
              [33mstroke[39m=[32m"currentColor"[39m
              [33mstroke-linecap[39m=[32m"round"[39m
              [33mstroke-linejoin[39m=[32m"round"[39m
              [33mstroke-width[39m=[32m"2"[39m
              [33mviewBox[39m=[32m"0 0 24 24"[39m
              [33mwidth[39m=[32m"24"[39m
              [33mxmlns[39m=[32m"http://www.w3.org/2000/svg"[39m
            [36m>[39m
              [36m<rect[39m
                [33mheight[39m=[32m"11"[39m
                [33mrx[39m=[32m"2"[39m
                [33mry[39m=[32m"2"[39m
                [33mwidth[39m=[32m"18"[39m
                [33mx[39m=[32m"3"[39m
                [33my[39m=[32m"11"[39m
              [36m/>[39m
              [36m<path[39m
                [33md[39m=[32m"M7 11V7a5 5 0 0 1 10 0v4"[39m
              [36m/>[39m
            [36m</svg>[39m
            [36m<span>[39m
              [0mLocked[0m
            [36m</span>[39m
          [36m</div>[39m
        [36m</div>[39m
        [36m<div[39m
          [33mclass[39m=[32m"flex items-center gap-4 p-3 bg-white/5 rounded-lg"[39m
        [36m>[39m
          [36m<span[39m
            [33mclass[39m=[32m"px-3 py-1 bg-blue-500/20 text-blue-400 rounded-full text-sm font-medium"[39m
          [36m>[39m
            [0mQA Team[0m
          [36m</span>[39m
          [36m<svg[39m
            [33mclass[39m=[32m"w-4 h-4 text-white/40"[39m
            [33mfill[39m=[32m"none"[39m
            [33mheight[39m=[32m"24"[39m
            [33mstroke[39m=[32m"currentColor"[39m
            [33mstroke-linecap[39m=[32m"round"[39m
            [33mstroke-linejoin[39m=[32m"round"[39m
            [33mstroke-width[39m=[32m"2"[39m
            [33mviewBox[39m=[32m"0 0 24 24"[39m
            [33mwidth[39m=[32m"24"[39m
            [33mxmlns[39m=[32m"http://www.w3.org/2000/svg"[39m
          [36m>[39m
            [36m<path[39m
              [33md[39m=[32m"M5 12h14"[39m
            [36m/>[39m
            [36m<path[39m
              [33md[39m=[32m"m12 5 7 7-7 7"[39m
            [36m/>[39m
          [36m</svg>[39m
          [36m<span[39m
            [33mclass[39m=[32m"px-3 py-1 bg-green-500/20 text-green-400 rounded-full text-sm font-medium"[39m
          [36m>[39m
            [0mMaintenance Team[0m
          [36m</span>[39m
        [36m</div>[39m
        [36m<div[39m
          [33mclass[39m=[32m"grid grid-cols-1 md:grid-cols-2 gap-3 mt-4 pt-4 border-t border-white/10"[39m
        [36m>[39m
          [36m<div[39m
            [33mclass[39m=[32m"flex items-center gap-2 text-sm"[39m
          [36m>[39m
            [36m<svg[39m
              [33mclass[39m=[32m"w-4 h-4 text-white/40"[39m
              [33mfill[39m=[32m"none"[39m
              [33mheight[39m=[32m"24"[39m
              [33mstroke[39m=[32m"currentColor"[39m
              [33mstroke-linecap[39m=[32m"round"[39m
              [33mstroke-linejoin[39m=[32m"round"[39m
              [33mstroke-width[39m=[32m"2"[39m
              [33mviewBox[39m=[32m"0 0 24 24"[39m
              [33mwidth[39m=[32m"24"[39m
              [33mxmlns[39m=[32m"http://www.w3.org/2000/svg"[39m
            [36m>[39m
              [36m<rect[39m
                [33mheight[39m=[32m"18"[39m
                [33mrx[39m=[32m"2"[39m
                [33mry[39m=[32m"2"[39m
                [33mwidth[39m=[32m"18"[39m
                [33mx[39m=[32m"3"[39m
                [33my[39m=[32m"4"[39m
              [36m/>[39m
              [36m<line[39m
                [33mx1[39m=[32m"16"[39m
                [33mx2[39m=[32m"16"[39m
                [33my1[39m=[32m"2"[39m
                [33my2[39m=[32m"6"[39m
              [36m/>[39m
              [36m<line[39m
                [33mx1[39m=[32m"8"[39m
                [33mx2[39m=[32m"8"[39m
                [33my1[39m=[32m"2"[39m
                [33my2[39m=[32m"6"[39m
              [36m/>[39m
              [36m<line[39m
                [33mx1[39m=[32m"3"[39m
                [33mx2[39m=[32m"21"[39m
                [33my1[39m=[32m"10"[39m
                [33my2[39m=[32m"10"[39m
              [36m/>[39m
            [36m</svg>[39m
            [36m<span[39m
              [33mclass[39m=[32m"text-white/60"[39m
            [36m>[39m
              [0mHandover At:[0m
            [36m</span>[39m
            [36m<span[39m
              [33mclass[39m=[32m"text-white/90"[39m
            [36m>[39m
              [0m1/15/2024, 2:00:00 PM[0m
            [36m</span>[39m
          [36m</div>[39m
          [36m<div[39m
            [33mclass[39m=[32m"flex items-center gap-2 text-sm"[39m
          [36m>[39m
            [36m<svg[39m
              [33mclass[39m=[32m"w-4 h-4 text-white/40"[39m
              [33mfill[39m=[32m"none"[39m
              [33mheight[39m=[32m"24"[39m
              [33mstroke[39m=[32m"currentColor"[39m
              [33mstroke-linecap[39m=[32m"round"[39m
              [33mstroke-linejoin[39m=[32m"round"[39m
              [33mstroke-width[39m=[32m"2"[39m
              [33mviewBox[39m=[32m"0 0 24 24"[39m
              [33mwidth[39m=[32m"24"[39m
              [33mxmlns[39m=[32m"http://www.w3.org/2000/svg"[39m
            [36m>[39m
              [36m<path[39m
                [33md[39m=[32m"M19 21v-2a4 4 0 0 0-4-4H9a4 4 0 0 0-4 4v2"[39m
              [36m/>[39m
              [36m<circle[39m
                [33mcx[39m=[32m"12"[39m
                [33mcy[39m=[32m"7"[39m
                [33mr[39m=[32m"4"[39m
              [36m/>[39m
            [36m</svg>[39m
            [36m<span[39m
              [33mclass[39m=[32m"text-white/60"[39m
            [36m>[39m
              [0mHandover By:[0m
            [36m</span>[39m
            [36m<span[39m
              [33mclass[39m=[32m"text-white/90 font-mono"[39m
            [36m>[39m
              [0mqa-user-[0m
            [36m</span>[39m
          [36m</div>[39m
        [36m</div>[39m
      [36m</div>[39m
      [36m<div[39m
        [33mclass[39m=[32m"border border-white/10 rounded-lg overflow-hidden"[39m
      [36m>[39m
        [36m<button[39m
          [33mclass[39m=[32m"w-full flex items-center justify-between p-4 bg-white/5 hover:bg-white/10 transition-colors"[39m
        [36m>[39m
          [36m<div[39m
            [33mclass[39m=[32m"flex items-center gap-3"[39m
          [36m>[39m
            [36m<svg[39m
              [33mclass[39m=[32m"w-5 h-5 text-white/60"[39m
              [33mfill[39m=[32m"none"[39m
              [33mheight[39m=[32m"24"[39m
              [33mstroke[39m=[32m"currentColor"[39m
              [33mstroke-linecap[39m=[32m"round"[39m
              [33mstroke-linejoin[39m=[32m"round"[39m
              [33mstroke-width[39m=[32m"2"[39m
              [33mviewBox[39m=[32m"0 0 24 24"[39m
              [33mwidth[39m=[32m"24"[39m
              [33mxmlns[39m=[32m"http://www.w3.org/2000/svg"[39m
            [36m>[39m
              [36m<path[39m
                [33md[39m=[32m"M14.5 2H6a2 2 0 0 0-2 2v16a2 2 0 0 0 2 2h12a2 2 0 0 0 2-2V7.5L14.5 2z"[39m
              [36m/>[39m
              [36m<polyline[39m
                [33mpoints[39m=[32m"14 2 14 8 20 8"[39m
              [36m/>[39m
              [36m<line[39m
                [33mx1[39m=[32m"16"[39m
                [33mx2[39m=[32m"8"[39m
                [33my1[39m=[32m"13"[39m
                [33my2[39m=[32m"13"[39m
              [36m/>[39m
              [36m<line[39m
                [33mx1[39m=[32m"16"[39m
                [33mx2[39m=[32m"8"[39m
                [33my1[39m=[32m"17"[39m
                [33my2[39m=[32m"17"[39m
              [36m/>[39m
              [36m<line[39m
                [33mx1[39m=[32m"10"[39m
                [33mx2[39m=[32m"8"[39m
                [33my1[39m=[32m"9"[39m
                [33my2[39m=[32m"9"[39m
              [36m/>[39m
            [36m</svg>[39m
            [36m<span[39m
              [33mclass[39m=[32m"font-medium text-white"[39m
            [36m>[39m
              [0mTicket Snapshot Data[0m
            [36m</span>[39m
          [36m</div>[39m
          [36m<svg[39m
            [33mclass[39m=[32m"w-5 h-5 text-white/60"[39m
            [33mfill[39m=[32m"none"[39m
            [33mheight[39m=[32m"24"[39m
            [33mstroke[39m=[32m"currentColor"[39m
            [33mstroke-linecap[39m=[32m"round"[39m
            [33mstroke-linejoin[39m=[32m"round"[39m
            [33mstroke-width[39m=[32m"2"[39m
            [33mviewBox[39m=[32m"0 0 24 24"[39m
            [33mwidth[39m=[32m"24"[39m
            [33mxmlns[39m=[32m"http://www.w3.org/2000/svg"[39m
          [36m>[39m
            [36m<path[39m
              [33md[39m=[32m"m6 9 6 6 6-6"[39m
            [36m/>[39m
          [36m</svg>[39m
        [36m</button>[39m
      [36m</div>[39m
      [36m<div[39m
        [33mclass[39m=[32m"bg-white/5 border border-white/10 rounded-lg p-4"[39m
      [36m>[39m
        [36m<div[39m
          [33mclass[39m=[32m"flex items-center justify-between"[39m
        [36m>[39m
          [36m<span[39m
            [33mclass[39m=[32m"text-white/60"[39m
          [36m>[39m
            [0mGuarantee Status:[0m
          [36m</span>[39m
          [36m<span[39m
            [33mclass[39m=[32m"px-3 py-1 rounded-full text-sm font-medium bg-green-500/20 text-green-400"[39m
          [36m>[39m
            [0mUNDER GUARANTEE[0m
          [36m</span>[39m
        [36m</div>[39m
      [36m</div>[39m
    [36m</div>[39m
  [36m</div>[39m
[36m</body>[39m
   ❯ src/modules/ticketing/__tests__/components/HandoverSnapshot.test.tsx > HandoverSnapshot Component > Snapshot Data Display > should display verification status
     → Unable to find an element with the text: /12\/12/i. This could be because the text is broken up by multiple elements. In this case, you can provide a function for your text matcher to make your matcher more flexible.

Ignored nodes: comments, script, style
[36m<body>[39m
  [36m<div>[39m
    [36m<div[39m
      [33mclass[39m=[32m"space-y-4"[39m
    [36m>[39m
      [36m<div[39m
        [33mclass[39m=[32m"bg-white/5 border border-white/10 rounded-lg p-6"[39m
      [36m>[39m
        [36m<div[39m
          [33mclass[39m=[32m"flex items-start justify-between mb-4"[39m
        [36m>[39m
          [36m<div>[39m
            [36m<h3[39m
              [33mclass[39m=[32m"text-xl font-bold text-white mb-2"[39m
            [36m>[39m
              [0mQA → Maintenance[0m
            [36m</h3>[39m
            [36m<p[39m
              [33mclass[39m=[32m"text-sm text-white/60"[39m
            [36m>[39m
              [0mTicket: [0m
              [36m<span[39m
                [33mclass[39m=[32m"font-mono text-white/80"[39m
              [36m>[39m
                [0mFT406824[0m
              [36m</span>[39m
            [36m</p>[39m
          [36m</div>[39m
          [36m<div[39m
            [33mclass[39m=[32m"flex items-center gap-2 px-3 py-1.5 bg-blue-500/20 text-blue-400 rounded-full text-sm font-medium"[39m
          [36m>[39m
            [36m<svg[39m
              [33mclass[39m=[32m"w-4 h-4"[39m
              [33mfill[39m=[32m"none"[39m
              [33mheight[39m=[32m"24"[39m
              [33mstroke[39m=[32m"currentColor"[39m
              [33mstroke-linecap[39m=[32m"round"[39m
              [33mstroke-linejoin[39m=[32m"round"[39m
              [33mstroke-width[39m=[32m"2"[39m
              [33mviewBox[39m=[32m"0 0 24 24"[39m
              [33mwidth[39m=[32m"24"[39m
              [33mxmlns[39m=[32m"http://www.w3.org/2000/svg"[39m
            [36m>[39m
              [36m<rect[39m
                [33mheight[39m=[32m"11"[39m
                [33mrx[39m=[32m"2"[39m
                [33mry[39m=[32m"2"[39m
                [33mwidth[39m=[32m"18"[39m
                [33mx[39m=[32m"3"[39m
                [33my[39m=[32m"11"[39m
              [36m/>[39m
              [36m<path[39m
                [33md[39m=[32m"M7 11V7a5 5 0 0 1 10 0v4"[39m
              [36m/>[39m
            [36m</svg>[39m
            [36m<span>[39m
              [0mLocked[0m
            [36m</span>[39m
          [36m</div>[39m
        [36m</div>[39m
        [36m<div[39m
          [33mclass[39m=[32m"flex items-center gap-4 p-3 bg-white/5 rounded-lg"[39m
        [36m>[39m
          [36m<span[39m
            [33mclass[39m=[32m"px-3 py-1 bg-blue-500/20 text-blue-400 rounded-full text-sm font-medium"[39m
          [36m>[39m
            [0mQA Team[0m
          [36m</span>[39m
          [36m<svg[39m
            [33mclass[39m=[32m"w-4 h-4 text-white/40"[39m
            [33mfill[39m=[32m"none"[39m
            [33mheight[39m=[32m"24"[39m
            [33mstroke[39m=[32m"currentColor"[39m
            [33mstroke-linecap[39m=[32m"round"[39m
            [33mstroke-linejoin[39m=[32m"round"[39m
            [33mstroke-width[39m=[32m"2"[39m
            [33mviewBox[39m=[32m"0 0 24 24"[39m
            [33mwidth[39m=[32m"24"[39m
            [33mxmlns[39m=[32m"http://www.w3.org/2000/svg"[39m
          [36m>[39m
            [36m<path[39m
              [33md[39m=[32m"M5 12h14"[39m
            [36m/>[39m
            [36m<path[39m
              [33md[39m=[32m"m12 5 7 7-7 7"[39m
            [36m/>[39m
          [36m</svg>[39m
          [36m<span[39m
            [33mclass[39m=[32m"px-3 py-1 bg-green-500/20 text-green-400 rounded-full text-sm font-medium"[39m
          [36m>[39m
            [0mMaintenance Team[0m
          [36m</span>[39m
        [36m</div>[39m
        [36m<div[39m
          [33mclass[39m=[32m"grid grid-cols-1 md:grid-cols-2 gap-3 mt-4 pt-4 border-t border-white/10"[39m
        [36m>[39m
          [36m<div[39m
            [33mclass[39m=[32m"flex items-center gap-2 text-sm"[39m
          [36m>[39m
            [36m<svg[39m
              [33mclass[39m=[32m"w-4 h-4 text-white/40"[39m
              [33mfill[39m=[32m"none"[39m
              [33mheight[39m=[32m"24"[39m
              [33mstroke[39m=[32m"currentColor"[39m
              [33mstroke-linecap[39m=[32m"round"[39m
              [33mstroke-linejoin[39m=[32m"round"[39m
              [33mstroke-width[39m=[32m"2"[39m
              [33mviewBox[39m=[32m"0 0 24 24"[39m
              [33mwidth[39m=[32m"24"[39m
              [33mxmlns[39m=[32m"http://www.w3.org/2000/svg"[39m
            [36m>[39m
              [36m<rect[39m
                [33mheight[39m=[32m"18"[39m
                [33mrx[39m=[32m"2"[39m
                [33mry[39m=[32m"2"[39m
                [33mwidth[39m=[32m"18"[39m
                [33mx[39m=[32m"3"[39m
                [33my[39m=[32m"4"[39m
              [36m/>[39m
              [36m<line[39m
                [33mx1[39m=[32m"16"[39m
                [33mx2[39m=[32m"16"[39m
                [33my1[39m=[32m"2"[39m
                [33my2[39m=[32m"6"[39m
              [36m/>[39m
              [36m<line[39m
                [33mx1[39m=[32m"8"[39m
                [33mx2[39m=[32m"8"[39m
                [33my1[39m=[32m"2"[39m
                [33my2[39m=[32m"6"[39m
              [36m/>[39m
              [36m<line[39m
                [33mx1[39m=[32m"3"[39m
                [33mx2[39m=[32m"21"[39m
                [33my1[39m=[32m"10"[39m
                [33my2[39m=[32m"10"[39m
              [36m/>[39m
            [36m</svg>[39m
            [36m<span[39m
              [33mclass[39m=[32m"text-white/60"[39m
            [36m>[39m
              [0mHandover At:[0m
            [36m</span>[39m
            [36m<span[39m
              [33mclass[39m=[32m"text-white/90"[39m
            [36m>[39m
              [0m1/15/2024, 2:00:00 PM[0m
            [36m</span>[39m
          [36m</div>[39m
          [36m<div[39m
            [33mclass[39m=[32m"flex items-center gap-2 text-sm"[39m
          [36m>[39m
            [36m<svg[39m
              [33mclass[39m=[32m"w-4 h-4 text-white/40"[39m
              [33mfill[39m=[32m"none"[39m
              [33mheight[39m=[32m"24"[39m
              [33mstroke[39m=[32m"currentColor"[39m
              [33mstroke-linecap[39m=[32m"round"[39m
              [33mstroke-linejoin[39m=[32m"round"[39m
              [33mstroke-width[39m=[32m"2"[39m
              [33mviewBox[39m=[32m"0 0 24 24"[39m
              [33mwidth[39m=[32m"24"[39m
              [33mxmlns[39m=[32m"http://www.w3.org/2000/svg"[39m
            [36m>[39m
              [36m<path[39m
                [33md[39m=[32m"M19 21v-2a4 4 0 0 0-4-4H9a4 4 0 0 0-4 4v2"[39m
              [36m/>[39m
              [36m<circle[39m
                [33mcx[39m=[32m"12"[39m
                [33mcy[39m=[32m"7"[39m
                [33mr[39m=[32m"4"[39m
              [36m/>[39m
            [36m</svg>[39m
            [36m<span[39m
              [33mclass[39m=[32m"text-white/60"[39m
            [36m>[39m
              [0mHandover By:[0m
            [36m</span>[39m
            [36m<span[39m
              [33mclass[39m=[32m"text-white/90 font-mono"[39m
            [36m>[39m
              [0mqa-user-[0m
            [36m</span>[39m
          [36m</div>[39m
        [36m</div>[39m
      [36m</div>[39m
      [36m<div[39m
        [33mclass[39m=[32m"border border-white/10 rounded-lg overflow-hidden"[39m
      [36m>[39m
        [36m<button[39m
          [33mclass[39m=[32m"w-full flex items-center justify-between p-4 bg-white/5 hover:bg-white/10 transition-colors"[39m
        [36m>[39m
          [36m<div[39m
            [33mclass[39m=[32m"flex items-center gap-3"[39m
          [36m>[39m
            [36m<svg[39m
              [33mclass[39m=[32m"w-5 h-5 text-white/60"[39m
              [33mfill[39m=[32m"none"[39m
              [33mheight[39m=[32m"24"[39m
              [33mstroke[39m=[32m"currentColor"[39m
              [33mstroke-linecap[39m=[32m"round"[39m
              [33mstroke-linejoin[39m=[32m"round"[39m
              [33mstroke-width[39m=[32m"2"[39m
              [33mviewBox[39m=[32m"0 0 24 24"[39m
              [33mwidth[39m=[32m"24"[39m
              [33mxmlns[39m=[32m"http://www.w3.org/2000/svg"[39m
            [36m>[39m
              [36m<path[39m
                [33md[39m=[32m"M14.5 2H6a2 2 0 0 0-2 2v16a2 2 0 0 0 2 2h12a2 2 0 0 0 2-2V7.5L14.5 2z"[39m
              [36m/>[39m
              [36m<polyline[39m
                [33mpoints[39m=[32m"14 2 14 8 20 8"[39m
              [36m/>[39m
              [36m<line[39m
                [33mx1[39m=[32m"16"[39m
                [33mx2[39m=[32m"8"[39m
                [33my1[39m=[32m"13"[39m
                [33my2[39m=[32m"13"[39m
              [36m/>[39m
              [36m<line[39m
                [33mx1[39m=[32m"16"[39m
                [33mx2[39m=[32m"8"[39m
                [33my1[39m=[32m"17"[39m
                [33my2[39m=[32m"17"[39m
              [36m/>[39m
              [36m<line[39m
                [33mx1[39m=[32m"10"[39m
                [33mx2[39m=[32m"8"[39m
                [33my1[39m=[32m"9"[39m
                [33my2[39m=[32m"9"[39m
              [36m/>[39m
            [36m</svg>[39m
            [36m<span[39m
              [33mclass[39m=[32m"font-medium text-white"[39m
            [36m>[39m
              [0mTicket Snapshot Data[0m
            [36m</span>[39m
          [36m</div>[39m
          [36m<svg[39m
            [33mclass[39m=[32m"w-5 h-5 text-white/60"[39m
            [33mfill[39m=[32m"none"[39m
            [33mheight[39m=[32m"24"[39m
            [33mstroke[39m=[32m"currentColor"[39m
            [33mstroke-linecap[39m=[32m"round"[39m
            [33mstroke-linejoin[39m=[32m"round"[39m
            [33mstroke-width[39m=[32m"2"[39m
            [33mviewBox[39m=[32m"0 0 24 24"[39m
            [33mwidth[39m=[32m"24"[39m
            [33mxmlns[39m=[32m"http://www.w3.org/2000/svg"[39m
          [36m>[39m
            [36m<path[39m
              [33md[39m=[32m"m6 9 6 6 6-6"[39m
            [36m/>[39m
          [36m</svg>[39m
        [36m</button>[39m
      [36m</div>[39m
      [36m<div[39m
        [33mclass[39m=[32m"bg-white/5 border border-white/10 rounded-lg p-4"[39m
      [36m>[39m
        [36m<div[39m
          [33mclass[39m=[32m"flex items-center justify-between"[39m
        [36m>[39m
          [36m<span[39m
            [33mclass[39m=[32m"text-white/60"[39m
          [36m>[39m
            [0mGuarantee Status:[0m
          [36m</span>[39m
          [36m<span[39m
            [33mclass[39m=[32m"px-3 py-1 rounded-full text-sm font-medium bg-green-500/20 text-green-400"[39m
          [36m>[39m
            [0mUNDER GUARANTEE[0m
          [36m</span>[39m
        [36m</div>[39m
      [36m</div>[39m
    [36m</div>[39m
  [36m</div>[39m
[36m</body>[39m
   ❯ src/modules/ticketing/__tests__/components/HandoverSnapshot.test.tsx > HandoverSnapshot Component > Snapshot Data Display > should display fault attribution
     → Unable to find an element with the text: /workmanship/i. This could be because the text is broken up by multiple elements. In this case, you can provide a function for your text matcher to make your matcher more flexible.

Ignored nodes: comments, script, style
[36m<body>[39m
  [36m<div>[39m
    [36m<div[39m
      [33mclass[39m=[32m"space-y-4"[39m
    [36m>[39m
      [36m<div[39m
        [33mclass[39m=[32m"bg-white/5 border border-white/10 rounded-lg p-6"[39m
      [36m>[39m
        [36m<div[39m
          [33mclass[39m=[32m"flex items-start justify-between mb-4"[39m
        [36m>[39m
          [36m<div>[39m
            [36m<h3[39m
              [33mclass[39m=[32m"text-xl font-bold text-white mb-2"[39m
            [36m>[39m
              [0mQA → Maintenance[0m
            [36m</h3>[39m
            [36m<p[39m
              [33mclass[39m=[32m"text-sm text-white/60"[39m
            [36m>[39m
              [0mTicket: [0m
              [36m<span[39m
                [33mclass[39m=[32m"font-mono text-white/80"[39m
              [36m>[39m
                [0mFT406824[0m
              [36m</span>[39m
            [36m</p>[39m
          [36m</div>[39m
          [36m<div[39m
            [33mclass[39m=[32m"flex items-center gap-2 px-3 py-1.5 bg-blue-500/20 text-blue-400 rounded-full text-sm font-medium"[39m
          [36m>[39m
            [36m<svg[39m
              [33mclass[39m=[32m"w-4 h-4"[39m
              [33mfill[39m=[32m"none"[39m
              [33mheight[39m=[32m"24"[39m
              [33mstroke[39m=[32m"currentColor"[39m
              [33mstroke-linecap[39m=[32m"round"[39m
              [33mstroke-linejoin[39m=[32m"round"[39m
              [33mstroke-width[39m=[32m"2"[39m
              [33mviewBox[39m=[32m"0 0 24 24"[39m
              [33mwidth[39m=[32m"24"[39m
              [33mxmlns[39m=[32m"http://www.w3.org/2000/svg"[39m
            [36m>[39m
              [36m<rect[39m
                [33mheight[39m=[32m"11"[39m
                [33mrx[39m=[32m"2"[39m
                [33mry[39m=[32m"2"[39m
                [33mwidth[39m=[32m"18"[39m
                [33mx[39m=[32m"3"[39m
                [33my[39m=[32m"11"[39m
              [36m/>[39m
              [36m<path[39m
                [33md[39m=[32m"M7 11V7a5 5 0 0 1 10 0v4"[39m
              [36m/>[39m
            [36m</svg>[39m
            [36m<span>[39m
              [0mLocked[0m
            [36m</span>[39m
          [36m</div>[39m
        [36m</div>[39m
        [36m<div[39m
          [33mclass[39m=[32m"flex items-center gap-4 p-3 bg-white/5 rounded-lg"[39m
        [36m>[39m
          [36m<span[39m
            [33mclass[39m=[32m"px-3 py-1 bg-blue-500/20 text-blue-400 rounded-full text-sm font-medium"[39m
          [36m>[39m
            [0mQA Team[0m
          [36m</span>[39m
          [36m<svg[39m
            [33mclass[39m=[32m"w-4 h-4 text-white/40"[39m
            [33mfill[39m=[32m"none"[39m
            [33mheight[39m=[32m"24"[39m
            [33mstroke[39m=[32m"currentColor"[39m
            [33mstroke-linecap[39m=[32m"round"[39m
            [33mstroke-linejoin[39m=[32m"round"[39m
            [33mstroke-width[39m=[32m"2"[39m
            [33mviewBox[39m=[32m"0 0 24 24"[39m
            [33mwidth[39m=[32m"24"[39m
            [33mxmlns[39m=[32m"http://www.w3.org/2000/svg"[39m
          [36m>[39m
            [36m<path[39m
              [33md[39m=[32m"M5 12h14"[39m
            [36m/>[39m
            [36m<path[39m
              [33md[39m=[32m"m12 5 7 7-7 7"[39m
            [36m/>[39m
          [36m</svg>[39m
          [36m<span[39m
            [33mclass[39m=[32m"px-3 py-1 bg-green-500/20 text-green-400 rounded-full text-sm font-medium"[39m
          [36m>[39m
            [0mMaintenance Team[0m
          [36m</span>[39m
        [36m</div>[39m
        [36m<div[39m
          [33mclass[39m=[32m"grid grid-cols-1 md:grid-cols-2 gap-3 mt-4 pt-4 border-t border-white/10"[39m
        [36m>[39m
          [36m<div[39m
            [33mclass[39m=[32m"flex items-center gap-2 text-sm"[39m
          [36m>[39m
            [36m<svg[39m
              [33mclass[39m=[32m"w-4 h-4 text-white/40"[39m
              [33mfill[39m=[32m"none"[39m
              [33mheight[39m=[32m"24"[39m
              [33mstroke[39m=[32m"currentColor"[39m
              [33mstroke-linecap[39m=[32m"round"[39m
              [33mstroke-linejoin[39m=[32m"round"[39m
              [33mstroke-width[39m=[32m"2"[39m
              [33mviewBox[39m=[32m"0 0 24 24"[39m
              [33mwidth[39m=[32m"24"[39m
              [33mxmlns[39m=[32m"http://www.w3.org/2000/svg"[39m
            [36m>[39m
              [36m<rect[39m
                [33mheight[39m=[32m"18"[39m
                [33mrx[39m=[32m"2"[39m
                [33mry[39m=[32m"2"[39m
                [33mwidth[39m=[32m"18"[39m
                [33mx[39m=[32m"3"[39m
                [33my[39m=[32m"4"[39m
              [36m/>[39m
              [36m<line[39m
                [33mx1[39m=[32m"16"[39m
                [33mx2[39m=[32m"16"[39m
                [33my1[39m=[32m"2"[39m
                [33my2[39m=[32m"6"[39m
              [36m/>[39m
              [36m<line[39m
                [33mx1[39m=[32m"8"[39m
                [33mx2[39m=[32m"8"[39m
                [33my1[39m=[32m"2"[39m
                [33my2[39m=[32m"6"[39m
              [36m/>[39m
              [36m<line[39m
                [33mx1[39m=[32m"3"[39m
                [33mx2[39m=[32m"21"[39m
                [33my1[39m=[32m"10"[39m
                [33my2[39m=[32m"10"[39m
              [36m/>[39m
            [36m</svg>[39m
            [36m<span[39m
              [33mclass[39m=[32m"text-white/60"[39m
            [36m>[39m
              [0mHandover At:[0m
            [36m</span>[39m
            [36m<span[39m
              [33mclass[39m=[32m"text-white/90"[39m
            [36m>[39m
              [0m1/15/2024, 2:00:00 PM[0m
            [36m</span>[39m
          [36m</div>[39m
          [36m<div[39m
            [33mclass[39m=[32m"flex items-center gap-2 text-sm"[39m
          [36m>[39m
            [36m<svg[39m
              [33mclass[39m=[32m"w-4 h-4 text-white/40"[39m
              [33mfill[39m=[32m"none"[39m
              [33mheight[39m=[32m"24"[39m
              [33mstroke[39m=[32m"currentColor"[39m
              [33mstroke-linecap[39m=[32m"round"[39m
              [33mstroke-linejoin[39m=[32m"round"[39m
              [33mstroke-width[39m=[32m"2"[39m
              [33mviewBox[39m=[32m"0 0 24 24"[39m
              [33mwidth[39m=[32m"24"[39m
              [33mxmlns[39m=[32m"http://www.w3.org/2000/svg"[39m
            [36m>[39m
              [36m<path[39m
                [33md[39m=[32m"M19 21v-2a4 4 0 0 0-4-4H9a4 4 0 0 0-4 4v2"[39m
              [36m/>[39m
              [36m<circle[39m
                [33mcx[39m=[32m"12"[39m
                [33mcy[39m=[32m"7"[39m
                [33mr[39m=[32m"4"[39m
              [36m/>[39m
            [36m</svg>[39m
            [36m<span[39m
              [33mclass[39m=[32m"text-white/60"[39m
            [36m>[39m
              [0mHandover By:[0m
            [36m</span>[39m
            [36m<span[39m
              [33mclass[39m=[32m"text-white/90 font-mono"[39m
            [36m>[39m
              [0mqa-user-[0m
            [36m</span>[39m
          [36m</div>[39m
        [36m</div>[39m
      [36m</div>[39m
      [36m<div[39m
        [33mclass[39m=[32m"border border-white/10 rounded-lg overflow-hidden"[39m
      [36m>[39m
        [36m<button[39m
          [33mclass[39m=[32m"w-full flex items-center justify-between p-4 bg-white/5 hover:bg-white/10 transition-colors"[39m
        [36m>[39m
          [36m<div[39m
            [33mclass[39m=[32m"flex items-center gap-3"[39m
          [36m>[39m
            [36m<svg[39m
              [33mclass[39m=[32m"w-5 h-5 text-white/60"[39m
              [33mfill[39m=[32m"none"[39m
              [33mheight[39m=[32m"24"[39m
              [33mstroke[39m=[32m"currentColor"[39m
              [33mstroke-linecap[39m=[32m"round"[39m
              [33mstroke-linejoin[39m=[32m"round"[39m
              [33mstroke-width[39m=[32m"2"[39m
              [33mviewBox[39m=[32m"0 0 24 24"[39m
              [33mwidth[39m=[32m"24"[39m
              [33mxmlns[39m=[32m"http://www.w3.org/2000/svg"[39m
            [36m>[39m
              [36m<path[39m
                [33md[39m=[32m"M14.5 2H6a2 2 0 0 0-2 2v16a2 2 0 0 0 2 2h12a2 2 0 0 0 2-2V7.5L14.5 2z"[39m
              [36m/>[39m
              [36m<polyline[39m
                [33mpoints[39m=[32m"14 2 14 8 20 8"[39m
              [36m/>[39m
              [36m<line[39m
                [33mx1[39m=[32m"16"[39m
                [33mx2[39m=[32m"8"[39m
                [33my1[39m=[32m"13"[39m
                [33my2[39m=[32m"13"[39m
              [36m/>[39m
              [36m<line[39m
                [33mx1[39m=[32m"16"[39m
                [33mx2[39m=[32m"8"[39m
                [33my1[39m=[32m"17"[39m
                [33my2[39m=[32m"17"[39m
              [36m/>[39m
              [36m<line[39m
                [33mx1[39m=[32m"10"[39m
                [33mx2[39m=[32m"8"[39m
                [33my1[39m=[32m"9"[39m
                [33my2[39m=[32m"9"[39m
              [36m/>[39m
            [36m</svg>[39m
            [36m<span[39m
              [33mclass[39m=[32m"font-medium text-white"[39m
            [36m>[39m
              [0mTicket Snapshot Data[0m
            [36m</span>[39m
          [36m</div>[39m
          [36m<svg[39m
            [33mclass[39m=[32m"w-5 h-5 text-white/60"[39m
            [33mfill[39m=[32m"none"[39m
            [33mheight[39m=[32m"24"[39m
            [33mstroke[39m=[32m"currentColor"[39m
            [33mstroke-linecap[39m=[32m"round"[39m
            [33mstroke-linejoin[39m=[32m"round"[39m
            [33mstroke-width[39m=[32m"2"[39m
            [33mviewBox[39m=[32m"0 0 24 24"[39m
            [33mwidth[39m=[32m"24"[39m
            [33mxmlns[39m=[32m"http://www.w3.org/2000/svg"[39m
          [36m>[39m
            [36m<path[39m
              [33md[39m=[32m"m6 9 6 6 6-6"[39m
            [36m/>[39m
          [36m</svg>[39m
        [36m</button>[39m
      [36m</div>[39m
      [36m<div[39m
        [33mclass[39m=[32m"bg-white/5 border border-white/10 rounded-lg p-4"[39m
      [36m>[39m
        [36m<div[39m
          [33mclass[39m=[32m"flex items-center justify-between"[39m
        [36m>[39m
          [36m<span[39m
            [33mclass[39m=[32m"text-white/60"[39m
          [36m>[39m
            [0mGuarantee Status:[0m
          [36m</span>[39m
          [36m<span[39m
            [33mclass[39m=[32m"px-3 py-1 rounded-full text-sm font-medium bg-green-500/20 text-green-400"[39m
          [36m>[39m
            [0mUNDER GUARANTEE[0m
          [36m</span>[39m
        [36m</div>[39m
      [36m</div>[39m
    [36m</div>[39m
  [36m</div>[39m
[36m</body>[39m
   ❯ src/modules/ticketing/__tests__/components/HandoverSnapshot.test.tsx > HandoverSnapshot Component > Evidence Links Display > should display evidence count
     → Unable to find an element with the text: /2 photo/i. This could be because the text is broken up by multiple elements. In this case, you can provide a function for your text matcher to make your matcher more flexible.

Ignored nodes: comments, script, style
[36m<body>[39m
  [36m<div>[39m
    [36m<div[39m
      [33mclass[39m=[32m"space-y-4"[39m
    [36m>[39m
      [36m<div[39m
        [33mclass[39m=[32m"bg-white/5 border border-white/10 rounded-lg p-6"[39m
      [36m>[39m
        [36m<div[39m
          [33mclass[39m=[32m"flex items-start justify-between mb-4"[39m
        [36m>[39m
          [36m<div>[39m
            [36m<h3[39m
              [33mclass[39m=[32m"text-xl font-bold text-white mb-2"[39m
            [36m>[39m
              [0mQA → Maintenance[0m
            [36m</h3>[39m
            [36m<p[39m
              [33mclass[39m=[32m"text-sm text-white/60"[39m
            [36m>[39m
              [0mTicket: [0m
              [36m<span[39m
                [33mclass[39m=[32m"font-mono text-white/80"[39m
              [36m>[39m
                [0mFT406824[0m
              [36m</span>[39m
            [36m</p>[39m
          [36m</div>[39m
          [36m<div[39m
            [33mclass[39m=[32m"flex items-center gap-2 px-3 py-1.5 bg-blue-500/20 text-blue-400 rounded-full text-sm font-medium"[39m
          [36m>[39m
            [36m<svg[39m
              [33mclass[39m=[32m"w-4 h-4"[39m
              [33mfill[39m=[32m"none"[39m
              [33mheight[39m=[32m"24"[39m
              [33mstroke[39m=[32m"currentColor"[39m
              [33mstroke-linecap[39m=[32m"round"[39m
              [33mstroke-linejoin[39m=[32m"round"[39m
              [33mstroke-width[39m=[32m"2"[39m
              [33mviewBox[39m=[32m"0 0 24 24"[39m
              [33mwidth[39m=[32m"24"[39m
              [33mxmlns[39m=[32m"http://www.w3.org/2000/svg"[39m
            [36m>[39m
              [36m<rect[39m
                [33mheight[39m=[32m"11"[39m
                [33mrx[39m=[32m"2"[39m
                [33mry[39m=[32m"2"[39m
                [33mwidth[39m=[32m"18"[39m
                [33mx[39m=[32m"3"[39m
                [33my[39m=[32m"11"[39m
              [36m/>[39m
              [36m<path[39m
                [33md[39m=[32m"M7 11V7a5 5 0 0 1 10 0v4"[39m
              [36m/>[39m
            [36m</svg>[39m
            [36m<span>[39m
              [0mLocked[0m
            [36m</span>[39m
          [36m</div>[39m
        [36m</div>[39m
        [36m<div[39m
          [33mclass[39m=[32m"flex items-center gap-4 p-3 bg-white/5 rounded-lg"[39m
        [36m>[39m
          [36m<span[39m
            [33mclass[39m=[32m"px-3 py-1 bg-blue-500/20 text-blue-400 rounded-full text-sm font-medium"[39m
          [36m>[39m
            [0mQA Team[0m
          [36m</span>[39m
          [36m<svg[39m
            [33mclass[39m=[32m"w-4 h-4 text-white/40"[39m
            [33mfill[39m=[32m"none"[39m
            [33mheight[39m=[32m"24"[39m
            [33mstroke[39m=[32m"currentColor"[39m
            [33mstroke-linecap[39m=[32m"round"[39m
            [33mstroke-linejoin[39m=[32m"round"[39m
            [33mstroke-width[39m=[32m"2"[39m
            [33mviewBox[39m=[32m"0 0 24 24"[39m
            [33mwidth[39m=[32m"24"[39m
            [33mxmlns[39m=[32m"http://www.w3.org/2000/svg"[39m
          [36m>[39m
            [36m<path[39m
              [33md[39m=[32m"M5 12h14"[39m
            [36m/>[39m
            [36m<path[39m
              [33md[39m=[32m"m12 5 7 7-7 7"[39m
            [36m/>[39m
          [36m</svg>[39m
          [36m<span[39m
            [33mclass[39m=[32m"px-3 py-1 bg-green-500/20 text-green-400 rounded-full text-sm font-medium"[39m
          [36m>[39m
            [0mMaintenance Team[0m
          [36m</span>[39m
        [36m</div>[39m
        [36m<div[39m
          [33mclass[39m=[32m"grid grid-cols-1 md:grid-cols-2 gap-3 mt-4 pt-4 border-t border-white/10"[39m
        [36m>[39m
          [36m<div[39m
            [33mclass[39m=[32m"flex items-center gap-2 text-sm"[39m
          [36m>[39m
            [36m<svg[39m
              [33mclass[39m=[32m"w-4 h-4 text-white/40"[39m
              [33mfill[39m=[32m"none"[39m
              [33mheight[39m=[32m"24"[39m
              [33mstroke[39m=[32m"currentColor"[39m
              [33mstroke-linecap[39m=[32m"round"[39m
              [33mstroke-linejoin[39m=[32m"round"[39m
              [33mstroke-width[39m=[32m"2"[39m
              [33mviewBox[39m=[32m"0 0 24 24"[39m
              [33mwidth[39m=[32m"24"[39m
              [33mxmlns[39m=[32m"http://www.w3.org/2000/svg"[39m
            [36m>[39m
              [36m<rect[39m
                [33mheight[39m=[32m"18"[39m
                [33mrx[39m=[32m"2"[39m
                [33mry[39m=[32m"2"[39m
                [33mwidth[39m=[32m"18"[39m
                [33mx[39m=[32m"3"[39m
                [33my[39m=[32m"4"[39m
              [36m/>[39m
              [36m<line[39m
                [33mx1[39m=[32m"16"[39m
                [33mx2[39m=[32m"16"[39m
                [33my1[39m=[32m"2"[39m
                [33my2[39m=[32m"6"[39m
              [36m/>[39m
              [36m<line[39m
                [33mx1[39m=[32m"8"[39m
                [33mx2[39m=[32m"8"[39m
                [33my1[39m=[32m"2"[39m
                [33my2[39m=[32m"6"[39m
              [36m/>[39m
              [36m<line[39m
                [33mx1[39m=[32m"3"[39m
                [33mx2[39m=[32m"21"[39m
                [33my1[39m=[32m"10"[39m
                [33my2[39m=[32m"10"[39m
              [36m/>[39m
            [36m</svg>[39m
            [36m<span[39m
              [33mclass[39m=[32m"text-white/60"[39m
            [36m>[39m
              [0mHandover At:[0m
            [36m</span>[39m
            [36m<span[39m
              [33mclass[39m=[32m"text-white/90"[39m
            [36m>[39m
              [0m1/15/2024, 2:00:00 PM[0m
            [36m</span>[39m
          [36m</div>[39m
          [36m<div[39m
            [33mclass[39m=[32m"flex items-center gap-2 text-sm"[39m
          [36m>[39m
            [36m<svg[39m
              [33mclass[39m=[32m"w-4 h-4 text-white/40"[39m
              [33mfill[39m=[32m"none"[39m
              [33mheight[39m=[32m"24"[39m
              [33mstroke[39m=[32m"currentColor"[39m
              [33mstroke-linecap[39m=[32m"round"[39m
              [33mstroke-linejoin[39m=[32m"round"[39m
              [33mstroke-width[39m=[32m"2"[39m
              [33mviewBox[39m=[32m"0 0 24 24"[39m
              [33mwidth[39m=[32m"24"[39m
              [33mxmlns[39m=[32m"http://www.w3.org/2000/svg"[39m
            [36m>[39m
              [36m<path[39m
                [33md[39m=[32m"M19 21v-2a4 4 0 0 0-4-4H9a4 4 0 0 0-4 4v2"[39m
              [36m/>[39m
              [36m<circle[39m
                [33mcx[39m=[32m"12"[39m
                [33mcy[39m=[32m"7"[39m
                [33mr[39m=[32m"4"[39m
              [36m/>[39m
            [36m</svg>[39m
            [36m<span[39m
              [33mclass[39m=[32m"text-white/60"[39m
            [36m>[39m
              [0mHandover By:[0m
            [36m</span>[39m
            [36m<span[39m
              [33mclass[39m=[32m"text-white/90 font-mono"[39m
            [36m>[39m
              [0mqa-user-[0m
            [36m</span>[39m
          [36m</div>[39m
        [36m</div>[39m
      [36m</div>[39m
      [36m<div[39m
        [33mclass[39m=[32m"border border-white/10 rounded-lg overflow-hidden"[39m
      [36m>[39m
        [36m<button[39m
          [33mclass[39m=[32m"w-full flex items-center justify-between p-4 bg-white/5 hover:bg-white/10 transition-colors"[39m
        [36m>[39m
          [36m<div[39m
            [33mclass[39m=[32m"flex items-center gap-3"[39m
          [36m>[39m
            [36m<svg[39m
              [33mclass[39m=[32m"w-5 h-5 text-white/60"[39m
              [33mfill[39m=[32m"none"[39m
              [33mheight[39m=[32m"24"[39m
              [33mstroke[39m=[32m"currentColor"[39m
              [33mstroke-linecap[39m=[32m"round"[39m
              [33mstroke-linejoin[39m=[32m"round"[39m
              [33mstroke-width[39m=[32m"2"[39m
              [33mviewBox[39m=[32m"0 0 24 24"[39m
              [33mwidth[39m=[32m"24"[39m
              [33mxmlns[39m=[32m"http://www.w3.org/2000/svg"[39m
            [36m>[39m
              [36m<path[39m
                [33md[39m=[32m"M14.5 2H6a2 2 0 0 0-2 2v16a2 2 0 0 0 2 2h12a2 2 0 0 0 2-2V7.5L14.5 2z"[39m
              [36m/>[39m
              [36m<polyline[39m
                [33mpoints[39m=[32m"14 2 14 8 20 8"[39m
              [36m/>[39m
              [36m<line[39m
                [33mx1[39m=[32m"16"[39m
                [33mx2[39m=[32m"8"[39m
                [33my1[39m=[32m"13"[39m
                [33my2[39m=[32m"13"[39m
              [36m/>[39m
              [36m<line[39m
                [33mx1[39m=[32m"16"[39m
                [33mx2[39m=[32m"8"[39m
                [33my1[39m=[32m"17"[39m
                [33my2[39m=[32m"17"[39m
              [36m/>[39m
              [36m<line[39m
                [33mx1[39m=[32m"10"[39m
                [33mx2[39m=[32m"8"[39m
                [33my1[39m=[32m"9"[39m
                [33my2[39m=[32m"9"[39m
              [36m/>[39m
            [36m</svg>[39m
            [36m<span[39m
              [33mclass[39m=[32m"font-medium text-white"[39m
            [36m>[39m
              [0mTicket Snapshot Data[0m
            [36m</span>[39m
          [36m</div>[39m
          [36m<svg[39m
            [33mclass[39m=[32m"w-5 h-5 text-white/60"[39m
            [33mfill[39m=[32m"none"[39m
            [33mheight[39m=[32m"24"[39m
            [33mstroke[39m=[32m"currentColor"[39m
            [33mstroke-linecap[39m=[32m"round"[39m
            [33mstroke-linejoin[39m=[32m"round"[39m
            [33mstroke-width[39m=[32m"2"[39m
            [33mviewBox[39m=[32m"0 0 24 24"[39m
            [33mwidth[39m=[32m"24"[39m
            [33mxmlns[39m=[32m"http://www.w3.org/2000/svg"[39m
          [36m>[39m
            [36m<path[39m
              [33md[39m=[32m"m6 9 6 6 6-6"[39m
            [36m/>[39m
          [36m</svg>[39m
        [36m</button>[39m
      [36m</div>[39m
      [36m<div[39m
        [33mclass[39m=[32m"bg-white/5 border border-white/10 rounded-lg p-4"[39m
      [36m>[39m
        [36m<div[39m
          [33mclass[39m=[32m"flex items-center justify-between"[39m
        [36m>[39m
          [36m<span[39m
            [33mclass[39m=[32m"text-white/60"[39m
          [36m>[39m
            [0mGuarantee Status:[0m
          [36m</span>[39m
          [36m<span[39m
            [33mclass[39m=[32m"px-3 py-1 rounded-full text-sm font-medium bg-green-500/20 text-green-400"[39m
          [36m>[39m
            [0mUNDER GUARANTEE[0m
          [36m</span>[39m
        [36m</div>[39m
      [36m</div>[39m
    [36m</div>[39m
  [36m</div>[39m
[36m</body>[39m
   ❯ src/modules/ticketing/__tests__/components/HandoverSnapshot.test.tsx > HandoverSnapshot Component > Evidence Links Display > should display evidence links
     → Unable to find an element with the text: photo1.jpg. This could be because the text is broken up by multiple elements. In this case, you can provide a function for your text matcher to make your matcher more flexible.

Ignored nodes: comments, script, style
[36m<body>[39m
  [36m<div>[39m
    [36m<div[39m
      [33mclass[39m=[32m"space-y-4"[39m
    [36m>[39m
      [36m<div[39m
        [33mclass[39m=[32m"bg-white/5 border border-white/10 rounded-lg p-6"[39m
      [36m>[39m
        [36m<div[39m
          [33mclass[39m=[32m"flex items-start justify-between mb-4"[39m
        [36m>[39m
          [36m<div>[39m
            [36m<h3[39m
              [33mclass[39m=[32m"text-xl font-bold text-white mb-2"[39m
            [36m>[39m
              [0mQA → Maintenance[0m
            [36m</h3>[39m
            [36m<p[39m
              [33mclass[39m=[32m"text-sm text-white/60"[39m
            [36m>[39m
              [0mTicket: [0m
              [36m<span[39m
                [33mclass[39m=[32m"font-mono text-white/80"[39m
              [36m>[39m
                [0mFT406824[0m
              [36m</span>[39m
            [36m</p>[39m
          [36m</div>[39m
          [36m<div[39m
            [33mclass[39m=[32m"flex items-center gap-2 px-3 py-1.5 bg-blue-500/20 text-blue-400 rounded-full text-sm font-medium"[39m
          [36m>[39m
            [36m<svg[39m
              [33mclass[39m=[32m"w-4 h-4"[39m
              [33mfill[39m=[32m"none"[39m
              [33mheight[39m=[32m"24"[39m
              [33mstroke[39m=[32m"currentColor"[39m
              [33mstroke-linecap[39m=[32m"round"[39m
              [33mstroke-linejoin[39m=[32m"round"[39m
              [33mstroke-width[39m=[32m"2"[39m
              [33mviewBox[39m=[32m"0 0 24 24"[39m
              [33mwidth[39m=[32m"24"[39m
              [33mxmlns[39m=[32m"http://www.w3.org/2000/svg"[39m
            [36m>[39m
              [36m<rect[39m
                [33mheight[39m=[32m"11"[39m
                [33mrx[39m=[32m"2"[39m
                [33mry[39m=[32m"2"[39m
                [33mwidth[39m=[32m"18"[39m
                [33mx[39m=[32m"3"[39m
                [33my[39m=[32m"11"[39m
              [36m/>[39m
              [36m<path[39m
                [33md[39m=[32m"M7 11V7a5 5 0 0 1 10 0v4"[39m
              [36m/>[39m
            [36m</svg>[39m
            [36m<span>[39m
              [0mLocked[0m
            [36m</span>[39m
          [36m</div>[39m
        [36m</div>[39m
        [36m<div[39m
          [33mclass[39m=[32m"flex items-center gap-4 p-3 bg-white/5 rounded-lg"[39m
        [36m>[39m
          [36m<span[39m
            [33mclass[39m=[32m"px-3 py-1 bg-blue-500/20 text-blue-400 rounded-full text-sm font-medium"[39m
          [36m>[39m
            [0mQA Team[0m
          [36m</span>[39m
          [36m<svg[39m
            [33mclass[39m=[32m"w-4 h-4 text-white/40"[39m
            [33mfill[39m=[32m"none"[39m
            [33mheight[39m=[32m"24"[39m
            [33mstroke[39m=[32m"currentColor"[39m
            [33mstroke-linecap[39m=[32m"round"[39m
            [33mstroke-linejoin[39m=[32m"round"[39m
            [33mstroke-width[39m=[32m"2"[39m
            [33mviewBox[39m=[32m"0 0 24 24"[39m
            [33mwidth[39m=[32m"24"[39m
            [33mxmlns[39m=[32m"http://www.w3.org/2000/svg"[39m
          [36m>[39m
            [36m<path[39m
              [33md[39m=[32m"M5 12h14"[39m
            [36m/>[39m
            [36m<path[39m
              [33md[39m=[32m"m12 5 7 7-7 7"[39m
            [36m/>[39m
          [36m</svg>[39m
          [36m<span[39m
            [33mclass[39m=[32m"px-3 py-1 bg-green-500/20 text-green-400 rounded-full text-sm font-medium"[39m
          [36m>[39m
            [0mMaintenance Team[0m
          [36m</span>[39m
        [36m</div>[39m
        [36m<div[39m
          [33mclass[39m=[32m"grid grid-cols-1 md:grid-cols-2 gap-3 mt-4 pt-4 border-t border-white/10"[39m
        [36m>[39m
          [36m<div[39m
            [33mclass[39m=[32m"flex items-center gap-2 text-sm"[39m
          [36m>[39m
            [36m<svg[39m
              [33mclass[39m=[32m"w-4 h-4 text-white/40"[39m
              [33mfill[39m=[32m"none"[39m
              [33mheight[39m=[32m"24"[39m
              [33mstroke[39m=[32m"currentColor"[39m
              [33mstroke-linecap[39m=[32m"round"[39m
              [33mstroke-linejoin[39m=[32m"round"[39m
              [33mstroke-width[39m=[32m"2"[39m
              [33mviewBox[39m=[32m"0 0 24 24"[39m
              [33mwidth[39m=[32m"24"[39m
              [33mxmlns[39m=[32m"http://www.w3.org/2000/svg"[39m
            [36m>[39m
              [36m<rect[39m
                [33mheight[39m=[32m"18"[39m
                [33mrx[39m=[32m"2"[39m
                [33mry[39m=[32m"2"[39m
                [33mwidth[39m=[32m"18"[39m
                [33mx[39m=[32m"3"[39m
                [33my[39m=[32m"4"[39m
              [36m/>[39m
              [36m<line[39m
                [33mx1[39m=[32m"16"[39m
                [33mx2[39m=[32m"16"[39m
                [33my1[39m=[32m"2"[39m
                [33my2[39m=[32m"6"[39m
              [36m/>[39m
              [36m<line[39m
                [33mx1[39m=[32m"8"[39m
                [33mx2[39m=[32m"8"[39m
                [33my1[39m=[32m"2"[39m
                [33my2[39m=[32m"6"[39m
              [36m/>[39m
              [36m<line[39m
                [33mx1[39m=[32m"3"[39m
                [33mx2[39m=[32m"21"[39m
                [33my1[39m=[32m"10"[39m
                [33my2[39m=[32m"10"[39m
              [36m/>[39m
            [36m</svg>[39m
            [36m<span[39m
              [33mclass[39m=[32m"text-white/60"[39m
            [36m>[39m
              [0mHandover At:[0m
            [36m</span>[39m
            [36m<span[39m
              [33mclass[39m=[32m"text-white/90"[39m
            [36m>[39m
              [0m1/15/2024, 2:00:00 PM[0m
            [36m</span>[39m
          [36m</div>[39m
          [36m<div[39m
            [33mclass[39m=[32m"flex items-center gap-2 text-sm"[39m
          [36m>[39m
            [36m<svg[39m
              [33mclass[39m=[32m"w-4 h-4 text-white/40"[39m
              [33mfill[39m=[32m"none"[39m
              [33mheight[39m=[32m"24"[39m
              [33mstroke[39m=[32m"currentColor"[39m
              [33mstroke-linecap[39m=[32m"round"[39m
              [33mstroke-linejoin[39m=[32m"round"[39m
              [33mstroke-width[39m=[32m"2"[39m
              [33mviewBox[39m=[32m"0 0 24 24"[39m
              [33mwidth[39m=[32m"24"[39m
              [33mxmlns[39m=[32m"http://www.w3.org/2000/svg"[39m
            [36m>[39m
              [36m<path[39m
                [33md[39m=[32m"M19 21v-2a4 4 0 0 0-4-4H9a4 4 0 0 0-4 4v2"[39m
              [36m/>[39m
              [36m<circle[39m
                [33mcx[39m=[32m"12"[39m
                [33mcy[39m=[32m"7"[39m
                [33mr[39m=[32m"4"[39m
              [36m/>[39m
            [36m</svg>[39m
            [36m<span[39m
              [33mclass[39m=[32m"text-white/60"[39m
            [36m>[39m
              [0mHandover By:[0m
            [36m</span>[39m
            [36m<span[39m
              [33mclass[39m=[32m"text-white/90 font-mono"[39m
            [36m>[39m
              [0mqa-user-[0m
            [36m</span>[39m
          [36m</div>[39m
        [36m</div>[39m
      [36m</div>[39m
      [36m<div[39m
        [33mclass[39m=[32m"border border-white/10 rounded-lg overflow-hidden"[39m
      [36m>[39m
        [36m<button[39m
          [33mclass[39m=[32m"w-full flex items-center justify-between p-4 bg-white/5 hover:bg-white/10 transition-colors"[39m
        [36m>[39m
          [36m<div[39m
            [33mclass[39m=[32m"flex items-center gap-3"[39m
          [36m>[39m
            [36m<svg[39m
              [33mclass[39m=[32m"w-5 h-5 text-white/60"[39m
              [33mfill[39m=[32m"none"[39m
              [33mheight[39m=[32m"24"[39m
              [33mstroke[39m=[32m"currentColor"[39m
              [33mstroke-linecap[39m=[32m"round"[39m
              [33mstroke-linejoin[39m=[32m"round"[39m
              [33mstroke-width[39m=[32m"2"[39m
              [33mviewBox[39m=[32m"0 0 24 24"[39m
              [33mwidth[39m=[32m"24"[39m
              [33mxmlns[39m=[32m"http://www.w3.org/2000/svg"[39m
            [36m>[39m
              [36m<path[39m
                [33md[39m=[32m"M14.5 2H6a2 2 0 0 0-2 2v16a2 2 0 0 0 2 2h12a2 2 0 0 0 2-2V7.5L14.5 2z"[39m
              [36m/>[39m
              [36m<polyline[39m
                [33mpoints[39m=[32m"14 2 14 8 20 8"[39m
              [36m/>[39m
              [36m<line[39m
                [33mx1[39m=[32m"16"[39m
                [33mx2[39m=[32m"8"[39m
                [33my1[39m=[32m"13"[39m
                [33my2[39m=[32m"13"[39m
              [36m/>[39m
              [36m<line[39m
                [33mx1[39m=[32m"16"[39m
                [33mx2[39m=[32m"8"[39m
                [33my1[39m=[32m"17"[39m
                [33my2[39m=[32m"17"[39m
              [36m/>[39m
              [36m<line[39m
                [33mx1[39m=[32m"10"[39m
                [33mx2[39m=[32m"8"[39m
                [33my1[39m=[32m"9"[39m
                [33my2[39m=[32m"9"[39m
              [36m/>[39m
            [36m</svg>[39m
            [36m<span[39m
              [33mclass[39m=[32m"font-medium text-white"[39m
            [36m>[39m
              [0mTicket Snapshot Data[0m
            [36m</span>[39m
          [36m</div>[39m
          [36m<svg[39m
            [33mclass[39m=[32m"w-5 h-5 text-white/60"[39m
            [33mfill[39m=[32m"none"[39m
            [33mheight[39m=[32m"24"[39m
            [33mstroke[39m=[32m"currentColor"[39m
            [33mstroke-linecap[39m=[32m"round"[39m
            [33mstroke-linejoin[39m=[32m"round"[39m
            [33mstroke-width[39m=[32m"2"[39m
            [33mviewBox[39m=[32m"0 0 24 24"[39m
            [33mwidth[39m=[32m"24"[39m
            [33mxmlns[39m=[32m"http://www.w3.org/2000/svg"[39m
          [36m>[39m
            [36m<path[39m
              [33md[39m=[32m"m6 9 6 6 6-6"[39m
            [36m/>[39m
          [36m</svg>[39m
        [36m</button>[39m
      [36m</div>[39m
      [36m<div[39m
        [33mclass[39m=[32m"border border-white/10 rounded-lg overflow-hidden"[39m
      [36m>[39m
        [36m<button[39m
          [33mclass[39m=[32m"w-full flex items-center justify-between p-4 bg-white/5 hover:bg-white/10 transition-colors"[39m
        [36m>[39m
          [36m<div[39m
            [33mclass[39m=[32m"flex items-center gap-3"[39m
          [36m>[39m
            [36m<svg[39m
              [33mclass[39m=[32m"w-5 h-5 text-white/60"[39m
              [33mfill[39m=[32m"none"[39m
              [33mheight[39m=[32m"24"[39m
              [33mstroke[39m=[32m"currentColor"[39m
              [33mstroke-linecap[39m=[32m"round"[39m
              [33mstroke-linejoin[39m=[32m"round"[39m
              [33mstroke-width[39m=[32m"2"[39m
              [33mviewBox[39m=[32m"0 0 24 24"[39m
              [33mwidth[39m=[32m"24"[39m
              [33mxmlns[39m=[32m"http://www.w3.org/2000/svg"[39m
            [36m>[39m
              [36m<rect[39m
                [33mheight[39m=[32m"18"[39m
                [33mrx[39m=[32m"2"[39m
                [33mry[39m=[32m"2"[39m
                [33mwidth[39m=[32m"18"[39m
                [33mx[39m=[32m"3"[39m
                [33my[39m=[32m"3"[39m
              [36m/>[39m
              [36m<circle[39m
                [33mcx[39m=[32m"9"[39m
                [33mcy[39m=[32m"9"[39m
                [33mr[39m=[32m"2"[39m
              [36m/>[39m
              [36m<path[39m
                [33md[39m=[32m"m21 15-3.086-3.086a2 2 0 0 0-2.828 0L6 21"[39m
              [36m/>[39m
            [36m</svg>[39m
            [36m<span[39m
              [33mclass[39m=[32m"font-medium text-white"[39m
            [36m>[39m
              [0mEvidence[0m
            [36m</span>[39m
            [36m<span[39m
              [33mclass[39m=[32m"px-2 py-0.5 bg-white/10 text-white/70 rounded text-xs font-medium"[39m
            [36m>[39m
              [0m2[0m
            [36m</span>[39m
          [36m</div>[39m
          [36m<svg[39m
            [33mclass[39m=[32m"w-5 h-5 text-white/60"[39m
            [33mfill[39m=[32m"none"[39m
            [33mheight[39m=[32m"24"[39m
            [33mstroke[39m=[32m"currentColor"[39m
            [33mstroke-linecap[39m=[32m"round"[39m
            [33mstroke-linejoin[39m=[32m"round"[39m
            [33mstroke-width[39m=[32m"2"[39m
            [33mviewBox[39m=[32m"0 0 24 24"[39m
            [33mwidth[39m=[32m"24"[39m
            [33mxmlns[39m=[32m"http://www.w3.org/2000/svg"[39m
          [36m>[39m
            [36m<path[39m
              [33md[39m=[32m"m6 9 6 6 6-6"[39m
            [36m/>[39m
          [36m</svg>[39m
        [36m</button>[39m
      [36m</div>[39m
      [36m<div[39m
        [33mclass[39m=[32m"bg-white/5 border border-white/10 rounded-lg p-4"[39m
      [36m>[39m
        [36m<div[39m
          [33mclass[39m=[32m"flex items-center justify-between"[39m
        [36m>[39m
          [36m<span[39m
            [33mclass[39m=[32m"text-white/60"[39m
          [36m>[39m
            [0mGuarantee Status:[0m
          [36m</span>[39m
          [36m<span[39m
            [33mclass[39m=[32m"px-3 py-1 rounded-full text-sm font-medium bg-green-500/20 text-green-400"[39m
          [36m>[39m
            [0mUNDER GUARANTEE[0m
          [36m</span>[39m
        [36m</div>[39m
      [36m</div>[39m
    [36m</div>[39m
  [36m</div>[39m
[36m</body>[39m
   ❯ src/modules/ticketing/__tests__/components/HandoverSnapshot.test.tsx > HandoverSnapshot Component > Evidence Links Display > should handle no evidence
     → Unable to find an element with the text: /no evidence/i. This could be because the text is broken up by multiple elements. In this case, you can provide a function for your text matcher to make your matcher more flexible.

Ignored nodes: comments, script, style
[36m<body>[39m
  [36m<div>[39m
    [36m<div[39m
      [33mclass[39m=[32m"space-y-4"[39m
    [36m>[39m
      [36m<div[39m
        [33mclass[39m=[32m"bg-white/5 border border-white/10 rounded-lg p-6"[39m
      [36m>[39m
        [36m<div[39m
          [33mclass[39m=[32m"flex items-start justify-between mb-4"[39m
        [36m>[39m
          [36m<div>[39m
            [36m<h3[39m
              [33mclass[39m=[32m"text-xl font-bold text-white mb-2"[39m
            [36m>[39m
              [0mQA → Maintenance[0m
            [36m</h3>[39m
            [36m<p[39m
              [33mclass[39m=[32m"text-sm text-white/60"[39m
            [36m>[39m
              [0mTicket: [0m
              [36m<span[39m
                [33mclass[39m=[32m"font-mono text-white/80"[39m
              [36m>[39m
                [0mFT406824[0m
              [36m</span>[39m
            [36m</p>[39m
          [36m</div>[39m
          [36m<div[39m
            [33mclass[39m=[32m"flex items-center gap-2 px-3 py-1.5 bg-blue-500/20 text-blue-400 rounded-full text-sm font-medium"[39m
          [36m>[39m
            [36m<svg[39m
              [33mclass[39m=[32m"w-4 h-4"[39m
              [33mfill[39m=[32m"none"[39m
              [33mheight[39m=[32m"24"[39m
              [33mstroke[39m=[32m"currentColor"[39m
              [33mstroke-linecap[39m=[32m"round"[39m
              [33mstroke-linejoin[39m=[32m"round"[39m
              [33mstroke-width[39m=[32m"2"[39m
              [33mviewBox[39m=[32m"0 0 24 24"[39m
              [33mwidth[39m=[32m"24"[39m
              [33mxmlns[39m=[32m"http://www.w3.org/2000/svg"[39m
            [36m>[39m
              [36m<rect[39m
                [33mheight[39m=[32m"11"[39m
                [33mrx[39m=[32m"2"[39m
                [33mry[39m=[32m"2"[39m
                [33mwidth[39m=[32m"18"[39m
                [33mx[39m=[32m"3"[39m
                [33my[39m=[32m"11"[39m
              [36m/>[39m
              [36m<path[39m
                [33md[39m=[32m"M7 11V7a5 5 0 0 1 10 0v4"[39m
              [36m/>[39m
            [36m</svg>[39m
            [36m<span>[39m
              [0mLocked[0m
            [36m</span>[39m
          [36m</div>[39m
        [36m</div>[39m
        [36m<div[39m
          [33mclass[39m=[32m"flex items-center gap-4 p-3 bg-white/5 rounded-lg"[39m
        [36m>[39m
          [36m<span[39m
            [33mclass[39m=[32m"px-3 py-1 bg-blue-500/20 text-blue-400 rounded-full text-sm font-medium"[39m
          [36m>[39m
            [0mQA Team[0m
          [36m</span>[39m
          [36m<svg[39m
            [33mclass[39m=[32m"w-4 h-4 text-white/40"[39m
            [33mfill[39m=[32m"none"[39m
            [33mheight[39m=[32m"24"[39m
            [33mstroke[39m=[32m"currentColor"[39m
            [33mstroke-linecap[39m=[32m"round"[39m
            [33mstroke-linejoin[39m=[32m"round"[39m
            [33mstroke-width[39m=[32m"2"[39m
            [33mviewBox[39m=[32m"0 0 24 24"[39m
            [33mwidth[39m=[32m"24"[39m
            [33mxmlns[39m=[32m"http://www.w3.org/2000/svg"[39m
          [36m>[39m
            [36m<path[39m
              [33md[39m=[32m"M5 12h14"[39m
            [36m/>[39m
            [36m<path[39m
              [33md[39m=[32m"m12 5 7 7-7 7"[39m
            [36m/>[39m
          [36m</svg>[39m
          [36m<span[39m
            [33mclass[39m=[32m"px-3 py-1 bg-green-500/20 text-green-400 rounded-full text-sm font-medium"[39m
          [36m>[39m
            [0mMaintenance Team[0m
          [36m</span>[39m
        [36m</div>[39m
        [36m<div[39m
          [33mclass[39m=[32m"grid grid-cols-1 md:grid-cols-2 gap-3 mt-4 pt-4 border-t border-white/10"[39m
        [36m>[39m
          [36m<div[39m
            [33mclass[39m=[32m"flex items-center gap-2 text-sm"[39m
          [36m>[39m
            [36m<svg[39m
              [33mclass[39m=[32m"w-4 h-4 text-white/40"[39m
              [33mfill[39m=[32m"none"[39m
              [33mheight[39m=[32m"24"[39m
              [33mstroke[39m=[32m"currentColor"[39m
              [33mstroke-linecap[39m=[32m"round"[39m
              [33mstroke-linejoin[39m=[32m"round"[39m
              [33mstroke-width[39m=[32m"2"[39m
              [33mviewBox[39m=[32m"0 0 24 24"[39m
              [33mwidth[39m=[32m"24"[39m
              [33mxmlns[39m=[32m"http://www.w3.org/2000/svg"[39m
            [36m>[39m
              [36m<rect[39m
                [33mheight[39m=[32m"18"[39m
                [33mrx[39m=[32m"2"[39m
                [33mry[39m=[32m"2"[39m
                [33mwidth[39m=[32m"18"[39m
                [33mx[39m=[32m"3"[39m
                [33my[39m=[32m"4"[39m
              [36m/>[39m
              [36m<line[39m
                [33mx1[39m=[32m"16"[39m
                [33mx2[39m=[32m"16"[39m
                [33my1[39m=[32m"2"[39m
                [33my2[39m=[32m"6"[39m
              [36m/>[39m
              [36m<line[39m
                [33mx1[39m=[32m"8"[39m
                [33mx2[39m=[32m"8"[39m
                [33my1[39m=[32m"2"[39m
                [33my2[39m=[32m"6"[39m
              [36m/>[39m
              [36m<line[39m
                [33mx1[39m=[32m"3"[39m
                [33mx2[39m=[32m"21"[39m
                [33my1[39m=[32m"10"[39m
                [33my2[39m=[32m"10"[39m
              [36m/>[39m
            [36m</svg>[39m
            [36m<span[39m
              [33mclass[39m=[32m"text-white/60"[39m
            [36m>[39m
              [0mHandover At:[0m
            [36m</span>[39m
            [36m<span[39m
              [33mclass[39m=[32m"text-white/90"[39m
            [36m>[39m
              [0m1/15/2024, 2:00:00 PM[0m
            [36m</span>[39m
          [36m</div>[39m
          [36m<div[39m
            [33mclass[39m=[32m"flex items-center gap-2 text-sm"[39m
          [36m>[39m
            [36m<svg[39m
              [33mclass[39m=[32m"w-4 h-4 text-white/40"[39m
              [33mfill[39m=[32m"none"[39m
              [33mheight[39m=[32m"24"[39m
              [33mstroke[39m=[32m"currentColor"[39m
              [33mstroke-linecap[39m=[32m"round"[39m
              [33mstroke-linejoin[39m=[32m"round"[39m
              [33mstroke-width[39m=[32m"2"[39m
              [33mviewBox[39m=[32m"0 0 24 24"[39m
              [33mwidth[39m=[32m"24"[39m
              [33mxmlns[39m=[32m"http://www.w3.org/2000/svg"[39m
            [36m>[39m
              [36m<path[39m
                [33md[39m=[32m"M19 21v-2a4 4 0 0 0-4-4H9a4 4 0 0 0-4 4v2"[39m
              [36m/>[39m
              [36m<circle[39m
                [33mcx[39m=[32m"12"[39m
                [33mcy[39m=[32m"7"[39m
                [33mr[39m=[32m"4"[39m
              [36m/>[39m
            [36m</svg>[39m
            [36m<span[39m
              [33mclass[39m=[32m"text-white/60"[39m
            [36m>[39m
              [0mHandover By:[0m
            [36m</span>[39m
            [36m<span[39m
              [33mclass[39m=[32m"text-white/90 font-mono"[39m
            [36m>[39m
              [0mqa-user-[0m
            [36m</span>[39m
          [36m</div>[39m
        [36m</div>[39m
      [36m</div>[39m
      [36m<div[39m
        [33mclass[39m=[32m"border border-white/10 rounded-lg overflow-hidden"[39m
      [36m>[39m
        [36m<button[39m
          [33mclass[39m=[32m"w-full flex items-center justify-between p-4 bg-white/5 hover:bg-white/10 transition-colors"[39m
        [36m>[39m
          [36m<div[39m
            [33mclass[39m=[32m"flex items-center gap-3"[39m
          [36m>[39m
            [36m<svg[39m
              [33mclass[39m=[32m"w-5 h-5 text-white/60"[39m
              [33mfill[39m=[32m"none"[39m
              [33mheight[39m=[32m"24"[39m
              [33mstroke[39m=[32m"currentColor"[39m
              [33mstroke-linecap[39m=[32m"round"[39m
              [33mstroke-linejoin[39m=[32m"round"[39m
              [33mstroke-width[39m=[32m"2"[39m
              [33mviewBox[39m=[32m"0 0 24 24"[39m
              [33mwidth[39m=[32m"24"[39m
              [33mxmlns[39m=[32m"http://www.w3.org/2000/svg"[39m
            [36m>[39m
              [36m<path[39m
                [33md[39m=[32m"M14.5 2H6a2 2 0 0 0-2 2v16a2 2 0 0 0 2 2h12a2 2 0 0 0 2-2V7.5L14.5 2z"[39m
              [36m/>[39m
              [36m<polyline[39m
                [33mpoints[39m=[32m"14 2 14 8 20 8"[39m
              [36m/>[39m
              [36m<line[39m
                [33mx1[39m=[32m"16"[39m
                [33mx2[39m=[32m"8"[39m
                [33my1[39m=[32m"13"[39m
                [33my2[39m=[32m"13"[39m
              [36m/>[39m
              [36m<line[39m
                [33mx1[39m=[32m"16"[39m
                [33mx2[39m=[32m"8"[39m
                [33my1[39m=[32m"17"[39m
                [33my2[39m=[32m"17"[39m
              [36m/>[39m
              [36m<line[39m
                [33mx1[39m=[32m"10"[39m
                [33mx2[39m=[32m"8"[39m
                [33my1[39m=[32m"9"[39m
                [33my2[39m=[32m"9"[39m
              [36m/>[39m
            [36m</svg>[39m
            [36m<span[39m
              [33mclass[39m=[32m"font-medium text-white"[39m
            [36m>[39m
              [0mTicket Snapshot Data[0m
            [36m</span>[39m
          [36m</div>[39m
          [36m<svg[39m
            [33mclass[39m=[32m"w-5 h-5 text-white/60"[39m
            [33mfill[39m=[32m"none"[39m
            [33mheight[39m=[32m"24"[39m
            [33mstroke[39m=[32m"currentColor"[39m
            [33mstroke-linecap[39m=[32m"round"[39m
            [33mstroke-linejoin[39m=[32m"round"[39m
            [33mstroke-width[39m=[32m"2"[39m
            [33mviewBox[39m=[32m"0 0 24 24"[39m
            [33mwidth[39m=[32m"24"[39m
            [33mxmlns[39m=[32m"http://www.w3.org/2000/svg"[39m
          [36m>[39m
            [36m<path[39m
              [33md[39m=[32m"m6 9 6 6 6-6"[39m
            [36m/>[39m
          [36m</svg>[39m
        [36m</button>[39m
      [36m</div>[39m
      [36m<div[39m
        [33mclass[39m=[32m"bg-white/5 border border-white/10 rounded-lg p-4"[39m
      [36m>[39m
        [36m<div[39m
          [33mclass[39m=[32m"flex items-center justify-between"[39m
        [36m>[39m
          [36m<span[39m
            [33mclass[39m=[32m"text-white/60"[39m
          [36m>[39m
            [0mGuarantee Status:[0m
          [36m</span>[39m
          [36m<span[39m
            [33mclass[39m=[32m"px-3 py-1 rounded-full text-sm font-medium bg-green-500/20 text-green-400"[39m
          [36m>[39m
            [0mUNDER GUARANTEE[0m
          [36m</span>[39m
        [36m</div>[39m
      [36m</div>[39m
    [36m</div>[39m
  [36m</div>[39m
[36m</body>[39m
   ❯ src/modules/ticketing/__tests__/components/HandoverSnapshot.test.tsx > HandoverSnapshot Component > Decisions Display > should display decisions count
     → Unable to find an element with the text: /1 decision/i. This could be because the text is broken up by multiple elements. In this case, you can provide a function for your text matcher to make your matcher more flexible.

Ignored nodes: comments, script, style
[36m<body>[39m
  [36m<div>[39m
    [36m<div[39m
      [33mclass[39m=[32m"space-y-4"[39m
    [36m>[39m
      [36m<div[39m
        [33mclass[39m=[32m"bg-white/5 border border-white/10 rounded-lg p-6"[39m
      [36m>[39m
        [36m<div[39m
          [33mclass[39m=[32m"flex items-start justify-between mb-4"[39m
        [36m>[39m
          [36m<div>[39m
            [36m<h3[39m
              [33mclass[39m=[32m"text-xl font-bold text-white mb-2"[39m
            [36m>[39m
              [0mQA → Maintenance[0m
            [36m</h3>[39m
            [36m<p[39m
              [33mclass[39m=[32m"text-sm text-white/60"[39m
            [36m>[39m
              [0mTicket: [0m
              [36m<span[39m
                [33mclass[39m=[32m"font-mono text-white/80"[39m
              [36m>[39m
                [0mFT406824[0m
              [36m</span>[39m
            [36m</p>[39m
          [36m</div>[39m
          [36m<div[39m
            [33mclass[39m=[32m"flex items-center gap-2 px-3 py-1.5 bg-blue-500/20 text-blue-400 rounded-full text-sm font-medium"[39m
          [36m>[39m
            [36m<svg[39m
              [33mclass[39m=[32m"w-4 h-4"[39m
              [33mfill[39m=[32m"none"[39m
              [33mheight[39m=[32m"24"[39m
              [33mstroke[39m=[32m"currentColor"[39m
              [33mstroke-linecap[39m=[32m"round"[39m
              [33mstroke-linejoin[39m=[32m"round"[39m
              [33mstroke-width[39m=[32m"2"[39m
              [33mviewBox[39m=[32m"0 0 24 24"[39m
              [33mwidth[39m=[32m"24"[39m
              [33mxmlns[39m=[32m"http://www.w3.org/2000/svg"[39m
            [36m>[39m
              [36m<rect[39m
                [33mheight[39m=[32m"11"[39m
                [33mrx[39m=[32m"2"[39m
                [33mry[39m=[32m"2"[39m
                [33mwidth[39m=[32m"18"[39m
                [33mx[39m=[32m"3"[39m
                [33my[39m=[32m"11"[39m
              [36m/>[39m
              [36m<path[39m
                [33md[39m=[32m"M7 11V7a5 5 0 0 1 10 0v4"[39m
              [36m/>[39m
            [36m</svg>[39m
            [36m<span>[39m
              [0mLocked[0m
            [36m</span>[39m
          [36m</div>[39m
        [36m</div>[39m
        [36m<div[39m
          [33mclass[39m=[32m"flex items-center gap-4 p-3 bg-white/5 rounded-lg"[39m
        [36m>[39m
          [36m<span[39m
            [33mclass[39m=[32m"px-3 py-1 bg-blue-500/20 text-blue-400 rounded-full text-sm font-medium"[39m
          [36m>[39m
            [0mQA Team[0m
          [36m</span>[39m
          [36m<svg[39m
            [33mclass[39m=[32m"w-4 h-4 text-white/40"[39m
            [33mfill[39m=[32m"none"[39m
            [33mheight[39m=[32m"24"[39m
            [33mstroke[39m=[32m"currentColor"[39m
            [33mstroke-linecap[39m=[32m"round"[39m
            [33mstroke-linejoin[39m=[32m"round"[39m
            [33mstroke-width[39m=[32m"2"[39m
            [33mviewBox[39m=[32m"0 0 24 24"[39m
            [33mwidth[39m=[32m"24"[39m
            [33mxmlns[39m=[32m"http://www.w3.org/2000/svg"[39m
          [36m>[39m
            [36m<path[39m
              [33md[39m=[32m"M5 12h14"[39m
            [36m/>[39m
            [36m<path[39m
              [33md[39m=[32m"m12 5 7 7-7 7"[39m
            [36m/>[39m
          [36m</svg>[39m
          [36m<span[39m
            [33mclass[39m=[32m"px-3 py-1 bg-green-500/20 text-green-400 rounded-full text-sm font-medium"[39m
          [36m>[39m
            [0mMaintenance Team[0m
          [36m</span>[39m
        [36m</div>[39m
        [36m<div[39m
          [33mclass[39m=[32m"grid grid-cols-1 md:grid-cols-2 gap-3 mt-4 pt-4 border-t border-white/10"[39m
        [36m>[39m
          [36m<div[39m
            [33mclass[39m=[32m"flex items-center gap-2 text-sm"[39m
          [36m>[39m
            [36m<svg[39m
              [33mclass[39m=[32m"w-4 h-4 text-white/40"[39m
              [33mfill[39m=[32m"none"[39m
              [33mheight[39m=[32m"24"[39m
              [33mstroke[39m=[32m"currentColor"[39m
              [33mstroke-linecap[39m=[32m"round"[39m
              [33mstroke-linejoin[39m=[32m"round"[39m
              [33mstroke-width[39m=[32m"2"[39m
              [33mviewBox[39m=[32m"0 0 24 24"[39m
              [33mwidth[39m=[32m"24"[39m
              [33mxmlns[39m=[32m"http://www.w3.org/2000/svg"[39m
            [36m>[39m
              [36m<rect[39m
                [33mheight[39m=[32m"18"[39m
                [33mrx[39m=[32m"2"[39m
                [33mry[39m=[32m"2"[39m
                [33mwidth[39m=[32m"18"[39m
                [33mx[39m=[32m"3"[39m
                [33my[39m=[32m"4"[39m
              [36m/>[39m
              [36m<line[39m
                [33mx1[39m=[32m"16"[39m
                [33mx2[39m=[32m"16"[39m
                [33my1[39m=[32m"2"[39m
                [33my2[39m=[32m"6"[39m
              [36m/>[39m
              [36m<line[39m
                [33mx1[39m=[32m"8"[39m
                [33mx2[39m=[32m"8"[39m
                [33my1[39m=[32m"2"[39m
                [33my2[39m=[32m"6"[39m
              [36m/>[39m
              [36m<line[39m
                [33mx1[39m=[32m"3"[39m
                [33mx2[39m=[32m"21"[39m
                [33my1[39m=[32m"10"[39m
                [33my2[39m=[32m"10"[39m
              [36m/>[39m
            [36m</svg>[39m
            [36m<span[39m
              [33mclass[39m=[32m"text-white/60"[39m
            [36m>[39m
              [0mHandover At:[0m
            [36m</span>[39m
            [36m<span[39m
              [33mclass[39m=[32m"text-white/90"[39m
            [36m>[39m
              [0m1/15/2024, 2:00:00 PM[0m
            [36m</span>[39m
          [36m</div>[39m
          [36m<div[39m
            [33mclass[39m=[32m"flex items-center gap-2 text-sm"[39m
          [36m>[39m
            [36m<svg[39m
              [33mclass[39m=[32m"w-4 h-4 text-white/40"[39m
              [33mfill[39m=[32m"none"[39m
              [33mheight[39m=[32m"24"[39m
              [33mstroke[39m=[32m"currentColor"[39m
              [33mstroke-linecap[39m=[32m"round"[39m
              [33mstroke-linejoin[39m=[32m"round"[39m
              [33mstroke-width[39m=[32m"2"[39m
              [33mviewBox[39m=[32m"0 0 24 24"[39m
              [33mwidth[39m=[32m"24"[39m
              [33mxmlns[39m=[32m"http://www.w3.org/2000/svg"[39m
            [36m>[39m
              [36m<path[39m
                [33md[39m=[32m"M19 21v-2a4 4 0 0 0-4-4H9a4 4 0 0 0-4 4v2"[39m
              [36m/>[39m
              [36m<circle[39m
                [33mcx[39m=[32m"12"[39m
                [33mcy[39m=[32m"7"[39m
                [33mr[39m=[32m"4"[39m
              [36m/>[39m
            [36m</svg>[39m
            [36m<span[39m
              [33mclass[39m=[32m"text-white/60"[39m
            [36m>[39m
              [0mHandover By:[0m
            [36m</span>[39m
            [36m<span[39m
              [33mclass[39m=[32m"text-white/90 font-mono"[39m
            [36m>[39m
              [0mqa-user-[0m
            [36m</span>[39m
          [36m</div>[39m
        [36m</div>[39m
      [36m</div>[39m
      [36m<div[39m
        [33mclass[39m=[32m"border border-white/10 rounded-lg overflow-hidden"[39m
      [36m>[39m
        [36m<button[39m
          [33mclass[39m=[32m"w-full flex items-center justify-between p-4 bg-white/5 hover:bg-white/10 transition-colors"[39m
        [36m>[39m
          [36m<div[39m
            [33mclass[39m=[32m"flex items-center gap-3"[39m
          [36m>[39m
            [36m<svg[39m
              [33mclass[39m=[32m"w-5 h-5 text-white/60"[39m
              [33mfill[39m=[32m"none"[39m
              [33mheight[39m=[32m"24"[39m
              [33mstroke[39m=[32m"currentColor"[39m
              [33mstroke-linecap[39m=[32m"round"[39m
              [33mstroke-linejoin[39m=[32m"round"[39m
              [33mstroke-width[39m=[32m"2"[39m
              [33mviewBox[39m=[32m"0 0 24 24"[39m
              [33mwidth[39m=[32m"24"[39m
              [33mxmlns[39m=[32m"http://www.w3.org/2000/svg"[39m
            [36m>[39m
              [36m<path[39m
                [33md[39m=[32m"M14.5 2H6a2 2 0 0 0-2 2v16a2 2 0 0 0 2 2h12a2 2 0 0 0 2-2V7.5L14.5 2z"[39m
              [36m/>[39m
              [36m<polyline[39m
                [33mpoints[39m=[32m"14 2 14 8 20 8"[39m
              [36m/>[39m
              [36m<line[39m
                [33mx1[39m=[32m"16"[39m
                [33mx2[39m=[32m"8"[39m
                [33my1[39m=[32m"13"[39m
                [33my2[39m=[32m"13"[39m
              [36m/>[39m
              [36m<line[39m
                [33mx1[39m=[32m"16"[39m
                [33mx2[39m=[32m"8"[39m
                [33my1[39m=[32m"17"[39m
                [33my2[39m=[32m"17"[39m
              [36m/>[39m
              [36m<line[39m
                [33mx1[39m=[32m"10"[39m
                [33mx2[39m=[32m"8"[39m
                [33my1[39m=[32m"9"[39m
                [33my2[39m=[32m"9"[39m
              [36m/>[39m
            [36m</svg>[39m
            [36m<span[39m
              [33mclass[39m=[32m"font-medium text-white"[39m
            [36m>[39m
              [0mTicket Snapshot Data[0m
            [36m</span>[39m
          [36m</div>[39m
          [36m<svg[39m
            [33mclass[39m=[32m"w-5 h-5 text-white/60"[39m
            [33mfill[39m=[32m"none"[39m
            [33mheight[39m=[32m"24"[39m
            [33mstroke[39m=[32m"currentColor"[39m
            [33mstroke-linecap[39m=[32m"round"[39m
            [33mstroke-linejoin[39m=[32m"round"[39m
            [33mstroke-width[39m=[32m"2"[39m
            [33mviewBox[39m=[32m"0 0 24 24"[39m
            [33mwidth[39m=[32m"24"[39m
            [33mxmlns[39m=[32m"http://www.w3.org/2000/svg"[39m
          [36m>[39m
            [36m<path[39m
              [33md[39m=[32m"m6 9 6 6 6-6"[39m
            [36m/>[39m
          [36m</svg>[39m
        [36m</button>[39m
      [36m</div>[39m
      [36m<div[39m
        [33mclass[39m=[32m"bg-white/5 border border-white/10 rounded-lg p-4"[39m
      [36m>[39m
        [36m<div[39m
          [33mclass[39m=[32m"flex items-center justify-between"[39m
        [36m>[39m
          [36m<span[39m
            [33mclass[39m=[32m"text-white/60"[39m
          [36m>[39m
            [0mGuarantee Status:[0m
          [36m</span>[39m
          [36m<span[39m
            [33mclass[39m=[32m"px-3 py-1 rounded-full text-sm font-medium bg-green-500/20 text-green-400"[39m
          [36m>[39m
            [0mUNDER GUARANTEE[0m
          [36m</span>[39m
        [36m</div>[39m
      [36m</div>[39m
    [36m</div>[39m
  [36m</div>[39m
[36m</body>[39m
   ❯ src/modules/ticketing/__tests__/components/HandoverSnapshot.test.tsx > HandoverSnapshot Component > Decisions Display > should display decision details
     → Unable to find an element with the text: /approval/i. This could be because the text is broken up by multiple elements. In this case, you can provide a function for your text matcher to make your matcher more flexible.

Ignored nodes: comments, script, style
[36m<body>[39m
  [36m<div>[39m
    [36m<div[39m
      [33mclass[39m=[32m"space-y-4"[39m
    [36m>[39m
      [36m<div[39m
        [33mclass[39m=[32m"bg-white/5 border border-white/10 rounded-lg p-6"[39m
      [36m>[39m
        [36m<div[39m
          [33mclass[39m=[32m"flex items-start justify-between mb-4"[39m
        [36m>[39m
          [36m<div>[39m
            [36m<h3[39m
              [33mclass[39m=[32m"text-xl font-bold text-white mb-2"[39m
            [36m>[39m
              [0mQA → Maintenance[0m
            [36m</h3>[39m
            [36m<p[39m
              [33mclass[39m=[32m"text-sm text-white/60"[39m
            [36m>[39m
              [0mTicket: [0m
              [36m<span[39m
                [33mclass[39m=[32m"font-mono text-white/80"[39m
              [36m>[39m
                [0mFT406824[0m
              [36m</span>[39m
            [36m</p>[39m
          [36m</div>[39m
          [36m<div[39m
            [33mclass[39m=[32m"flex items-center gap-2 px-3 py-1.5 bg-blue-500/20 text-blue-400 rounded-full text-sm font-medium"[39m
          [36m>[39m
            [36m<svg[39m
              [33mclass[39m=[32m"w-4 h-4"[39m
              [33mfill[39m=[32m"none"[39m
              [33mheight[39m=[32m"24"[39m
              [33mstroke[39m=[32m"currentColor"[39m
              [33mstroke-linecap[39m=[32m"round"[39m
              [33mstroke-linejoin[39m=[32m"round"[39m
              [33mstroke-width[39m=[32m"2"[39m
              [33mviewBox[39m=[32m"0 0 24 24"[39m
              [33mwidth[39m=[32m"24"[39m
              [33mxmlns[39m=[32m"http://www.w3.org/2000/svg"[39m
            [36m>[39m
              [36m<rect[39m
                [33mheight[39m=[32m"11"[39m
                [33mrx[39m=[32m"2"[39m
                [33mry[39m=[32m"2"[39m
                [33mwidth[39m=[32m"18"[39m
                [33mx[39m=[32m"3"[39m
                [33my[39m=[32m"11"[39m
              [36m/>[39m
              [36m<path[39m
                [33md[39m=[32m"M7 11V7a5 5 0 0 1 10 0v4"[39m
              [36m/>[39m
            [36m</svg>[39m
            [36m<span>[39m
              [0mLocked[0m
            [36m</span>[39m
          [36m</div>[39m
        [36m</div>[39m
        [36m<div[39m
          [33mclass[39m=[32m"flex items-center gap-4 p-3 bg-white/5 rounded-lg"[39m
        [36m>[39m
          [36m<span[39m
            [33mclass[39m=[32m"px-3 py-1 bg-blue-500/20 text-blue-400 rounded-full text-sm font-medium"[39m
          [36m>[39m
            [0mQA Team[0m
          [36m</span>[39m
          [36m<svg[39m
            [33mclass[39m=[32m"w-4 h-4 text-white/40"[39m
            [33mfill[39m=[32m"none"[39m
            [33mheight[39m=[32m"24"[39m
            [33mstroke[39m=[32m"currentColor"[39m
            [33mstroke-linecap[39m=[32m"round"[39m
            [33mstroke-linejoin[39m=[32m"round"[39m
            [33mstroke-width[39m=[32m"2"[39m
            [33mviewBox[39m=[32m"0 0 24 24"[39m
            [33mwidth[39m=[32m"24"[39m
            [33mxmlns[39m=[32m"http://www.w3.org/2000/svg"[39m
          [36m>[39m
            [36m<path[39m
              [33md[39m=[32m"M5 12h14"[39m
            [36m/>[39m
            [36m<path[39m
              [33md[39m=[32m"m12 5 7 7-7 7"[39m
            [36m/>[39m
          [36m</svg>[39m
          [36m<span[39m
            [33mclass[39m=[32m"px-3 py-1 bg-green-500/20 text-green-400 rounded-full text-sm font-medium"[39m
          [36m>[39m
            [0mMaintenance Team[0m
          [36m</span>[39m
        [36m</div>[39m
        [36m<div[39m
          [33mclass[39m=[32m"grid grid-cols-1 md:grid-cols-2 gap-3 mt-4 pt-4 border-t border-white/10"[39m
        [36m>[39m
          [36m<div[39m
            [33mclass[39m=[32m"flex items-center gap-2 text-sm"[39m
          [36m>[39m
            [36m<svg[39m
              [33mclass[39m=[32m"w-4 h-4 text-white/40"[39m
              [33mfill[39m=[32m"none"[39m
              [33mheight[39m=[32m"24"[39m
              [33mstroke[39m=[32m"currentColor"[39m
              [33mstroke-linecap[39m=[32m"round"[39m
              [33mstroke-linejoin[39m=[32m"round"[39m
              [33mstroke-width[39m=[32m"2"[39m
              [33mviewBox[39m=[32m"0 0 24 24"[39m
              [33mwidth[39m=[32m"24"[39m
              [33mxmlns[39m=[32m"http://www.w3.org/2000/svg"[39m
            [36m>[39m
              [36m<rect[39m
                [33mheight[39m=[32m"18"[39m
                [33mrx[39m=[32m"2"[39m
                [33mry[39m=[32m"2"[39m
                [33mwidth[39m=[32m"18"[39m
                [33mx[39m=[32m"3"[39m
                [33my[39m=[32m"4"[39m
              [36m/>[39m
              [36m<line[39m
                [33mx1[39m=[32m"16"[39m
                [33mx2[39m=[32m"16"[39m
                [33my1[39m=[32m"2"[39m
                [33my2[39m=[32m"6"[39m
              [36m/>[39m
              [36m<line[39m
                [33mx1[39m=[32m"8"[39m
                [33mx2[39m=[32m"8"[39m
                [33my1[39m=[32m"2"[39m
                [33my2[39m=[32m"6"[39m
              [36m/>[39m
              [36m<line[39m
                [33mx1[39m=[32m"3"[39m
                [33mx2[39m=[32m"21"[39m
                [33my1[39m=[32m"10"[39m
                [33my2[39m=[32m"10"[39m
              [36m/>[39m
            [36m</svg>[39m
            [36m<span[39m
              [33mclass[39m=[32m"text-white/60"[39m
            [36m>[39m
              [0mHandover At:[0m
            [36m</span>[39m
            [36m<span[39m
              [33mclass[39m=[32m"text-white/90"[39m
            [36m>[39m
              [0m1/15/2024, 2:00:00 PM[0m
            [36m</span>[39m
          [36m</div>[39m
          [36m<div[39m
            [33mclass[39m=[32m"flex items-center gap-2 text-sm"[39m
          [36m>[39m
            [36m<svg[39m
              [33mclass[39m=[32m"w-4 h-4 text-white/40"[39m
              [33mfill[39m=[32m"none"[39m
              [33mheight[39m=[32m"24"[39m
              [33mstroke[39m=[32m"currentColor"[39m
              [33mstroke-linecap[39m=[32m"round"[39m
              [33mstroke-linejoin[39m=[32m"round"[39m
              [33mstroke-width[39m=[32m"2"[39m
              [33mviewBox[39m=[32m"0 0 24 24"[39m
              [33mwidth[39m=[32m"24"[39m
              [33mxmlns[39m=[32m"http://www.w3.org/2000/svg"[39m
            [36m>[39m
              [36m<path[39m
                [33md[39m=[32m"M19 21v-2a4 4 0 0 0-4-4H9a4 4 0 0 0-4 4v2"[39m
              [36m/>[39m
              [36m<circle[39m
                [33mcx[39m=[32m"12"[39m
                [33mcy[39m=[32m"7"[39m
                [33mr[39m=[32m"4"[39m
              [36m/>[39m
            [36m</svg>[39m
            [36m<span[39m
              [33mclass[39m=[32m"text-white/60"[39m
            [36m>[39m
              [0mHandover By:[0m
            [36m</span>[39m
            [36m<span[39m
              [33mclass[39m=[32m"text-white/90 font-mono"[39m
            [36m>[39m
              [0mqa-user-[0m
            [36m</span>[39m
          [36m</div>[39m
        [36m</div>[39m
      [36m</div>[39m
      [36m<div[39m
        [33mclass[39m=[32m"border border-white/10 rounded-lg overflow-hidden"[39m
      [36m>[39m
        [36m<button[39m
          [33mclass[39m=[32m"w-full flex items-center justify-between p-4 bg-white/5 hover:bg-white/10 transition-colors"[39m
        [36m>[39m
          [36m<div[39m
            [33mclass[39m=[32m"flex items-center gap-3"[39m
          [36m>[39m
            [36m<svg[39m
              [33mclass[39m=[32m"w-5 h-5 text-white/60"[39m
              [33mfill[39m=[32m"none"[39m
              [33mheight[39m=[32m"24"[39m
              [33mstroke[39m=[32m"currentColor"[39m
              [33mstroke-linecap[39m=[32m"round"[39m
              [33mstroke-linejoin[39m=[32m"round"[39m
              [33mstroke-width[39m=[32m"2"[39m
              [33mviewBox[39m=[32m"0 0 24 24"[39m
              [33mwidth[39m=[32m"24"[39m
              [33mxmlns[39m=[32m"http://www.w3.org/2000/svg"[39m
            [36m>[39m
              [36m<path[39m
                [33md[39m=[32m"M14.5 2H6a2 2 0 0 0-2 2v16a2 2 0 0 0 2 2h12a2 2 0 0 0 2-2V7.5L14.5 2z"[39m
              [36m/>[39m
              [36m<polyline[39m
                [33mpoints[39m=[32m"14 2 14 8 20 8"[39m
              [36m/>[39m
              [36m<line[39m
                [33mx1[39m=[32m"16"[39m
                [33mx2[39m=[32m"8"[39m
                [33my1[39m=[32m"13"[39m
                [33my2[39m=[32m"13"[39m
              [36m/>[39m
              [36m<line[39m
                [33mx1[39m=[32m"16"[39m
                [33mx2[39m=[32m"8"[39m
                [33my1[39m=[32m"17"[39m
                [33my2[39m=[32m"17"[39m
              [36m/>[39m
              [36m<line[39m
                [33mx1[39m=[32m"10"[39m
                [33mx2[39m=[32m"8"[39m
                [33my1[39m=[32m"9"[39m
                [33my2[39m=[32m"9"[39m
              [36m/>[39m
            [36m</svg>[39m
            [36m<span[39m
              [33mclass[39m=[32m"font-medium text-white"[39m
            [36m>[39m
              [0mTicket Snapshot Data[0m
            [36m</span>[39m
          [36m</div>[39m
          [36m<svg[39m
            [33mclass[39m=[32m"w-5 h-5 text-white/60"[39m
            [33mfill[39m=[32m"none"[39m
            [33mheight[39m=[32m"24"[39m
            [33mstroke[39m=[32m"currentColor"[39m
            [33mstroke-linecap[39m=[32m"round"[39m
            [33mstroke-linejoin[39m=[32m"round"[39m
            [33mstroke-width[39m=[32m"2"[39m
            [33mviewBox[39m=[32m"0 0 24 24"[39m
            [33mwidth[39m=[32m"24"[39m
            [33mxmlns[39m=[32m"http://www.w3.org/2000/svg"[39m
          [36m>[39m
            [36m<path[39m
              [33md[39m=[32m"m6 9 6 6 6-6"[39m
            [36m/>[39m
          [36m</svg>[39m
        [36m</button>[39m
      [36m</div>[39m
      [36m<div[39m
        [33mclass[39m=[32m"border border-white/10 rounded-lg overflow-hidden"[39m
      [36m>[39m
        [36m<button[39m
          [33mclass[39m=[32m"w-full flex items-center justify-between p-4 bg-white/5 hover:bg-white/10 transition-colors"[39m
        [36m>[39m
          [36m<div[39m
            [33mclass[39m=[32m"flex items-center gap-3"[39m
          [36m>[39m
            [36m<svg[39m
              [33mclass[39m=[32m"w-5 h-5 text-white/60"[39m
              [33mfill[39m=[32m"none"[39m
              [33mheight[39m=[32m"24"[39m
              [33mstroke[39m=[32m"currentColor"[39m
              [33mstroke-linecap[39m=[32m"round"[39m
              [33mstroke-linejoin[39m=[32m"round"[39m
              [33mstroke-width[39m=[32m"2"[39m
              [33mviewBox[39m=[32m"0 0 24 24"[39m
              [33mwidth[39m=[32m"24"[39m
              [33mxmlns[39m=[32m"http://www.w3.org/2000/svg"[39m
            [36m>[39m
              [36m<path[39m
                [33md[39m=[32m"M12 22c5.523 0 10-4.477 10-10S17.523 2 12 2 2 6.477 2 12s4.477 10 10 10z"[39m
              [36m/>[39m
              [36m<path[39m
                [33md[39m=[32m"m9 12 2 2 4-4"[39m
              [36m/>[39m
            [36m</svg>[39m
            [36m<span[39m
              [33mclass[39m=[32m"font-medium text-white"[39m
            [36m>[39m
              [0mDecisions[0m
            [36m</span>[39m
            [36m<span[39m
              [33mclass[39m=[32m"px-2 py-0.5 bg-white/10 text-white/70 rounded text-xs font-medium"[39m
            [36m>[39m
              [0m1[0m
            [36m</span>[39m
          [36m</div>[39m
          [36m<svg[39m
            [33mclass[39m=[32m"w-5 h-5 text-white/60"[39m
            [33mfill[39m=[32m"none"[39m
            [33mheight[39m=[32m"24"[39m
            [33mstroke[39m=[32m"currentColor"[39m
            [33mstroke-linecap[39m=[32m"round"[39m
            [33mstroke-linejoin[39m=[32m"round"[39m
            [33mstroke-width[39m=[32m"2"[39m
            [33mviewBox[39m=[32m"0 0 24 24"[39m
            [33mwidth[39m=[32m"24"[39m
            [33mxmlns[39m=[32m"http://www.w3.org/2000/svg"[39m
          [36m>[39m
            [36m<path[39m
              [33md[39m=[32m"m6 9 6 6 6-6"[39m
            [36m/>[39m
          [36m</svg>[39m
        [36m</button>[39m
      [36m</div>[39m
      [36m<div[39m
        [33mclass[39m=[32m"bg-white/5 border border-white/10 rounded-lg p-4"[39m
      [36m>[39m
        [36m<div[39m
          [33mclass[39m=[32m"flex items-center justify-between"[39m
        [36m>[39m
          [36m<span[39m
            [33mclass[39m=[32m"text-white/60"[39m
          [36m>[39m
            [0mGuarantee Status:[0m
          [36m</span>[39m
          [36m<span[39m
            [33mclass[39m=[32m"px-3 py-1 rounded-full text-sm font-medium bg-green-500/20 text-green-400"[39m
          [36m>[39m
            [0mUNDER GUARANTEE[0m
          [36m</span>[39m
        [36m</div>[39m
      [36m</div>[39m
    [36m</div>[39m
  [36m</div>[39m
[36m</body>[39m
   ❯ src/modules/ticketing/__tests__/components/HandoverSnapshot.test.tsx > HandoverSnapshot Component > Decisions Display > should handle no decisions
     → Unable to find an element with the text: /no decisions/i. This could be because the text is broken up by multiple elements. In this case, you can provide a function for your text matcher to make your matcher more flexible.

Ignored nodes: comments, script, style
[36m<body>[39m
  [36m<div>[39m
    [36m<div[39m
      [33mclass[39m=[32m"space-y-4"[39m
    [36m>[39m
      [36m<div[39m
        [33mclass[39m=[32m"bg-white/5 border border-white/10 rounded-lg p-6"[39m
      [36m>[39m
        [36m<div[39m
          [33mclass[39m=[32m"flex items-start justify-between mb-4"[39m
        [36m>[39m
          [36m<div>[39m
            [36m<h3[39m
              [33mclass[39m=[32m"text-xl font-bold text-white mb-2"[39m
            [36m>[39m
              [0mQA → Maintenance[0m
            [36m</h3>[39m
            [36m<p[39m
              [33mclass[39m=[32m"text-sm text-white/60"[39m
            [36m>[39m
              [0mTicket: [0m
              [36m<span[39m
                [33mclass[39m=[32m"font-mono text-white/80"[39m
              [36m>[39m
                [0mFT406824[0m
              [36m</span>[39m
            [36m</p>[39m
          [36m</div>[39m
          [36m<div[39m
            [33mclass[39m=[32m"flex items-center gap-2 px-3 py-1.5 bg-blue-500/20 text-blue-400 rounded-full text-sm font-medium"[39m
          [36m>[39m
            [36m<svg[39m
              [33mclass[39m=[32m"w-4 h-4"[39m
              [33mfill[39m=[32m"none"[39m
              [33mheight[39m=[32m"24"[39m
              [33mstroke[39m=[32m"currentColor"[39m
              [33mstroke-linecap[39m=[32m"round"[39m
              [33mstroke-linejoin[39m=[32m"round"[39m
              [33mstroke-width[39m=[32m"2"[39m
              [33mviewBox[39m=[32m"0 0 24 24"[39m
              [33mwidth[39m=[32m"24"[39m
              [33mxmlns[39m=[32m"http://www.w3.org/2000/svg"[39m
            [36m>[39m
              [36m<rect[39m
                [33mheight[39m=[32m"11"[39m
                [33mrx[39m=[32m"2"[39m
                [33mry[39m=[32m"2"[39m
                [33mwidth[39m=[32m"18"[39m
                [33mx[39m=[32m"3"[39m
                [33my[39m=[32m"11"[39m
              [36m/>[39m
              [36m<path[39m
                [33md[39m=[32m"M7 11V7a5 5 0 0 1 10 0v4"[39m
              [36m/>[39m
            [36m</svg>[39m
            [36m<span>[39m
              [0mLocked[0m
            [36m</span>[39m
          [36m</div>[39m
        [36m</div>[39m
        [36m<div[39m
          [33mclass[39m=[32m"flex items-center gap-4 p-3 bg-white/5 rounded-lg"[39m
        [36m>[39m
          [36m<span[39m
            [33mclass[39m=[32m"px-3 py-1 bg-blue-500/20 text-blue-400 rounded-full text-sm font-medium"[39m
          [36m>[39m
            [0mQA Team[0m
          [36m</span>[39m
          [36m<svg[39m
            [33mclass[39m=[32m"w-4 h-4 text-white/40"[39m
            [33mfill[39m=[32m"none"[39m
            [33mheight[39m=[32m"24"[39m
            [33mstroke[39m=[32m"currentColor"[39m
            [33mstroke-linecap[39m=[32m"round"[39m
            [33mstroke-linejoin[39m=[32m"round"[39m
            [33mstroke-width[39m=[32m"2"[39m
            [33mviewBox[39m=[32m"0 0 24 24"[39m
            [33mwidth[39m=[32m"24"[39m
            [33mxmlns[39m=[32m"http://www.w3.org/2000/svg"[39m
          [36m>[39m
            [36m<path[39m
              [33md[39m=[32m"M5 12h14"[39m
            [36m/>[39m
            [36m<path[39m
              [33md[39m=[32m"m12 5 7 7-7 7"[39m
            [36m/>[39m
          [36m</svg>[39m
          [36m<span[39m
            [33mclass[39m=[32m"px-3 py-1 bg-green-500/20 text-green-400 rounded-full text-sm font-medium"[39m
          [36m>[39m
            [0mMaintenance Team[0m
          [36m</span>[39m
        [36m</div>[39m
        [36m<div[39m
          [33mclass[39m=[32m"grid grid-cols-1 md:grid-cols-2 gap-3 mt-4 pt-4 border-t border-white/10"[39m
        [36m>[39m
          [36m<div[39m
            [33mclass[39m=[32m"flex items-center gap-2 text-sm"[39m
          [36m>[39m
            [36m<svg[39m
              [33mclass[39m=[32m"w-4 h-4 text-white/40"[39m
              [33mfill[39m=[32m"none"[39m
              [33mheight[39m=[32m"24"[39m
              [33mstroke[39m=[32m"currentColor"[39m
              [33mstroke-linecap[39m=[32m"round"[39m
              [33mstroke-linejoin[39m=[32m"round"[39m
              [33mstroke-width[39m=[32m"2"[39m
              [33mviewBox[39m=[32m"0 0 24 24"[39m
              [33mwidth[39m=[32m"24"[39m
              [33mxmlns[39m=[32m"http://www.w3.org/2000/svg"[39m
            [36m>[39m
              [36m<rect[39m
                [33mheight[39m=[32m"18"[39m
                [33mrx[39m=[32m"2"[39m
                [33mry[39m=[32m"2"[39m
                [33mwidth[39m=[32m"18"[39m
                [33mx[39m=[32m"3"[39m
                [33my[39m=[32m"4"[39m
              [36m/>[39m
              [36m<line[39m
                [33mx1[39m=[32m"16"[39m
                [33mx2[39m=[32m"16"[39m
                [33my1[39m=[32m"2"[39m
                [33my2[39m=[32m"6"[39m
              [36m/>[39m
              [36m<line[39m
                [33mx1[39m=[32m"8"[39m
                [33mx2[39m=[32m"8"[39m
                [33my1[39m=[32m"2"[39m
                [33my2[39m=[32m"6"[39m
              [36m/>[39m
              [36m<line[39m
                [33mx1[39m=[32m"3"[39m
                [33mx2[39m=[32m"21"[39m
                [33my1[39m=[32m"10"[39m
                [33my2[39m=[32m"10"[39m
              [36m/>[39m
            [36m</svg>[39m
            [36m<span[39m
              [33mclass[39m=[32m"text-white/60"[39m
            [36m>[39m
              [0mHandover At:[0m
            [36m</span>[39m
            [36m<span[39m
              [33mclass[39m=[32m"text-white/90"[39m
            [36m>[39m
              [0m1/15/2024, 2:00:00 PM[0m
            [36m</span>[39m
          [36m</div>[39m
          [36m<div[39m
            [33mclass[39m=[32m"flex items-center gap-2 text-sm"[39m
          [36m>[39m
            [36m<svg[39m
              [33mclass[39m=[32m"w-4 h-4 text-white/40"[39m
              [33mfill[39m=[32m"none"[39m
              [33mheight[39m=[32m"24"[39m
              [33mstroke[39m=[32m"currentColor"[39m
              [33mstroke-linecap[39m=[32m"round"[39m
              [33mstroke-linejoin[39m=[32m"round"[39m
              [33mstroke-width[39m=[32m"2"[39m
              [33mviewBox[39m=[32m"0 0 24 24"[39m
              [33mwidth[39m=[32m"24"[39m
              [33mxmlns[39m=[32m"http://www.w3.org/2000/svg"[39m
            [36m>[39m
              [36m<path[39m
                [33md[39m=[32m"M19 21v-2a4 4 0 0 0-4-4H9a4 4 0 0 0-4 4v2"[39m
              [36m/>[39m
              [36m<circle[39m
                [33mcx[39m=[32m"12"[39m
                [33mcy[39m=[32m"7"[39m
                [33mr[39m=[32m"4"[39m
              [36m/>[39m
            [36m</svg>[39m
            [36m<span[39m
              [33mclass[39m=[32m"text-white/60"[39m
            [36m>[39m
              [0mHandover By:[0m
            [36m</span>[39m
            [36m<span[39m
              [33mclass[39m=[32m"text-white/90 font-mono"[39m
            [36m>[39m
              [0mqa-user-[0m
            [36m</span>[39m
          [36m</div>[39m
        [36m</div>[39m
      [36m</div>[39m
      [36m<div[39m
        [33mclass[39m=[32m"border border-white/10 rounded-lg overflow-hidden"[39m
      [36m>[39m
        [36m<button[39m
          [33mclass[39m=[32m"w-full flex items-center justify-between p-4 bg-white/5 hover:bg-white/10 transition-colors"[39m
        [36m>[39m
          [36m<div[39m
            [33mclass[39m=[32m"flex items-center gap-3"[39m
          [36m>[39m
            [36m<svg[39m
              [33mclass[39m=[32m"w-5 h-5 text-white/60"[39m
              [33mfill[39m=[32m"none"[39m
              [33mheight[39m=[32m"24"[39m
              [33mstroke[39m=[32m"currentColor"[39m
              [33mstroke-linecap[39m=[32m"round"[39m
              [33mstroke-linejoin[39m=[32m"round"[39m
              [33mstroke-width[39m=[32m"2"[39m
              [33mviewBox[39m=[32m"0 0 24 24"[39m
              [33mwidth[39m=[32m"24"[39m
              [33mxmlns[39m=[32m"http://www.w3.org/2000/svg"[39m
            [36m>[39m
              [36m<path[39m
                [33md[39m=[32m"M14.5 2H6a2 2 0 0 0-2 2v16a2 2 0 0 0 2 2h12a2 2 0 0 0 2-2V7.5L14.5 2z"[39m
              [36m/>[39m
              [36m<polyline[39m
                [33mpoints[39m=[32m"14 2 14 8 20 8"[39m
              [36m/>[39m
              [36m<line[39m
                [33mx1[39m=[32m"16"[39m
                [33mx2[39m=[32m"8"[39m
                [33my1[39m=[32m"13"[39m
                [33my2[39m=[32m"13"[39m
              [36m/>[39m
              [36m<line[39m
                [33mx1[39m=[32m"16"[39m
                [33mx2[39m=[32m"8"[39m
                [33my1[39m=[32m"17"[39m
                [33my2[39m=[32m"17"[39m
              [36m/>[39m
              [36m<line[39m
                [33mx1[39m=[32m"10"[39m
                [33mx2[39m=[32m"8"[39m
                [33my1[39m=[32m"9"[39m
                [33my2[39m=[32m"9"[39m
              [36m/>[39m
            [36m</svg>[39m
            [36m<span[39m
              [33mclass[39m=[32m"font-medium text-white"[39m
            [36m>[39m
              [0mTicket Snapshot Data[0m
            [36m</span>[39m
          [36m</div>[39m
          [36m<svg[39m
            [33mclass[39m=[32m"w-5 h-5 text-white/60"[39m
            [33mfill[39m=[32m"none"[39m
            [33mheight[39m=[32m"24"[39m
            [33mstroke[39m=[32m"currentColor"[39m
            [33mstroke-linecap[39m=[32m"round"[39m
            [33mstroke-linejoin[39m=[32m"round"[39m
            [33mstroke-width[39m=[32m"2"[39m
            [33mviewBox[39m=[32m"0 0 24 24"[39m
            [33mwidth[39m=[32m"24"[39m
            [33mxmlns[39m=[32m"http://www.w3.org/2000/svg"[39m
          [36m>[39m
            [36m<path[39m
              [33md[39m=[32m"m6 9 6 6 6-6"[39m
            [36m/>[39m
          [36m</svg>[39m
        [36m</button>[39m
      [36m</div>[39m
      [36m<div[39m
        [33mclass[39m=[32m"bg-white/5 border border-white/10 rounded-lg p-4"[39m
      [36m>[39m
        [36m<div[39m
          [33mclass[39m=[32m"flex items-center justify-between"[39m
        [36m>[39m
          [36m<span[39m
            [33mclass[39m=[32m"text-white/60"[39m
          [36m>[39m
            [0mGuarantee Status:[0m
          [36m</span>[39m
          [36m<span[39m
            [33mclass[39m=[32m"px-3 py-1 rounded-full text-sm font-medium bg-green-500/20 text-green-400"[39m
          [36m>[39m
            [0mUNDER GUARANTEE[0m
          [36m</span>[39m
        [36m</div>[39m
      [36m</div>[39m
    [36m</div>[39m
  [36m</div>[39m
[36m</body>[39m
   ❯ src/modules/ticketing/__tests__/components/HandoverSnapshot.test.tsx > HandoverSnapshot Component > Ownership Transfer Display > should display ownership transfer details
     → Found multiple elements with the text: /QA/i

Here are the matching elements:

Ignored nodes: comments, script, style
[36m<h3[39m
  [33mclass[39m=[32m"text-xl font-bold text-white mb-2"[39m
[36m>[39m
  [0mQA → Maintenance[0m
[36m</h3>[39m

Ignored nodes: comments, script, style
[36m<span[39m
  [33mclass[39m=[32m"px-3 py-1 bg-blue-500/20 text-blue-400 rounded-full text-sm font-medium"[39m
[36m>[39m
  [0mQA Team[0m
[36m</span>[39m

Ignored nodes: comments, script, style
[36m<span[39m
  [33mclass[39m=[32m"text-white/90 font-mono"[39m
[36m>[39m
  [0mqa-user-[0m
[36m</span>[39m

(If this is intentional, then use the `*AllBy*` variant of the query (like `queryAllByText`, `getAllByText`, or `findAllByText`)).

Ignored nodes: comments, script, style
[36m<body>[39m
  [36m<div>[39m
    [36m<div[39m
      [33mclass[39m=[32m"space-y-4"[39m
    [36m>[39m
      [36m<div[39m
        [33mclass[39m=[32m"bg-white/5 border border-white/10 rounded-lg p-6"[39m
      [36m>[39m
        [36m<div[39m
          [33mclass[39m=[32m"flex items-start justify-between mb-4"[39m
        [36m>[39m
          [36m<div>[39m
            [36m<h3[39m
              [33mclass[39m=[32m"text-xl font-bold text-white mb-2"[39m
            [36m>[39m
              [0mQA → Maintenance[0m
            [36m</h3>[39m
            [36m<p[39m
              [33mclass[39m=[32m"text-sm text-white/60"[39m
            [36m>[39m
              [0mTicket: [0m
              [36m<span[39m
                [33mclass[39m=[32m"font-mono text-white/80"[39m
              [36m>[39m
                [0mFT406824[0m
              [36m</span>[39m
            [36m</p>[39m
          [36m</div>[39m
          [36m<div[39m
            [33mclass[39m=[32m"flex items-center gap-2 px-3 py-1.5 bg-blue-500/20 text-blue-400 rounded-full text-sm font-medium"[39m
          [36m>[39m
            [36m<svg[39m
              [33mclass[39m=[32m"w-4 h-4"[39m
              [33mfill[39m=[32m"none"[39m
              [33mheight[39m=[32m"24"[39m
              [33mstroke[39m=[32m"currentColor"[39m
              [33mstroke-linecap[39m=[32m"round"[39m
              [33mstroke-linejoin[39m=[32m"round"[39m
              [33mstroke-width[39m=[32m"2"[39m
              [33mviewBox[39m=[32m"0 0 24 24"[39m
              [33mwidth[39m=[32m"24"[39m
              [33mxmlns[39m=[32m"http://www.w3.org/2000/svg"[39m
            [36m>[39m
              [36m<rect[39m
                [33mheight[39m=[32m"11"[39m
                [33mrx[39m=[32m"2"[39m
                [33mry[39m=[32m"2"[39m
                [33mwidth[39m=[32m"18"[39m
                [33mx[39m=[32m"3"[39m
                [33my[39m=[32m"11"[39m
              [36m/>[39m
              [36m<path[39m
                [33md[39m=[32m"M7 11V7a5 5 0 0 1 10 0v4"[39m
              [36m/>[39m
            [36m</svg>[39m
            [36m<span>[39m
              [0mLocked[0m
            [36m</span>[39m
          [36m</div>[39m
        [36m</div>[39m
        [36m<div[39m
          [33mclass[39m=[32m"flex items-center gap-4 p-3 bg-white/5 rounded-lg"[39m
        [36m>[39m
          [36m<span[39m
            [33mclass[39m=[32m"px-3 py-1 bg-blue-500/20 text-blue-400 rounded-full text-sm font-medium"[39m
          [36m>[39m
            [0mQA Team[0m
          [36m</span>[39m
          [36m<svg[39m
            [33mclass[39m=[32m"w-4 h-4 text-white/40"[39m
            [33mfill[39m=[32m"none"[39m
            [33mheight[39m=[32m"24"[39m
            [33mstroke[39m=[32m"currentColor"[39m
            [33mstroke-linecap[39m=[32m"round"[39m
            [33mstroke-linejoin[39m=[32m"round"[39m
            [33mstroke-width[39m=[32m"2"[39m
            [33mviewBox[39m=[32m"0 0 24 24"[39m
            [33mwidth[39m=[32m"24"[39m
            [33mxmlns[39m=[32m"http://www.w3.org/2000/svg"[39m
          [36m>[39m
            [36m<path[39m
              [33md[39m=[32m"M5 12h14"[39m
            [36m/>[39m
            [36m<path[39m
              [33md[39m=[32m"m12 5 7 7-7 7"[39m
            [36m/>[39m
          [36m</svg>[39m
          [36m<span[39m
            [33mclass[39m=[32m"px-3 py-1 bg-green-500/20 text-green-400 rounded-full text-sm font-medium"[39m
          [36m>[39m
            [0mMaintenance Team[0m
          [36m</span>[39m
        [36m</div>[39m
        [36m<div[39m
          [33mclass[39m=[32m"grid grid-cols-1 md:grid-cols-2 gap-3 mt-4 pt-4 border-t border-white/10"[39m
        [36m>[39m
          [36m<div[39m
            [33mclass[39m=[32m"flex items-center gap-2 text-sm"[39m
          [36m>[39m
            [36m<svg[39m
              [33mclass[39m=[32m"w-4 h-4 text-white/40"[39m
              [33mfill[39m=[32m"none"[39m
              [33mheight[39m=[32m"24"[39m
              [33mstroke[39m=[32m"currentColor"[39m
              [33mstroke-linecap[39m=[32m"round"[39m
              [33mstroke-linejoin[39m=[32m"round"[39m
              [33mstroke-width[39m=[32m"2"[39m
              [33mviewBox[39m=[32m"0 0 24 24"[39m
              [33mwidth[39m=[32m"24"[39m
              [33mxmlns[39m=[32m"http://www.w3.org/2000/svg"[39m
            [36m>[39m
              [36m<rect[39m
                [33mheight[39m=[32m"18"[39m
                [33mrx[39m=[32m"2"[39m
                [33mry[39m=[32m"2"[39m
                [33mwidth[39m=[32m"18"[39m
                [33mx[39m=[32m"3"[39m
                [33my[39m=[32m"4"[39m
              [36m/>[39m
              [36m<line[39m
                [33mx1[39m=[32m"16"[39m
                [33mx2[39m=[32m"16"[39m
                [33my1[39m=[32m"2"[39m
                [33my2[39m=[32m"6"[39m
              [36m/>[39m
              [36m<line[39m
                [33mx1[39m=[32m"8"[39m
                [33mx2[39m=[32m"8"[39m
                [33my1[39m=[32m"2"[39m
                [33my2[39m=[32m"6"[39m
              [36m/>[39m
              [36m<line[39m
                [33mx1[39m=[32m"3"[39m
                [33mx2[39m=[32m"21"[39m
                [33my1[39m=[32m"10"[39m
                [33my2[39m=[32m"10"[39m
              [36m/>[39m
            [36m</svg>[39m
            [36m<span[39m
              [33mclass[39m=[32m"text-white/60"[39m
            [36m>[39m
              [0mHandover At:[0m
            [36m</span>[39m
            [36m<span[39m
              [33mclass[39m=[32m"text-white/90"[39m
            [36m>[39m
              [0m1/15/2024, 2:00:00 PM[0m
            [36m</span>[39m
          [36m</div>[39m
          [36m<div[39m
            [33mclass[39m=[32m"flex items-center gap-2 text-sm"[39m
          [36m>[39m
            [36m<svg[39m
              [33mclass[39m=[32m"w-4 h-4 text-white/40"[39m
              [33mfill[39m=[32m"none"[39m
              [33mheight[39m=[32m"24"[39m
              [33mstroke[39m=[32m"currentColor"[39m
              [33mstroke-linecap[39m=[32m"round"[39m
              [33mstroke-linejoin[39m=[32m"round"[39m
              [33mstroke-width[39m=[32m"2"[39m
              [33mviewBox[39m=[32m"0 0 24 24"[39m
              [33mwidth[39m=[32m"24"[39m
              [33mxmlns[39m=[32m"http://www.w3.org/2000/svg"[39m
            [36m>[39m
              [36m<path[39m
                [33md[39m=[32m"M19 21v-2a4 4 0 0 0-4-4H9a4 4 0 0 0-4 4v2"[39m
              [36m/>[39m
              [36m<circle[39m
                [33mcx[39m=[32m"12"[39m
                [33mcy[39m=[32m"7"[39m
                [33mr[39m=[32m"4"[39m
              [36m/>[39m
            [36m</svg>[39m
            [36m<span[39m
              [33mclass[39m=[32m"text-white/60"[39m
            [36m>[39m
              [0mHandover By:[0m
            [36m</span>[39m
            [36m<span[39m
              [33mclass[39m=[32m"text-white/90 font-mono"[39m
            [36m>[39m
              [0mqa-user-[0m
            [36m</span>[39m
          [36m</div>[39m
        [36m</div>[39m
      [36m</div>[39m
      [36m<div[39m
        [33mclass[39m=[32m"border border-white/10 rounded-lg overflow-hidden"[39m
      [36m>[39m
        [36m<button[39m
          [33mclass[39m=[32m"w-full flex items-center justify-between p-4 bg-white/5 hover:bg-white/10 transition-colors"[39m
        [36m>[39m
          [36m<div[39m
            [33mclass[39m=[32m"flex items-center gap-3"[39m
          [36m>[39m
            [36m<svg[39m
              [33mclass[39m=[32m"w-5 h-5 text-white/60"[39m
              [33mfill[39m=[32m"none"[39m
              [33mheight[39m=[32m"24"[39m
              [33mstroke[39m=[32m"currentColor"[39m
              [33mstroke-linecap[39m=[32m"round"[39m
              [33mstroke-linejoin[39m=[32m"round"[39m
              [33mstroke-width[39m=[32m"2"[39m
              [33mviewBox[39m=[32m"0 0 24 24"[39m
              [33mwidth[39m=[32m"24"[39m
              [33mxmlns[39m=[32m"http://www.w3.org/2000/svg"[39m
            [36m>[39m
              [36m<path[39m
                [33md[39m=[32m"M14.5 2H6a2 2 0 0 0-2 2v16a2 2 0 0 0 2 2h12a2 2 0 0 0 2-2V7.5L14.5 2z"[39m
              [36m/>[39m
              [36m<polyline[39m
                [33mpoints[39m=[32m"14 2 14 8 20 8"[39m
              [36m/>[39m
              [36m<line[39m
                [33mx1[39m=[32m"16"[39m
                [33mx2[39m=[32m"8"[39m
                [33my1[39m=[32m"13"[39m
                [33my2[39m=[32m"13"[39m
              [36m/>[39m
              [36m<line[39m
                [33mx1[39m=[32m"16"[39m
                [33mx2[39m=[32m"8"[39m
                [33my1[39m=[32m"17"[39m
                [33my2[39m=[32m"17"[39m
              [36m/>[39m
              [36m<line[39m
                [33mx1[39m=[32m"10"[39m
                [33mx2[39m=[32m"8"[39m
                [33my1[39m=[32m"9"[39m
                [33my2[39m=[32m"9"[39m
              [36m/>[39m
            [36m</svg>[39m
            [36m<span[39m
              [33mclass[39m=[32m"font-medium text-white"[39m
            [36m>[39m
              [0mTicket Snapshot Data[0m
            [36m</span>[39m
          [36m</div>[39m
          [36m<svg[39m
            [33mclass[39m=[32m"w-5 h-5 text-white/60"[39m
            [33mfill[39m=[32m"none"[39m
            [33mheight[39m=[32m"24"[39m
            [33mstroke[39m=[32m"currentColor"[39m
            [33mstroke-linecap[39m=[32m"round"[39m
            [33mstroke-linejoin[39m=[32m"round"[39m
            [33mstroke-width[39m=[32m"2"[39m
            [33mviewBox[39m=[32m"0 0 24 24"[39m
            [33mwidth[39m=[32m"24"[39m
            [33mxmlns[39m=[32m"http://www.w3.org/2000/svg"[39m
          [36m>[39m
            [36m<path[39m
              [33md[39m=[32m"m6 9 6 6 6-6"[39m
            [36m/>[39m
          [36m</svg>[39m
        [36m</button>[39m
      [36m</div>[39m
      [36m<div[39m
        [33mclass[39m=[32m"bg-white/5 border border-white/10 rounded-lg p-4"[39m
      [36m>[39m
        [36m<div[39m
          [33mclass[39m=[32m"flex items-center justify-between"[39m
        [36m>[39m
          [36m<span[39m
            [33mclass[39m=[32m"text-white/60"[39m
          [36m>[39m
            [0mGuarantee Status:[0m
          [36m</span>[39m
          [36m<span[39m
            [33mclass[39m=[32m"px-3 py-1 rounded-full text-sm font-medium bg-green-500/20 text-green-400"[39m
          [36m>[39m
            [0mUNDER GUARANTEE[0m
          [36m</span>[39m
        [36m</div>[39m
      [36m</div>[39m
    [36m</div>[39m
  [36m</div>[39m
[36m</body>[39m
 ❯ src/components/contractor/ContractorImport.test.tsx  (0 test)
 ❯ tests/api/contractors/contractorId-index.test.ts  (0 test)
 ❯ tests/api/contractors/documents.test.ts  (0 test)
 ❯ tests/api/contractors/docId.test.ts  (0 test)
 ❯ tests/api/contractors/index.test.ts  (0 test)
 ❯ tests/api/contractors/onboarding-complete.test.ts  (0 test)
 ❯ tests/api/contractors/onboarding-stageId.test.ts  (0 test)
 ❯ tests/api/contractors/onboarding-stages.test.ts  (0 test)
stderr | src/modules/ticketing/__tests__/components/TicketDetail.test.tsx > TicketDetail > should display ticket detail
Warning: `ReactDOMTestUtils.act` is deprecated in favor of `React.act`. Import `act` from `react` instead of `react-dom/test-utils`. See https://react.dev/warnings/react-dom-test-utils for more info.

stderr | src/modules/ticketing/__tests__/components/TicketDetail.test.tsx > TicketDetail > should display ticket priority
Error: Uncaught [TypeError: steps.filter is not a function]
    at reportException (/home/hein/Workspace/FF_Next.js/.worktrees/001-ticketing-phase1-core/node_modules/jsdom/lib/jsdom/living/helpers/runtime-script-errors.js:66:24)
    at innerInvokeEventListeners (/home/hein/Workspace/FF_Next.js/.worktrees/001-ticketing-phase1-core/node_modules/jsdom/lib/jsdom/living/events/EventTarget-impl.js:353:9)
    at invokeEventListeners (/home/hein/Workspace/FF_Next.js/.worktrees/001-ticketing-phase1-core/node_modules/jsdom/lib/jsdom/living/events/EventTarget-impl.js:286:3)
    at HTMLUnknownElementImpl._dispatch (/home/hein/Workspace/FF_Next.js/.worktrees/001-ticketing-phase1-core/node_modules/jsdom/lib/jsdom/living/events/EventTarget-impl.js:233:9)
    at HTMLUnknownElementImpl.dispatchEvent (/home/hein/Workspace/FF_Next.js/.worktrees/001-ticketing-phase1-core/node_modules/jsdom/lib/jsdom/living/events/EventTarget-impl.js:104:17)
    at HTMLUnknownElement.dispatchEvent (/home/hein/Workspace/FF_Next.js/.worktrees/001-ticketing-phase1-core/node_modules/jsdom/lib/jsdom/living/generated/EventTarget.js:241:34)
    at Object.invokeGuardedCallbackDev (/home/hein/Workspace/FF_Next.js/.worktrees/001-ticketing-phase1-core/node_modules/react-dom/cjs/react-dom.development.js:4213:16)
    at invokeGuardedCallback (/home/hein/Workspace/FF_Next.js/.worktrees/001-ticketing-phase1-core/node_modules/react-dom/cjs/react-dom.development.js:4277:31)
    at beginWork$1 (/home/hein/Workspace/FF_Next.js/.worktrees/001-ticketing-phase1-core/node_modules/react-dom/cjs/react-dom.development.js:27490:7)
    at performUnitOfWork (/home/hein/Workspace/FF_Next.js/.worktrees/001-ticketing-phase1-core/node_modules/react-dom/cjs/react-dom.development.js:26599:12) TypeError: steps.filter is not a function
    at [90m/home/hein/Workspace/FF_Next.js/.worktrees/001-ticketing-phase1-core/[39msrc/modules/ticketing/components/Verification/VerificationChecklist.tsx:190:41
    at Array.map (<anonymous>)
    at VerificationChecklist [90m(/home/hein/Workspace/FF_Next.js/.worktrees/001-ticketing-phase1-core/[39msrc/modules/ticketing/components/Verification/VerificationChecklist.tsx:189:83[90m)[39m
    at renderWithHooks [90m(/home/hein/Workspace/FF_Next.js/.worktrees/001-ticketing-phase1-core/[39mnode_modules/[4mreact-dom[24m/cjs/react-dom.development.js:15486:18[90m)[39m
    at updateFunctionComponent [90m(/home/hein/Workspace/FF_Next.js/.worktrees/001-ticketing-phase1-core/[39mnode_modules/[4mreact-dom[24m/cjs/react-dom.development.js:19617:20[90m)[39m
    at beginWork [90m(/home/hein/Workspace/FF_Next.js/.worktrees/001-ticketing-phase1-core/[39mnode_modules/[4mreact-dom[24m/cjs/react-dom.development.js:21640:16[90m)[39m
    at HTMLUnknownElement.callCallback [90m(/home/hein/Workspace/FF_Next.js/.worktrees/001-ticketing-phase1-core/[39mnode_modules/[4mreact-dom[24m/cjs/react-dom.development.js:4164:14[90m)[39m
    at HTMLUnknownElement.callTheUserObjectsOperation [90m(/home/hein/Workspace/FF_Next.js/.worktrees/001-ticketing-phase1-core/[39mnode_modules/[4mjsdom[24m/lib/jsdom/living/generated/EventListener.js:26:30[90m)[39m
    at innerInvokeEventListeners [90m(/home/hein/Workspace/FF_Next.js/.worktrees/001-ticketing-phase1-core/[39mnode_modules/[4mjsdom[24m/lib/jsdom/living/events/EventTarget-impl.js:350:25[90m)[39m
    at invokeEventListeners [90m(/home/hein/Workspace/FF_Next.js/.worktrees/001-ticketing-phase1-core/[39mnode_modules/[4mjsdom[24m/lib/jsdom/living/events/EventTarget-impl.js:286:3[90m)[39m
Error: Uncaught [TypeError: steps.filter is not a function]
    at reportException (/home/hein/Workspace/FF_Next.js/.worktrees/001-ticketing-phase1-core/node_modules/jsdom/lib/jsdom/living/helpers/runtime-script-errors.js:66:24)
    at innerInvokeEventListeners (/home/hein/Workspace/FF_Next.js/.worktrees/001-ticketing-phase1-core/node_modules/jsdom/lib/jsdom/living/events/EventTarget-impl.js:353:9)
    at invokeEventListeners (/home/hein/Workspace/FF_Next.js/.worktrees/001-ticketing-phase1-core/node_modules/jsdom/lib/jsdom/living/events/EventTarget-impl.js:286:3)
    at HTMLUnknownElementImpl._dispatch (/home/hein/Workspace/FF_Next.js/.worktrees/001-ticketing-phase1-core/node_modules/jsdom/lib/jsdom/living/events/EventTarget-impl.js:233:9)
    at HTMLUnknownElementImpl.dispatchEvent (/home/hein/Workspace/FF_Next.js/.worktrees/001-ticketing-phase1-core/node_modules/jsdom/lib/jsdom/living/events/EventTarget-impl.js:104:17)
    at HTMLUnknownElement.dispatchEvent (/home/hein/Workspace/FF_Next.js/.worktrees/001-ticketing-phase1-core/node_modules/jsdom/lib/jsdom/living/generated/EventTarget.js:241:34)
    at Object.invokeGuardedCallbackDev (/home/hein/Workspace/FF_Next.js/.worktrees/001-ticketing-phase1-core/node_modules/react-dom/cjs/react-dom.development.js:4213:16)
    at invokeGuardedCallback (/home/hein/Workspace/FF_Next.js/.worktrees/001-ticketing-phase1-core/node_modules/react-dom/cjs/react-dom.development.js:4277:31)
    at beginWork$1 (/home/hein/Workspace/FF_Next.js/.worktrees/001-ticketing-phase1-core/node_modules/react-dom/cjs/react-dom.development.js:27490:7)
    at performUnitOfWork (/home/hein/Workspace/FF_Next.js/.worktrees/001-ticketing-phase1-core/node_modules/react-dom/cjs/react-dom.development.js:26599:12) TypeError: steps.filter is not a function
    at [90m/home/hein/Workspace/FF_Next.js/.worktrees/001-ticketing-phase1-core/[39msrc/modules/ticketing/components/Verification/VerificationChecklist.tsx:190:41
    at Array.map (<anonymous>)
    at VerificationChecklist [90m(/home/hein/Workspace/FF_Next.js/.worktrees/001-ticketing-phase1-core/[39msrc/modules/ticketing/components/Verification/VerificationChecklist.tsx:189:83[90m)[39m
    at renderWithHooks [90m(/home/hein/Workspace/FF_Next.js/.worktrees/001-ticketing-phase1-core/[39mnode_modules/[4mreact-dom[24m/cjs/react-dom.development.js:15486:18[90m)[39m
    at updateFunctionComponent [90m(/home/hein/Workspace/FF_Next.js/.worktrees/001-ticketing-phase1-core/[39mnode_modules/[4mreact-dom[24m/cjs/react-dom.development.js:19617:20[90m)[39m
    at beginWork [90m(/home/hein/Workspace/FF_Next.js/.worktrees/001-ticketing-phase1-core/[39mnode_modules/[4mreact-dom[24m/cjs/react-dom.development.js:21640:16[90m)[39m
    at HTMLUnknownElement.callCallback [90m(/home/hein/Workspace/FF_Next.js/.worktrees/001-ticketing-phase1-core/[39mnode_modules/[4mreact-dom[24m/cjs/react-dom.development.js:4164:14[90m)[39m
    at HTMLUnknownElement.callTheUserObjectsOperation [90m(/home/hein/Workspace/FF_Next.js/.worktrees/001-ticketing-phase1-core/[39mnode_modules/[4mjsdom[24m/lib/jsdom/living/generated/EventListener.js:26:30[90m)[39m
    at innerInvokeEventListeners [90m(/home/hein/Workspace/FF_Next.js/.worktrees/001-ticketing-phase1-core/[39mnode_modules/[4mjsdom[24m/lib/jsdom/living/events/EventTarget-impl.js:350:25[90m)[39m
    at invokeEventListeners [90m(/home/hein/Workspace/FF_Next.js/.worktrees/001-ticketing-phase1-core/[39mnode_modules/[4mjsdom[24m/lib/jsdom/living/events/EventTarget-impl.js:286:3[90m)[39m
The above error occurred in the <VerificationChecklist> component:

    at VerificationChecklist (/home/hein/Workspace/FF_Next.js/.worktrees/001-ticketing-phase1-core/src/modules/ticketing/components/Verification/VerificationChecklist.tsx:19:3)
    at div
    at div
    at div
    at TicketDetail (/home/hein/Workspace/FF_Next.js/.worktrees/001-ticketing-phase1-core/src/modules/ticketing/components/TicketDetail/TicketDetail.tsx:22:25)
    at QueryClientProvider (file:///home/hein/Workspace/FF_Next.js/.worktrees/001-ticketing-phase1-core/node_modules/@tanstack/react-query/build/modern/QueryClientProvider.js:20:3)
    at /home/hein/Workspace/FF_Next.js/.worktrees/001-ticketing-phase1-core/src/modules/ticketing/__tests__/components/TicketDetail.test.tsx:72:13

Consider adding an error boundary to your tree to customize error handling behavior.
Visit https://reactjs.org/link/error-boundaries to learn more about error boundaries.

 ❯ src/modules/staff/components/__tests__/StaffDetail.test.tsx  (1 test | 1 failed) 20ms
   ❯ src/modules/staff/components/__tests__/StaffDetail.test.tsx > StaffDetail - Date Handling Fix > component loads without crashing (integration test)
     → expected [Function] to not throw an error but 'Error: NextRouter was not mounted. ht…' was thrown
stderr | src/modules/staff/components/__tests__/StaffDetail.test.tsx > StaffDetail - Date Handling Fix > component loads without crashing (integration test)
Warning: `ReactDOMTestUtils.act` is deprecated in favor of `React.act`. Import `act` from `react` instead of `react-dom/test-utils`. See https://react.dev/warnings/react-dom-test-utils for more info.
Error: Uncaught [Error: NextRouter was not mounted. https://nextjs.org/docs/messages/next-router-not-mounted]
    at reportException (/home/hein/Workspace/FF_Next.js/.worktrees/001-ticketing-phase1-core/node_modules/jsdom/lib/jsdom/living/helpers/runtime-script-errors.js:66:24)
    at innerInvokeEventListeners (/home/hein/Workspace/FF_Next.js/.worktrees/001-ticketing-phase1-core/node_modules/jsdom/lib/jsdom/living/events/EventTarget-impl.js:353:9)
    at invokeEventListeners (/home/hein/Workspace/FF_Next.js/.worktrees/001-ticketing-phase1-core/node_modules/jsdom/lib/jsdom/living/events/EventTarget-impl.js:286:3)
    at HTMLUnknownElementImpl._dispatch (/home/hein/Workspace/FF_Next.js/.worktrees/001-ticketing-phase1-core/node_modules/jsdom/lib/jsdom/living/events/EventTarget-impl.js:233:9)
    at HTMLUnknownElementImpl.dispatchEvent (/home/hein/Workspace/FF_Next.js/.worktrees/001-ticketing-phase1-core/node_modules/jsdom/lib/jsdom/living/events/EventTarget-impl.js:104:17)
    at HTMLUnknownElement.dispatchEvent (/home/hein/Workspace/FF_Next.js/.worktrees/001-ticketing-phase1-core/node_modules/jsdom/lib/jsdom/living/generated/EventTarget.js:241:34)
    at Object.invokeGuardedCallbackDev (/home/hein/Workspace/FF_Next.js/.worktrees/001-ticketing-phase1-core/node_modules/react-dom/cjs/react-dom.development.js:4213:16)
    at invokeGuardedCallback (/home/hein/Workspace/FF_Next.js/.worktrees/001-ticketing-phase1-core/node_modules/react-dom/cjs/react-dom.development.js:4277:31)
    at beginWork$1 (/home/hein/Workspace/FF_Next.js/.worktrees/001-ticketing-phase1-core/node_modules/react-dom/cjs/react-dom.development.js:27490:7)
    at performUnitOfWork (/home/hein/Workspace/FF_Next.js/.worktrees/001-ticketing-phase1-core/node_modules/react-dom/cjs/react-dom.development.js:26599:12) Error: NextRouter was not mounted. https://nextjs.org/docs/messages/next-router-not-mounted
    at Proxy.useRouter [90m(/home/hein/Workspace/FF_Next.js/.worktrees/001-ticketing-phase1-core/[39mnode_modules/[4mnext[24m/src/client/router.ts:141:11[90m)[39m
    at StaffDetail [90m(/home/hein/Workspace/FF_Next.js/.worktrees/001-ticketing-phase1-core/[39msrc/modules/staff/components/StaffDetail.tsx:11:18[90m)[39m
    at renderWithHooks [90m(/home/hein/Workspace/FF_Next.js/.worktrees/001-ticketing-phase1-core/[39mnode_modules/[4mreact-dom[24m/cjs/react-dom.development.js:15486:18[90m)[39m
    at mountIndeterminateComponent [90m(/home/hein/Workspace/FF_Next.js/.worktrees/001-ticketing-phase1-core/[39mnode_modules/[4mreact-dom[24m/cjs/react-dom.development.js:20103:13[90m)[39m
    at beginWork [90m(/home/hein/Workspace/FF_Next.js/.worktrees/001-ticketing-phase1-core/[39mnode_modules/[4mreact-dom[24m/cjs/react-dom.development.js:21626:16[90m)[39m
    at HTMLUnknownElement.callCallback [90m(/home/hein/Workspace/FF_Next.js/.worktrees/001-ticketing-phase1-core/[39mnode_modules/[4mreact-dom[24m/cjs/react-dom.development.js:4164:14[90m)[39m
    at HTMLUnknownElement.callTheUserObjectsOperation [90m(/home/hein/Workspace/FF_Next.js/.worktrees/001-ticketing-phase1-core/[39mnode_modules/[4mjsdom[24m/lib/jsdom/living/generated/EventListener.js:26:30[90m)[39m
    at innerInvokeEventListeners [90m(/home/hein/Workspace/FF_Next.js/.worktrees/001-ticketing-phase1-core/[39mnode_modules/[4mjsdom[24m/lib/jsdom/living/events/EventTarget-impl.js:350:25[90m)[39m
    at invokeEventListeners [90m(/home/hein/Workspace/FF_Next.js/.worktrees/001-ticketing-phase1-core/[39mnode_modules/[4mjsdom[24m/lib/jsdom/living/events/EventTarget-impl.js:286:3[90m)[39m
    at HTMLUnknownElementImpl._dispatch [90m(/home/hein/Workspace/FF_Next.js/.worktrees/001-ticketing-phase1-core/[39mnode_modules/[4mjsdom[24m/lib/jsdom/living/events/EventTarget-impl.js:233:9[90m)[39m
Error: Uncaught [Error: NextRouter was not mounted. https://nextjs.org/docs/messages/next-router-not-mounted]
    at reportException (/home/hein/Workspace/FF_Next.js/.worktrees/001-ticketing-phase1-core/node_modules/jsdom/lib/jsdom/living/helpers/runtime-script-errors.js:66:24)
    at innerInvokeEventListeners (/home/hein/Workspace/FF_Next.js/.worktrees/001-ticketing-phase1-core/node_modules/jsdom/lib/jsdom/living/events/EventTarget-impl.js:353:9)
    at invokeEventListeners (/home/hein/Workspace/FF_Next.js/.worktrees/001-ticketing-phase1-core/node_modules/jsdom/lib/jsdom/living/events/EventTarget-impl.js:286:3)
    at HTMLUnknownElementImpl._dispatch (/home/hein/Workspace/FF_Next.js/.worktrees/001-ticketing-phase1-core/node_modules/jsdom/lib/jsdom/living/events/EventTarget-impl.js:233:9)
    at HTMLUnknownElementImpl.dispatchEvent (/home/hein/Workspace/FF_Next.js/.worktrees/001-ticketing-phase1-core/node_modules/jsdom/lib/jsdom/living/events/EventTarget-impl.js:104:17)
    at HTMLUnknownElement.dispatchEvent (/home/hein/Workspace/FF_Next.js/.worktrees/001-ticketing-phase1-core/node_modules/jsdom/lib/jsdom/living/generated/EventTarget.js:241:34)
    at Object.invokeGuardedCallbackDev (/home/hein/Workspace/FF_Next.js/.worktrees/001-ticketing-phase1-core/node_modules/react-dom/cjs/react-dom.development.js:4213:16)
    at invokeGuardedCallback (/home/hein/Workspace/FF_Next.js/.worktrees/001-ticketing-phase1-core/node_modules/react-dom/cjs/react-dom.development.js:4277:31)
    at beginWork$1 (/home/hein/Workspace/FF_Next.js/.worktrees/001-ticketing-phase1-core/node_modules/react-dom/cjs/react-dom.development.js:27490:7)
    at performUnitOfWork (/home/hein/Workspace/FF_Next.js/.worktrees/001-ticketing-phase1-core/node_modules/react-dom/cjs/react-dom.development.js:26599:12) Error: NextRouter was not mounted. https://nextjs.org/docs/messages/next-router-not-mounted
    at Proxy.useRouter [90m(/home/hein/Workspace/FF_Next.js/.worktrees/001-ticketing-phase1-core/[39mnode_modules/[4mnext[24m/src/client/router.ts:141:11[90m)[39m
    at StaffDetail [90m(/home/hein/Workspace/FF_Next.js/.worktrees/001-ticketing-phase1-core/[39msrc/modules/staff/components/StaffDetail.tsx:11:18[90m)[39m
    at renderWithHooks [90m(/home/hein/Workspace/FF_Next.js/.worktrees/001-ticketing-phase1-core/[39mnode_modules/[4mreact-dom[24m/cjs/react-dom.development.js:15486:18[90m)[39m
    at mountIndeterminateComponent [90m(/home/hein/Workspace/FF_Next.js/.worktrees/001-ticketing-phase1-core/[39mnode_modules/[4mreact-dom[24m/cjs/react-dom.development.js:20103:13[90m)[39m
    at beginWork [90m(/home/hein/Workspace/FF_Next.js/.worktrees/001-ticketing-phase1-core/[39mnode_modules/[4mreact-dom[24m/cjs/react-dom.development.js:21626:16[90m)[39m
    at HTMLUnknownElement.callCallback [90m(/home/hein/Workspace/FF_Next.js/.worktrees/001-ticketing-phase1-core/[39mnode_modules/[4mreact-dom[24m/cjs/react-dom.development.js:4164:14[90m)[39m
    at HTMLUnknownElement.callTheUserObjectsOperation [90m(/home/hein/Workspace/FF_Next.js/.worktrees/001-ticketing-phase1-core/[39mnode_modules/[4mjsdom[24m/lib/jsdom/living/generated/EventListener.js:26:30[90m)[39m
    at innerInvokeEventListeners [90m(/home/hein/Workspace/FF_Next.js/.worktrees/001-ticketing-phase1-core/[39mnode_modules/[4mjsdom[24m/lib/jsdom/living/events/EventTarget-impl.js:350:25[90m)[39m
    at invokeEventListeners [90m(/home/hein/Workspace/FF_Next.js/.worktrees/001-ticketing-phase1-core/[39mnode_modules/[4mjsdom[24m/lib/jsdom/living/events/EventTarget-impl.js:286:3[90m)[39m
    at HTMLUnknownElementImpl._dispatch [90m(/home/hein/Workspace/FF_Next.js/.worktrees/001-ticketing-phase1-core/[39mnode_modules/[4mjsdom[24m/lib/jsdom/living/events/EventTarget-impl.js:233:9[90m)[39m
The above error occurred in the <StaffDetail> component:

    at StaffDetail (/home/hein/Workspace/FF_Next.js/.worktrees/001-ticketing-phase1-core/src/modules/staff/components/StaffDetail.tsx:17:40)
    at Router (/home/hein/Workspace/FF_Next.js/.worktrees/001-ticketing-phase1-core/node_modules/react-router/dist/umd/react-router.development.js:1207:17)
    at BrowserRouter (/home/hein/Workspace/FF_Next.js/.worktrees/001-ticketing-phase1-core/node_modules/react-router-dom/dist/umd/react-router-dom.development.js:695:7)
    at QueryClientProvider (file:///home/hein/Workspace/FF_Next.js/.worktrees/001-ticketing-phase1-core/node_modules/@tanstack/react-query/build/modern/QueryClientProvider.js:20:3)

Consider adding an error boundary to your tree to customize error handling behavior.
Visit https://reactjs.org/link/error-boundaries to learn more about error boundaries.

 ❯ tests/api/contractors/rag.test.ts  (0 test)
 ❯ tests/api/contractors/rag-history.test.ts  (0 test)
 ❯ tests/api/contractors/teamId.test.ts  (0 test)
 ❯ src/modules/wa-monitor/tests/integration.test.ts  (0 test)
stdout | unknown test

🧪 WA Monitor Integration Tests

Testing against: http://localhost:3005


 ❯ tests/api/contractors/teams.test.ts  (0 test)
stdout | unknown test
❌ GET /api/wa-monitor-drops
   Error: Request failed: fetch failed

 ❯ src/modules/workflow/__tests__/services/WorkflowManagementService.test.ts  (0 test)
 ❯ src/modules/workflow/__tests__/components/TemplateList.test.tsx  (0 test)
 ❯ src/modules/workflow/__tests__/context/WorkflowEditorContext.test.tsx  (0 test)
 ❯ src/modules/workflow/__tests__/components/WorkflowEditor.test.tsx  (0 test)
 ❯ src/modules/ticketing/__tests__/components/TicketList.test.tsx  (10 tests | 1 failed) 1132ms
   ❯ src/modules/ticketing/__tests__/components/TicketList.test.tsx > TicketList > should display ticket priorities
     → Unable to find an element with the text: NORMAL. This could be because the text is broken up by multiple elements. In this case, you can provide a function for your text matcher to make your matcher more flexible.

Ignored nodes: comments, script, style
[36m<body>[39m
  [36m<div>[39m
    [36m<div[39m
      [33mclass[39m=[32m"space-y-6"[39m
    [36m>[39m
      [36m<div[39m
        [33mclass[39m=[32m"flex items-center justify-between"[39m
      [36m>[39m
        [36m<div>[39m
          [36m<h2[39m
            [33mclass[39m=[32m"text-2xl font-bold text-white"[39m
          [36m>[39m
            [0mTickets[0m
          [36m</h2>[39m
          [36m<p[39m
            [33mclass[39m=[32m"text-sm text-white/60 mt-1"[39m
          [36m>[39m
            [0m2[0m
            [0m total tickets[0m
          [36m</p>[39m
        [36m</div>[39m
        [36m<button[39m
          [33maria-label[39m=[32m"Refresh tickets"[39m
          [33mclass[39m=[32m"flex items-center gap-2 px-4 py-2 text-sm font-medium text-white/80 hover:text-white bg-white/5 hover:bg-white/10 border border-white/10 rounded-lg transition-colors disabled:opacity-50 disabled:cursor-not-allowed"[39m
          [33mtype[39m=[32m"button"[39m
        [36m>[39m
          [36m<svg[39m
            [33mclass[39m=[32m"w-4 h-4"[39m
            [33mfill[39m=[32m"none"[39m
            [33mheight[39m=[32m"24"[39m
            [33mstroke[39m=[32m"currentColor"[39m
            [33mstroke-linecap[39m=[32m"round"[39m
            [33mstroke-linejoin[39m=[32m"round"[39m
            [33mstroke-width[39m=[32m"2"[39m
            [33mviewBox[39m=[32m"0 0 24 24"[39m
            [33mwidth[39m=[32m"24"[39m
            [33mxmlns[39m=[32m"http://www.w3.org/2000/svg"[39m
          [36m>[39m
            [36m<path[39m
              [33md[39m=[32m"M3 12a9 9 0 0 1 9-9 9.75 9.75 0 0 1 6.74 2.74L21 8"[39m
            [36m/>[39m
            [36m<path[39m
              [33md[39m=[32m"M21 3v5h-5"[39m
            [36m/>[39m
            [36m<path[39m
              [33md[39m=[32m"M21 12a9 9 0 0 1-9 9 9.75 9.75 0 0 1-6.74-2.74L3 16"[39m
            [36m/>[39m
            [36m<path[39m
              [33md[39m=[32m"M8 16H3v5"[39m
            [36m/>[39m
          [36m</svg>[39m
          [0mRefresh[0m
        [36m</button>[39m
      [36m</div>[39m
      [36m<div[39m
        [33mclass[39m=[32m"space-y-4"[39m
      [36m>[39m
        [36m<div[39m
          [33mclass[39m=[32m"flex items-center gap-3"[39m
        [36m>[39m
          [36m<div[39m
            [33mclass[39m=[32m"flex-1 relative"[39m
          [36m>[39m
            [36m<svg[39m
              [33mclass[39m=[32m"absolute left-3 top-1/2 -translate-y-1/2 w-4 h-4 text-white/40"[39m
              [33mfill[39m=[32m"none"[39m
              [33mheight[39m=[32m"24"[39m
              [33mstroke[39m=[32m"currentColor"[39m
              [33mstroke-linecap[39m=[32m"round"[39m
              [33mstroke-linejoin[39m=[32m"round"[39m
              [33mstroke-width[39m=[32m"2"[39m
              [33mviewBox[39m=[32m"0 0 24 24"[39m
              [33mwidth[39m=[32m"24"[39m
              [33mxmlns[39m=[32m"http://www.w3.org/2000/svg"[39m
            [36m>[39m
              [36m<circle[39m
                [33mcx[39m=[32m"11"[39m
                [33mcy[39m=[32m"11"[39m
                [33mr[39m=[32m"8"[39m
              [36m/>[39m
              [36m<path[39m
                [33md[39m=[32m"m21 21-4.3-4.3"[39m
              [36m/>[39m
            [36m</svg>[39m
            [36m<input[39m
              [33mclass[39m=[32m"w-full pl-10 pr-4 py-2 bg-white/5 border border-white/10 rounded-lg text-white placeholder:text-white/40 focus:outline-none focus:ring-2 focus:ring-blue-500/50"[39m
              [33mplaceholder[39m=[32m"Search tickets..."[39m
              [33mtype[39m=[32m"text"[39m
              [33mvalue[39m=[32m""[39m
            [36m/>[39m
          [36m</div>[39m
          [36m<button[39m
            [33mclass[39m=[32m"flex items-center gap-2 px-4 py-2 rounded-lg border transition-colors bg-white/5 border-white/10 text-white/80 hover:bg-white/10"[39m
            [33mtype[39m=[32m"button"[39m
          [36m>[39m
            [36m<svg[39m
              [33mclass[39m=[32m"w-4 h-4"[39m
              [33mfill[39m=[32m"none"[39m
              [33mheight[39m=[32m"24"[39m
              [33mstroke[39m=[32m"currentColor"[39m
              [33mstroke-linecap[39m=[32m"round"[39m
              [33mstroke-linejoin[39m=[32m"round"[39m
              [33mstroke-width[39m=[32m"2"[39m
              [33mviewBox[39m=[32m"0 0 24 24"[39m
              [33mwidth[39m=[32m"24"[39m
              [33mxmlns[39m=[32m"http://www.w3.org/2000/svg"[39m
            [36m>[39m
              [36m<polygon[39m
                [33mpoints[39m=[32m"22 3 2 3 10 12.46 10 19 14 21 14 12.46 22 3"[39m
              [36m/>[39m
            [36m</svg>[39m
            [36m<span>[39m
              [0mFilters[0m
            [36m</span>[39m
          [36m</button>[39m
        [36m</div>[39m
      [36m</div>[39m
      [36m<div[39m
        [33mclass[39m=[32m"space-y-3"[39m
      [36m>[39m
        [36m<ul[39m
          [33mclass[39m=[32m"space-y-3"[39m
          [33mrole[39m=[32m"list"[39m
        [36m>[39m
          [36m<li[39m
            [33mrole[39m=[32m"listitem"[39m
          [36m>[39m
            [36m<a[39m
              [33mclass[39m=[32m"block bg-white/5 border border-white/10 rounded-lg hover:bg-white/10 transition-colors p-4"[39m
              [33mhref[39m=[32m"/ticketing/tickets/1"[39m
            [36m>[39m
              [36m<div[39m
                [33mclass[39m=[32m"flex items-start justify-between gap-3"[39m
              [36m>[39m
                [36m<div[39m
                  [33mclass[39m=[32m"flex-1 min-w-0"[39m
                [36m>[39m
                  [36m<div[39m
                    [33mclass[39m=[32m"flex items-center gap-2 mb-1 flex-wrap"[39m
                  [36m>[39m
                    [36m<span[39m
                      [33mclass[39m=[32m"font-mono text-sm font-medium text-blue-400"[39m
                    [36m>[39m
                      [0mFT001[0m
                    [36m</span>[39m
                    [36m<span[39m
                      [33mclass[39m=[32m"text-xs font-medium uppercase text-blue-400"[39m
                    [36m>[39m
                      [0mnormal[0m
                    [36m</span>[39m
                  [36m</div>[39m
                  [36m<h3[39m
                    [33mclass[39m=[32m"text-white font-medium mb-2 line-clamp-1"[39m
                  [36m>[39m
                    [0mTest Ticket 1[0m
                  [36m</h3>[39m
                  [36m<div[39m
                    [33mclass[39m=[32m"flex items-center gap-3 flex-wrap text-xs text-white/60"[39m
                  [36m>[39m
                    [36m<span[39m
                   ...

Ignored nodes: comments, script, style
[36m<html>[39m
  [36m<head />[39m
  [36m<body>[39m
    [36m<div>[39m
      [36m<div[39m
        [33mclass[39m=[32m"space-y-6"[39m
      [36m>[39m
        [36m<div[39m
          [33mclass[39m=[32m"flex items-center justify-between"[39m
        [36m>[39m
          [36m<div>[39m
            [36m<h2[39m
              [33mclass[39m=[32m"text-2xl font-bold text-white"[39m
            [36m>[39m
              [0mTickets[0m
            [36m</h2>[39m
            [36m<p[39m
              [33mclass[39m=[32m"text-sm text-white/60 mt-1"[39m
            [36m>[39m
              [0m2[0m
              [0m total tickets[0m
            [36m</p>[39m
          [36m</div>[39m
          [36m<button[39m
            [33maria-label[39m=[32m"Refresh tickets"[39m
            [33mclass[39m=[32m"flex items-center gap-2 px-4 py-2 text-sm font-medium text-white/80 hover:text-white bg-white/5 hover:bg-white/10 border border-white/10 rounded-lg transition-colors disabled:opacity-50 disabled:cursor-not-allowed"[39m
            [33mtype[39m=[32m"button"[39m
          [36m>[39m
            [36m<svg[39m
              [33mclass[39m=[32m"w-4 h-4"[39m
              [33mfill[39m=[32m"none"[39m
              [33mheight[39m=[32m"24"[39m
              [33mstroke[39m=[32m"currentColor"[39m
              [33mstroke-linecap[39m=[32m"round"[39m
              [33mstroke-linejoin[39m=[32m"round"[39m
              [33mstroke-width[39m=[32m"2"[39m
              [33mviewBox[39m=[32m"0 0 24 24"[39m
              [33mwidth[39m=[32m"24"[39m
              [33mxmlns[39m=[32m"http://www.w3.org/2000/svg"[39m
            [36m>[39m
              [36m<path[39m
                [33md[39m=[32m"M3 12a9 9 0 0 1 9-9 9.75 9.75 0 0 1 6.74 2.74L21 8"[39m
              [36m/>[39m
              [36m<path[39m
                [33md[39m=[32m"M21 3v5h-5"[39m
              [36m/>[39m
              [36m<path[39m
                [33md[39m=[32m"M21 12a9 9 0 0 1-9 9 9.75 9.75 0 0 1-6.74-2.74L3 16"[39m
              [36m/>[39m
              [36m<path[39m
                [33md[39m=[32m"M8 16H3v5"[39m
              [36m/>[39m
            [36m</svg>[39m
            [0mRefresh[0m
          [36m</button>[39m
        [36m</div>[39m
        [36m<div[39m
          [33mclass[39m=[32m"space-y-4"[39m
        [36m>[39m
          [36m<div[39m
            [33mclass[39m=[32m"flex items-center gap-3"[39m
          [36m>[39m
            [36m<div[39m
              [33mclass[39m=[32m"flex-1 relative"[39m
            [36m>[39m
              [36m<svg[39m
                [33mclass[39m=[32m"absolute left-3 top-1/2 -translate-y-1/2 w-4 h-4 text-white/40"[39m
                [33mfill[39m=[32m"none"[39m
                [33mheight[39m=[32m"24"[39m
                [33mstroke[39m=[32m"currentColor"[39m
                [33mstroke-linecap[39m=[32m"round"[39m
                [33mstroke-linejoin[39m=[32m"round"[39m
                [33mstroke-width[39m=[32m"2"[39m
                [33mviewBox[39m=[32m"0 0 24 24"[39m
                [33mwidth[39m=[32m"24"[39m
                [33mxmlns[39m=[32m"http://www.w3.org/2000/svg"[39m
              [36m>[39m
                [36m<circle[39m
                  [33mcx[39m=[32m"11"[39m
                  [33mcy[39m=[32m"11"[39m
                  [33mr[39m=[32m"8"[39m
                [36m/>[39m
                [36m<path[39m
                  [33md[39m=[32m"m21 21-4.3-4.3"[39m
                [36m/>[39m
              [36m</svg>[39m
              [36m<input[39m
                [33mclass[39m=[32m"w-full pl-10 pr-4 py-2 bg-white/5 border border-white/10 rounded-lg text-white placeholder:text-white/40 focus:outline-none focus:ring-2 focus:ring-blue-500/50"[39m
                [33mplaceholder[39m=[32m"Search tickets..."[39m
                [33mtype[39m=[32m"text"[39m
                [33mvalue[39m=[32m""[39m
              [36m/>[39m
            [36m</div>[39m
            [36m<button[39m
              [33mclass[39m=[32m"flex items-center gap-2 px-4 py-2 rounded-lg border transition-colors bg-white/5 border-white/10 text-white/80 hover:bg-white/10"[39m
              [33mtype[39m=[32m"button"[39m
            [36m>[39m
              [36m<svg[39m
                [33mclass[39m=[32m"w-4 h-4"[39m
                [33mfill[39m=[32m"none"[39m
                [33mheight[39m=[32m"24"[39m
                [33mstroke[39m=[32m"currentColor"[39m
                [33mstroke-linecap[39m=[32m"round"[39m
                [33mstroke-linejoin[39m=[32m"round"[39m
                [33mstroke-width[39m=[32m"2"[39m
                [33mviewBox[39m=[32m"0 0 24 24"[39m
                [33mwidth[39m=[32m"24"[39m
                [33mxmlns[39m=[32m"http://www.w3.org/2000/svg"[39m
              [36m>[39m
                [36m<polygon[39m
                  [33mpoints[39m=[32m"22 3 2 3 10 12.46 10 19 14 21 14 12.46 22 3"[39m
                [36m/>[39m
              [36m</svg>[39m
              [36m<span>[39m
                [0mFilters[0m
              [36m</span>[39m
            [36m</button>[39m
          [36m</div>[39m
        [36m</div>[39m
        [36m<div[39m
          [33mclass[39m=[32m"space-y-3"[39m
        [36m>[39m
          [36m<ul[39m
            [33mclass[39m=[32m"space-y-3"[39m
            [33mrole[39m=[32m"list"[39m
          [36m>[39m
            [36m<li[39m
              [33mrole[39m=[32m"listitem"[39m
            [36m>[39m
              [36m<a[39m
                [33mclass[39m=[32m"block bg-white/5 border border-white/10 rounded-lg hover:bg-white/10 transition-colors p-4"[39m
                [33mhref[39m=[32m"/ticketing/tickets/1"[39m
              [36m>[39m
                [36m<div[39m
                  [33mclass[39m=[32m"flex items-start justify-between gap-3"[39m
                [36m>[39m
                  [36m<div[39m
                    [33mclass[39m=[32m"flex-1 min-w-0"[39m
                  [36m>[39m
                    [36m<div[39m
                      [33mclass[39m=[32m"flex items-center gap-2 mb-1 flex-wrap"[39m
                    [36m>[39m
                      [36m<span[39m
                        [33mclass[39m=[32m"font-mono text-sm font-medium text-blue-400"[39m
                      [36m>[39m
                        [0mFT001[0m
                      [36m</span>[39m
                      [36m<span[39m
                        [33mclass[39m=[32m"text-xs font-medium uppercase text-blue-400"[39m
                      [36m>[39m
                        [0mnormal[0m
                      [36m</span>[39m
                    [36m</div>[39m
                    [36m<h3[39m
                      [33mclass[39m=[32m"text-white font-medium mb-2 lin...
 ❯ src/modules/workflow/__tests__/accessibility/workflow-accessibility.test.tsx  (0 test)
stderr | src/modules/ticketing/__tests__/hooks/useQAReadiness.test.tsx > useQAReadinessStatus > should load QA ready status successfully
Warning: `ReactDOMTestUtils.act` is deprecated in favor of `React.act`. Import `act` from `react` instead of `react-dom/test-utils`. See https://react.dev/warnings/react-dom-test-utils for more info.

stderr | src/modules/ticketing/__tests__/hooks/useVerification.test.tsx > useVerificationSteps > should load verification steps successfully
Warning: `ReactDOMTestUtils.act` is deprecated in favor of `React.act`. Import `act` from `react` instead of `react-dom/test-utils`. See https://react.dev/warnings/react-dom-test-utils for more info.

 ❯ src/modules/procurement/components/__tests__/ProcurementPortal.test.tsx  (0 test)
 ✓ src/modules/ticketing/__tests__/api/tickets.test.ts  (25 tests) 46ms
 ❯ src/modules/ticketing/__tests__/components/TicketDetail.test.tsx  (10 tests | 1 failed) 1193ms
   ❯ src/modules/ticketing/__tests__/components/TicketDetail.test.tsx > TicketDetail > should display ticket priority
     → Unable to find an element with the text: HIGH. This could be because the text is broken up by multiple elements. In this case, you can provide a function for your text matcher to make your matcher more flexible.

Ignored nodes: comments, script, style
[36m<body>[39m
  [36m<div />[39m
[36m</body>[39m

Ignored nodes: comments, script, style
[36m<html>[39m
  [36m<head />[39m
  [36m<body>[39m
    [36m<div />[39m
  [36m</body>[39m
[36m</html>[39m
 ✓ src/modules/ticketing/__tests__/api/risk-acceptance.test.ts  (17 tests) 68ms
stderr | src/modules/ticketing/__tests__/components/VerificationChecklist.test.tsx > VerificationChecklist Component > Initial Rendering > should display 12 verification steps
Warning: `ReactDOMTestUtils.act` is deprecated in favor of `React.act`. Import `act` from `react` instead of `react-dom/test-utils`. See https://react.dev/warnings/react-dom-test-utils for more info.

 ✓ src/modules/ticketing/__tests__/components/VerificationChecklist.test.tsx  (16 tests) 344ms
 ✓ src/modules/ticketing/__tests__/services/qcontactClient.test.ts  (50 tests) 283ms
stderr | src/modules/ticketing/__tests__/components/TicketingDashboard.test.tsx > TicketingDashboard Component > TDD: Display summary stats > should display total tickets count
Warning: `ReactDOMTestUtils.act` is deprecated in favor of `React.act`. Import `act` from `react` instead of `react-dom/test-utils`. See https://react.dev/warnings/react-dom-test-utils for more info.

 ✓ src/modules/ticketing/__tests__/components/FaultCauseSelector.test.tsx  (36 tests) 269ms
stderr | src/modules/ticketing/__tests__/components/FaultCauseSelector.test.tsx > FaultCauseSelector Component > Initial Rendering > should display 7 fault cause options
Warning: `ReactDOMTestUtils.act` is deprecated in favor of `React.act`. Import `act` from `react` instead of `react-dom/test-utils`. See https://react.dev/warnings/react-dom-test-utils for more info.

stderr | src/modules/ticketing/__tests__/components/HandoverWizard.test.tsx > HandoverWizard Component > Initial Rendering > should display handover gate checklist
Warning: `ReactDOMTestUtils.act` is deprecated in favor of `React.act`. Import `act` from `react` instead of `react-dom/test-utils`. See https://react.dev/warnings/react-dom-test-utils for more info.

stderr | src/modules/ticketing/__tests__/components/TicketingDashboard.test.tsx > TicketingDashboard Component > TDD: Display escalation alerts > should not display escalation section when no escalations
Warning: An update to TicketingDashboard inside a test was not wrapped in act(...).

When testing, code that causes React state updates should be wrapped into act(...):

act(() => {
  /* fire events that update state */
});
/* assert on the output */

This ensures that you're testing the behavior the user would see in the browser. Learn more at https://reactjs.org/link/wrap-tests-with-act
    at TicketingDashboard (/home/hein/Workspace/FF_Next.js/.worktrees/001-ticketing-phase1-core/src/modules/ticketing/components/Dashboard/TicketingDashboard.tsx:17:3)
    at QueryClientProvider (file:///home/hein/Workspace/FF_Next.js/.worktrees/001-ticketing-phase1-core/node_modules/@tanstack/react-query/build/modern/QueryClientProvider.js:20:3)
Warning: An update to TicketingDashboard inside a test was not wrapped in act(...).

When testing, code that causes React state updates should be wrapped into act(...):

act(() => {
  /* fire events that update state */
});
/* assert on the output */

This ensures that you're testing the behavior the user would see in the browser. Learn more at https://reactjs.org/link/wrap-tests-with-act
    at TicketingDashboard (/home/hein/Workspace/FF_Next.js/.worktrees/001-ticketing-phase1-core/src/modules/ticketing/components/Dashboard/TicketingDashboard.tsx:17:3)
    at QueryClientProvider (file:///home/hein/Workspace/FF_Next.js/.worktrees/001-ticketing-phase1-core/node_modules/@tanstack/react-query/build/modern/QueryClientProvider.js:20:3)
Warning: An update to TicketingDashboard inside a test was not wrapped in act(...).

When testing, code that causes React state updates should be wrapped into act(...):

act(() => {
  /* fire events that update state */
});
/* assert on the output */

This ensures that you're testing the behavior the user would see in the browser. Learn more at https://reactjs.org/link/wrap-tests-with-act
    at TicketingDashboard (/home/hein/Workspace/FF_Next.js/.worktrees/001-ticketing-phase1-core/src/modules/ticketing/components/Dashboard/TicketingDashboard.tsx:17:3)
    at QueryClientProvider (file:///home/hein/Workspace/FF_Next.js/.worktrees/001-ticketing-phase1-core/node_modules/@tanstack/react-query/build/modern/QueryClientProvider.js:20:3)
Warning: An update to TicketingDashboard inside a test was not wrapped in act(...).

When testing, code that causes React state updates should be wrapped into act(...):

act(() => {
  /* fire events that update state */
});
/* assert on the output */

This ensures that you're testing the behavior the user would see in the browser. Learn more at https://reactjs.org/link/wrap-tests-with-act
    at TicketingDashboard (/home/hein/Workspace/FF_Next.js/.worktrees/001-ticketing-phase1-core/src/modules/ticketing/components/Dashboard/TicketingDashboard.tsx:17:3)
    at QueryClientProvider (file:///home/hein/Workspace/FF_Next.js/.worktrees/001-ticketing-phase1-core/node_modules/@tanstack/react-query/build/modern/QueryClientProvider.js:20:3)

stderr | src/modules/ticketing/__tests__/components/TicketingDashboard.test.tsx > TicketingDashboard Component > TDD: Auto-refresh data > should accept refresh interval prop
Warning: An update to TicketingDashboard inside a test was not wrapped in act(...).

When testing, code that causes React state updates should be wrapped into act(...):

act(() => {
  /* fire events that update state */
});
/* assert on the output */

This ensures that you're testing the behavior the user would see in the browser. Learn more at https://reactjs.org/link/wrap-tests-with-act
    at TicketingDashboard (/home/hein/Workspace/FF_Next.js/.worktrees/001-ticketing-phase1-core/src/modules/ticketing/components/Dashboard/TicketingDashboard.tsx:17:3)
    at QueryClientProvider (file:///home/hein/Workspace/FF_Next.js/.worktrees/001-ticketing-phase1-core/node_modules/@tanstack/react-query/build/modern/QueryClientProvider.js:20:3)
Warning: An update to TicketingDashboard inside a test was not wrapped in act(...).

When testing, code that causes React state updates should be wrapped into act(...):

act(() => {
  /* fire events that update state */
});
/* assert on the output */

This ensures that you're testing the behavior the user would see in the browser. Learn more at https://reactjs.org/link/wrap-tests-with-act
    at TicketingDashboard (/home/hein/Workspace/FF_Next.js/.worktrees/001-ticketing-phase1-core/src/modules/ticketing/components/Dashboard/TicketingDashboard.tsx:17:3)
    at QueryClientProvider (file:///home/hein/Workspace/FF_Next.js/.worktrees/001-ticketing-phase1-core/node_modules/@tanstack/react-query/build/modern/QueryClientProvider.js:20:3)
Warning: An update to TicketingDashboard inside a test was not wrapped in act(...).

When testing, code that causes React state updates should be wrapped into act(...):

act(() => {
  /* fire events that update state */
});
/* assert on the output */

This ensures that you're testing the behavior the user would see in the browser. Learn more at https://reactjs.org/link/wrap-tests-with-act
    at TicketingDashboard (/home/hein/Workspace/FF_Next.js/.worktrees/001-ticketing-phase1-core/src/modules/ticketing/components/Dashboard/TicketingDashboard.tsx:17:3)
    at QueryClientProvider (file:///home/hein/Workspace/FF_Next.js/.worktrees/001-ticketing-phase1-core/node_modules/@tanstack/react-query/build/modern/QueryClientProvider.js:20:3)

stderr | src/modules/ticketing/__tests__/components/TicketingDashboard.test.tsx > TicketingDashboard Component > TDD: Auto-refresh data > should have default refresh interval of 30 seconds
Warning: An update to TicketingDashboard inside a test was not wrapped in act(...).

When testing, code that causes React state updates should be wrapped into act(...):

act(() => {
  /* fire events that update state */
});
/* assert on the output */

This ensures that you're testing the behavior the user would see in the browser. Learn more at https://reactjs.org/link/wrap-tests-with-act
    at TicketingDashboard (/home/hein/Workspace/FF_Next.js/.worktrees/001-ticketing-phase1-core/src/modules/ticketing/components/Dashboard/TicketingDashboard.tsx:17:3)
    at QueryClientProvider (file:///home/hein/Workspace/FF_Next.js/.worktrees/001-ticketing-phase1-core/node_modules/@tanstack/react-query/build/modern/QueryClientProvider.js:20:3)
Warning: An update to TicketingDashboard inside a test was not wrapped in act(...).

When testing, code that causes React state updates should be wrapped into act(...):

act(() => {
  /* fire events that update state */
});
/* assert on the output */

This ensures that you're testing the behavior the user would see in the browser. Learn more at https://reactjs.org/link/wrap-tests-with-act
    at TicketingDashboard (/home/hein/Workspace/FF_Next.js/.worktrees/001-ticketing-phase1-core/src/modules/ticketing/components/Dashboard/TicketingDashboard.tsx:17:3)
    at QueryClientProvider (file:///home/hein/Workspace/FF_Next.js/.worktrees/001-ticketing-phase1-core/node_modules/@tanstack/react-query/build/modern/QueryClientProvider.js:20:3)
Warning: An update to TicketingDashboard inside a test was not wrapped in act(...).

When testing, code that causes React state updates should be wrapped into act(...):

act(() => {
  /* fire events that update state */
});
/* assert on the output */

This ensures that you're testing the behavior the user would see in the browser. Learn more at https://reactjs.org/link/wrap-tests-with-act
    at TicketingDashboard (/home/hein/Workspace/FF_Next.js/.worktrees/001-ticketing-phase1-core/src/modules/ticketing/components/Dashboard/TicketingDashboard.tsx:17:3)
    at QueryClientProvider (file:///home/hein/Workspace/FF_Next.js/.worktrees/001-ticketing-phase1-core/node_modules/@tanstack/react-query/build/modern/QueryClientProvider.js:20:3)

 ✓ src/modules/ticketing/__tests__/api/qcontact-sync.test.ts  (13 tests) 48ms
stderr | src/modules/ticketing/__tests__/components/EscalationAlert.test.tsx > EscalationAlert Component > Alert Display > should display alert message
Warning: `ReactDOMTestUtils.act` is deprecated in favor of `React.act`. Import `act` from `react` instead of `react-dom/test-utils`. See https://react.dev/warnings/react-dom-test-utils for more info.

 ✓ src/modules/ticketing/__tests__/components/EscalationAlert.test.tsx  (69 tests) 432ms
 ✓ src/modules/ticketing/__tests__/components/TicketingDashboard.test.tsx  (32 tests) 212ms
 ✓ src/modules/ticketing/__tests__/components/HandoverWizard.test.tsx  (12 tests) 124ms
 ❯ src/modules/workflow/__tests__/context/WorkflowPortalContext.test.tsx  (23 tests | 6 failed) 2117ms
   ❯ src/modules/workflow/__tests__/context/WorkflowPortalContext.test.tsx > WorkflowPortalContext > Initial State > should initialize with correct default state
     → expected [ { id: '1', …(13) }, …(1) ] to deeply equal []
   ❯ src/modules/workflow/__tests__/context/WorkflowPortalContext.test.tsx > WorkflowPortalContext > Template Statistics Loading > should handle template statistics loading error
     → expected "spy" to be called with arguments: [ …(2) ]

Received: 



Number of calls: 0

   ❯ src/modules/workflow/__tests__/context/WorkflowPortalContext.test.tsx > WorkflowPortalContext > Project Workflow Statistics > should load project workflow statistics
     → expected +0 to be 2 // Object.is equality

Ignored nodes: comments, script, style
[36m<html>[39m
  [36m<head />[39m
  [36m<body>[39m
    [36m<div />[39m
  [36m</body>[39m
[36m</html>[39m
   ❯ src/modules/workflow/__tests__/context/WorkflowPortalContext.test.tsx > WorkflowPortalContext > Project Workflow Statistics > should update projects tab badge with overdue workflows
     → expected undefined to be 'error' // Object.is equality

Ignored nodes: comments, script, style
[36m<html>[39m
  [36m<head />[39m
  [36m<body>[39m
    [36m<div />[39m
  [36m</body>[39m
[36m</html>[39m
   ❯ src/modules/workflow/__tests__/context/WorkflowPortalContext.test.tsx > WorkflowPortalContext > Project Workflow Management > should handle project workflow creation error
     → jest is not defined
   ❯ src/modules/workflow/__tests__/context/WorkflowPortalContext.test.tsx > WorkflowPortalContext > Hook Error Handling > should throw error when used outside provider
     → jest is not defined
 ✓ src/modules/ticketing/__tests__/hooks/useVerification.test.tsx  (19 tests) 875ms
 ✓ src/modules/ticketing/__tests__/api/qcontact-webhook.test.ts  (9 tests) 78ms
 ✓ src/modules/ticketing/__tests__/api/fault-attribution.test.ts  (16 tests) 87ms
 ✓ src/modules/ticketing/__tests__/hooks/useQAReadiness.test.tsx  (19 tests) 969ms
 ✓ src/modules/ticketing/__tests__/module-structure.test.ts  (9 tests) 1299ms
stderr | src/modules/ticketing/__tests__/components/QAReadinessCheck.test.tsx > QAReadinessCheck Component > Initial Rendering > should display "Run Check" button when no status loaded
Warning: `ReactDOMTestUtils.act` is deprecated in favor of `React.act`. Import `act` from `react` instead of `react-dom/test-utils`. See https://react.dev/warnings/react-dom-test-utils for more info.

stderr | src/modules/ticketing/__tests__/components/WeeklyImportWizard.test.tsx > WeeklyImportWizard Component > Initial Render > should display file upload section initially
Warning: `ReactDOMTestUtils.act` is deprecated in favor of `React.act`. Import `act` from `react` instead of `react-dom/test-utils`. See https://react.dev/warnings/react-dom-test-utils for more info.

 ✓ src/modules/ticketing/__tests__/components/WeeklyImportWizard.test.tsx  (19 tests) 148ms
 ✓ src/modules/ticketing/__tests__/components/QAReadinessCheck.test.tsx  (18 tests) 194ms
 ✓ src/modules/ticketing/__tests__/services/whatsappService.test.ts  (39 tests | 1 skipped) 81ms
 ✓ src/modules/ticketing/__tests__/services/handoverService.test.ts  (18 tests) 9ms
 ✓ src/modules/ticketing/__tests__/services/riskAcceptanceService.test.ts  (28 tests) 15ms
 ✓ src/modules/ticketing/__tests__/utils/db.test.ts  (30 tests) 21ms
 ✓ src/modules/ticketing/__tests__/services/qaReadinessService.test.ts  (16 tests) 13ms
 ✓ src/modules/ticketing/__tests__/services/ticketService.test.ts  (28 tests) 9ms
 ✓ src/modules/ticketing/__tests__/api/handover.test.ts  (16 tests) 119ms
 ✓ src/modules/ticketing/__tests__/api/qa-readiness.test.ts  (11 tests) 74ms
 ✓ src/modules/ticketing/__tests__/api/verification.test.ts  (16 tests) 85ms
 ✓ src/modules/ticketing/__tests__/api/dashboard.test.ts  (18 tests) 39ms
 ✓ src/modules/ticketing/__tests__/utils/excelParser.test.ts  (32 tests) 124ms
 ✓ src/modules/ticketing/__tests__/services/notificationTriggers.test.ts  (20 tests) 8ms
 ✓ src/modules/ticketing/__tests__/api/dr-lookup.test.ts  (12 tests) 24ms
 ✓ src/utils/__tests__/dateHelpers.test.ts  (23 tests) 27ms
 ✓ src/modules/ticketing/__tests__/utils/qaReadinessValidator.test.ts  (46 tests) 29ms
 ❯ src/modules/ticketing/__tests__/components/HandoverHistory.test.tsx  (11 tests | 5 failed) 3257ms
   ❯ src/modules/ticketing/__tests__/components/HandoverHistory.test.tsx > HandoverHistory Component > Initial Rendering > should display handover history timeline
     → Unable to find an element with the text: /Build to QA/i. This could be because the text is broken up by multiple elements. In this case, you can provide a function for your text matcher to make your matcher more flexible.

Ignored nodes: comments, script, style
[36m<body>[39m
  [36m<div>[39m
    [36m<div[39m
      [33mclass[39m=[32m"flex items-center justify-center p-8 bg-white/5 border border-white/10 rounded-lg"[39m
    [36m>[39m
      [36m<div[39m
        [33mclass[39m=[32m"flex items-center gap-3 text-white/60"[39m
      [36m>[39m
        [36m<div[39m
          [33mclass[39m=[32m"w-5 h-5 border-2 border-white/20 border-t-white/60 rounded-full animate-spin"[39m
          [33mrole[39m=[32m"status"[39m
        [36m/>[39m
        [36m<span>[39m
          [0mLoading handover history...[0m
        [36m</span>[39m
      [36m</div>[39m
    [36m</div>[39m
  [36m</div>[39m
[36m</body>[39m
   ❯ src/modules/ticketing/__tests__/components/HandoverHistory.test.tsx > HandoverHistory Component > Timeline Display > should display handovers in chronological order
     → Unable to find an accessible element with the role "listitem"

Here are the accessible roles:

  heading:

  Name "Handover History":
  [36m<h3[39m
    [33mclass[39m=[32m"text-lg font-semibold text-white"[39m
  [36m/>[39m

  Name "Build to QA":
  [36m<h4[39m
    [33mclass[39m=[32m"text-base font-semibold text-white mb-1"[39m
  [36m/>[39m

  Name "QA to Maintenance":
  [36m<h4[39m
    [33mclass[39m=[32m"text-base font-semibold text-white mb-1"[39m
  [36m/>[39m

  --------------------------------------------------
  button:

  Name "View details":
  [36m<button[39m
    [33maria-label[39m=[32m"View details"[39m
    [33mclass[39m=[32m"flex items-center gap-1 text-sm text-blue-400 hover:text-blue-300 transition-colors"[39m
    [33mrole[39m=[32m"button"[39m
  [36m/>[39m

  Name "View details":
  [36m<button[39m
    [33maria-label[39m=[32m"View details"[39m
    [33mclass[39m=[32m"flex items-center gap-1 text-sm text-blue-400 hover:text-blue-300 transition-colors"[39m
    [33mrole[39m=[32m"button"[39m
  [36m/>[39m

  --------------------------------------------------

Ignored nodes: comments, script, style
[36m<body>[39m
  [36m<div>[39m
    [36m<div[39m
      [33mclass[39m=[32m"space-y-6"[39m
    [36m>[39m
      [36m<div[39m
        [33mclass[39m=[32m"flex items-center justify-between"[39m
      [36m>[39m
        [36m<div>[39m
          [36m<h3[39m
            [33mclass[39m=[32m"text-lg font-semibold text-white"[39m
          [36m>[39m
            [0mHandover History[0m
          [36m</h3>[39m
          [36m<p[39m
            [33mclass[39m=[32m"text-sm text-white/60 mt-1"[39m
          [36m>[39m
            [0m2[0m
            [0m handover[0m
            [0ms[0m
            [36m<span>[39m
              [0m · [0m
              [0mCurrent owner: [0m
              [0mMaintenance[0m
            [36m</span>[39m
          [36m</p>[39m
        [36m</div>[39m
      [36m</div>[39m
      [36m<div[39m
        [33mclass[39m=[32m"space-y-0"[39m
      [36m>[39m
        [36m<div[39m
          [33mclass[39m=[32m"relative"[39m
        [36m>[39m
          [36m<div[39m
            [33mclass[39m=[32m"absolute left-6 top-16 bottom-0 w-0.5 bg-white/10"[39m
          [36m/>[39m
          [36m<div[39m
            [33mclass[39m=[32m"flex gap-4"[39m
          [36m>[39m
            [36m<div[39m
              [33mclass[39m=[32m"flex-shrink-0 w-12 h-12 rounded-full flex items-center justify-center border-2 bg-blue-500/20 border-blue-500/50"[39m
            [36m>[39m
              [36m<svg[39m
                [33mclass[39m=[32m"w-6 h-6 text-blue-400"[39m
                [33mfill[39m=[32m"none"[39m
                [33mheight[39m=[32m"24"[39m
                [33mstroke[39m=[32m"currentColor"[39m
                [33mstroke-linecap[39m=[32m"round"[39m
                [33mstroke-linejoin[39m=[32m"round"[39m
                [33mstroke-width[39m=[32m"2"[39m
                [33mviewBox[39m=[32m"0 0 24 24"[39m
                [33mwidth[39m=[32m"24"[39m
                [33mxmlns[39m=[32m"http://www.w3.org/2000/svg"[39m
              [36m>[39m
                [36m<circle[39m
                  [33mcx[39m=[32m"12"[39m
                  [33mcy[39m=[32m"12"[39m
                  [33mr[39m=[32m"10"[39m
                [36m/>[39m
                [36m<polyline[39m
                  [33mpoints[39m=[32m"12 6 12 12 16 14"[39m
                [36m/>[39m
              [36m</svg>[39m
            [36m</div>[39m
            [36m<div[39m
              [33mclass[39m=[32m"flex-1 pb-8"[39m
            [36m>[39m
              [36m<div[39m
                [33mclass[39m=[32m"border rounded-lg overflow-hidden border-white/10 bg-white/5"[39m
              [36m>[39m
                [36m<div[39m
                  [33mclass[39m=[32m"p-4"[39m
                [36m>[39m
                  [36m<div[39m
                    [33mclass[39m=[32m"flex items-start justify-between mb-3"[39m
                  [36m>[39m
                    [36m<div>[39m
                      [36m<h4[39m
                        [33mclass[39m=[32m"text-base font-semibold text-white mb-1"[39m
                      [36m>[39m
                        [0mBuild to QA[0m
                      [36m</h4>[39m
                    [36m</div>[39m
                    [36m<button[39m
                      [33maria-label[39m=[32m"View details"[39m
                      [33mclass[39m=[32m"flex items-center gap-1 text-sm text-blue-400 hover:text-blue-300 transition-colors"[39m
                      [33mrole[39m=[32m"button"[39m
                    [36m>[39m
                      [0mView Details[0m
                      [36m<svg[39m
                        [33mclass[39m=[32m"w-4 h-4 transition-transform"[39m
                        [33mfill[39m=[32m"none"[39m
                        [33mheight[39m=[32m"24"[39m
                        [33mstroke[39m=[32m"currentColor"[39m
                        [33mstroke-linecap[39m=[32m"round"[39m
                        [33mstroke-linejoin[39m=[32m"round"[39m
                        [33mstroke-width[39m=[32m"2"[39m
                        [33mviewBox[39m=[32m"0 0 24 24"[39m
                        [33mwidth[39m=[32m"24"[39m
                        [33mxmlns[39m=[32m"http://www.w3.org/2000/svg"[39m
                      [36m>[39m
                        [36m<path[39m
                          [33md[39m=[32m"m9 18 6-6-6-6"[39m
                        [36m/>[39m
                      [36m</svg>[39m
                    [36m</button>[39m
                  [36m</div>[39m
                  [36m<div[39m
                    [33mclass[39m=[32m"flex items-center gap-3 mb-3 p-2 bg-white/5 rounded-lg"[39m
                  [36m>[39m
                    [36m<span[39m
                      [33mclass[39m=[32m"text-sm text-white/60"[39m
                    [36m>[39m
                      [0mBuild[0m
                    [36m</span>[39m
                    [36m<svg[39m
                      [33mclass[39m=[32m"w-4 h-4 text-white/40"[39m
                      [33mfill[39m=[32m"none"[39m
                      [33mheight[39m=[32m"24"[39m
                      [33mstroke[39m=[32m"currentColor"[39m
                      [33mstroke-linecap[39m=[32m"round"[39m
                      [33mstroke-linejoin[39m=[32m"round"[39m
                      [33mstroke-width[39m=[32m"2"[39m
                      [33mviewBox[39m=[32m"0 0 24 24"[39m
                      [33mwidth[39m=[32m"24"[39m
                      [33mxmlns[39m=[32m"http://www.w3.org/2000/svg"[39m
                    [36m>[39m
                      [36m<path[39m
                        [33md[39m=[32m"M5 12h14"[39m
                      [36m/>[39m
                      [36m<path[39m
                        [33md[39m=[32m"m12 5 7 7-7 7"[39m
                      [36m/>[39m
                    [36m</svg>[39m
                    [36m<span[39m
                      [33mclass[39m=[32m"text-sm text-white/80 font-medium"[39m
                    [36m>[39m
                      [0mQA[0m
                    [36m</span>[39m
                  [36m</div>[39m
                  [36m<div[39m
                    [33mclass[39m=[32m"flex flex-wrap gap-4 text-xs text-white/60"[39m
                  [36m>[39m
                    [36m<div[39m
                      [33mclass[39m=[32m"flex items-center gap-1.5"[39m
                    [36m>[39m
                      [36m<svg[39m
                        [33mclass[39m=[32m"w-3.5 h-3.5"[39m
                        [33mfill[39m=[32m"none"[39m
                        [33mheight[39m=[32m"24"[39m
                        [33mstroke[39m=[32m"currentColor"[39m
                        [33mstroke-linecap[39m=[32m"round"[39m
                        [33mstroke-linejoin[39m=[32m"round"[39m
                        [33mstroke-width[39m=[32m"2"[39m
                        [33mviewBox[39m=[32m"0 0 24 24"[39m
                        [33mwidth[39m=[32m"24"[39m
                        [33mxmlns[39m=[32m"http://www.w3.org/2000/svg"[39m
                      [36m>[39m
                        [36m<rect[39m
                          [33mheight[39m=[32m"18"[39m
                          [33mrx[39m=[32m"2"[39m
                          [33mry[39m=[32m"2"[39m
                          [33mwidth[39m=[32m"18"[39m
                          [33mx[39m=[32m"3"[39m
                          [33my[39m=[32m"4"[39m
                        [36m/>[39m
                        [36m<line[39m
                          [33mx1[39m=[32m"16"[39m
                          [33mx2[39m=[32m"16"[39m
                          [33my1[39m=[32m"2"[39m
                          [33my2[39m=[32m"6"[39m
                        [36m/>[39m
                        [36m<line[39m
                          [33mx1[39m=[32m"8"[39m
                          [33mx2[39m=[32m"8"[39m
                          [33my1[39m=[32m"2"[39m
                          [33my2[39m=[32m"6"[39m
                        [36m/>[39m
                        [36m<line[39m
                          [33mx1[39m=[32m"3"[39m
                          [33mx2[39m=[32m"21"[39m
                          [33my1[39m=[32m"10"[39m
                          [33my2[39m=[32m"10"[39m
                        [36m/>[39m
                      [36m</svg>[39m
                      [36m<span>[39m
                        [0m1/10/2024, 12:00:00 PM[0m
                      [36m</span>[39m
                      [36m<span[39m
                        [33mclass[39m=[32m"text-white/40"[39m
                      [36m>[39m
                        [0m([0m
                        [0m1/10/2024[0m
                        [0m)[0m
                      [36m</span>[39m
                    [36m</div>[39m
                    [36m<div[39m
                      [33mclass[39m=[32m"flex items-center gap-1.5"[39m
                    [36m>[39m
                      [36m<svg[39m
                        [33mclass[39m=[32m"w-3.5 h-3.5"[39m
                        [33mfill[39m=[32m"none"[39m
                        [33mheight[39m=[32m"24"[39m
                        [33mstroke[39m=[32m"currentColor"[39m
                        [33mstroke-linecap[39m=[32m"round"[39m
                        [33mstroke-linejoin[39m=[32m"round"[39m
                        [33mstroke-width[39m=[32m"2"[39m
                        [33mviewBox[39m=[32m"0 0 24 24"[39m
                        [33mwidth[39m=[32m"24"[39m
                        [33mxmlns[39m=[32m"http://www.w3.org/2000/svg"[39m
                      [36m>[39m
                        [36m<path[39m
                          [33md[39m=[32m"M19 21v-2a4 4 0 0 0-4-4H9a4 4 0 0 0-4 4v2"[39m
                        [36m/>[39m
                        [36m<circle[39m
                          [33mcx[39m=[32m"12"[39m
                          [33mcy[39m=[32m"7"[39m
                          [33mr[39m=[32m"4"[39m
                        [36m/>[39m
                      [36m</svg>[39m
                      [36m<span[39m
                        [33mclass[39m=[32m"font-mono"[39m
                      [36m>[39m
                        [0mbuild-us[0m
                      [36m</span>[39m
                    [36m</div>[39m
                  [36m</div>[39m
                [36m</div>[39m
              [36m</div>[39m
            [36m</div>[39m
          [36m</div>[39m
        [36m</div>[39m
        [36m<div[39m
          [33mclass[39m=[32m"relative"[39m
        [36m>[39m
          [36m<div[39m
            [33mclass[39m=[32m"flex gap-4"[39m
          [36m>[39m
            [36m<div[39m
              [33mclass[39m=[32m"flex-shrink-0 w-12 h-12 rounded-full flex items-center justify-center border-2 bg-green-500/20 border-green-500/50"[39m
            [36m>[39m
              [36m<svg[39m
                [33mclass[39m=[32m"w-6 h-6 text-green-400"[39m
                [33mfill[39m=[32m"none"[39m
                [33mheight[39m=[32m"24"[39m
                [33mstroke[39m=[32m"currentColor"[39m
                [33mstroke-linecap[39m=[32m"round"[39m
                [33mstroke-linejoin[39m=[32m"round"[39m
                [33mstroke-width[39m=[32m"2"[39m
                [33mviewBox[39m=[32m"0 0 24 24"[39m
                [33mwidth[39m=[32m"24"[39m
                [33mxmlns[39m=[32m"http://www.w3.org/2000/svg"[39m
              [36m>[39m
                [36m<path[39m
                  [33md[39m=[32m"M12 22c5.523 0 10-4.477 10-10S17.523 2 12 2 2 6.477 2 12s4.477 10 10 10z"[39m
                [36m/>[39m
                [36m<path[39m
                  [33md[39m=[32m"m9 12 2 2 4-4"[39m
                [36m/>[39m
              [36m</svg>[39m
            [36m</div>[39m
            [36m<div[39m
              [33mclass[39m=[32m"flex-1 pb-8"[39m
            [36m>[39m
              [36m<div[39m
                [33mclass[39m=[32m"border rounded-lg overflow-hidden border-green-500/30 bg-green-500/5"[39m
              [36m>[39m
                [36m<div[39m
                  [33mclass[39m=[32m"p-4"[39m
                [36m>[39m
                  [36m<div[39m
                    [33mclass[39m=[32m"flex items-start justify-between mb-3"[39m
                  [36m>[39m
                    [36m<div>[39m
                      [36m<h4[39m
                        [33mclass[39m=[32m"text-base font-semibold text-white mb-1"[39m
                      [36m>[39m
                        [0mQA to Maintenance[0m
                      [36m</h4>[39m
                      [36m<span[39m
                        [33mclass[39m=[32m"px-2 py-0.5 bg-green-500/20 text-green-400 rounded text-xs font-medium"[39m
                      [36m>[39m
                        [0mCurrent Owner[0m
                      [36m</span>[39m
                    [36m</div>[39m
                    [36m<button[39m
                      [33maria-label[39m=[32m"View details"[39m
                      [33mclass[39m=[32m"flex items-center gap-1 text-sm text-blue-400 hover:text-blue-300 transition-colors"[39m
                      [33mrole[39m=[32m"button"[39m
                    [36m>[39m
                      [0mView Details[0m
                      [36m<svg[39m
                        [33mclass[39m=[32m"w-4 h-4 transition-transform"[39m
                        [33mfill[39m=[32m"none"[39m
                        [33mheight[39m=[32m"24"[39m
                        [33mstroke[39m=[32m"currentColor"[39m
                        [33mstroke-linecap[39m=[32m"round"[39m
                        [33mstroke-linejoin[39m=[32m"round"[39m
                        [33mstroke-width[39m=[32m"2"[39m
                        [33mviewBox[39m=[32m"0 0 24 24"[39m
                        [33mwidth[39m=[32m"24"[39m
                        [33mxmlns[39m=[32m"http://www.w3.org/2000/svg"[39m
                      [36m>[39m
                        [36m<path[39m
                          [33md[39m=[32m"m9 18 6-6-6-6"[39m
                        [36m/>[39m
                      [36m</svg>[39m
                    [36m</button>[39m
                  [36m</div>[39m
                  [36m<div[39m
                    [33mclass[39m=[32m"flex items-center gap-3 mb-3 p-2 bg-white/5 rounded-lg"[39m
                  [36m>[39m
                    [36m<span[39m
                      [33mclass[39m=[32m"text-sm text-white/60"[39m
                    [36m>[39m
                      [0mQA[0m
                    [36m</span>[39m
                    [36m<svg[39m
                      [33mclass[39m=[32m"w-4 h-4 text-white/40"[39m
                      [33mfill[39m=[32m"none"[39m
                      [33mheight[39m=[32m"24"[39m
                      [33mstroke[39m=[32m"currentColor"[39m
                      [33mstroke-linecap[39m=[32m"round"[39m
                      [33mstroke-linejoin[39m=[32m"round"[39m
                      [33mstroke-width[39m=[32m"2"[39m
                      [33mviewBox[39m=[32m"0 0 24 24"[39m
                      [33mwidth[39m=[32m"24"[39m
                      [33mxmlns[39m=[32m"http://www.w3.org/2000/svg"[39m
                    [36m>[39m
                      [36m<path[39m
                        [33md[39m=[32m"M5 12h14"[39m
                      [36m/>[39m
                      [36m<path[39m
                        [33md[39m=[32m"m12 5 7 7-7 7"[39m
                      [36m/>[39m
                    [36m</svg>[39m
                    [36m<span[39m
                      [33mclass[39m=[32m"text-sm text-white/80 font-medium"[39m
                    [36m>[39m
                      [0mMaintenance[0m
                    [36m</span>[39m
                  [36m</div>[39m
                  [36m<div[39m
                    [33mclass[39m=[32m"flex flex-wrap gap-4 text-xs text-white/60"[39m
                  [36m>[39m
                    [36m<div[39m
                      [33mclass[39m=[32m"flex items-center gap-1.5"[39m
                    [36m>[39m
                      [36m<svg[39m
                        [33mclass[39m=[32m"w-3.5 h-3.5"[39m
                        [33mfill[39m=[32m"none"[39m
                        [33mheight[39m=[32m"24"[39m
                        [33mstroke[39m=[32m"currentColor"[39m
                        [33mstroke-linecap[39m=[32m"round"[39m
                        [33mstroke-linejoin[39m=[32m"round"[39m
                        [33mstroke-width[39m=[32m"2"[39m
                        [33mviewBox[39m=[32m"0 0 24 24"[39m
                        [33mwidth[39m=[32m"24"[39m
                        [33mxmlns[39m=[32m"http://www.w3.org/2000/svg"[39m
                      [36m>[39m
                        [36m<rect[39m
                          [33mheight[39m=[32m"18"[39m
                          [33mrx[39m=[32m"2"[39m
                          [33mry[39m=[32m"2"[39m
                          [33mwidth[39m=[32m"18"[39m
                          [33mx[39m=[32m"3"[39m
                          [33my[39m=[32m"4"[39m
                        [36m/>[39m
                        [36m<line[39m
                          [33mx1[39m=[32m"16"[39m
                          [33mx2[39m=[32m"16"[39m
                          [33my1[39m=[32m"2"[39m
                          [33my2[39m=[32m"6"[39m
                        [36m/>[39m
                        [36m<line[39m
                          [33mx1[39m=[32m"8"[39m
                          [33mx2[39m=[32m"8"[39m
                          [33my1[39m=[32m"2"[39m
                          [33my2[39m=[32m"6"[39m
                        [36m/>[39m
                        [36m<line[39m
                          [33mx1[39m=[32m"3"[39m
                          [33mx2[39m=[32m"21"[39m
                          [33my1[39m=[32m"10"[39m
                          [33my2[39m=[32m"10"[39m
                        [36m/>[39m
                      [36m</svg>[39m
                      [36m<span>[39m
                        [0m1/15/2024, 2:00:00 PM[0m
                      [36m</span>[39m
                      [36m<span[39m
                        [33mclass[39m=[32m"text-white/40"[39m
                      [36m>[39m
                        [0m([0m
                        [0m1/15/2024[0m
                        [0m)[0m
                      [36m</span>[39m
                    [36m</div>[39m
                    [36m<div[39m
                      [33mclass[39m=[32m"flex items-center gap-1.5"[39m
                    [36m>[39m
                      [36m<svg[39m
                        [33mclass[39m=[32m"w-3.5 h-3.5"[39m
                        [33mfill[39m=[32m"none"[39m
                        [33mheight[39m=[32m"24"[39m
                        [33mstroke[39m=[32m"currentColor"[39m
                        [33mstroke-linecap[39m=[32m"round"[39m
                        [33mstroke-linejoin[39m=[32m"round"[39m
                        [33mstroke-width[39m=[32m"2"[39m
                        [33mviewBox[39m=[32m"0 0 24 24"[39m
                        [33mwidth[39m=[32m"24"[39m
                        [33mxmlns[39m=[32m"http://www.w3.org/2000/svg"[39m
                      [36m>[39m
                        [36m<path[39m
                          [33md[39m=[32m"M19 21v-2a4 4 0 0 0-4-4H9a4 4 0 0 0-4 4v2"[39m
                        [36m/>[39m
                        [36m<circle[39m
                          [33mcx[39m=[32m"12"[39m
                          [33mcy[39m=[32m"7"[39m
                          [33mr[39m=[32m"4"[39m
                        [36m/>[39m
                      [36m</svg>[39m
                      [36m<span[39m
                        [33mclass[39m=[32m"font-mono"[39m
                      [36m>[39m
                        [0mqa-user-[0m
                      [36m</span>[39m
                    [36m</div>[39m
                  [36m</div>[39m
                [36m</div>[39m
              [36m</div>[39m
            [36m</div>[39m
          [36m</div>[39m
        [36m</div>[39m
      [36m</div>[39m
    [36m</div>[39m
  [36m</div>[39m
[36m</body>[39m
   ❯ src/modules/ticketing/__tests__/components/HandoverHistory.test.tsx > HandoverHistory Component > Timeline Display > should display ownership transfer details
     → Found multiple elements with the text: /Build/i

Here are the matching elements:

Ignored nodes: comments, script, style
[36m<h4[39m
  [33mclass[39m=[32m"text-base font-semibold text-white mb-1"[39m
[36m>[39m
  [0mBuild to QA[0m
[36m</h4>[39m

Ignored nodes: comments, script, style
[36m<span[39m
  [33mclass[39m=[32m"text-sm text-white/60"[39m
[36m>[39m
  [0mBuild[0m
[36m</span>[39m

Ignored nodes: comments, script, style
[36m<span[39m
  [33mclass[39m=[32m"font-mono"[39m
[36m>[39m
  [0mbuild-us[0m
[36m</span>[39m

(If this is intentional, then use the `*AllBy*` variant of the query (like `queryAllByText`, `getAllByText`, or `findAllByText`)).

Ignored nodes: comments, script, style
[36m<body>[39m
  [36m<div>[39m
    [36m<div[39m
      [33mclass[39m=[32m"space-y-6"[39m
    [36m>[39m
      [36m<div[39m
        [33mclass[39m=[32m"flex items-center justify-between"[39m
      [36m>[39m
        [36m<div>[39m
          [36m<h3[39m
            [33mclass[39m=[32m"text-lg font-semibold text-white"[39m
          [36m>[39m
            [0mHandover History[0m
          [36m</h3>[39m
          [36m<p[39m
            [33mclass[39m=[32m"text-sm text-white/60 mt-1"[39m
          [36m>[39m
            [0m2[0m
            [0m handover[0m
            [0ms[0m
            [36m<span>[39m
              [0m · [0m
              [0mCurrent owner: [0m
              [0mMaintenance[0m
            [36m</span>[39m
          [36m</p>[39m
        [36m</div>[39m
      [36m</div>[39m
      [36m<div[39m
        [33mclass[39m=[32m"space-y-0"[39m
      [36m>[39m
        [36m<div[39m
          [33mclass[39m=[32m"relative"[39m
        [36m>[39m
          [36m<div[39m
            [33mclass[39m=[32m"absolute left-6 top-16 bottom-0 w-0.5 bg-white/10"[39m
          [36m/>[39m
          [36m<div[39m
            [33mclass[39m=[32m"flex gap-4"[39m
          [36m>[39m
            [36m<div[39m
              [33mclass[39m=[32m"flex-shrink-0 w-12 h-12 rounded-full flex items-center justify-center border-2 bg-blue-500/20 border-blue-500/50"[39m
            [36m>[39m
              [36m<svg[39m
                [33mclass[39m=[32m"w-6 h-6 text-blue-400"[39m
                [33mfill[39m=[32m"none"[39m
                [33mheight[39m=[32m"24"[39m
                [33mstroke[39m=[32m"currentColor"[39m
                [33mstroke-linecap[39m=[32m"round"[39m
                [33mstroke-linejoin[39m=[32m"round"[39m
                [33mstroke-width[39m=[32m"2"[39m
                [33mviewBox[39m=[32m"0 0 24 24"[39m
                [33mwidth[39m=[32m"24"[39m
                [33mxmlns[39m=[32m"http://www.w3.org/2000/svg"[39m
              [36m>[39m
                [36m<circle[39m
                  [33mcx[39m=[32m"12"[39m
                  [33mcy[39m=[32m"12"[39m
                  [33mr[39m=[32m"10"[39m
                [36m/>[39m
                [36m<polyline[39m
                  [33mpoints[39m=[32m"12 6 12 12 16 14"[39m
                [36m/>[39m
              [36m</svg>[39m
            [36m</div>[39m
            [36m<div[39m
              [33mclass[39m=[32m"flex-1 pb-8"[39m
            [36m>[39m
              [36m<div[39m
                [33mclass[39m=[32m"border rounded-lg overflow-hidden border-white/10 bg-white/5"[39m
              [36m>[39m
                [36m<div[39m
                  [33mclass[39m=[32m"p-4"[39m
                [36m>[39m
                  [36m<div[39m
                    [33mclass[39m=[32m"flex items-start justify-between mb-3"[39m
                  [36m>[39m
                    [36m<div>[39m
                      [36m<h4[39m
                        [33mclass[39m=[32m"text-base font-semibold text-white mb-1"[39m
                      [36m>[39m
                        [0mBuild to QA[0m
                      [36m</h4>[39m
                    [36m</div>[39m
                    [36m<button[39m
                      [33maria-label[39m=[32m"View details"[39m
                      [33mclass[39m=[32m"flex items-center gap-1 text-sm text-blue-400 hover:text-blue-300 transition-colors"[39m
                      [33mrole[39m=[32m"button"[39m
                    [36m>[39m
                      [0mView Details[0m
                      [36m<svg[39m
                        [33mclass[39m=[32m"w-4 h-4 transition-transform"[39m
                        [33mfill[39m=[32m"none"[39m
                        [33mheight[39m=[32m"24"[39m
                        [33mstroke[39m=[32m"currentColor"[39m
                        [33mstroke-linecap[39m=[32m"round"[39m
                        [33mstroke-linejoin[39m=[32m"round"[39m
                        [33mstroke-width[39m=[32m"2"[39m
                        [33mviewBox[39m=[32m"0 0 24 24"[39m
                        [33mwidth[39m=[32m"24"[39m
                        [33mxmlns[39m=[32m"http://www.w3.org/2000/svg"[39m
                      [36m>[39m
                        [36m<path[39m
                          [33md[39m=[32m"m9 18 6-6-6-6"[39m
                        [36m/>[39m
                      [36m</svg>[39m
                    [36m</button>[39m
                  [36m</div>[39m
                  [36m<div[39m
                    [33mclass[39m=[32m"flex items-center gap-3 mb-3 p-2 bg-white/5 rounded-lg"[39m
                  [36m>[39m
                    [36m<span[39m
                      [33mclass[39m=[32m"text-sm text-white/60"[39m
                    [36m>[39m
                      [0mBuild[0m
                    [36m</span>[39m
                    [36m<svg[39m
                      [33mclass[39m=[32m"w-4 h-4 text-white/40"[39m
                      [33mfill[39m=[32m"none"[39m
                      [33mheight[39m=[32m"24"[39m
                      [33mstroke[39m=[32m"currentColor"[39m
                      [33mstroke-linecap[39m=[32m"round"[39m
                      [33mstroke-linejoin[39m=[32m"round"[39m
                      [33mstroke-width[39m=[32m"2"[39m
                      [33mviewBox[39m=[32m"0 0 24 24"[39m
                      [33mwidth[39m=[32m"24"[39m
                      [33mxmlns[39m=[32m"http://www.w3.org/2000/svg"[39m
                    [36m>[39m
                      [36m<path[39m
                        [33md[39m=[32m"M5 12h14"[39m
                      [36m/>[39m
                      [36m<path[39m
                        [33md[39m=[32m"m12 5 7 7-7 7"[39m
                      [36m/>[39m
                    [36m</svg>[39m
                    [36m<span[39m
                      [33mclass[39m=[32m"text-sm text-white/80 font-medium"[39m
                    [36m>[39m
                      [0mQA[0m
                    [36m</span>[39m
                  [36m</div>[39m
                  [36m<div[39m
                    [33mclass[39m=[32m"flex flex-wrap gap-4 text-xs text-white/60"[39m
                  [36m>[39m
                    [36m<div[39m
                      [33mclass[39m=[32m"flex items-center gap-1.5"[39m
                    [36m>[39m
                      [36m<svg[39m
                        [33mclass[39m=[32m"w-3.5 h-3.5"[39m
                        [33mfill[39m=[32m"none"[39m
                        [33mheight[39m=[32m"24"[39m
                        [33mstroke[39m=[32m"currentColor"[39m
                        [33mstroke-linecap[39m=[32m"round"[39m
                        [33mstroke-linejoin[39m=[32m"round"[39m
                        [33mstroke-width[39m=[32m"2"[39m
                        [33mviewBox[39m=[32m"0 0 24 24"[39m
                        [33mwidth[39m=[32m"24"[39m
                        [33mxmlns[39m=[32m"http://www.w3.org/2000/svg"[39m
                      [36m>[39m
                        [36m<rect[39m
                          [33mheight[39m=[32m"18"[39m
                          [33mrx[39m=[32m"2"[39m
                          [33mry[39m=[32m"2"[39m
                          [33mwidth[39m=[32m"18"[39m
                          [33mx[39m=[32m"3"[39m
                          [33my[39m=[32m"4"[39m
                        [36m/>[39m
                        [36m<line[39m
                          [33mx1[39m=[32m"16"[39m
                          [33mx2[39m=[32m"16"[39m
                          [33my1[39m=[32m"2"[39m
                          [33my2[39m=[32m"6"[39m
                        [36m/>[39m
                        [36m<line[39m
                          [33mx1[39m=[32m"8"[39m
                          [33mx2[39m=[32m"8"[39m
                          [33my1[39m=[32m"2"[39m
                          [33my2[39m=[32m"6"[39m
                        [36m/>[39m
                        [36m<line[39m
                          [33mx1[39m=[32m"3"[39m
                          [33mx2[39m=[32m"21"[39m
                          [33my1[39m=[32m"10"[39m
                          [33my2[39m=[32m"10"[39m
                        [36m/>[39m
                      [36m</svg>[39m
                      [36m<span>[39m
                        [0m1/10/2024, 12:00:00 PM[0m
                      [36m</span>[39m
                      [36m<span[39m
                        [33mclass[39m=[32m"text-white/40"[39m
                      [36m>[39m
                        [0m([0m
                        [0m1/10/2024[0m
                        [0m)[0m
                      [36m</span>[39m
                    [36m</div>[39m
                    [36m<div[39m
                      [33mclass[39m=[32m"flex items-center gap-1.5"[39m
                    [36m>[39m
                      [36m<svg[39m
                        [33mclass[39m=[32m"w-3.5 h-3.5"[39m
                        [33mfill[39m=[32m"none"[39m
                        [33mheight[39m=[32m"24"[39m
                        [33mstroke[39m=[32m"currentColor"[39m
                        [33mstroke-linecap[39m=[32m"round"[39m
                        [33mstroke-linejoin[39m=[32m"round"[39m
                        [33mstroke-width[39m=[32m"2"[39m
                        [33mviewBox[39m=[32m"0 0 24 24"[39m
                        [33mwidth[39m=[32m"24"[39m
                        [33mxmlns[39m=[32m"http://www.w3.org/2000/svg"[39m
                      [36m>[39m
                        [36m<path[39m
                          [33md[39m=[32m"M19 21v-2a4 4 0 0 0-4-4H9a4 4 0 0 0-4 4v2"[39m
                        [36m/>[39m
                        [36m<circle[39m
                          [33mcx[39m=[32m"12"[39m
                          [33mcy[39m=[32m"7"[39m
                          [33mr[39m=[32m"4"[39m
                        [36m/>[39m
                      [36m</svg>[39m
                      [36m<span[39m
                        [33mclass[39m=[32m"font-mono"[39m
                      [36m>[39m
                        [0mbuild-us[0m
                      [36m</span>[39m
                    [36m</div>[39m
                  [36m</div>[39m
                [36m</div>[39m
              [36m</div>[39m
            [36m</div>[39m
          [36m</div>[39m
        [36m</div>[39m
        [36m<div[39m
          [33mclass[39m=[32m"relative"[39m
        [36m>[39m
          [36m<div[39m
            [33mclass[39m=[32m"flex gap-4"[39m
          [36m>[39m
            [36m<div[39m
              [33mclass[39m=[32m"flex-shrink-0 w-12 h-12 rounded-full flex items-center justify-center border-2 bg-green-500/20 border-green-500/50"[39m
            [36m>[39m
              [36m<svg[39m
                [33mclass[39m=[32m"w-6 h-6 text-green-400"[39m
                [33mfill[39m=[32m"none"[39m
                [33mheight[39m=[32m"24"[39m
                [33mstroke[39m=[32m"currentColor"[39m
                [33mstroke-linecap[39m=[32m"round"[39m
                [33mstroke-linejoin[39m=[32m"round"[39m
                [33mstroke-width[39m=[32m"2"[39m
                [33mviewBox[39m=[32m"0 0 24 24"[39m
                [33mwidth[39m=[32m"24"[39m
                [33mxmlns[39m=[32m"http://www.w3.org/2000/svg"[39m
              [36m>[39m
                [36m<path[39m
                  [33md[39m=[32m"M12 22c5.523 0 10-4.477 10-10S17.523 2 12 2 2 6.477 2 12s4.477 10 10 10z"[39m
                [36m/>[39m
                [36m<path[39m
                  [33md[39m=[32m"m9 12 2 2 4-4"[39m
                [36m/>[39m
              [36m</svg>[39m
            [36m</div>[39m
            [36m<div[39m
              [33mclass[39m=[32m"flex-1 pb-8"[39m
            [36m>[39m
              [36m<div[39m
                [33mclass[39m=[32m"border rounded-lg overflow-hidden border-green-500/30 bg-green-500/5"[39m
              [36m>[39m
                [36m<div[39m
                  [33mclass[39m=[32m"p-4"[39m
                [36m>[39m
                  [36m<div[39m
                    [33mclass[39m=[32m"flex items-start justify-between mb-3"[39m
                  [36m>[39m
                    [36m<div>[39m
                      [36m<h4[39m
                        [33mclass[39m=[32m"text-base font-semibold text-white mb-1"[39m
                      [36m>[39m
                        [0mQA to Maintenance[0m
                      [36m</h4>[39m
                      [36m<span[39m
                        [33mclass[39m=[32m"px-2 py-0.5 bg-green-500/20 text-green-400 rounded text-xs font-medium"[39m
                      [36m>[39m
                        [0mCurrent Owner[0m
                      [36m</span>[39m
                    [36m</div>[39m
                    [36m<button[39m
                      [33maria-label[39m=[32m"View details"[39m
                      [33mclass[39m=[32m"flex items-center gap-1 text-sm text-blue-400 hover:text-blue-300 transition-colors"[39m
                      [33mrole[39m=[32m"button"[39m
                    [36m>[39m
                      [0mView Details[0m
                      [36m<svg[39m
                        [33mclass[39m=[32m"w-4 h-4 transition-transform"[39m
                        [33mfill[39m=[32m"none"[39m
                        [33mheight[39m=[32m"24"[39m
                        [33mstroke[39m=[32m"currentColor"[39m
                        [33mstroke-linecap[39m=[32m"round"[39m
                        [33mstroke-linejoin[39m=[32m"round"[39m
                        [33mstroke-width[39m=[32m"2"[39m
                        [33mviewBox[39m=[32m"0 0 24 24"[39m
                        [33mwidth[39m=[32m"24"[39m
                        [33mxmlns[39m=[32m"http://www.w3.org/2000/svg"[39m
                      [36m>[39m
                        [36m<path[39m
                          [33md[39m=[32m"m9 18 6-6-6-6"[39m
                        [36m/>[39m
                      [36m</svg>[39m
                    [36m</button>[39m
                  [36m</div>[39m
                  [36m<div[39m
                    [33mclass[39m=[32m"flex items-center gap-3 mb-3 p-2 bg-white/5 rounded-lg"[39m
                  [36m>[39m
                    [36m<span[39m
                      [33mclass[39m=[32m"text-sm text-white/60"[39m
                    [36m>[39m
                      [0mQA[0m
                    [36m</span>[39m
                    [36m<svg[39m
                      [33mclass[39m=[32m"w-4 h-4 text-white/40"[39m
                      [33mfill[39m=[32m"none"[39m
                      [33mheight[39m=[32m"24"[39m
                      [33mstroke[39m=[32m"currentColor"[39m
                      [33mstroke-linecap[39m=[32m"round"[39m
                      [33mstroke-linejoin[39m=[32m"round"[39m
                      [33mstroke-width[39m=[32m"2"[39m
                      [33mviewBox[39m=[32m"0 0 24 24"[39m
                      [33mwidth[39m=[32m"24"[39m
                      [33mxmlns[39m=[32m"http://www.w3.org/2000/svg"[39m
                    [36m>[39m
                      [36m<path[39m
                        [33md[39m=[32m"M5 12h14"[39m
                      [36m/>[39m
                      [36m<path[39m
                        [33md[39m=[32m"m12 5 7 7-7 7"[39m
                      [36m/>[39m
                    [36m</svg>[39m
                    [36m<span[39m
                      [33mclass[39m=[32m"text-sm text-white/80 font-medium"[39m
                    [36m>[39m
                      [0mMaintenance[0m
                    [36m</span>[39m
                  [36m</div>[39m
                  [36m<div[39m
                    [33mclass[39m=[32m"flex flex-wrap gap-4 text-xs text-white/60"[39m
                  [36m>[39m
                    [36m<div[39m
                      [33mclass[39m=[32m"flex items-center gap-1.5"[39m
                    [36m>[39m
                      [36m<svg[39m
                        [33mclass[39m=[32m"w-3.5 h-3.5"[39m
                        [33mfill[39m=[32m"none"[39m
                        [33mheight[39m=[32m"24"[39m
                        [33mstroke[39m=[32m"currentColor"[39m
                        [33mstroke-linecap[39m=[32m"round"[39m
                        [33mstroke-linejoin[39m=[32m"round"[39m
                        [33mstroke-width[39m=[32m"2"[39m
                        [33mviewBox[39m=[32m"0 0 24 24"[39m
                        [33mwidth[39m=[32m"24"[39m
                        [33mxmlns[39m=[32m"http://www.w3.org/2000/svg"[39m
                      [36m>[39m
                        [36m<rect[39m
                          [33mheight[39m=[32m"18"[39m
                          [33mrx[39m=[32m"2"[39m
                          [33mry[39m=[32m"2"[39m
                          [33mwidth[39m=[32m"18"[39m
                          [33mx[39m=[32m"3"[39m
                          [33my[39m=[32m"4"[39m
                        [36m/>[39m
                        [36m<line[39m
                          [33mx1[39m=[32m"16"[39m
                          [33mx2[39m=[32m"16"[39m
                          [33my1[39m=[32m"2"[39m
                          [33my2[39m=[32m"6"[39m
                        [36m/>[39m
                        [36m<line[39m
                          [33mx1[39m=[32m"8"[39m
                          [33mx2[39m=[32m"8"[39m
                          [33my1[39m=[32m"2"[39m
                          [33my2[39m=[32m"6"[39m
                        [36m/>[39m
                        [36m<line[39m
                          [33mx1[39m=[32m"3"[39m
                          [33mx2[39m=[32m"21"[39m
                          [33my1[39m=[32m"10"[39m
                          [33my2[39m=[32m"10"[39m
                        [36m/>[39m
                      [36m</svg>[39m
                      [36m<span>[39m
                        [0m1/15/2024, 2:00:00 PM[0m
                      [36m</span>[39m
                      [36m<span[39m
                        [33mclass[39m=[32m"text-white/40"[39m
                      [36m>[39m
                        [0m([0m
                        [0m1/15/2024[0m
                        [0m)[0m
                      [36m</span>[39m
                    [36m</div>[39m
                    [36m<div[39m
                      [33mclass[39m=[32m"flex items-center gap-1.5"[39m
                    [36m>[39m
                      [36m<svg[39m
                        [33mclass[39m=[32m"w-3.5 h-3.5"[39m
                        [33mfill[39m=[32m"none"[39m
                        [33mheight[39m=[32m"24"[39m
                        [33mstroke[39m=[32m"currentColor"[39m
                        [33mstroke-linecap[39m=[32m"round"[39m
                        [33mstroke-linejoin[39m=[32m"round"[39m
                        [33mstroke-width[39m=[32m"2"[39m
                        [33mviewBox[39m=[32m"0 0 24 24"[39m
                        [33mwidth[39m=[32m"24"[39m
                        [33mxmlns[39m=[32m"http://www.w3.org/2000/svg"[39m
                      [36m>[39m
                        [36m<path[39m
                          [33md[39m=[32m"M19 21v-2a4 4 0 0 0-4-4H9a4 4 0 0 0-4 4v2"[39m
                        [36m/>[39m
                        [36m<circle[39m
                          [33mcx[39m=[32m"12"[39m
                          [33mcy[39m=[32m"7"[39m
                          [33mr[39m=[32m"4"[39m
                        [36m/>[39m
                      [36m</svg>[39m
                      [36m<span[39m
                        [33mclass[39m=[32m"font-mono"[39m
                      [36m>[39m
                        [0mqa-user-[0m
                      [36m</span>[39m
                    [36m</div>[39m
                  [36m</div>[39m
                [36m</div>[39m
              [36m</div>[39m
            [36m</div>[39m
          [36m</div>[39m
        [36m</div>[39m
      [36m</div>[39m
    [36m</div>[39m
  [36m</div>[39m
[36m</body>[39m

Ignored nodes: comments, script, style
[36m<html>[39m
  [36m<head />[39m
  [36m<body>[39m
    [36m<div>[39m
      [36m<div[39m
        [33mclass[39m=[32m"space-y-6"[39m
      [36m>[39m
        [36m<div[39m
          [33mclass[39m=[32m"flex items-center justify-between"[39m
        [36m>[39m
          [36m<div>[39m
            [36m<h3[39m
              [33mclass[39m=[32m"text-lg font-semibold text-white"[39m
            [36m>[39m
              [0mHandover History[0m
            [36m</h3>[39m
            [36m<p[39m
              [33mclass[39m=[32m"text-sm text-white/60 mt-1"[39m
            [36m>[39m
              [0m2[0m
              [0m handover[0m
              [0ms[0m
              [36m<span>[39m
                [0m · [0m
                [0mCurrent owner: [0m
                [0mMaintenance[0m
              [36m</span>[39m
            [36m</p>[39m
          [36m</div>[39m
        [36m</div>[39m
        [36m<div[39m
          [33mclass[39m=[32m"space-y-0"[39m
        [36m>[39m
          [36m<div[39m
            [33mclass[39m=[32m"relative"[39m
          [36m>[39m
            [36m<div[39m
              [33mclass[39m=[32m"absolute left-6 top-16 bottom-0 w-0.5 bg-white/10"[39m
            [36m/>[39m
            [36m<div[39m
              [33mclass[39m=[32m"flex gap-4"[39m
            [36m>[39m
              [36m<div[39m
                [33mclass[39m=[32m"flex-shrink-0 w-12 h-12 rounded-full flex items-center justify-center border-2 bg-blue-500/20 border-blue-500/50"[39m
              [36m>[39m
                [36m<svg[39m
                  [33mclass[39m=[32m"w-6 h-6 text-blue-400"[39m
                  [33mfill[39m=[32m"none"[39m
                  [33mheight[39m=[32m"24"[39m
                  [33mstroke[39m=[32m"currentColor"[39m
                  [33mstroke-linecap[39m=[32m"round"[39m
                  [33mstroke-linejoin[39m=[32m"round"[39m
                  [33mstroke-width[39m=[32m"2"[39m
                  [33mviewBox[39m=[32m"0 0 24 24"[39m
                  [33mwidth[39m=[32m"24"[39m
                  [33mxmlns[39m=[32m"http://www.w3.org/2000/svg"[39m
                [36m>[39m
                  [36m<circle[39m
                    [33mcx[39m=[32m"12"[39m
                    [33mcy[39m=[32m"12"[39m
                    [33mr[39m=[32m"10"[39m
                  [36m/>[39m
                  [36m<polyline[39m
                    [33mpoints[39m=[32m"12 6 12 12 16 14"[39m
                  [36m/>[39m
                [36m</svg>[39m
              [36m</div>[39m
              [36m<div[39m
                [33mclass[39m=[32m"flex-1 pb-8"[39m
              [36m>[39m
                [36m<div[39m
                  [33mclass[39m=[32m"border rounded-lg overflow-hidden border-white/10 bg-white/5"[39m
                [36m>[39m
                  [36m<div[39m
                    [33mclass[39m=[32m"p-4"[39m
                  [36m>[39m
                    [36m<div[39m
                      [33mclass[39m=[32m"flex items-start justify-between mb-3"[39m
                    [36m>[39m
                      [36m<div>[39m
                        [36m<h4[39m
                          [33mclass[39m=[32m"text-base font-semibold text-white mb-1"[39m
                        [36m>[39m
                          [0mBuild to QA[0m
                        [36m</h4>[39m
                      [36m</div>[39m
                      [36m<button[39m
                        [33maria-label[39m=[32m"View details"[39m
                        [33mclass[39m=[32m"flex items-center gap-1 text-sm text-blue-400 hover:text-blue-300 transition-colors"[39m
                        [33mrole[39m=[32m"button"[39m
                      [36m>[39m
                        [0mView Details[0m
                        [36m<svg[39m
                          [33mclass[39m=[32m"w-4 h-4 transition-transform"[39m
                          [33mfill[39m=[32m"none"[39m
                          [33mheight[39m=[32m"24"[39m
                          [33mstroke[39m=[32m"currentColor"[39m
                          [33mstroke-linecap[39m=[32m"round"[39m
                          [33mstroke-linejoin[39m=[32m"round"[39m
                          [33mstroke-width[39m=[32m"2"[39m
                          [33mviewBox[39m=[32m"0 0 24 24"[39m
                          [33mwidth[39m=[32m"24"[39m
                          [33mxmlns[39m=[32m"http://www.w3.org/2000/svg"[39m
                        [36m>[39m
                          [36m<path[39m
                            [33md[39m=[32m"m9 18 6-6-6-6"[39m
                          [36m/>[39m
                        [36m</svg>[39m
                      [36m</button>[39m
                    [36m</div>[39m
                    [36m<div[39m
                      [33mclass[39m=[32m"flex items-center gap-3 mb-3 p-2 bg-white/5 rounded-lg"[39m
                    [36m>[39m
                      [36m<span[39m
                        [33mclass[39m=[32m"text-sm text-white/60"[39m
                      [36m>[39m
                        [0mBuild[0m
                      [36m</span>[39m
                      [36m<svg[39m
                        [33mclass[39m=[32m"w-4 h-4 text-white/40"[39m
                        [33mfill[39m=[32m"none"[39m
                        [33mheight[39m=[32m"24"[39m
                        [33mstroke[39m=[32m"currentColor"[39m
                        [33mstroke-linecap[39m=[32m"round"[39m
                        [33mstroke-linejoin[39m=[32m"round"[39m
                        [33mstroke-width[39m=[32m"2"[39m
                        [33mviewBox[39m=[32m"0 0 24 24"[39m
                        [33mwidth[39m=[32m"24"[39m
                        [33mxmlns[39m=[32m"http://www.w3.org/2000/svg"[39m
                      [36m>[39m
                        [36m<path[39m
                          [33md[39m=[32m"M5 12h14"[39m
                        [36m/>[39m
                        [36m<path[39m
                          [33md[39m=[32m"m12 5 7 7-7 7"[39m
                        [36m/>[39m
                      [36m</svg>[39m
                      [36m<span[39m
                        [33mclass[39m=[32m"text-sm text-white/80 font-medium"[39m
                      [36m>[39m
                        [0mQA[0m
                      [36m</span>[39m
                    [36m</div>[39m
                    [36m<div[39m
                      [33mclass[39m=[32m"flex flex-wrap gap-4 text-xs text-white/60"[39m
                    [36m>[39m
                      [36m<div[39m
                        [33mclass[39m=[32m"flex items-center gap-1.5"[39m
                      [36m>[39m
                        [36m<svg[39m
                          [33mclass[39m=[32m"w-3.5 h-3.5"[39m
                          [33mfill[39m=[32m"none"[39m
                          [33mheight[39m=[32m"24"[39m
                          [33mstroke[39m=[32m"currentColor"[39m
                          [33mstroke-linecap[39m=[32m"round"[39m
                          [33mstroke-linejoin[39m=[32m"round"[39m
                          [33mstroke-width[39m=[32m"2"[39m
                          [33mviewBox[39m=[32m"0 0 24 24"[39m
                          [33mwidth[39m=[32m"24"[39m
                          [33mxmlns[39m=[32m"http://www.w3.org/2000/svg"[39m
                        [36m>[39m
                          [36m<rect[39m
                            [33mheight[39m=[32m"18"[39m
                            [33mrx[39m=[32m"2"[39m
                            [33mry[39m=[32m"2"[39m
                            [33mwidth[39m=[32m"18"[39m
                            [33mx[39m=[32m"3"[39m
                            [33my[39m=[32m"4"[39m
                          [36m/>[39m
                          [36m<line[39m
                            [33mx1[39m=[32m"16"[39m
                            [33mx2[39m=[32m"16"[39m
                            [33my1[39m=[32m"2"[39m
                            [33my2[39m=[32m"6"[39m
                          [36m/>[39m
                          [36m<line[39m
                            [33mx1[39m=[32m"8"[39m
                            [33mx2[39m=[32m"8"[39m
                            [33my1[39m=[32m"2"[39m
                            [33my2[39m=[32m"6"[39m
                          [36m/>[39m
                          [36m<line[39m
                            [33mx1[39m=[32m"3"[39m
                            [33mx2[39m=[32m"21"[39m
                            [33my1[39m=[32m"10"[39m
                            [33my2[39m=[32m"10"[39m
                          [36m/>[39m
                        [36m</svg>[39m
                        [36m<span>[39m
                          [0m1/10/2024, 12:00:00 PM[0m
                        [36m</span>[39m
                        [36m<span[39m
                          [33mclass[39m=[32m"text-white/40"[39m
                        [36m>[39m
                          [0m([0m
                          [0m1/10/2024[0m
                          [0m)[0m
                        [36m</span>[39m
                      [36m</div>[39m
                      [36m<div[39m
                        [33mclass[39m=[32m"flex items-center gap-1.5"[39m
                      [36m>[39m
                        [36m<svg[39m
                          [33mclass[39m=[32m"w-3.5 h-3.5"[39m
                          [33mfill[39m=[32m"none"[39m
                          [33mheight[39m=[32m"24"[39m
                          [33mstroke[39m=[32m"currentColor"[39m
                          [33mstroke-linecap[39m=[32m"round"[39m
                          [33mstroke-linejoin[39m=[32m"round"[39m
                          [33mstroke-width[39m=[32m"2"[39m
                          [33mviewBox[39m=[32m"0 0 24 24"[39m
                          [33mwidth[39m=[32m"24"[39m
                          [33mxmlns[39m=[32m"http://www.w3.org/2000/svg"[39m
                        [36m>[39m
                          [36m<path[39m
                            [33md[39m=[32m"M19 21v-2a4 4 0 0 0-4-4H9a4 4 0 0 0-4 4v2"[39m
                          [36m/>[39m
                          [36m<circle[39m
                            [33mcx[39m=[32m"12"[39m
                            [33mcy[39m=[32m"7"[39m
                            [33mr[39m=[32m"4"[39m
                          [36m/>[39m
                        [36m</svg>[39m
                        [36m<span[39m
                          [33mclass[39m=[32m"font-mono"[39m
                        [36m>[39m
                          [0mbuild-us[0m
                        [36m</span>[39m
                      [36m</div>[39m
                    [36m</div>[39m
                  [36m</div>[39m
                [36m</div>[39m
              [36m</div>[39m
            [36m</div>[39m
          [36m</div>[39m
          [36m<div[39m
            [33mclass[39m=[32m"relative"[39m
          [36m>[39m
            [36m<div[39m
              [33mclass[39m=[32m"flex gap-4"[39m
            [36m>[39m
              [36m<div[39m
                [33mclass[39m=[32m"flex-shrink-0 w-12 h-12 rounded-full flex items-center justify-center border-2 bg-green-500/20 border-green-500/50"[39m
              [36m>[39m
                [36m<svg[39m
                  [33mclass[39m=[32m"w-6 h-6 text-green-400"[39m
                  [33mfill[39m=[32m"none"[39m
                  [33mheight[39m=[32m"24"[39m
                  [33mstroke[39m=[32m"currentColor"[39m
                  [33mstroke-linecap[39m=[32m"round"[39m
                  [33mstroke-linejoin[39m=[32m"round"[39m
                  [33mstroke-width[39m=[32m"2"[39m
                  [33mviewBox[39m=[32m"0 0 24 24"[39m
                  [33mwidth[39m=[32m"24"[39m
                  [33mxmlns[39m=[32m"http://www.w3.org/2000/svg"[39m
                [36m>[39m
                  [36m<path[39m
                    [33md[39m=[32m"M12 22c5.523 0 10-4.477 10-10S17.523 2 12 2 2 6.477 2 12s4.477 10 10 10z"[39m
                  [36m/>[39m
                  [36m<path[39m
                    [33md[39m=[32m"m9 12 2 2 4-4"[39m
                  [36m/>[39m
                [36m</svg>[39m
              [36m</div>[39m
              [36m<div[39m
                [33mclass[39m=[32m"flex-1 pb-8"[39m
              [36m>[39m
                [36m<div[39m
                  [33mclass[39m=[32m"border rounded-lg overflow-hidden border-green-500/30 bg-green-500/5"[39m
                [36m>[39m
                  [36m<div[39m
                    [33mclass[39m=[32m"p-4"[39m
                  [36m>[39m
                    [36m<div[39m
                      [33mclass[39m=[32m"flex items-start justify-between mb-3"[39m
                    [36m>[39m
                      [36m<div>[39m
                        [36m<h4[39m
                          [33mclass[39m=[32m"text-base font-semibold text-white mb-1"[39m
                        [36m>[39m
                          [0mQA to Maintenance[0m
                        [36m</h4>[39m
                        [36m<span[39m
                          [33mclass[39m=[32m"px-2 py-0.5 bg-green-500/20 text-green-400 rounded text-xs font-medium"[39m
                        [36m>[39m
                          [0mCurrent Owner[0m
                        [36m</span>[39m
                      [36m</div>[39m
                      [36m<button[39m
                        [33maria-label[39m=[32m"View details"[39m
                        [33mclass[39m=[32m"flex items-center gap-1 text-sm text-blue-400 hover:text-blue-300 transition-colors"[39m
                        [33mrole[39m=[32m"button"[39m
                      [36m>[39m
                        [0mView Details[0m
                        [36m<svg[39m
                          [33mclass[39m=[32m"w-4 h-4 transition-transform"[39m
                          [33mfill[39m=[32m"none"[39m
                          [33mheight[39m=[32m"24"[39m
                          [33mstroke[39m=[32m"currentColor"[39m
                          [33mstroke-linecap[39m=[32m"round"[39m
                          [33mstroke-linejoin[39m=[32m"round"[39m
                          [33mstroke-width[39m=[32m"2"[39m
                          [33mviewBox[39m=[32m"0 0 24 24"[39m
                          [33mwidth[39m=[32m"24"[39m
                          [33mxmlns[39m=[32m"http://www.w3.org/2000/svg"[39m
                        [36m>[39m
                          [36m<path[39m
                            [33md[39m=[32m"m9 18 6-6-6-6"[39m
                          [36m/>[39m
                        [36m</svg>[39m
                      [36m</button>[39m
                    [36m</div>[39m
                    [36m<div[39m
                      [33mclass[39m=[32m"flex items-center gap-3 mb-3 p-2 bg-white/5 rounded-lg"[39m
                    [36m>[39m
                      [36m<span[39m
                        [33mclass[39m=[32m"text-sm text-white/60"[39m
                      [36m>[39m
                        [0mQA[0m
                      [36m</span>[39m
                      [36m<svg[39m
                        [33mclass[39m=[32m"w-4 h-4 text-white/40"[39m
                        [33mfill[39m=[32m"none"[39m
                        [33mheight[39m=[32m"24"[39m
                        [33mstroke[39m=[32m"currentColor"[39m
                        [33mstroke-linecap[39m=[32m"round"[39m
                        [33mstroke-linejoin[39m=[32m"round"[39m
                        [33mstroke-width[39m=[32m"2"[39m
                        [33mviewBox[39m=[32m"0 0 24 24"[39m
                        [33mwidth[39m=[32m"24"[39m
                        [33mxmlns[39m=[32m"http://www.w3.org/2000/svg"[39m
                      [36m>[39m
                        [36m<path[39m
                          [33md[39m=[32m"M5 12h14"[39m
                        [36m/>[39m
                        [36m<path[39m
                          [33md[39m=[32m"m12 5 7 7-7 7"[39m
                        [36m/>[39m
                      [36m</svg>[39m
                      [36m<span[39m
                        [33mclass[39m=[32m"text-sm text-white/80 font-medium"[39m
                      [36m>[39m
                        [0mMaintenance[0m
                      [36m</span>[39m
                    [36m</div>[39m
                    [36m<div[39m
                      [33mclass[39m=[32m"flex flex-wrap gap-4 text-xs text-white/60"[39m
                    [36m>[39m
                      [36m<div[39m
                        [33mclass[39m=[32m"flex items-center gap-1.5"[39m
                      [36m>[39m
                        [36m<svg[39m
                          [33mclass[39m=[32m"w-3.5 h-3.5"[39m
                          [33mfill[39m=[32m"none"[39m
                          [33mheight[39m=[32m"24"[39m
                          [33mstroke[39m=[32m"currentColor"[39m
                          [33mstroke-linecap[39m=[32m"round"[39m
                          [33mstroke-linejoin[39m=[32m"round"[39m
                          [33mstroke-width[39m=[32m"2"[39m
                          [33mviewBox[39m=[32m"0 0 24 24"[39m
                          [33mwidth[39m=[32m"24"[39m
                          [33mxmlns[39m=[32m"http://www.w3.org/2000/svg"[39m
                        [36m>[39m
                          [36m<rect[39m
                            [33mheight[39m=[32m"18"[39m
                            [33mrx[39m=[32m"2"[39m
                            [33mry[39m=[32m"2"[39m
                            [33mwidth[39m=[32m"18"[39m
                            [33mx[39m=[32m"3"[39m
                            [33my[39m=[32m"4"[39m
                          [36m/>[39m
                          [36m<line[39m
                            [33mx1[39m=[32m"16"[39m
                            [33mx2[39m=[32m"16"[39m
                            [33my1[39m=[32m"2"[39m
                            [33my2[39m=[32m"6"[39m
                          [36m/>[39m
                          [36m<line[39m
                            [33mx1[39m=[32m"8"[39m
                            [33mx2[39m=[32m"8"[39m
                            [33my1[39m=[32m"2"[39m
                            [33my2[39m=[32m"6"[39m
                          [36m/>[39m
                          [36m<line[39m
                            [33mx1[39m=[32m"3"[39m
                            [33mx2[39m=[32m"21"[39m
                            [33my1[39m=[32m"10"[39m
                            [33my2[39m=[32m"10"[39m
                          [36m/>[39m
                        [36m</svg>[39m
                        [36m<span>[39m
                          [0m1/15/2024, 2:00:00 PM[0m
                        [36m</span>[39m
                        [36m<span[39m
                          [33mclass[39m=[32m"text-white/40"[39m
                        [36m>[39m
                          [0m([0m
                          [0m1/15/2024[0m
                          [0m)[0m
                        [36m</span>[39m
                      [36m</div>[39m
                      [36m<div[39m
                        [33mclass[39m=[32m"flex items-center gap-1.5"[39m
                      [36m>[39m
                        [36m<svg[39m
                          [33mclass[39m=[32m"w-3.5 h-3.5"[39m
                          [33mfill[39m=[32m"none"[39m
                          [33mheight[39m=[32m"24"[39m
                          [33mstroke[39m=[32m"currentColor"[39m
                          [33mstroke-linecap[39m=[32m"round"[39m
                          [33mstroke-linejoin[39m=[32m"round"[39m
                          [33mstroke-width[39m=[32m"2"[39m
                          [33mviewBox[39m=[32m"0 0 24 24"[39m
                          [33mwidth[39m=[32m"24"[39m
                          [33mxmlns[39m=[32m"http://www.w3.org/2000/svg"[39m
                        [36m>[39m
                          [36m<path[39m
                            [33md[39m=[32m"M19 21v-2a4 4 0 0 0-4-4H9a4 4 0 0 0-4 4v2"[39m
                          [36m/>[39m
                          [36m<circle[39m
                            [33mcx[39m=[32m"12"[39m
                            [33mcy[39m=[32m"7"[39m
                            [33mr[39m=[32m"4"[39m
                          [36m/>[39m
                        [36m</svg>[39m
                        [36m<span[39m
                          [33mclass[39m=[32m"font-mono"[39m
                        [36m>[39m
                          [0mqa-user-[0m
                        [36m</span>[39m
                      [36m</div>[39m
                    [36m</div>[39m
                  [36m</div>[39m
                [36m</div>[39m
              [36m</div>[39m
            [36m</div>[39m
          [36m</div>[39m
        [36m</div>[39m
      [36m</div>[39m
    [36m</div>[39m
  [36m</body>[39m
[36m</html>[39m
   ❯ src/modules/ticketing/__tests__/components/HandoverHistory.test.tsx > HandoverHistory Component > Timeline Display > should display handover timestamps
     → Found multiple elements with the text: /2024/i

Here are the matching elements:

Ignored nodes: comments, script, style
[36m<span>[39m
  [0m1/10/2024, 12:00:00 PM[0m
[36m</span>[39m

Ignored nodes: comments, script, style
[36m<span[39m
  [33mclass[39m=[32m"text-white/40"[39m
[36m>[39m
  [0m([0m
  [0m1/10/2024[0m
  [0m)[0m
[36m</span>[39m

Ignored nodes: comments, script, style
[36m<span>[39m
  [0m1/15/2024, 2:00:00 PM[0m
[36m</span>[39m

Ignored nodes: comments, script, style
[36m<span[39m
  [33mclass[39m=[32m"text-white/40"[39m
[36m>[39m
  [0m([0m
  [0m1/15/2024[0m
  [0m)[0m
[36m</span>[39m

(If this is intentional, then use the `*AllBy*` variant of the query (like `queryAllByText`, `getAllByText`, or `findAllByText`)).

Ignored nodes: comments, script, style
[36m<body>[39m
  [36m<div>[39m
    [36m<div[39m
      [33mclass[39m=[32m"space-y-6"[39m
    [36m>[39m
      [36m<div[39m
        [33mclass[39m=[32m"flex items-center justify-between"[39m
      [36m>[39m
        [36m<div>[39m
          [36m<h3[39m
            [33mclass[39m=[32m"text-lg font-semibold text-white"[39m
          [36m>[39m
            [0mHandover History[0m
          [36m</h3>[39m
          [36m<p[39m
            [33mclass[39m=[32m"text-sm text-white/60 mt-1"[39m
          [36m>[39m
            [0m2[0m
            [0m handover[0m
            [0ms[0m
            [36m<span>[39m
              [0m · [0m
              [0mCurrent owner: [0m
              [0mMaintenance[0m
            [36m</span>[39m
          [36m</p>[39m
        [36m</div>[39m
      [36m</div>[39m
      [36m<div[39m
        [33mclass[39m=[32m"space-y-0"[39m
      [36m>[39m
        [36m<div[39m
          [33mclass[39m=[32m"relative"[39m
        [36m>[39m
          [36m<div[39m
            [33mclass[39m=[32m"absolute left-6 top-16 bottom-0 w-0.5 bg-white/10"[39m
          [36m/>[39m
          [36m<div[39m
            [33mclass[39m=[32m"flex gap-4"[39m
          [36m>[39m
            [36m<div[39m
              [33mclass[39m=[32m"flex-shrink-0 w-12 h-12 rounded-full flex items-center justify-center border-2 bg-blue-500/20 border-blue-500/50"[39m
            [36m>[39m
              [36m<svg[39m
                [33mclass[39m=[32m"w-6 h-6 text-blue-400"[39m
                [33mfill[39m=[32m"none"[39m
                [33mheight[39m=[32m"24"[39m
                [33mstroke[39m=[32m"currentColor"[39m
                [33mstroke-linecap[39m=[32m"round"[39m
                [33mstroke-linejoin[39m=[32m"round"[39m
                [33mstroke-width[39m=[32m"2"[39m
                [33mviewBox[39m=[32m"0 0 24 24"[39m
                [33mwidth[39m=[32m"24"[39m
                [33mxmlns[39m=[32m"http://www.w3.org/2000/svg"[39m
              [36m>[39m
                [36m<circle[39m
                  [33mcx[39m=[32m"12"[39m
                  [33mcy[39m=[32m"12"[39m
                  [33mr[39m=[32m"10"[39m
                [36m/>[39m
                [36m<polyline[39m
                  [33mpoints[39m=[32m"12 6 12 12 16 14"[39m
                [36m/>[39m
              [36m</svg>[39m
            [36m</div>[39m
            [36m<div[39m
              [33mclass[39m=[32m"flex-1 pb-8"[39m
            [36m>[39m
              [36m<div[39m
                [33mclass[39m=[32m"border rounded-lg overflow-hidden border-white/10 bg-white/5"[39m
              [36m>[39m
                [36m<div[39m
                  [33mclass[39m=[32m"p-4"[39m
                [36m>[39m
                  [36m<div[39m
                    [33mclass[39m=[32m"flex items-start justify-between mb-3"[39m
                  [36m>[39m
                    [36m<div>[39m
                      [36m<h4[39m
                        [33mclass[39m=[32m"text-base font-semibold text-white mb-1"[39m
                      [36m>[39m
                        [0mBuild to QA[0m
                      [36m</h4>[39m
                    [36m</div>[39m
                    [36m<button[39m
                      [33maria-label[39m=[32m"View details"[39m
                      [33mclass[39m=[32m"flex items-center gap-1 text-sm text-blue-400 hover:text-blue-300 transition-colors"[39m
                      [33mrole[39m=[32m"button"[39m
                    [36m>[39m
                      [0mView Details[0m
                      [36m<svg[39m
                        [33mclass[39m=[32m"w-4 h-4 transition-transform"[39m
                        [33mfill[39m=[32m"none"[39m
                        [33mheight[39m=[32m"24"[39m
                        [33mstroke[39m=[32m"currentColor"[39m
                        [33mstroke-linecap[39m=[32m"round"[39m
                        [33mstroke-linejoin[39m=[32m"round"[39m
                        [33mstroke-width[39m=[32m"2"[39m
                        [33mviewBox[39m=[32m"0 0 24 24"[39m
                        [33mwidth[39m=[32m"24"[39m
                        [33mxmlns[39m=[32m"http://www.w3.org/2000/svg"[39m
                      [36m>[39m
                        [36m<path[39m
                          [33md[39m=[32m"m9 18 6-6-6-6"[39m
                        [36m/>[39m
                      [36m</svg>[39m
                    [36m</button>[39m
                  [36m</div>[39m
                  [36m<div[39m
                    [33mclass[39m=[32m"flex items-center gap-3 mb-3 p-2 bg-white/5 rounded-lg"[39m
                  [36m>[39m
                    [36m<span[39m
                      [33mclass[39m=[32m"text-sm text-white/60"[39m
                    [36m>[39m
                      [0mBuild[0m
                    [36m</span>[39m
                    [36m<svg[39m
                      [33mclass[39m=[32m"w-4 h-4 text-white/40"[39m
                      [33mfill[39m=[32m"none"[39m
                      [33mheight[39m=[32m"24"[39m
                      [33mstroke[39m=[32m"currentColor"[39m
                      [33mstroke-linecap[39m=[32m"round"[39m
                      [33mstroke-linejoin[39m=[32m"round"[39m
                      [33mstroke-width[39m=[32m"2"[39m
                      [33mviewBox[39m=[32m"0 0 24 24"[39m
                      [33mwidth[39m=[32m"24"[39m
                      [33mxmlns[39m=[32m"http://www.w3.org/2000/svg"[39m
                    [36m>[39m
                      [36m<path[39m
                        [33md[39m=[32m"M5 12h14"[39m
                      [36m/>[39m
                      [36m<path[39m
                        [33md[39m=[32m"m12 5 7 7-7 7"[39m
                      [36m/>[39m
                    [36m</svg>[39m
                    [36m<span[39m
                      [33mclass[39m=[32m"text-sm text-white/80 font-medium"[39m
                    [36m>[39m
                      [0mQA[0m
                    [36m</span>[39m
                  [36m</div>[39m
                  [36m<div[39m
                    [33mclass[39m=[32m"flex flex-wrap gap-4 text-xs text-white/60"[39m
                  [36m>[39m
                    [36m<div[39m
                      [33mclass[39m=[32m"flex items-center gap-1.5"[39m
                    [36m>[39m
                      [36m<svg[39m
                        [33mclass[39m=[32m"w-3.5 h-3.5"[39m
                        [33mfill[39m=[32m"none"[39m
                        [33mheight[39m=[32m"24"[39m
                        [33mstroke[39m=[32m"currentColor"[39m
                        [33mstroke-linecap[39m=[32m"round"[39m
                        [33mstroke-linejoin[39m=[32m"round"[39m
                        [33mstroke-width[39m=[32m"2"[39m
                        [33mviewBox[39m=[32m"0 0 24 24"[39m
                        [33mwidth[39m=[32m"24"[39m
                        [33mxmlns[39m=[32m"http://www.w3.org/2000/svg"[39m
                      [36m>[39m
                        [36m<rect[39m
                          [33mheight[39m=[32m"18"[39m
                          [33mrx[39m=[32m"2"[39m
                          [33mry[39m=[32m"2"[39m
                          [33mwidth[39m=[32m"18"[39m
                          [33mx[39m=[32m"3"[39m
                          [33my[39m=[32m"4"[39m
                        [36m/>[39m
                        [36m<line[39m
                          [33mx1[39m=[32m"16"[39m
                          [33mx2[39m=[32m"16"[39m
                          [33my1[39m=[32m"2"[39m
                          [33my2[39m=[32m"6"[39m
                        [36m/>[39m
                        [36m<line[39m
                          [33mx1[39m=[32m"8"[39m
                          [33mx2[39m=[32m"8"[39m
                          [33my1[39m=[32m"2"[39m
                          [33my2[39m=[32m"6"[39m
                        [36m/>[39m
                        [36m<line[39m
                          [33mx1[39m=[32m"3"[39m
                          [33mx2[39m=[32m"21"[39m
                          [33my1[39m=[32m"10"[39m
                          [33my2[39m=[32m"10"[39m
                        [36m/>[39m
                      [36m</svg>[39m
                      [36m<span>[39m
                        [0m1/10/2024, 12:00:00 PM[0m
                      [36m</span>[39m
                      [36m<span[39m
                        [33mclass[39m=[32m"text-white/40"[39m
                      [36m>[39m
                        [0m([0m
                        [0m1/10/2024[0m
                        [0m)[0m
                      [36m</span>[39m
                    [36m</div>[39m
                    [36m<div[39m
                      [33mclass[39m=[32m"flex items-center gap-1.5"[39m
                    [36m>[39m
                      [36m<svg[39m
                        [33mclass[39m=[32m"w-3.5 h-3.5"[39m
                        [33mfill[39m=[32m"none"[39m
                        [33mheight[39m=[32m"24"[39m
                        [33mstroke[39m=[32m"currentColor"[39m
                        [33mstroke-linecap[39m=[32m"round"[39m
                        [33mstroke-linejoin[39m=[32m"round"[39m
                        [33mstroke-width[39m=[32m"2"[39m
                        [33mviewBox[39m=[32m"0 0 24 24"[39m
                        [33mwidth[39m=[32m"24"[39m
                        [33mxmlns[39m=[32m"http://www.w3.org/2000/svg"[39m
                      [36m>[39m
                        [36m<path[39m
                          [33md[39m=[32m"M19 21v-2a4 4 0 0 0-4-4H9a4 4 0 0 0-4 4v2"[39m
                        [36m/>[39m
                        [36m<circle[39m
                          [33mcx[39m=[32m"12"[39m
                          [33mcy[39m=[32m"7"[39m
                          [33mr[39m=[32m"4"[39m
                        [36m/>[39m
                      [36m</svg>[39m
                      [36m<span[39m
                        [33mclass[39m=[32m"font-mono"[39m
                      [36m>[39m
                        [0mbuild-us[0m
                      [36m</span>[39m
                    [36m</div>[39m
                  [36m</div>[39m
                [36m</div>[39m
              [36m</div>[39m
            [36m</div>[39m
          [36m</div>[39m
        [36m</div>[39m
        [36m<div[39m
          [33mclass[39m=[32m"relative"[39m
        [36m>[39m
          [36m<div[39m
            [33mclass[39m=[32m"flex gap-4"[39m
          [36m>[39m
            [36m<div[39m
              [33mclass[39m=[32m"flex-shrink-0 w-12 h-12 rounded-full flex items-center justify-center border-2 bg-green-500/20 border-green-500/50"[39m
            [36m>[39m
              [36m<svg[39m
                [33mclass[39m=[32m"w-6 h-6 text-green-400"[39m
                [33mfill[39m=[32m"none"[39m
                [33mheight[39m=[32m"24"[39m
                [33mstroke[39m=[32m"currentColor"[39m
                [33mstroke-linecap[39m=[32m"round"[39m
                [33mstroke-linejoin[39m=[32m"round"[39m
                [33mstroke-width[39m=[32m"2"[39m
                [33mviewBox[39m=[32m"0 0 24 24"[39m
                [33mwidth[39m=[32m"24"[39m
                [33mxmlns[39m=[32m"http://www.w3.org/2000/svg"[39m
              [36m>[39m
                [36m<path[39m
                  [33md[39m=[32m"M12 22c5.523 0 10-4.477 10-10S17.523 2 12 2 2 6.477 2 12s4.477 10 10 10z"[39m
                [36m/>[39m
                [36m<path[39m
                  [33md[39m=[32m"m9 12 2 2 4-4"[39m
                [36m/>[39m
              [36m</svg>[39m
            [36m</div>[39m
            [36m<div[39m
              [33mclass[39m=[32m"flex-1 pb-8"[39m
            [36m>[39m
              [36m<div[39m
                [33mclass[39m=[32m"border rounded-lg overflow-hidden border-green-500/30 bg-green-500/5"[39m
              [36m>[39m
                [36m<div[39m
                  [33mclass[39m=[32m"p-4"[39m
                [36m>[39m
                  [36m<div[39m
                    [33mclass[39m=[32m"flex items-start justify-between mb-3"[39m
                  [36m>[39m
                    [36m<div>[39m
                      [36m<h4[39m
                        [33mclass[39m=[32m"text-base font-semibold text-white mb-1"[39m
                      [36m>[39m
                        [0mQA to Maintenance[0m
                      [36m</h4>[39m
                      [36m<span[39m
                        [33mclass[39m=[32m"px-2 py-0.5 bg-green-500/20 text-green-400 rounded text-xs font-medium"[39m
                      [36m>[39m
                        [0mCurrent Owner[0m
                      [36m</span>[39m
                    [36m</div>[39m
                    [36m<button[39m
                      [33maria-label[39m=[32m"View details"[39m
                      [33mclass[39m=[32m"flex items-center gap-1 text-sm text-blue-400 hover:text-blue-300 transition-colors"[39m
                      [33mrole[39m=[32m"button"[39m
                    [36m>[39m
                      [0mView Details[0m
                      [36m<svg[39m
                        [33mclass[39m=[32m"w-4 h-4 transition-transform"[39m
                        [33mfill[39m=[32m"none"[39m
                        [33mheight[39m=[32m"24"[39m
                        [33mstroke[39m=[32m"currentColor"[39m
                        [33mstroke-linecap[39m=[32m"round"[39m
                        [33mstroke-linejoin[39m=[32m"round"[39m
                        [33mstroke-width[39m=[32m"2"[39m
                        [33mviewBox[39m=[32m"0 0 24 24"[39m
                        [33mwidth[39m=[32m"24"[39m
                        [33mxmlns[39m=[32m"http://www.w3.org/2000/svg"[39m
                      [36m>[39m
                        [36m<path[39m
                          [33md[39m=[32m"m9 18 6-6-6-6"[39m
                        [36m/>[39m
                      [36m</svg>[39m
                    [36m</button>[39m
                  [36m</div>[39m
                  [36m<div[39m
                    [33mclass[39m=[32m"flex items-center gap-3 mb-3 p-2 bg-white/5 rounded-lg"[39m
                  [36m>[39m
                    [36m<span[39m
                      [33mclass[39m=[32m"text-sm text-white/60"[39m
                    [36m>[39m
                      [0mQA[0m
                    [36m</span>[39m
                    [36m<svg[39m
                      [33mclass[39m=[32m"w-4 h-4 text-white/40"[39m
                      [33mfill[39m=[32m"none"[39m
                      [33mheight[39m=[32m"24"[39m
                      [33mstroke[39m=[32m"currentColor"[39m
                      [33mstroke-linecap[39m=[32m"round"[39m
                      [33mstroke-linejoin[39m=[32m"round"[39m
                      [33mstroke-width[39m=[32m"2"[39m
                      [33mviewBox[39m=[32m"0 0 24 24"[39m
                      [33mwidth[39m=[32m"24"[39m
                      [33mxmlns[39m=[32m"http://www.w3.org/2000/svg"[39m
                    [36m>[39m
                      [36m<path[39m
                        [33md[39m=[32m"M5 12h14"[39m
                      [36m/>[39m
                      [36m<path[39m
                        [33md[39m=[32m"m12 5 7 7-7 7"[39m
                      [36m/>[39m
                    [36m</svg>[39m
                    [36m<span[39m
                      [33mclass[39m=[32m"text-sm text-white/80 font-medium"[39m
                    [36m>[39m
                      [0mMaintenance[0m
                    [36m</span>[39m
                  [36m</div>[39m
                  [36m<div[39m
                    [33mclass[39m=[32m"flex flex-wrap gap-4 text-xs text-white/60"[39m
                  [36m>[39m
                    [36m<div[39m
                      [33mclass[39m=[32m"flex items-center gap-1.5"[39m
                    [36m>[39m
                      [36m<svg[39m
                        [33mclass[39m=[32m"w-3.5 h-3.5"[39m
                        [33mfill[39m=[32m"none"[39m
                        [33mheight[39m=[32m"24"[39m
                        [33mstroke[39m=[32m"currentColor"[39m
                        [33mstroke-linecap[39m=[32m"round"[39m
                        [33mstroke-linejoin[39m=[32m"round"[39m
                        [33mstroke-width[39m=[32m"2"[39m
                        [33mviewBox[39m=[32m"0 0 24 24"[39m
                        [33mwidth[39m=[32m"24"[39m
                        [33mxmlns[39m=[32m"http://www.w3.org/2000/svg"[39m
                      [36m>[39m
                        [36m<rect[39m
                          [33mheight[39m=[32m"18"[39m
                          [33mrx[39m=[32m"2"[39m
                          [33mry[39m=[32m"2"[39m
                          [33mwidth[39m=[32m"18"[39m
                          [33mx[39m=[32m"3"[39m
                          [33my[39m=[32m"4"[39m
                        [36m/>[39m
                        [36m<line[39m
                          [33mx1[39m=[32m"16"[39m
                          [33mx2[39m=[32m"16"[39m
                          [33my1[39m=[32m"2"[39m
                          [33my2[39m=[32m"6"[39m
                        [36m/>[39m
                        [36m<line[39m
                          [33mx1[39m=[32m"8"[39m
                          [33mx2[39m=[32m"8"[39m
                          [33my1[39m=[32m"2"[39m
                          [33my2[39m=[32m"6"[39m
                        [36m/>[39m
                        [36m<line[39m
                          [33mx1[39m=[32m"3"[39m
                          [33mx2[39m=[32m"21"[39m
                          [33my1[39m=[32m"10"[39m
                          [33my2[39m=[32m"10"[39m
                        [36m/>[39m
                      [36m</svg>[39m
                      [36m<span>[39m
                        [0m1/15/2024, 2:00:00 PM[0m
                      [36m</span>[39m
                      [36m<span[39m
                        [33mclass[39m=[32m"text-white/40"[39m
                      [36m>[39m
                        [0m([0m
                        [0m1/15/2024[0m
                        [0m)[0m
                      [36m</span>[39m
                    [36m</div>[39m
                    [36m<div[39m
                      [33mclass[39m=[32m"flex items-center gap-1.5"[39m
                    [36m>[39m
                      [36m<svg[39m
                        [33mclass[39m=[32m"w-3.5 h-3.5"[39m
                        [33mfill[39m=[32m"none"[39m
                        [33mheight[39m=[32m"24"[39m
                        [33mstroke[39m=[32m"currentColor"[39m
                        [33mstroke-linecap[39m=[32m"round"[39m
                        [33mstroke-linejoin[39m=[32m"round"[39m
                        [33mstroke-width[39m=[32m"2"[39m
                        [33mviewBox[39m=[32m"0 0 24 24"[39m
                        [33mwidth[39m=[32m"24"[39m
                        [33mxmlns[39m=[32m"http://www.w3.org/2000/svg"[39m
                      [36m>[39m
                        [36m<path[39m
                          [33md[39m=[32m"M19 21v-2a4 4 0 0 0-4-4H9a4 4 0 0 0-4 4v2"[39m
                        [36m/>[39m
                        [36m<circle[39m
                          [33mcx[39m=[32m"12"[39m
                          [33mcy[39m=[32m"7"[39m
                          [33mr[39m=[32m"4"[39m
                        [36m/>[39m
                      [36m</svg>[39m
                      [36m<span[39m
                        [33mclass[39m=[32m"font-mono"[39m
                      [36m>[39m
                        [0mqa-user-[0m
                      [36m</span>[39m
                    [36m</div>[39m
                  [36m</div>[39m
                [36m</div>[39m
              [36m</div>[39m
            [36m</div>[39m
          [36m</div>[39m
        [36m</div>[39m
      [36m</div>[39m
    [36m</div>[39m
  [36m</div>[39m
[36m</body>[39m

Ignored nodes: comments, script, style
[36m<html>[39m
  [36m<head />[39m
  [36m<body>[39m
    [36m<div>[39m
      [36m<div[39m
        [33mclass[39m=[32m"space-y-6"[39m
      [36m>[39m
        [36m<div[39m
          [33mclass[39m=[32m"flex items-center justify-between"[39m
        [36m>[39m
          [36m<div>[39m
            [36m<h3[39m
              [33mclass[39m=[32m"text-lg font-semibold text-white"[39m
            [36m>[39m
              [0mHandover History[0m
            [36m</h3>[39m
            [36m<p[39m
              [33mclass[39m=[32m"text-sm text-white/60 mt-1"[39m
            [36m>[39m
              [0m2[0m
              [0m handover[0m
              [0ms[0m
              [36m<span>[39m
                [0m · [0m
                [0mCurrent owner: [0m
                [0mMaintenance[0m
              [36m</span>[39m
            [36m</p>[39m
          [36m</div>[39m
        [36m</div>[39m
        [36m<div[39m
          [33mclass[39m=[32m"space-y-0"[39m
        [36m>[39m
          [36m<div[39m
            [33mclass[39m=[32m"relative"[39m
          [36m>[39m
            [36m<div[39m
              [33mclass[39m=[32m"absolute left-6 top-16 bottom-0 w-0.5 bg-white/10"[39m
            [36m/>[39m
            [36m<div[39m
              [33mclass[39m=[32m"flex gap-4"[39m
            [36m>[39m
              [36m<div[39m
                [33mclass[39m=[32m"flex-shrink-0 w-12 h-12 rounded-full flex items-center justify-center border-2 bg-blue-500/20 border-blue-500/50"[39m
              [36m>[39m
                [36m<svg[39m
                  [33mclass[39m=[32m"w-6 h-6 text-blue-400"[39m
                  [33mfill[39m=[32m"none"[39m
                  [33mheight[39m=[32m"24"[39m
                  [33mstroke[39m=[32m"currentColor"[39m
                  [33mstroke-linecap[39m=[32m"round"[39m
                  [33mstroke-linejoin[39m=[32m"round"[39m
                  [33mstroke-width[39m=[32m"2"[39m
                  [33mviewBox[39m=[32m"0 0 24 24"[39m
                  [33mwidth[39m=[32m"24"[39m
                  [33mxmlns[39m=[32m"http://www.w3.org/2000/svg"[39m
                [36m>[39m
                  [36m<circle[39m
                    [33mcx[39m=[32m"12"[39m
                    [33mcy[39m=[32m"12"[39m
                    [33mr[39m=[32m"10"[39m
                  [36m/>[39m
                  [36m<polyline[39m
                    [33mpoints[39m=[32m"12 6 12 12 16 14"[39m
                  [36m/>[39m
                [36m</svg>[39m
              [36m</div>[39m
              [36m<div[39m
                [33mclass[39m=[32m"flex-1 pb-8"[39m
              [36m>[39m
                [36m<div[39m
                  [33mclass[39m=[32m"border rounded-lg overflow-hidden border-white/10 bg-white/5"[39m
                [36m>[39m
                  [36m<div[39m
                    [33mclass[39m=[32m"p-4"[39m
                  [36m>[39m
                    [36m<div[39m
                      [33mclass[39m=[32m"flex items-start justify-between mb-3"[39m
                    [36m>[39m
                      [36m<div>[39m
                        [36m<h4[39m
                          [33mclass[39m=[32m"text-base font-semibold text-white mb-1"[39m
                        [36m>[39m
                          [0mBuild to QA[0m
                        [36m</h4>[39m
                      [36m</div>[39m
                      [36m<button[39m
                        [33maria-label[39m=[32m"View details"[39m
                        [33mclass[39m=[32m"flex items-center gap-1 text-sm text-blue-400 hover:text-blue-300 transition-colors"[39m
                        [33mrole[39m=[32m"button"[39m
                      [36m>[39m
                        [0mView Details[0m
                        [36m<svg[39m
                          [33mclass[39m=[32m"w-4 h-4 transition-transform"[39m
                          [33mfill[39m=[32m"none"[39m
                          [33mheight[39m=[32m"24"[39m
                          [33mstroke[39m=[32m"currentColor"[39m
                          [33mstroke-linecap[39m=[32m"round"[39m
                          [33mstroke-linejoin[39m=[32m"round"[39m
                          [33mstroke-width[39m=[32m"2"[39m
                          [33mviewBox[39m=[32m"0 0 24 24"[39m
                          [33mwidth[39m=[32m"24"[39m
                          [33mxmlns[39m=[32m"http://www.w3.org/2000/svg"[39m
                        [36m>[39m
                          [36m<path[39m
                            [33md[39m=[32m"m9 18 6-6-6-6"[39m
                          [36m/>[39m
                        [36m</svg>[39m
                      [36m</button>[39m
                    [36m</div>[39m
                    [36m<div[39m
                      [33mclass[39m=[32m"flex items-center gap-3 mb-3 p-2 bg-white/5 rounded-lg"[39m
                    [36m>[39m
                      [36m<span[39m
                        [33mclass[39m=[32m"text-sm text-white/60"[39m
                      [36m>[39m
                        [0mBuild[0m
                      [36m</span>[39m
                      [36m<svg[39m
                        [33mclass[39m=[32m"w-4 h-4 text-white/40"[39m
                        [33mfill[39m=[32m"none"[39m
                        [33mheight[39m=[32m"24"[39m
                        [33mstroke[39m=[32m"currentColor"[39m
                        [33mstroke-linecap[39m=[32m"round"[39m
                        [33mstroke-linejoin[39m=[32m"round"[39m
                        [33mstroke-width[39m=[32m"2"[39m
                        [33mviewBox[39m=[32m"0 0 24 24"[39m
                        [33mwidth[39m=[32m"24"[39m
                        [33mxmlns[39m=[32m"http://www.w3.org/2000/svg"[39m
                      [36m>[39m
                        [36m<path[39m
                          [33md[39m=[32m"M5 12h14"[39m
                        [36m/>[39m
                        [36m<path[39m
                          [33md[39m=[32m"m12 5 7 7-7 7"[39m
                        [36m/>[39m
                      [36m</svg>[39m
                      [36m<span[39m
                        [33mclass[39m=[32m"text-sm text-white/80 font-medium"[39m
                      [36m>[39m
                        [0mQA[0m
                      [36m</span>[39m
                    [36m</div>[39m
                    [36m<div[39m
                      [33mclass[39m=[32m"flex flex-wrap gap-4 text-xs text-white/60"[39m
                    [36m>[39m
                      [36m<div[39m
                        [33mclass[39m=[32m"flex items-center gap-1.5"[39m
                      [36m>[39m
                        [36m<svg[39m
                          [33mclass[39m=[32m"w-3.5 h-3.5"[39m
                          [33mfill[39m=[32m"none"[39m
                          [33mheight[39m=[32m"24"[39m
                          [33mstroke[39m=[32m"currentColor"[39m
                          [33mstroke-linecap[39m=[32m"round"[39m
                          [33mstroke-linejoin[39m=[32m"round"[39m
                          [33mstroke-width[39m=[32m"2"[39m
                          [33mviewBox[39m=[32m"0 0 24 24"[39m
                          [33mwidth[39m=[32m"24"[39m
                          [33mxmlns[39m=[32m"http://www.w3.org/2000/svg"[39m
                        [36m>[39m
                          [36m<rect[39m
                            [33mheight[39m=[32m"18"[39m
                            [33mrx[39m=[32m"2"[39m
                            [33mry[39m=[32m"2"[39m
                            [33mwidth[39m=[32m"18"[39m
                            [33mx[39m=[32m"3"[39m
                            [33my[39m=[32m"4"[39m
                          [36m/>[39m
                          [36m<line[39m
                            [33mx1[39m=[32m"16"[39m
                            [33mx2[39m=[32m"16"[39m
                            [33my1[39m=[32m"2"[39m
                            [33my2[39m=[32m"6"[39m
                          [36m/>[39m
                          [36m<line[39m
                            [33mx1[39m=[32m"8"[39m
                            [33mx2[39m=[32m"8"[39m
                            [33my1[39m=[32m"2"[39m
                            [33my2[39m=[32m"6"[39m
                          [36m/>[39m
                          [36m<line[39m
                            [33mx1[39m=[32m"3"[39m
                            [33mx2[39m=[32m"21"[39m
                            [33my1[39m=[32m"10"[39m
                            [33my2[39m=[32m"10"[39m
                          [36m/>[39m
                        [36m</svg>[39m
                        [36m<span>[39m
                          [0m1/10/2024, 12:00:00 PM[0m
                        [36m</span>[39m
                        [36m<span[39m
                          [33mclass[39m=[32m"text-white/40"[39m
                        [36m>[39m
                          [0m([0m
                          [0m1/10/2024[0m
                          [0m)[0m
                        [36m</span>[39m
                      [36m</div>[39m
                      [36m<div[39m
                        [33mclass[39m=[32m"flex items-center gap-1.5"[39m
                      [36m>[39m
                        [36m<svg[39m
                          [33mclass[39m=[32m"w-3.5 h-3.5"[39m
                          [33mfill[39m=[32m"none"[39m
                          [33mheight[39m=[32m"24"[39m
                          [33mstroke[39m=[32m"currentColor"[39m
                          [33mstroke-linecap[39m=[32m"round"[39m
                          [33mstroke-linejoin[39m=[32m"round"[39m
                          [33mstroke-width[39m=[32m"2"[39m
                          [33mviewBox[39m=[32m"0 0 24 24"[39m
                          [33mwidth[39m=[32m"24"[39m
                          [33mxmlns[39m=[32m"http://www.w3.org/2000/svg"[39m
                        [36m>[39m
                          [36m<path[39m
                            [33md[39m=[32m"M19 21v-2a4 4 0 0 0-4-4H9a4 4 0 0 0-4 4v2"[39m
                          [36m/>[39m
                          [36m<circle[39m
                            [33mcx[39m=[32m"12"[39m
                            [33mcy[39m=[32m"7"[39m
                            [33mr[39m=[32m"4"[39m
                          [36m/>[39m
                        [36m</svg>[39m
                        [36m<span[39m
                          [33mclass[39m=[32m"font-mono"[39m
                        [36m>[39m
                          [0mbuild-us[0m
                        [36m</span>[39m
                      [36m</div>[39m
                    [36m</div>[39m
                  [36m</div>[39m
                [36m</div>[39m
              [36m</div>[39m
            [36m</div>[39m
          [36m</div>[39m
          [36m<div[39m
            [33mclass[39m=[32m"relative"[39m
          [36m>[39m
            [36m<div[39m
              [33mclass[39m=[32m"flex gap-4"[39m
            [36m>[39m
              [36m<div[39m
                [33mclass[39m=[32m"flex-shrink-0 w-12 h-12 rounded-full flex items-center justify-center border-2 bg-green-500/20 border-green-500/50"[39m
              [36m>[39m
                [36m<svg[39m
                  [33mclass[39m=[32m"w-6 h-6 text-green-400"[39m
                  [33mfill[39m=[32m"none"[39m
                  [33mheight[39m=[32m"24"[39m
                  [33mstroke[39m=[32m"currentColor"[39m
                  [33mstroke-linecap[39m=[32m"round"[39m
                  [33mstroke-linejoin[39m=[32m"round"[39m
                  [33mstroke-width[39m=[32m"2"[39m
                  [33mviewBox[39m=[32m"0 0 24 24"[39m
                  [33mwidth[39m=[32m"24"[39m
                  [33mxmlns[39m=[32m"http://www.w3.org/2000/svg"[39m
                [36m>[39m
                  [36m<path[39m
                    [33md[39m=[32m"M12 22c5.523 0 10-4.477 10-10S17.523 2 12 2 2 6.477 2 12s4.477 10 10 10z"[39m
                  [36m/>[39m
                  [36m<path[39m
                    [33md[39m=[32m"m9 12 2 2 4-4"[39m
                  [36m/>[39m
                [36m</svg>[39m
              [36m</div>[39m
              [36m<div[39m
                [33mclass[39m=[32m"flex-1 pb-8"[39m
              [36m>[39m
                [36m<div[39m
                  [33mclass[39m=[32m"border rounded-lg overflow-hidden border-green-500/30 bg-green-500/5"[39m
                [36m>[39m
                  [36m<div[39m
                    [33mclass[39m=[32m"p-4"[39m
                  [36m>[39m
                    [36m<div[39m
                      [33mclass[39m=[32m"flex items-start justify-between mb-3"[39m
                    [36m>[39m
                      [36m<div>[39m
                        [36m<h4[39m
                          [33mclass[39m=[32m"text-base font-semibold text-white mb-1"[39m
                        [36m>[39m
                          [0mQA to Maintenance[0m
                        [36m</h4>[39m
                        [36m<span[39m
                          [33mclass[39m=[32m"px-2 py-0.5 bg-green-500/20 text-green-400 rounded text-xs font-medium"[39m
                        [36m>[39m
                          [0mCurrent Owner[0m
                        [36m</span>[39m
                      [36m</div>[39m
                      [36m<button[39m
                        [33maria-label[39m=[32m"View details"[39m
                        [33mclass[39m=[32m"flex items-center gap-1 text-sm text-blue-400 hover:text-blue-300 transition-colors"[39m
                        [33mrole[39m=[32m"button"[39m
                      [36m>[39m
                        [0mView Details[0m
                        [36m<svg[39m
                          [33mclass[39m=[32m"w-4 h-4 transition-transform"[39m
                          [33mfill[39m=[32m"none"[39m
                          [33mheight[39m=[32m"24"[39m
                          [33mstroke[39m=[32m"currentColor"[39m
                          [33mstroke-linecap[39m=[32m"round"[39m
                          [33mstroke-linejoin[39m=[32m"round"[39m
                          [33mstroke-width[39m=[32m"2"[39m
                          [33mviewBox[39m=[32m"0 0 24 24"[39m
                          [33mwidth[39m=[32m"24"[39m
                          [33mxmlns[39m=[32m"http://www.w3.org/2000/svg"[39m
                        [36m>[39m
                          [36m<path[39m
                            [33md[39m=[32m"m9 18 6-6-6-6"[39m
                          [36m/>[39m
                        [36m</svg>[39m
                      [36m</button>[39m
                    [36m</div>[39m
                    [36m<div[39m
                      [33mclass[39m=[32m"flex items-center gap-3 mb-3 p-2 bg-white/5 rounded-lg"[39m
                    [36m>[39m
                      [36m<span[39m
                        [33mclass[39m=[32m"text-sm text-white/60"[39m
                      [36m>[39m
                        [0mQA[0m
                      [36m</span>[39m
                      [36m<svg[39m
                        [33mclass[39m=[32m"w-4 h-4 text-white/40"[39m
                        [33mfill[39m=[32m"none"[39m
                        [33mheight[39m=[32m"24"[39m
                        [33mstroke[39m=[32m"currentColor"[39m
                        [33mstroke-linecap[39m=[32m"round"[39m
                        [33mstroke-linejoin[39m=[32m"round"[39m
                        [33mstroke-width[39m=[32m"2"[39m
                        [33mviewBox[39m=[32m"0 0 24 24"[39m
                        [33mwidth[39m=[32m"24"[39m
                        [33mxmlns[39m=[32m"http://www.w3.org/2000/svg"[39m
                      [36m>[39m
                        [36m<path[39m
                          [33md[39m=[32m"M5 12h14"[39m
                        [36m/>[39m
                        [36m<path[39m
                          [33md[39m=[32m"m12 5 7 7-7 7"[39m
                        [36m/>[39m
                      [36m</svg>[39m
                      [36m<span[39m
                        [33mclass[39m=[32m"text-sm text-white/80 font-medium"[39m
                      [36m>[39m
                        [0mMaintenance[0m
                      [36m</span>[39m
                    [36m</div>[39m
                    [36m<div[39m
                      [33mclass[39m=[32m"flex flex-wrap gap-4 text-xs text-white/60"[39m
                    [36m>[39m
                      [36m<div[39m
                        [33mclass[39m=[32m"flex items-center gap-1.5"[39m
                      [36m>[39m
                        [36m<svg[39m
                          [33mclass[39m=[32m"w-3.5 h-3.5"[39m
                          [33mfill[39m=[32m"none"[39m
                          [33mheight[39m=[32m"24"[39m
                          [33mstroke[39m=[32m"currentColor"[39m
                          [33mstroke-linecap[39m=[32m"round"[39m
                          [33mstroke-linejoin[39m=[32m"round"[39m
                          [33mstroke-width[39m=[32m"2"[39m
                          [33mviewBox[39m=[32m"0 0 24 24"[39m
                          [33mwidth[39m=[32m"24"[39m
                          [33mxmlns[39m=[32m"http://www.w3.org/2000/svg"[39m
                        [36m>[39m
                          [36m<rect[39m
                            [33mheight[39m=[32m"18"[39m
                            [33mrx[39m=[32m"2"[39m
                            [33mry[39m=[32m"2"[39m
                            [33mwidth[39m=[32m"18"[39m
                            [33mx[39m=[32m"3"[39m
                            [33my[39m=[32m"4"[39m
                          [36m/>[39m
                          [36m<line[39m
                            [33mx1[39m=[32m"16"[39m
                            [33mx2[39m=[32m"16"[39m
                            [33my1[39m=[32m"2"[39m
                            [33my2[39m=[32m"6"[39m
                          [36m/>[39m
                          [36m<line[39m
                            [33mx1[39m=[32m"8"[39m
                            [33mx2[39m=[32m"8"[39m
                            [33my1[39m=[32m"2"[39m
                            [33my2[39m=[32m"6"[39m
                          [36m/>[39m
                          [36m<line[39m
                            [33mx1[39m=[32m"3"[39m
                            [33mx2[39m=[32m"21"[39m
                            [33my1[39m=[32m"10"[39m
                            [33my2[39m=[32m"10"[39m
                          [36m/>[39m
                        [36m</svg>[39m
                        [36m<span>[39m
                          [0m1/15/2024, 2:00:00 PM[0m
                        [36m</span>[39m
                        [36m<span[39m
                          [33mclass[39m=[32m"text-white/40"[39m
                        [36m>[39m
                          [0m([0m
                          [0m1/15/2024[0m
                          [0m)[0m
                        [36m</span>[39m
                      [36m</div>[39m
                      [36m<div[39m
                        [33mclass[39m=[32m"flex items-center gap-1.5"[39m
                      [36m>[39m
                        [36m<svg[39m
                          [33mclass[39m=[32m"w-3.5 h-3.5"[39m
                          [33mfill[39m=[32m"none"[39m
                          [33mheight[39m=[32m"24"[39m
                          [33mstroke[39m=[32m"currentColor"[39m
                          [33mstroke-linecap[39m=[32m"round"[39m
                          [33mstroke-linejoin[39m=[32m"round"[39m
                          [33mstroke-width[39m=[32m"2"[39m
                          [33mviewBox[39m=[32m"0 0 24 24"[39m
                          [33mwidth[39m=[32m"24"[39m
                          [33mxmlns[39m=[32m"http://www.w3.org/2000/svg"[39m
                        [36m>[39m
                          [36m<path[39m
                            [33md[39m=[32m"M19 21v-2a4 4 0 0 0-4-4H9a4 4 0 0 0-4 4v2"[39m
                          [36m/>[39m
                          [36m<circle[39m
                            [33mcx[39m=[32m"12"[39m
                            [33mcy[39m=[32m"7"[39m
                            [33mr[39m=[32m"4"[39m
                          [36m/>[39m
                        [36m</svg>[39m
                        [36m<span[39m
                          [33mclass[39m=[32m"font-mono"[39m
                        [36m>[39m
                          [0mqa-user-[0m
                        [36m</span>[39m
                      [36m</div>[39m
                    [36m</div>[39m
                  [36m</div>[39m
                [36m</div>[39m
              [36m</div>[39m
            [36m</div>[39m
          [36m</div>[39m
        [36m</div>[39m
      [36m</div>[39m
    [36m</div>[39m
  [36m</body>[39m
[36m</html>[39m
   ❯ src/modules/ticketing/__tests__/components/HandoverHistory.test.tsx > HandoverHistory Component > Current Owner Display > should highlight current owner
     → Found multiple elements with the text: /current owner/i

Here are the matching elements:

Ignored nodes: comments, script, style
[36m<span>[39m
  [0m · [0m
  [0mCurrent owner: [0m
  [0mMaintenance[0m
[36m</span>[39m

Ignored nodes: comments, script, style
[36m<span[39m
  [33mclass[39m=[32m"px-2 py-0.5 bg-green-500/20 text-green-400 rounded text-xs font-medium"[39m
[36m>[39m
  [0mCurrent Owner[0m
[36m</span>[39m

(If this is intentional, then use the `*AllBy*` variant of the query (like `queryAllByText`, `getAllByText`, or `findAllByText`)).

Ignored nodes: comments, script, style
[36m<body>[39m
  [36m<div>[39m
    [36m<div[39m
      [33mclass[39m=[32m"space-y-6"[39m
    [36m>[39m
      [36m<div[39m
        [33mclass[39m=[32m"flex items-center justify-between"[39m
      [36m>[39m
        [36m<div>[39m
          [36m<h3[39m
            [33mclass[39m=[32m"text-lg font-semibold text-white"[39m
          [36m>[39m
            [0mHandover History[0m
          [36m</h3>[39m
          [36m<p[39m
            [33mclass[39m=[32m"text-sm text-white/60 mt-1"[39m
          [36m>[39m
            [0m2[0m
            [0m handover[0m
            [0ms[0m
            [36m<span>[39m
              [0m · [0m
              [0mCurrent owner: [0m
              [0mMaintenance[0m
            [36m</span>[39m
          [36m</p>[39m
        [36m</div>[39m
      [36m</div>[39m
      [36m<div[39m
        [33mclass[39m=[32m"space-y-0"[39m
      [36m>[39m
        [36m<div[39m
          [33mclass[39m=[32m"relative"[39m
        [36m>[39m
          [36m<div[39m
            [33mclass[39m=[32m"absolute left-6 top-16 bottom-0 w-0.5 bg-white/10"[39m
          [36m/>[39m
          [36m<div[39m
            [33mclass[39m=[32m"flex gap-4"[39m
          [36m>[39m
            [36m<div[39m
              [33mclass[39m=[32m"flex-shrink-0 w-12 h-12 rounded-full flex items-center justify-center border-2 bg-blue-500/20 border-blue-500/50"[39m
            [36m>[39m
              [36m<svg[39m
                [33mclass[39m=[32m"w-6 h-6 text-blue-400"[39m
                [33mfill[39m=[32m"none"[39m
                [33mheight[39m=[32m"24"[39m
                [33mstroke[39m=[32m"currentColor"[39m
                [33mstroke-linecap[39m=[32m"round"[39m
                [33mstroke-linejoin[39m=[32m"round"[39m
                [33mstroke-width[39m=[32m"2"[39m
                [33mviewBox[39m=[32m"0 0 24 24"[39m
                [33mwidth[39m=[32m"24"[39m
                [33mxmlns[39m=[32m"http://www.w3.org/2000/svg"[39m
              [36m>[39m
                [36m<circle[39m
                  [33mcx[39m=[32m"12"[39m
                  [33mcy[39m=[32m"12"[39m
                  [33mr[39m=[32m"10"[39m
                [36m/>[39m
                [36m<polyline[39m
                  [33mpoints[39m=[32m"12 6 12 12 16 14"[39m
                [36m/>[39m
              [36m</svg>[39m
            [36m</div>[39m
            [36m<div[39m
              [33mclass[39m=[32m"flex-1 pb-8"[39m
            [36m>[39m
              [36m<div[39m
                [33mclass[39m=[32m"border rounded-lg overflow-hidden border-white/10 bg-white/5"[39m
              [36m>[39m
                [36m<div[39m
                  [33mclass[39m=[32m"p-4"[39m
                [36m>[39m
                  [36m<div[39m
                    [33mclass[39m=[32m"flex items-start justify-between mb-3"[39m
                  [36m>[39m
                    [36m<div>[39m
                      [36m<h4[39m
                        [33mclass[39m=[32m"text-base font-semibold text-white mb-1"[39m
                      [36m>[39m
                        [0mBuild to QA[0m
                      [36m</h4>[39m
                    [36m</div>[39m
                    [36m<button[39m
                      [33maria-label[39m=[32m"View details"[39m
                      [33mclass[39m=[32m"flex items-center gap-1 text-sm text-blue-400 hover:text-blue-300 transition-colors"[39m
                      [33mrole[39m=[32m"button"[39m
                    [36m>[39m
                      [0mView Details[0m
                      [36m<svg[39m
                        [33mclass[39m=[32m"w-4 h-4 transition-transform"[39m
                        [33mfill[39m=[32m"none"[39m
                        [33mheight[39m=[32m"24"[39m
                        [33mstroke[39m=[32m"currentColor"[39m
                        [33mstroke-linecap[39m=[32m"round"[39m
                        [33mstroke-linejoin[39m=[32m"round"[39m
                        [33mstroke-width[39m=[32m"2"[39m
                        [33mviewBox[39m=[32m"0 0 24 24"[39m
                        [33mwidth[39m=[32m"24"[39m
                        [33mxmlns[39m=[32m"http://www.w3.org/2000/svg"[39m
                      [36m>[39m
                        [36m<path[39m
                          [33md[39m=[32m"m9 18 6-6-6-6"[39m
                        [36m/>[39m
                      [36m</svg>[39m
                    [36m</button>[39m
                  [36m</div>[39m
                  [36m<div[39m
                    [33mclass[39m=[32m"flex items-center gap-3 mb-3 p-2 bg-white/5 rounded-lg"[39m
                  [36m>[39m
                    [36m<span[39m
                      [33mclass[39m=[32m"text-sm text-white/60"[39m
                    [36m>[39m
                      [0mBuild[0m
                    [36m</span>[39m
                    [36m<svg[39m
                      [33mclass[39m=[32m"w-4 h-4 text-white/40"[39m
                      [33mfill[39m=[32m"none"[39m
                      [33mheight[39m=[32m"24"[39m
                      [33mstroke[39m=[32m"currentColor"[39m
                      [33mstroke-linecap[39m=[32m"round"[39m
                      [33mstroke-linejoin[39m=[32m"round"[39m
                      [33mstroke-width[39m=[32m"2"[39m
                      [33mviewBox[39m=[32m"0 0 24 24"[39m
                      [33mwidth[39m=[32m"24"[39m
                      [33mxmlns[39m=[32m"http://www.w3.org/2000/svg"[39m
                    [36m>[39m
                      [36m<path[39m
                        [33md[39m=[32m"M5 12h14"[39m
                      [36m/>[39m
                      [36m<path[39m
                        [33md[39m=[32m"m12 5 7 7-7 7"[39m
                      [36m/>[39m
                    [36m</svg>[39m
                    [36m<span[39m
                      [33mclass[39m=[32m"text-sm text-white/80 font-medium"[39m
                    [36m>[39m
                      [0mQA[0m
                    [36m</span>[39m
                  [36m</div>[39m
                  [36m<div[39m
                    [33mclass[39m=[32m"flex flex-wrap gap-4 text-xs text-white/60"[39m
                  [36m>[39m
                    [36m<div[39m
                      [33mclass[39m=[32m"flex items-center gap-1.5"[39m
                    [36m>[39m
                      [36m<svg[39m
                        [33mclass[39m=[32m"w-3.5 h-3.5"[39m
                        [33mfill[39m=[32m"none"[39m
                        [33mheight[39m=[32m"24"[39m
                        [33mstroke[39m=[32m"currentColor"[39m
                        [33mstroke-linecap[39m=[32m"round"[39m
                        [33mstroke-linejoin[39m=[32m"round"[39m
                        [33mstroke-width[39m=[32m"2"[39m
                        [33mviewBox[39m=[32m"0 0 24 24"[39m
                        [33mwidth[39m=[32m"24"[39m
                        [33mxmlns[39m=[32m"http://www.w3.org/2000/svg"[39m
                      [36m>[39m
                        [36m<rect[39m
                          [33mheight[39m=[32m"18"[39m
                          [33mrx[39m=[32m"2"[39m
                          [33mry[39m=[32m"2"[39m
                          [33mwidth[39m=[32m"18"[39m
                          [33mx[39m=[32m"3"[39m
                          [33my[39m=[32m"4"[39m
                        [36m/>[39m
                        [36m<line[39m
                          [33mx1[39m=[32m"16"[39m
                          [33mx2[39m=[32m"16"[39m
                          [33my1[39m=[32m"2"[39m
                          [33my2[39m=[32m"6"[39m
                        [36m/>[39m
                        [36m<line[39m
                          [33mx1[39m=[32m"8"[39m
                          [33mx2[39m=[32m"8"[39m
                          [33my1[39m=[32m"2"[39m
                          [33my2[39m=[32m"6"[39m
                        [36m/>[39m
                        [36m<line[39m
                          [33mx1[39m=[32m"3"[39m
                          [33mx2[39m=[32m"21"[39m
                          [33my1[39m=[32m"10"[39m
                          [33my2[39m=[32m"10"[39m
                        [36m/>[39m
                      [36m</svg>[39m
                      [36m<span>[39m
                        [0m1/10/2024, 12:00:00 PM[0m
                      [36m</span>[39m
                      [36m<span[39m
                        [33mclass[39m=[32m"text-white/40"[39m
                      [36m>[39m
                        [0m([0m
                        [0m1/10/2024[0m
                        [0m)[0m
                      [36m</span>[39m
                    [36m</div>[39m
                    [36m<div[39m
                      [33mclass[39m=[32m"flex items-center gap-1.5"[39m
                    [36m>[39m
                      [36m<svg[39m
                        [33mclass[39m=[32m"w-3.5 h-3.5"[39m
                        [33mfill[39m=[32m"none"[39m
                        [33mheight[39m=[32m"24"[39m
                        [33mstroke[39m=[32m"currentColor"[39m
                        [33mstroke-linecap[39m=[32m"round"[39m
                        [33mstroke-linejoin[39m=[32m"round"[39m
                        [33mstroke-width[39m=[32m"2"[39m
                        [33mviewBox[39m=[32m"0 0 24 24"[39m
                        [33mwidth[39m=[32m"24"[39m
                        [33mxmlns[39m=[32m"http://www.w3.org/2000/svg"[39m
                      [36m>[39m
                        [36m<path[39m
                          [33md[39m=[32m"M19 21v-2a4 4 0 0 0-4-4H9a4 4 0 0 0-4 4v2"[39m
                        [36m/>[39m
                        [36m<circle[39m
                          [33mcx[39m=[32m"12"[39m
                          [33mcy[39m=[32m"7"[39m
                          [33mr[39m=[32m"4"[39m
                        [36m/>[39m
                      [36m</svg>[39m
                      [36m<span[39m
                        [33mclass[39m=[32m"font-mono"[39m
                      [36m>[39m
                        [0mbuild-us[0m
                      [36m</span>[39m
                    [36m</div>[39m
                  [36m</div>[39m
                [36m</div>[39m
              [36m</div>[39m
            [36m</div>[39m
          [36m</div>[39m
        [36m</div>[39m
        [36m<div[39m
          [33mclass[39m=[32m"relative"[39m
        [36m>[39m
          [36m<div[39m
            [33mclass[39m=[32m"flex gap-4"[39m
          [36m>[39m
            [36m<div[39m
              [33mclass[39m=[32m"flex-shrink-0 w-12 h-12 rounded-full flex items-center justify-center border-2 bg-green-500/20 border-green-500/50"[39m
            [36m>[39m
              [36m<svg[39m
                [33mclass[39m=[32m"w-6 h-6 text-green-400"[39m
                [33mfill[39m=[32m"none"[39m
                [33mheight[39m=[32m"24"[39m
                [33mstroke[39m=[32m"currentColor"[39m
                [33mstroke-linecap[39m=[32m"round"[39m
                [33mstroke-linejoin[39m=[32m"round"[39m
                [33mstroke-width[39m=[32m"2"[39m
                [33mviewBox[39m=[32m"0 0 24 24"[39m
                [33mwidth[39m=[32m"24"[39m
                [33mxmlns[39m=[32m"http://www.w3.org/2000/svg"[39m
              [36m>[39m
                [36m<path[39m
                  [33md[39m=[32m"M12 22c5.523 0 10-4.477 10-10S17.523 2 12 2 2 6.477 2 12s4.477 10 10 10z"[39m
                [36m/>[39m
                [36m<path[39m
                  [33md[39m=[32m"m9 12 2 2 4-4"[39m
                [36m/>[39m
              [36m</svg>[39m
            [36m</div>[39m
            [36m<div[39m
              [33mclass[39m=[32m"flex-1 pb-8"[39m
            [36m>[39m
              [36m<div[39m
                [33mclass[39m=[32m"border rounded-lg overflow-hidden border-green-500/30 bg-green-500/5"[39m
              [36m>[39m
                [36m<div[39m
                  [33mclass[39m=[32m"p-4"[39m
                [36m>[39m
                  [36m<div[39m
                    [33mclass[39m=[32m"flex items-start justify-between mb-3"[39m
                  [36m>[39m
                    [36m<div>[39m
                      [36m<h4[39m
                        [33mclass[39m=[32m"text-base font-semibold text-white mb-1"[39m
                      [36m>[39m
                        [0mQA to Maintenance[0m
                      [36m</h4>[39m
                      [36m<span[39m
                        [33mclass[39m=[32m"px-2 py-0.5 bg-green-500/20 text-green-400 rounded text-xs font-medium"[39m
                      [36m>[39m
                        [0mCurrent Owner[0m
                      [36m</span>[39m
                    [36m</div>[39m
                    [36m<button[39m
                      [33maria-label[39m=[32m"View details"[39m
                      [33mclass[39m=[32m"flex items-center gap-1 text-sm text-blue-400 hover:text-blue-300 transition-colors"[39m
                      [33mrole[39m=[32m"button"[39m
                    [36m>[39m
                      [0mView Details[0m
                      [36m<svg[39m
                        [33mclass[39m=[32m"w-4 h-4 transition-transform"[39m
                        [33mfill[39m=[32m"none"[39m
                        [33mheight[39m=[32m"24"[39m
                        [33mstroke[39m=[32m"currentColor"[39m
                        [33mstroke-linecap[39m=[32m"round"[39m
                        [33mstroke-linejoin[39m=[32m"round"[39m
                        [33mstroke-width[39m=[32m"2"[39m
                        [33mviewBox[39m=[32m"0 0 24 24"[39m
                        [33mwidth[39m=[32m"24"[39m
                        [33mxmlns[39m=[32m"http://www.w3.org/2000/svg"[39m
                      [36m>[39m
                        [36m<path[39m
                          [33md[39m=[32m"m9 18 6-6-6-6"[39m
                        [36m/>[39m
                      [36m</svg>[39m
                    [36m</button>[39m
                  [36m</div>[39m
                  [36m<div[39m
                    [33mclass[39m=[32m"flex items-center gap-3 mb-3 p-2 bg-white/5 rounded-lg"[39m
                  [36m>[39m
                    [36m<span[39m
                      [33mclass[39m=[32m"text-sm text-white/60"[39m
                    [36m>[39m
                      [0mQA[0m
                    [36m</span>[39m
                    [36m<svg[39m
                      [33mclass[39m=[32m"w-4 h-4 text-white/40"[39m
                      [33mfill[39m=[32m"none"[39m
                      [33mheight[39m=[32m"24"[39m
                      [33mstroke[39m=[32m"currentColor"[39m
                      [33mstroke-linecap[39m=[32m"round"[39m
                      [33mstroke-linejoin[39m=[32m"round"[39m
                      [33mstroke-width[39m=[32m"2"[39m
                      [33mviewBox[39m=[32m"0 0 24 24"[39m
                      [33mwidth[39m=[32m"24"[39m
                      [33mxmlns[39m=[32m"http://www.w3.org/2000/svg"[39m
                    [36m>[39m
                      [36m<path[39m
                        [33md[39m=[32m"M5 12h14"[39m
                      [36m/>[39m
                      [36m<path[39m
                        [33md[39m=[32m"m12 5 7 7-7 7"[39m
                      [36m/>[39m
                    [36m</svg>[39m
                    [36m<span[39m
                      [33mclass[39m=[32m"text-sm text-white/80 font-medium"[39m
                    [36m>[39m
                      [0mMaintenance[0m
                    [36m</span>[39m
                  [36m</div>[39m
                  [36m<div[39m
                    [33mclass[39m=[32m"flex flex-wrap gap-4 text-xs text-white/60"[39m
                  [36m>[39m
                    [36m<div[39m
                      [33mclass[39m=[32m"flex items-center gap-1.5"[39m
                    [36m>[39m
                      [36m<svg[39m
                        [33mclass[39m=[32m"w-3.5 h-3.5"[39m
                        [33mfill[39m=[32m"none"[39m
                        [33mheight[39m=[32m"24"[39m
                        [33mstroke[39m=[32m"currentColor"[39m
                        [33mstroke-linecap[39m=[32m"round"[39m
                        [33mstroke-linejoin[39m=[32m"round"[39m
                        [33mstroke-width[39m=[32m"2"[39m
                        [33mviewBox[39m=[32m"0 0 24 24"[39m
                        [33mwidth[39m=[32m"24"[39m
                        [33mxmlns[39m=[32m"http://www.w3.org/2000/svg"[39m
                      [36m>[39m
                        [36m<rect[39m
                          [33mheight[39m=[32m"18"[39m
                          [33mrx[39m=[32m"2"[39m
                          [33mry[39m=[32m"2"[39m
                          [33mwidth[39m=[32m"18"[39m
                          [33mx[39m=[32m"3"[39m
                          [33my[39m=[32m"4"[39m
                        [36m/>[39m
                        [36m<line[39m
                          [33mx1[39m=[32m"16"[39m
                          [33mx2[39m=[32m"16"[39m
                          [33my1[39m=[32m"2"[39m
                          [33my2[39m=[32m"6"[39m
                        [36m/>[39m
                        [36m<line[39m
                          [33mx1[39m=[32m"8"[39m
                          [33mx2[39m=[32m"8"[39m
                          [33my1[39m=[32m"2"[39m
                          [33my2[39m=[32m"6"[39m
                        [36m/>[39m
                        [36m<line[39m
                          [33mx1[39m=[32m"3"[39m
                          [33mx2[39m=[32m"21"[39m
                          [33my1[39m=[32m"10"[39m
                          [33my2[39m=[32m"10"[39m
                        [36m/>[39m
                      [36m</svg>[39m
                      [36m<span>[39m
                        [0m1/15/2024, 2:00:00 PM[0m
                      [36m</span>[39m
                      [36m<span[39m
                        [33mclass[39m=[32m"text-white/40"[39m
                      [36m>[39m
                        [0m([0m
                        [0m1/15/2024[0m
                        [0m)[0m
                      [36m</span>[39m
                    [36m</div>[39m
                    [36m<div[39m
                      [33mclass[39m=[32m"flex items-center gap-1.5"[39m
                    [36m>[39m
                      [36m<svg[39m
                        [33mclass[39m=[32m"w-3.5 h-3.5"[39m
                        [33mfill[39m=[32m"none"[39m
                        [33mheight[39m=[32m"24"[39m
                        [33mstroke[39m=[32m"currentColor"[39m
                        [33mstroke-linecap[39m=[32m"round"[39m
                        [33mstroke-linejoin[39m=[32m"round"[39m
                        [33mstroke-width[39m=[32m"2"[39m
                        [33mviewBox[39m=[32m"0 0 24 24"[39m
                        [33mwidth[39m=[32m"24"[39m
                        [33mxmlns[39m=[32m"http://www.w3.org/2000/svg"[39m
                      [36m>[39m
                        [36m<path[39m
                          [33md[39m=[32m"M19 21v-2a4 4 0 0 0-4-4H9a4 4 0 0 0-4 4v2"[39m
                        [36m/>[39m
                        [36m<circle[39m
                          [33mcx[39m=[32m"12"[39m
                          [33mcy[39m=[32m"7"[39m
                          [33mr[39m=[32m"4"[39m
                        [36m/>[39m
                      [36m</svg>[39m
                      [36m<span[39m
                        [33mclass[39m=[32m"font-mono"[39m
                      [36m>[39m
                        [0mqa-user-[0m
                      [36m</span>[39m
                    [36m</div>[39m
                  [36m</div>[39m
                [36m</div>[39m
              [36m</div>[39m
            [36m</div>[39m
          [36m</div>[39m
        [36m</div>[39m
      [36m</div>[39m
    [36m</div>[39m
  [36m</div>[39m
[36m</body>[39m

Ignored nodes: comments, script, style
[36m<html>[39m
  [36m<head />[39m
  [36m<body>[39m
    [36m<div>[39m
      [36m<div[39m
        [33mclass[39m=[32m"space-y-6"[39m
      [36m>[39m
        [36m<div[39m
          [33mclass[39m=[32m"flex items-center justify-between"[39m
        [36m>[39m
          [36m<div>[39m
            [36m<h3[39m
              [33mclass[39m=[32m"text-lg font-semibold text-white"[39m
            [36m>[39m
              [0mHandover History[0m
            [36m</h3>[39m
            [36m<p[39m
              [33mclass[39m=[32m"text-sm text-white/60 mt-1"[39m
            [36m>[39m
              [0m2[0m
              [0m handover[0m
              [0ms[0m
              [36m<span>[39m
                [0m · [0m
                [0mCurrent owner: [0m
                [0mMaintenance[0m
              [36m</span>[39m
            [36m</p>[39m
          [36m</div>[39m
        [36m</div>[39m
        [36m<div[39m
          [33mclass[39m=[32m"space-y-0"[39m
        [36m>[39m
          [36m<div[39m
            [33mclass[39m=[32m"relative"[39m
          [36m>[39m
            [36m<div[39m
              [33mclass[39m=[32m"absolute left-6 top-16 bottom-0 w-0.5 bg-white/10"[39m
            [36m/>[39m
            [36m<div[39m
              [33mclass[39m=[32m"flex gap-4"[39m
            [36m>[39m
              [36m<div[39m
                [33mclass[39m=[32m"flex-shrink-0 w-12 h-12 rounded-full flex items-center justify-center border-2 bg-blue-500/20 border-blue-500/50"[39m
              [36m>[39m
                [36m<svg[39m
                  [33mclass[39m=[32m"w-6 h-6 text-blue-400"[39m
                  [33mfill[39m=[32m"none"[39m
                  [33mheight[39m=[32m"24"[39m
                  [33mstroke[39m=[32m"currentColor"[39m
                  [33mstroke-linecap[39m=[32m"round"[39m
                  [33mstroke-linejoin[39m=[32m"round"[39m
                  [33mstroke-width[39m=[32m"2"[39m
                  [33mviewBox[39m=[32m"0 0 24 24"[39m
                  [33mwidth[39m=[32m"24"[39m
                  [33mxmlns[39m=[32m"http://www.w3.org/2000/svg"[39m
                [36m>[39m
                  [36m<circle[39m
                    [33mcx[39m=[32m"12"[39m
                    [33mcy[39m=[32m"12"[39m
                    [33mr[39m=[32m"10"[39m
                  [36m/>[39m
                  [36m<polyline[39m
                    [33mpoints[39m=[32m"12 6 12 12 16 14"[39m
                  [36m/>[39m
                [36m</svg>[39m
              [36m</div>[39m
              [36m<div[39m
                [33mclass[39m=[32m"flex-1 pb-8"[39m
              [36m>[39m
                [36m<div[39m
                  [33mclass[39m=[32m"border rounded-lg overflow-hidden border-white/10 bg-white/5"[39m
                [36m>[39m
                  [36m<div[39m
                    [33mclass[39m=[32m"p-4"[39m
                  [36m>[39m
                    [36m<div[39m
                      [33mclass[39m=[32m"flex items-start justify-between mb-3"[39m
                    [36m>[39m
                      [36m<div>[39m
                        [36m<h4[39m
                          [33mclass[39m=[32m"text-base font-semibold text-white mb-1"[39m
                        [36m>[39m
                          [0mBuild to QA[0m
                        [36m</h4>[39m
                      [36m</div>[39m
                      [36m<button[39m
                        [33maria-label[39m=[32m"View details"[39m
                        [33mclass[39m=[32m"flex items-center gap-1 text-sm text-blue-400 hover:text-blue-300 transition-colors"[39m
                        [33mrole[39m=[32m"button"[39m
                      [36m>[39m
                        [0mView Details[0m
                        [36m<svg[39m
                          [33mclass[39m=[32m"w-4 h-4 transition-transform"[39m
                          [33mfill[39m=[32m"none"[39m
                          [33mheight[39m=[32m"24"[39m
                          [33mstroke[39m=[32m"currentColor"[39m
                          [33mstroke-linecap[39m=[32m"round"[39m
                          [33mstroke-linejoin[39m=[32m"round"[39m
                          [33mstroke-width[39m=[32m"2"[39m
                          [33mviewBox[39m=[32m"0 0 24 24"[39m
                          [33mwidth[39m=[32m"24"[39m
                          [33mxmlns[39m=[32m"http://www.w3.org/2000/svg"[39m
                        [36m>[39m
                          [36m<path[39m
                            [33md[39m=[32m"m9 18 6-6-6-6"[39m
                          [36m/>[39m
                        [36m</svg>[39m
                      [36m</button>[39m
                    [36m</div>[39m
                    [36m<div[39m
                      [33mclass[39m=[32m"flex items-center gap-3 mb-3 p-2 bg-white/5 rounded-lg"[39m
                    [36m>[39m
                      [36m<span[39m
                        [33mclass[39m=[32m"text-sm text-white/60"[39m
                      [36m>[39m
                        [0mBuild[0m
                      [36m</span>[39m
                      [36m<svg[39m
                        [33mclass[39m=[32m"w-4 h-4 text-white/40"[39m
                        [33mfill[39m=[32m"none"[39m
                        [33mheight[39m=[32m"24"[39m
                        [33mstroke[39m=[32m"currentColor"[39m
                        [33mstroke-linecap[39m=[32m"round"[39m
                        [33mstroke-linejoin[39m=[32m"round"[39m
                        [33mstroke-width[39m=[32m"2"[39m
                        [33mviewBox[39m=[32m"0 0 24 24"[39m
                        [33mwidth[39m=[32m"24"[39m
                        [33mxmlns[39m=[32m"http://www.w3.org/2000/svg"[39m
                      [36m>[39m
                        [36m<path[39m
                          [33md[39m=[32m"M5 12h14"[39m
                        [36m/>[39m
                        [36m<path[39m
                          [33md[39m=[32m"m12 5 7 7-7 7"[39m
                        [36m/>[39m
                      [36m</svg>[39m
                      [36m<span[39m
                        [33mclass[39m=[32m"text-sm text-white/80 font-medium"[39m
                      [36m>[39m
                        [0mQA[0m
                      [36m</span>[39m
                    [36m</div>[39m
                    [36m<div[39m
                      [33mclass[39m=[32m"flex flex-wrap gap-4 text-xs text-white/60"[39m
                    [36m>[39m
                      [36m<div[39m
                        [33mclass[39m=[32m"flex items-center gap-1.5"[39m
                      [36m>[39m
                        [36m<svg[39m
                          [33mclass[39m=[32m"w-3.5 h-3.5"[39m
                          [33mfill[39m=[32m"none"[39m
                          [33mheight[39m=[32m"24"[39m
                          [33mstroke[39m=[32m"currentColor"[39m
                          [33mstroke-linecap[39m=[32m"round"[39m
                          [33mstroke-linejoin[39m=[32m"round"[39m
                          [33mstroke-width[39m=[32m"2"[39m
                          [33mviewBox[39m=[32m"0 0 24 24"[39m
                          [33mwidth[39m=[32m"24"[39m
                          [33mxmlns[39m=[32m"http://www.w3.org/2000/svg"[39m
                        [36m>[39m
                          [36m<rect[39m
                            [33mheight[39m=[32m"18"[39m
                            [33mrx[39m=[32m"2"[39m
                            [33mry[39m=[32m"2"[39m
                            [33mwidth[39m=[32m"18"[39m
                            [33mx[39m=[32m"3"[39m
                            [33my[39m=[32m"4"[39m
                          [36m/>[39m
                          [36m<line[39m
                            [33mx1[39m=[32m"16"[39m
                            [33mx2[39m=[32m"16"[39m
                            [33my1[39m=[32m"2"[39m
                            [33my2[39m=[32m"6"[39m
                          [36m/>[39m
                          [36m<line[39m
                            [33mx1[39m=[32m"8"[39m
                            [33mx2[39m=[32m"8"[39m
                            [33my1[39m=[32m"2"[39m
                            [33my2[39m=[32m"6"[39m
                          [36m/>[39m
                          [36m<line[39m
                            [33mx1[39m=[32m"3"[39m
                            [33mx2[39m=[32m"21"[39m
                            [33my1[39m=[32m"10"[39m
                            [33my2[39m=[32m"10"[39m
                          [36m/>[39m
                        [36m</svg>[39m
                        [36m<span>[39m
                          [0m1/10/2024, 12:00:00 PM[0m
                        [36m</span>[39m
                        [36m<span[39m
                          [33mclass[39m=[32m"text-white/40"[39m
                        [36m>[39m
                          [0m([0m
                          [0m1/10/2024[0m
                          [0m)[0m
                        [36m</span>[39m
                      [36m</div>[39m
                      [36m<div[39m
                        [33mclass[39m=[32m"flex items-center gap-1.5"[39m
                      [36m>[39m
                        [36m<svg[39m
                          [33mclass[39m=[32m"w-3.5 h-3.5"[39m
                          [33mfill[39m=[32m"none"[39m
                          [33mheight[39m=[32m"24"[39m
                          [33mstroke[39m=[32m"currentColor"[39m
                          [33mstroke-linecap[39m=[32m"round"[39m
                          [33mstroke-linejoin[39m=[32m"round"[39m
                          [33mstroke-width[39m=[32m"2"[39m
                          [33mviewBox[39m=[32m"0 0 24 24"[39m
                          [33mwidth[39m=[32m"24"[39m
                          [33mxmlns[39m=[32m"http://www.w3.org/2000/svg"[39m
                        [36m>[39m
                          [36m<path[39m
                            [33md[39m=[32m"M19 21v-2a4 4 0 0 0-4-4H9a4 4 0 0 0-4 4v2"[39m
                          [36m/>[39m
                          [36m<circle[39m
                            [33mcx[39m=[32m"12"[39m
                            [33mcy[39m=[32m"7"[39m
                            [33mr[39m=[32m"4"[39m
                          [36m/>[39m
                        [36m</svg>[39m
                        [36m<span[39m
                          [33mclass[39m=[32m"font-mono"[39m
                        [36m>[39m
                          [0mbuild-us[0m
                        [36m</span>[39m
                      [36m</div>[39m
                    [36m</div>[39m
                  [36m</div>[39m
                [36m</div>[39m
              [36m</div>[39m
            [36m</div>[39m
          [36m</div>[39m
          [36m<div[39m
            [33mclass[39m=[32m"relative"[39m
          [36m>[39m
            [36m<div[39m
              [33mclass[39m=[32m"flex gap-4"[39m
            [36m>[39m
              [36m<div[39m
                [33mclass[39m=[32m"flex-shrink-0 w-12 h-12 rounded-full flex items-center justify-center border-2 bg-green-500/20 border-green-500/50"[39m
              [36m>[39m
                [36m<svg[39m
                  [33mclass[39m=[32m"w-6 h-6 text-green-400"[39m
                  [33mfill[39m=[32m"none"[39m
                  [33mheight[39m=[32m"24"[39m
                  [33mstroke[39m=[32m"currentColor"[39m
                  [33mstroke-linecap[39m=[32m"round"[39m
                  [33mstroke-linejoin[39m=[32m"round"[39m
                  [33mstroke-width[39m=[32m"2"[39m
                  [33mviewBox[39m=[32m"0 0 24 24"[39m
                  [33mwidth[39m=[32m"24"[39m
                  [33mxmlns[39m=[32m"http://www.w3.org/2000/svg"[39m
                [36m>[39m
                  [36m<path[39m
                    [33md[39m=[32m"M12 22c5.523 0 10-4.477 10-10S17.523 2 12 2 2 6.477 2 12s4.477 10 10 10z"[39m
                  [36m/>[39m
                  [36m<path[39m
                    [33md[39m=[32m"m9 12 2 2 4-4"[39m
                  [36m/>[39m
                [36m</svg>[39m
              [36m</div>[39m
              [36m<div[39m
                [33mclass[39m=[32m"flex-1 pb-8"[39m
              [36m>[39m
                [36m<div[39m
                  [33mclass[39m=[32m"border rounded-lg overflow-hidden border-green-500/30 bg-green-500/5"[39m
                [36m>[39m
                  [36m<div[39m
                    [33mclass[39m=[32m"p-4"[39m
                  [36m>[39m
                    [36m<div[39m
                      [33mclass[39m=[32m"flex items-start justify-between mb-3"[39m
                    [36m>[39m
                      [36m<div>[39m
                        [36m<h4[39m
                          [33mclass[39m=[32m"text-base font-semibold text-white mb-1"[39m
                        [36m>[39m
                          [0mQA to Maintenance[0m
                        [36m</h4>[39m
                        [36m<span[39m
                          [33mclass[39m=[32m"px-2 py-0.5 bg-green-500/20 text-green-400 rounded text-xs font-medium"[39m
                        [36m>[39m
                          [0mCurrent Owner[0m
                        [36m</span>[39m
                      [36m</div>[39m
                      [36m<button[39m
                        [33maria-label[39m=[32m"View details"[39m
                        [33mclass[39m=[32m"flex items-center gap-1 text-sm text-blue-400 hover:text-blue-300 transition-colors"[39m
                        [33mrole[39m=[32m"button"[39m
                      [36m>[39m
                        [0mView Details[0m
                        [36m<svg[39m
                          [33mclass[39m=[32m"w-4 h-4 transition-transform"[39m
                          [33mfill[39m=[32m"none"[39m
                          [33mheight[39m=[32m"24"[39m
                          [33mstroke[39m=[32m"currentColor"[39m
                          [33mstroke-linecap[39m=[32m"round"[39m
                          [33mstroke-linejoin[39m=[32m"round"[39m
                          [33mstroke-width[39m=[32m"2"[39m
                          [33mviewBox[39m=[32m"0 0 24 24"[39m
                          [33mwidth[39m=[32m"24"[39m
                          [33mxmlns[39m=[32m"http://www.w3.org/2000/svg"[39m
                        [36m>[39m
                          [36m<path[39m
                            [33md[39m=[32m"m9 18 6-6-6-6"[39m
                          [36m/>[39m
                        [36m</svg>[39m
                      [36m</button>[39m
                    [36m</div>[39m
                    [36m<div[39m
                      [33mclass[39m=[32m"flex items-center gap-3 mb-3 p-2 bg-white/5 rounded-lg"[39m
                    [36m>[39m
                      [36m<span[39m
                        [33mclass[39m=[32m"text-sm text-white/60"[39m
                      [36m>[39m
                        [0mQA[0m
                      [36m</span>[39m
                      [36m<svg[39m
                        [33mclass[39m=[32m"w-4 h-4 text-white/40"[39m
                        [33mfill[39m=[32m"none"[39m
                        [33mheight[39m=[32m"24"[39m
                        [33mstroke[39m=[32m"currentColor"[39m
                        [33mstroke-linecap[39m=[32m"round"[39m
                        [33mstroke-linejoin[39m=[32m"round"[39m
                        [33mstroke-width[39m=[32m"2"[39m
                        [33mviewBox[39m=[32m"0 0 24 24"[39m
                        [33mwidth[39m=[32m"24"[39m
                        [33mxmlns[39m=[32m"http://www.w3.org/2000/svg"[39m
                      [36m>[39m
                        [36m<path[39m
                          [33md[39m=[32m"M5 12h14"[39m
                        [36m/>[39m
                        [36m<path[39m
                          [33md[39m=[32m"m12 5 7 7-7 7"[39m
                        [36m/>[39m
                      [36m</svg>[39m
                      [36m<span[39m
                        [33mclass[39m=[32m"text-sm text-white/80 font-medium"[39m
                      [36m>[39m
                        [0mMaintenance[0m
                      [36m</span>[39m
                    [36m</div>[39m
                    [36m<div[39m
                      [33mclass[39m=[32m"flex flex-wrap gap-4 text-xs text-white/60"[39m
                    [36m>[39m
                      [36m<div[39m
                        [33mclass[39m=[32m"flex items-center gap-1.5"[39m
                      [36m>[39m
                        [36m<svg[39m
                          [33mclass[39m=[32m"w-3.5 h-3.5"[39m
                          [33mfill[39m=[32m"none"[39m
                          [33mheight[39m=[32m"24"[39m
                          [33mstroke[39m=[32m"currentColor"[39m
                          [33mstroke-linecap[39m=[32m"round"[39m
                          [33mstroke-linejoin[39m=[32m"round"[39m
                          [33mstroke-width[39m=[32m"2"[39m
                          [33mviewBox[39m=[32m"0 0 24 24"[39m
                          [33mwidth[39m=[32m"24"[39m
                          [33mxmlns[39m=[32m"http://www.w3.org/2000/svg"[39m
                        [36m>[39m
                          [36m<rect[39m
                            [33mheight[39m=[32m"18"[39m
                            [33mrx[39m=[32m"2"[39m
                            [33mry[39m=[32m"2"[39m
                            [33mwidth[39m=[32m"18"[39m
                            [33mx[39m=[32m"3"[39m
                            [33my[39m=[32m"4"[39m
                          [36m/>[39m
                          [36m<line[39m
                            [33mx1[39m=[32m"16"[39m
                            [33mx2[39m=[32m"16"[39m
                            [33my1[39m=[32m"2"[39m
                            [33my2[39m=[32m"6"[39m
                          [36m/>[39m
                          [36m<line[39m
                            [33mx1[39m=[32m"8"[39m
                            [33mx2[39m=[32m"8"[39m
                            [33my1[39m=[32m"2"[39m
                            [33my2[39m=[32m"6"[39m
                          [36m/>[39m
                          [36m<line[39m
                            [33mx1[39m=[32m"3"[39m
                            [33mx2[39m=[32m"21"[39m
                            [33my1[39m=[32m"10"[39m
                            [33my2[39m=[32m"10"[39m
                          [36m/>[39m
                        [36m</svg>[39m
                        [36m<span>[39m
                          [0m1/15/2024, 2:00:00 PM[0m
                        [36m</span>[39m
                        [36m<span[39m
                          [33mclass[39m=[32m"text-white/40"[39m
                        [36m>[39m
                          [0m([0m
                          [0m1/15/2024[0m
                          [0m)[0m
                        [36m</span>[39m
                      [36m</div>[39m
                      [36m<div[39m
                        [33mclass[39m=[32m"flex items-center gap-1.5"[39m
                      [36m>[39m
                        [36m<svg[39m
                          [33mclass[39m=[32m"w-3.5 h-3.5"[39m
                          [33mfill[39m=[32m"none"[39m
                          [33mheight[39m=[32m"24"[39m
                          [33mstroke[39m=[32m"currentColor"[39m
                          [33mstroke-linecap[39m=[32m"round"[39m
                          [33mstroke-linejoin[39m=[32m"round"[39m
                          [33mstroke-width[39m=[32m"2"[39m
                          [33mviewBox[39m=[32m"0 0 24 24"[39m
                          [33mwidth[39m=[32m"24"[39m
                          [33mxmlns[39m=[32m"http://www.w3.org/2000/svg"[39m
                        [36m>[39m
                          [36m<path[39m
                            [33md[39m=[32m"M19 21v-2a4 4 0 0 0-4-4H9a4 4 0 0 0-4 4v2"[39m
                          [36m/>[39m
                          [36m<circle[39m
                            [33mcx[39m=[32m"12"[39m
                            [33mcy[39m=[32m"7"[39m
                            [33mr[39m=[32m"4"[39m
                          [36m/>[39m
                        [36m</svg>[39m
                        [36m<span[39m
                          [33mclass[39m=[32m"font-mono"[39m
                        [36m>[39m
                          [0mqa-user-[0m
                        [36m</span>[39m
                      [36m</div>[39m
                    [36m</div>[39m
                  [36m</div>[39m
                [36m</div>[39m
              [36m</div>[39m
            [36m</div>[39m
          [36m</div>[39m
        [36m</div>[39m
      [36m</div>[39m
    [36m</div>[39m
  [36m</body>[39m
[36m</html>[39m
 ✓ src/modules/ticketing/__tests__/api/cron-sync-qcontact.test.ts  (9 tests) 14ms
 ✓ src/modules/ticketing/__tests__/services/weeklyReportService.test.ts  (17 tests) 14ms
stderr | src/modules/ticketing/__tests__/components/QContactSync.test.tsx > SyncDashboard Component > Initial Rendering > should display sync status overview
Warning: `ReactDOMTestUtils.act` is deprecated in favor of `React.act`. Import `act` from `react` instead of `react-dom/test-utils`. See https://react.dev/warnings/react-dom-test-utils for more info.
Error: Uncaught [Error: No QueryClient set, use QueryClientProvider to set one]
    at reportException (/home/hein/Workspace/FF_Next.js/.worktrees/001-ticketing-phase1-core/node_modules/jsdom/lib/jsdom/living/helpers/runtime-script-errors.js:66:24)
    at innerInvokeEventListeners (/home/hein/Workspace/FF_Next.js/.worktrees/001-ticketing-phase1-core/node_modules/jsdom/lib/jsdom/living/events/EventTarget-impl.js:353:9)
    at invokeEventListeners (/home/hein/Workspace/FF_Next.js/.worktrees/001-ticketing-phase1-core/node_modules/jsdom/lib/jsdom/living/events/EventTarget-impl.js:286:3)
    at HTMLUnknownElementImpl._dispatch (/home/hein/Workspace/FF_Next.js/.worktrees/001-ticketing-phase1-core/node_modules/jsdom/lib/jsdom/living/events/EventTarget-impl.js:233:9)
    at HTMLUnknownElementImpl.dispatchEvent (/home/hein/Workspace/FF_Next.js/.worktrees/001-ticketing-phase1-core/node_modules/jsdom/lib/jsdom/living/events/EventTarget-impl.js:104:17)
    at HTMLUnknownElement.dispatchEvent (/home/hein/Workspace/FF_Next.js/.worktrees/001-ticketing-phase1-core/node_modules/jsdom/lib/jsdom/living/generated/EventTarget.js:241:34)
    at Object.invokeGuardedCallbackDev (/home/hein/Workspace/FF_Next.js/.worktrees/001-ticketing-phase1-core/node_modules/react-dom/cjs/react-dom.development.js:4213:16)
    at invokeGuardedCallback (/home/hein/Workspace/FF_Next.js/.worktrees/001-ticketing-phase1-core/node_modules/react-dom/cjs/react-dom.development.js:4277:31)
    at beginWork$1 (/home/hein/Workspace/FF_Next.js/.worktrees/001-ticketing-phase1-core/node_modules/react-dom/cjs/react-dom.development.js:27490:7)
    at performUnitOfWork (/home/hein/Workspace/FF_Next.js/.worktrees/001-ticketing-phase1-core/node_modules/react-dom/cjs/react-dom.development.js:26599:12) Error: No QueryClient set, use QueryClientProvider to set one
    at useQueryClient [90m(file:///home/hein/Workspace/FF_Next.js/.worktrees/001-ticketing-phase1-core/[39mnode_modules/[4m@tanstack/react-query[24m/src/QueryClientProvider.tsx:18:11[90m)[39m
    at useBaseQuery [90m(file:///home/hein/Workspace/FF_Next.js/.worktrees/001-ticketing-phase1-core/[39mnode_modules/[4m@tanstack/react-query[24m/src/useBaseQuery.ts:54:18[90m)[39m
    at Module.useQuery [90m(file:///home/hein/Workspace/FF_Next.js/.worktrees/001-ticketing-phase1-core/[39mnode_modules/[4m@tanstack/react-query[24m/src/useQuery.ts:51:10[90m)[39m
    at Module.useQContactSyncStatus [90m(/home/hein/Workspace/FF_Next.js/.worktrees/001-ticketing-phase1-core/[39msrc/modules/ticketing/hooks/useQContactSync.ts:151:17[90m)[39m
    at SyncDashboard [90m(/home/hein/Workspace/FF_Next.js/.worktrees/001-ticketing-phase1-core/[39msrc/modules/ticketing/components/QContact/SyncDashboard.tsx:49:62[90m)[39m
    at renderWithHooks [90m(/home/hein/Workspace/FF_Next.js/.worktrees/001-ticketing-phase1-core/[39mnode_modules/[4mreact-dom[24m/cjs/react-dom.development.js:15486:18[90m)[39m
    at mountIndeterminateComponent [90m(/home/hein/Workspace/FF_Next.js/.worktrees/001-ticketing-phase1-core/[39mnode_modules/[4mreact-dom[24m/cjs/react-dom.development.js:20103:13[90m)[39m
    at beginWork [90m(/home/hein/Workspace/FF_Next.js/.worktrees/001-ticketing-phase1-core/[39mnode_modules/[4mreact-dom[24m/cjs/react-dom.development.js:21626:16[90m)[39m
    at HTMLUnknownElement.callCallback [90m(/home/hein/Workspace/FF_Next.js/.worktrees/001-ticketing-phase1-core/[39mnode_modules/[4mreact-dom[24m/cjs/react-dom.development.js:4164:14[90m)[39m
    at HTMLUnknownElement.callTheUserObjectsOperation [90m(/home/hein/Workspace/FF_Next.js/.worktrees/001-ticketing-phase1-core/[39mnode_modules/[4mjsdom[24m/lib/jsdom/living/generated/EventListener.js:26:30[90m)[39m
Error: Uncaught [Error: No QueryClient set, use QueryClientProvider to set one]
    at reportException (/home/hein/Workspace/FF_Next.js/.worktrees/001-ticketing-phase1-core/node_modules/jsdom/lib/jsdom/living/helpers/runtime-script-errors.js:66:24)
    at innerInvokeEventListeners (/home/hein/Workspace/FF_Next.js/.worktrees/001-ticketing-phase1-core/node_modules/jsdom/lib/jsdom/living/events/EventTarget-impl.js:353:9)
    at invokeEventListeners (/home/hein/Workspace/FF_Next.js/.worktrees/001-ticketing-phase1-core/node_modules/jsdom/lib/jsdom/living/events/EventTarget-impl.js:286:3)
    at HTMLUnknownElementImpl._dispatch (/home/hein/Workspace/FF_Next.js/.worktrees/001-ticketing-phase1-core/node_modules/jsdom/lib/jsdom/living/events/EventTarget-impl.js:233:9)
    at HTMLUnknownElementImpl.dispatchEvent (/home/hein/Workspace/FF_Next.js/.worktrees/001-ticketing-phase1-core/node_modules/jsdom/lib/jsdom/living/events/EventTarget-impl.js:104:17)
    at HTMLUnknownElement.dispatchEvent (/home/hein/Workspace/FF_Next.js/.worktrees/001-ticketing-phase1-core/node_modules/jsdom/lib/jsdom/living/generated/EventTarget.js:241:34)
    at Object.invokeGuardedCallbackDev (/home/hein/Workspace/FF_Next.js/.worktrees/001-ticketing-phase1-core/node_modules/react-dom/cjs/react-dom.development.js:4213:16)
    at invokeGuardedCallback (/home/hein/Workspace/FF_Next.js/.worktrees/001-ticketing-phase1-core/node_modules/react-dom/cjs/react-dom.development.js:4277:31)
    at beginWork$1 (/home/hein/Workspace/FF_Next.js/.worktrees/001-ticketing-phase1-core/node_modules/react-dom/cjs/react-dom.development.js:27490:7)
    at performUnitOfWork (/home/hein/Workspace/FF_Next.js/.worktrees/001-ticketing-phase1-core/node_modules/react-dom/cjs/react-dom.development.js:26599:12) Error: No QueryClient set, use QueryClientProvider to set one
    at useQueryClient [90m(file:///home/hein/Workspace/FF_Next.js/.worktrees/001-ticketing-phase1-core/[39mnode_modules/[4m@tanstack/react-query[24m/src/QueryClientProvider.tsx:18:11[90m)[39m
    at useBaseQuery [90m(file:///home/hein/Workspace/FF_Next.js/.worktrees/001-ticketing-phase1-core/[39mnode_modules/[4m@tanstack/react-query[24m/src/useBaseQuery.ts:54:18[90m)[39m
    at Module.useQuery [90m(file:///home/hein/Workspace/FF_Next.js/.worktrees/001-ticketing-phase1-core/[39mnode_modules/[4m@tanstack/react-query[24m/src/useQuery.ts:51:10[90m)[39m
    at Module.useQContactSyncStatus [90m(/home/hein/Workspace/FF_Next.js/.worktrees/001-ticketing-phase1-core/[39msrc/modules/ticketing/hooks/useQContactSync.ts:151:17[90m)[39m
    at SyncDashboard [90m(/home/hein/Workspace/FF_Next.js/.worktrees/001-ticketing-phase1-core/[39msrc/modules/ticketing/components/QContact/SyncDashboard.tsx:49:62[90m)[39m
    at renderWithHooks [90m(/home/hein/Workspace/FF_Next.js/.worktrees/001-ticketing-phase1-core/[39mnode_modules/[4mreact-dom[24m/cjs/react-dom.development.js:15486:18[90m)[39m
    at mountIndeterminateComponent [90m(/home/hein/Workspace/FF_Next.js/.worktrees/001-ticketing-phase1-core/[39mnode_modules/[4mreact-dom[24m/cjs/react-dom.development.js:20103:13[90m)[39m
    at beginWork [90m(/home/hein/Workspace/FF_Next.js/.worktrees/001-ticketing-phase1-core/[39mnode_modules/[4mreact-dom[24m/cjs/react-dom.development.js:21626:16[90m)[39m
    at HTMLUnknownElement.callCallback [90m(/home/hein/Workspace/FF_Next.js/.worktrees/001-ticketing-phase1-core/[39mnode_modules/[4mreact-dom[24m/cjs/react-dom.development.js:4164:14[90m)[39m
    at HTMLUnknownElement.callTheUserObjectsOperation [90m(/home/hein/Workspace/FF_Next.js/.worktrees/001-ticketing-phase1-core/[39mnode_modules/[4mjsdom[24m/lib/jsdom/living/generated/EventListener.js:26:30[90m)[39m
The above error occurred in the <SyncDashboard> component:

    at SyncDashboard (/home/hein/Workspace/FF_Next.js/.worktrees/001-ticketing-phase1-core/src/modules/ticketing/components/QContact/SyncDashboard.tsx:13:3)

Consider adding an error boundary to your tree to customize error handling behavior.
Visit https://reactjs.org/link/error-boundaries to learn more about error boundaries.

stderr | src/modules/ticketing/__tests__/components/QContactSync.test.tsx > SyncDashboard Component > Initial Rendering > should display success rate as percentage
Error: Uncaught [Error: No QueryClient set, use QueryClientProvider to set one]
    at reportException (/home/hein/Workspace/FF_Next.js/.worktrees/001-ticketing-phase1-core/node_modules/jsdom/lib/jsdom/living/helpers/runtime-script-errors.js:66:24)
    at innerInvokeEventListeners (/home/hein/Workspace/FF_Next.js/.worktrees/001-ticketing-phase1-core/node_modules/jsdom/lib/jsdom/living/events/EventTarget-impl.js:353:9)
    at invokeEventListeners (/home/hein/Workspace/FF_Next.js/.worktrees/001-ticketing-phase1-core/node_modules/jsdom/lib/jsdom/living/events/EventTarget-impl.js:286:3)
    at HTMLUnknownElementImpl._dispatch (/home/hein/Workspace/FF_Next.js/.worktrees/001-ticketing-phase1-core/node_modules/jsdom/lib/jsdom/living/events/EventTarget-impl.js:233:9)
    at HTMLUnknownElementImpl.dispatchEvent (/home/hein/Workspace/FF_Next.js/.worktrees/001-ticketing-phase1-core/node_modules/jsdom/lib/jsdom/living/events/EventTarget-impl.js:104:17)
    at HTMLUnknownElement.dispatchEvent (/home/hein/Workspace/FF_Next.js/.worktrees/001-ticketing-phase1-core/node_modules/jsdom/lib/jsdom/living/generated/EventTarget.js:241:34)
    at Object.invokeGuardedCallbackDev (/home/hein/Workspace/FF_Next.js/.worktrees/001-ticketing-phase1-core/node_modules/react-dom/cjs/react-dom.development.js:4213:16)
    at invokeGuardedCallback (/home/hein/Workspace/FF_Next.js/.worktrees/001-ticketing-phase1-core/node_modules/react-dom/cjs/react-dom.development.js:4277:31)
    at beginWork$1 (/home/hein/Workspace/FF_Next.js/.worktrees/001-ticketing-phase1-core/node_modules/react-dom/cjs/react-dom.development.js:27490:7)
    at performUnitOfWork (/home/hein/Workspace/FF_Next.js/.worktrees/001-ticketing-phase1-core/node_modules/react-dom/cjs/react-dom.development.js:26599:12) Error: No QueryClient set, use QueryClientProvider to set one
    at useQueryClient [90m(file:///home/hein/Workspace/FF_Next.js/.worktrees/001-ticketing-phase1-core/[39mnode_modules/[4m@tanstack/react-query[24m/src/QueryClientProvider.tsx:18:11[90m)[39m
    at useBaseQuery [90m(file:///home/hein/Workspace/FF_Next.js/.worktrees/001-ticketing-phase1-core/[39mnode_modules/[4m@tanstack/react-query[24m/src/useBaseQuery.ts:54:18[90m)[39m
    at Module.useQuery [90m(file:///home/hein/Workspace/FF_Next.js/.worktrees/001-ticketing-phase1-core/[39mnode_modules/[4m@tanstack/react-query[24m/src/useQuery.ts:51:10[90m)[39m
    at Module.useQContactSyncStatus [90m(/home/hein/Workspace/FF_Next.js/.worktrees/001-ticketing-phase1-core/[39msrc/modules/ticketing/hooks/useQContactSync.ts:151:17[90m)[39m
    at SyncDashboard [90m(/home/hein/Workspace/FF_Next.js/.worktrees/001-ticketing-phase1-core/[39msrc/modules/ticketing/components/QContact/SyncDashboard.tsx:49:62[90m)[39m
    at renderWithHooks [90m(/home/hein/Workspace/FF_Next.js/.worktrees/001-ticketing-phase1-core/[39mnode_modules/[4mreact-dom[24m/cjs/react-dom.development.js:15486:18[90m)[39m
    at mountIndeterminateComponent [90m(/home/hein/Workspace/FF_Next.js/.worktrees/001-ticketing-phase1-core/[39mnode_modules/[4mreact-dom[24m/cjs/react-dom.development.js:20103:13[90m)[39m
    at beginWork [90m(/home/hein/Workspace/FF_Next.js/.worktrees/001-ticketing-phase1-core/[39mnode_modules/[4mreact-dom[24m/cjs/react-dom.development.js:21626:16[90m)[39m
    at HTMLUnknownElement.callCallback [90m(/home/hein/Workspace/FF_Next.js/.worktrees/001-ticketing-phase1-core/[39mnode_modules/[4mreact-dom[24m/cjs/react-dom.development.js:4164:14[90m)[39m
    at HTMLUnknownElement.callTheUserObjectsOperation [90m(/home/hein/Workspace/FF_Next.js/.worktrees/001-ticketing-phase1-core/[39mnode_modules/[4mjsdom[24m/lib/jsdom/living/generated/EventListener.js:26:30[90m)[39m
Error: Uncaught [Error: No QueryClient set, use QueryClientProvider to set one]
    at reportException (/home/hein/Workspace/FF_Next.js/.worktrees/001-ticketing-phase1-core/node_modules/jsdom/lib/jsdom/living/helpers/runtime-script-errors.js:66:24)
    at innerInvokeEventListeners (/home/hein/Workspace/FF_Next.js/.worktrees/001-ticketing-phase1-core/node_modules/jsdom/lib/jsdom/living/events/EventTarget-impl.js:353:9)
    at invokeEventListeners (/home/hein/Workspace/FF_Next.js/.worktrees/001-ticketing-phase1-core/node_modules/jsdom/lib/jsdom/living/events/EventTarget-impl.js:286:3)
    at HTMLUnknownElementImpl._dispatch (/home/hein/Workspace/FF_Next.js/.worktrees/001-ticketing-phase1-core/node_modules/jsdom/lib/jsdom/living/events/EventTarget-impl.js:233:9)
    at HTMLUnknownElementImpl.dispatchEvent (/home/hein/Workspace/FF_Next.js/.worktrees/001-ticketing-phase1-core/node_modules/jsdom/lib/jsdom/living/events/EventTarget-impl.js:104:17)
    at HTMLUnknownElement.dispatchEvent (/home/hein/Workspace/FF_Next.js/.worktrees/001-ticketing-phase1-core/node_modules/jsdom/lib/jsdom/living/generated/EventTarget.js:241:34)
    at Object.invokeGuardedCallbackDev (/home/hein/Workspace/FF_Next.js/.worktrees/001-ticketing-phase1-core/node_modules/react-dom/cjs/react-dom.development.js:4213:16)
    at invokeGuardedCallback (/home/hein/Workspace/FF_Next.js/.worktrees/001-ticketing-phase1-core/node_modules/react-dom/cjs/react-dom.development.js:4277:31)
    at beginWork$1 (/home/hein/Workspace/FF_Next.js/.worktrees/001-ticketing-phase1-core/node_modules/react-dom/cjs/react-dom.development.js:27490:7)
    at performUnitOfWork (/home/hein/Workspace/FF_Next.js/.worktrees/001-ticketing-phase1-core/node_modules/react-dom/cjs/react-dom.development.js:26599:12) Error: No QueryClient set, use QueryClientProvider to set one
    at useQueryClient [90m(file:///home/hein/Workspace/FF_Next.js/.worktrees/001-ticketing-phase1-core/[39mnode_modules/[4m@tanstack/react-query[24m/src/QueryClientProvider.tsx:18:11[90m)[39m
    at useBaseQuery [90m(file:///home/hein/Workspace/FF_Next.js/.worktrees/001-ticketing-phase1-core/[39mnode_modules/[4m@tanstack/react-query[24m/src/useBaseQuery.ts:54:18[90m)[39m
    at Module.useQuery [90m(file:///home/hein/Workspace/FF_Next.js/.worktrees/001-ticketing-phase1-core/[39mnode_modules/[4m@tanstack/react-query[24m/src/useQuery.ts:51:10[90m)[39m
    at Module.useQContactSyncStatus [90m(/home/hein/Workspace/FF_Next.js/.worktrees/001-ticketing-phase1-core/[39msrc/modules/ticketing/hooks/useQContactSync.ts:151:17[90m)[39m
    at SyncDashboard [90m(/home/hein/Workspace/FF_Next.js/.worktrees/001-ticketing-phase1-core/[39msrc/modules/ticketing/components/QContact/SyncDashboard.tsx:49:62[90m)[39m
    at renderWithHooks [90m(/home/hein/Workspace/FF_Next.js/.worktrees/001-ticketing-phase1-core/[39mnode_modules/[4mreact-dom[24m/cjs/react-dom.development.js:15486:18[90m)[39m
    at mountIndeterminateComponent [90m(/home/hein/Workspace/FF_Next.js/.worktrees/001-ticketing-phase1-core/[39mnode_modules/[4mreact-dom[24m/cjs/react-dom.development.js:20103:13[90m)[39m
    at beginWork [90m(/home/hein/Workspace/FF_Next.js/.worktrees/001-ticketing-phase1-core/[39mnode_modules/[4mreact-dom[24m/cjs/react-dom.development.js:21626:16[90m)[39m
    at HTMLUnknownElement.callCallback [90m(/home/hein/Workspace/FF_Next.js/.worktrees/001-ticketing-phase1-core/[39mnode_modules/[4mreact-dom[24m/cjs/react-dom.development.js:4164:14[90m)[39m
    at HTMLUnknownElement.callTheUserObjectsOperation [90m(/home/hein/Workspace/FF_Next.js/.worktrees/001-ticketing-phase1-core/[39mnode_modules/[4mjsdom[24m/lib/jsdom/living/generated/EventListener.js:26:30[90m)[39m
The above error occurred in the <SyncDashboard> component:

    at SyncDashboard (/home/hein/Workspace/FF_Next.js/.worktrees/001-ticketing-phase1-core/src/modules/ticketing/components/QContact/SyncDashboard.tsx:13:3)

Consider adding an error boundary to your tree to customize error handling behavior.
Visit https://reactjs.org/link/error-boundaries to learn more about error boundaries.

stderr | src/modules/ticketing/__tests__/components/QContactSync.test.tsx > SyncDashboard Component > Initial Rendering > should show pending outbound count
Error: Uncaught [Error: No QueryClient set, use QueryClientProvider to set one]
    at reportException (/home/hein/Workspace/FF_Next.js/.worktrees/001-ticketing-phase1-core/node_modules/jsdom/lib/jsdom/living/helpers/runtime-script-errors.js:66:24)
    at innerInvokeEventListeners (/home/hein/Workspace/FF_Next.js/.worktrees/001-ticketing-phase1-core/node_modules/jsdom/lib/jsdom/living/events/EventTarget-impl.js:353:9)
    at invokeEventListeners (/home/hein/Workspace/FF_Next.js/.worktrees/001-ticketing-phase1-core/node_modules/jsdom/lib/jsdom/living/events/EventTarget-impl.js:286:3)
    at HTMLUnknownElementImpl._dispatch (/home/hein/Workspace/FF_Next.js/.worktrees/001-ticketing-phase1-core/node_modules/jsdom/lib/jsdom/living/events/EventTarget-impl.js:233:9)
    at HTMLUnknownElementImpl.dispatchEvent (/home/hein/Workspace/FF_Next.js/.worktrees/001-ticketing-phase1-core/node_modules/jsdom/lib/jsdom/living/events/EventTarget-impl.js:104:17)
    at HTMLUnknownElement.dispatchEvent (/home/hein/Workspace/FF_Next.js/.worktrees/001-ticketing-phase1-core/node_modules/jsdom/lib/jsdom/living/generated/EventTarget.js:241:34)
    at Object.invokeGuardedCallbackDev (/home/hein/Workspace/FF_Next.js/.worktrees/001-ticketing-phase1-core/node_modules/react-dom/cjs/react-dom.development.js:4213:16)
    at invokeGuardedCallback (/home/hein/Workspace/FF_Next.js/.worktrees/001-ticketing-phase1-core/node_modules/react-dom/cjs/react-dom.development.js:4277:31)
    at beginWork$1 (/home/hein/Workspace/FF_Next.js/.worktrees/001-ticketing-phase1-core/node_modules/react-dom/cjs/react-dom.development.js:27490:7)
    at performUnitOfWork (/home/hein/Workspace/FF_Next.js/.worktrees/001-ticketing-phase1-core/node_modules/react-dom/cjs/react-dom.development.js:26599:12) Error: No QueryClient set, use QueryClientProvider to set one
    at useQueryClient [90m(file:///home/hein/Workspace/FF_Next.js/.worktrees/001-ticketing-phase1-core/[39mnode_modules/[4m@tanstack/react-query[24m/src/QueryClientProvider.tsx:18:11[90m)[39m
    at useBaseQuery [90m(file:///home/hein/Workspace/FF_Next.js/.worktrees/001-ticketing-phase1-core/[39mnode_modules/[4m@tanstack/react-query[24m/src/useBaseQuery.ts:54:18[90m)[39m
    at Module.useQuery [90m(file:///home/hein/Workspace/FF_Next.js/.worktrees/001-ticketing-phase1-core/[39mnode_modules/[4m@tanstack/react-query[24m/src/useQuery.ts:51:10[90m)[39m
    at Module.useQContactSyncStatus [90m(/home/hein/Workspace/FF_Next.js/.worktrees/001-ticketing-phase1-core/[39msrc/modules/ticketing/hooks/useQContactSync.ts:151:17[90m)[39m
    at SyncDashboard [90m(/home/hein/Workspace/FF_Next.js/.worktrees/001-ticketing-phase1-core/[39msrc/modules/ticketing/components/QContact/SyncDashboard.tsx:49:62[90m)[39m
    at renderWithHooks [90m(/home/hein/Workspace/FF_Next.js/.worktrees/001-ticketing-phase1-core/[39mnode_modules/[4mreact-dom[24m/cjs/react-dom.development.js:15486:18[90m)[39m
    at mountIndeterminateComponent [90m(/home/hein/Workspace/FF_Next.js/.worktrees/001-ticketing-phase1-core/[39mnode_modules/[4mreact-dom[24m/cjs/react-dom.development.js:20103:13[90m)[39m
    at beginWork [90m(/home/hein/Workspace/FF_Next.js/.worktrees/001-ticketing-phase1-core/[39mnode_modules/[4mreact-dom[24m/cjs/react-dom.development.js:21626:16[90m)[39m
    at HTMLUnknownElement.callCallback [90m(/home/hein/Workspace/FF_Next.js/.worktrees/001-ticketing-phase1-core/[39mnode_modules/[4mreact-dom[24m/cjs/react-dom.development.js:4164:14[90m)[39m
    at HTMLUnknownElement.callTheUserObjectsOperation [90m(/home/hein/Workspace/FF_Next.js/.worktrees/001-ticketing-phase1-core/[39mnode_modules/[4mjsdom[24m/lib/jsdom/living/generated/EventListener.js:26:30[90m)[39m
Error: Uncaught [Error: No QueryClient set, use QueryClientProvider to set one]
    at reportException (/home/hein/Workspace/FF_Next.js/.worktrees/001-ticketing-phase1-core/node_modules/jsdom/lib/jsdom/living/helpers/runtime-script-errors.js:66:24)
    at innerInvokeEventListeners (/home/hein/Workspace/FF_Next.js/.worktrees/001-ticketing-phase1-core/node_modules/jsdom/lib/jsdom/living/events/EventTarget-impl.js:353:9)
    at invokeEventListeners (/home/hein/Workspace/FF_Next.js/.worktrees/001-ticketing-phase1-core/node_modules/jsdom/lib/jsdom/living/events/EventTarget-impl.js:286:3)
    at HTMLUnknownElementImpl._dispatch (/home/hein/Workspace/FF_Next.js/.worktrees/001-ticketing-phase1-core/node_modules/jsdom/lib/jsdom/living/events/EventTarget-impl.js:233:9)
    at HTMLUnknownElementImpl.dispatchEvent (/home/hein/Workspace/FF_Next.js/.worktrees/001-ticketing-phase1-core/node_modules/jsdom/lib/jsdom/living/events/EventTarget-impl.js:104:17)
    at HTMLUnknownElement.dispatchEvent (/home/hein/Workspace/FF_Next.js/.worktrees/001-ticketing-phase1-core/node_modules/jsdom/lib/jsdom/living/generated/EventTarget.js:241:34)
    at Object.invokeGuardedCallbackDev (/home/hein/Workspace/FF_Next.js/.worktrees/001-ticketing-phase1-core/node_modules/react-dom/cjs/react-dom.development.js:4213:16)
    at invokeGuardedCallback (/home/hein/Workspace/FF_Next.js/.worktrees/001-ticketing-phase1-core/node_modules/react-dom/cjs/react-dom.development.js:4277:31)
    at beginWork$1 (/home/hein/Workspace/FF_Next.js/.worktrees/001-ticketing-phase1-core/node_modules/react-dom/cjs/react-dom.development.js:27490:7)
    at performUnitOfWork (/home/hein/Workspace/FF_Next.js/.worktrees/001-ticketing-phase1-core/node_modules/react-dom/cjs/react-dom.development.js:26599:12) Error: No QueryClient set, use QueryClientProvider to set one
    at useQueryClient [90m(file:///home/hein/Workspace/FF_Next.js/.worktrees/001-ticketing-phase1-core/[39mnode_modules/[4m@tanstack/react-query[24m/src/QueryClientProvider.tsx:18:11[90m)[39m
    at useBaseQuery [90m(file:///home/hein/Workspace/FF_Next.js/.worktrees/001-ticketing-phase1-core/[39mnode_modules/[4m@tanstack/react-query[24m/src/useBaseQuery.ts:54:18[90m)[39m
    at Module.useQuery [90m(file:///home/hein/Workspace/FF_Next.js/.worktrees/001-ticketing-phase1-core/[39mnode_modules/[4m@tanstack/react-query[24m/src/useQuery.ts:51:10[90m)[39m
    at Module.useQContactSyncStatus [90m(/home/hein/Workspace/FF_Next.js/.worktrees/001-ticketing-phase1-core/[39msrc/modules/ticketing/hooks/useQContactSync.ts:151:17[90m)[39m
    at SyncDashboard [90m(/home/hein/Workspace/FF_Next.js/.worktrees/001-ticketing-phase1-core/[39msrc/modules/ticketing/components/QContact/SyncDashboard.tsx:49:62[90m)[39m
    at renderWithHooks [90m(/home/hein/Workspace/FF_Next.js/.worktrees/001-ticketing-phase1-core/[39mnode_modules/[4mreact-dom[24m/cjs/react-dom.development.js:15486:18[90m)[39m
    at mountIndeterminateComponent [90m(/home/hein/Workspace/FF_Next.js/.worktrees/001-ticketing-phase1-core/[39mnode_modules/[4mreact-dom[24m/cjs/react-dom.development.js:20103:13[90m)[39m
    at beginWork [90m(/home/hein/Workspace/FF_Next.js/.worktrees/001-ticketing-phase1-core/[39mnode_modules/[4mreact-dom[24m/cjs/react-dom.development.js:21626:16[90m)[39m
    at HTMLUnknownElement.callCallback [90m(/home/hein/Workspace/FF_Next.js/.worktrees/001-ticketing-phase1-core/[39mnode_modules/[4mreact-dom[24m/cjs/react-dom.development.js:4164:14[90m)[39m
    at HTMLUnknownElement.callTheUserObjectsOperation [90m(/home/hein/Workspace/FF_Next.js/.worktrees/001-ticketing-phase1-core/[39mnode_modules/[4mjsdom[24m/lib/jsdom/living/generated/EventListener.js:26:30[90m)[39m
The above error occurred in the <SyncDashboard> component:

    at SyncDashboard (/home/hein/Workspace/FF_Next.js/.worktrees/001-ticketing-phase1-core/src/modules/ticketing/components/QContact/SyncDashboard.tsx:13:3)

Consider adding an error boundary to your tree to customize error handling behavior.
Visit https://reactjs.org/link/error-boundaries to learn more about error boundaries.

stderr | src/modules/ticketing/__tests__/components/QContactSync.test.tsx > SyncDashboard Component > Initial Rendering > should show loading state
Error: Uncaught [Error: No QueryClient set, use QueryClientProvider to set one]
    at reportException (/home/hein/Workspace/FF_Next.js/.worktrees/001-ticketing-phase1-core/node_modules/jsdom/lib/jsdom/living/helpers/runtime-script-errors.js:66:24)
    at innerInvokeEventListeners (/home/hein/Workspace/FF_Next.js/.worktrees/001-ticketing-phase1-core/node_modules/jsdom/lib/jsdom/living/events/EventTarget-impl.js:353:9)
    at invokeEventListeners (/home/hein/Workspace/FF_Next.js/.worktrees/001-ticketing-phase1-core/node_modules/jsdom/lib/jsdom/living/events/EventTarget-impl.js:286:3)
    at HTMLUnknownElementImpl._dispatch (/home/hein/Workspace/FF_Next.js/.worktrees/001-ticketing-phase1-core/node_modules/jsdom/lib/jsdom/living/events/EventTarget-impl.js:233:9)
    at HTMLUnknownElementImpl.dispatchEvent (/home/hein/Workspace/FF_Next.js/.worktrees/001-ticketing-phase1-core/node_modules/jsdom/lib/jsdom/living/events/EventTarget-impl.js:104:17)
    at HTMLUnknownElement.dispatchEvent (/home/hein/Workspace/FF_Next.js/.worktrees/001-ticketing-phase1-core/node_modules/jsdom/lib/jsdom/living/generated/EventTarget.js:241:34)
    at Object.invokeGuardedCallbackDev (/home/hein/Workspace/FF_Next.js/.worktrees/001-ticketing-phase1-core/node_modules/react-dom/cjs/react-dom.development.js:4213:16)
    at invokeGuardedCallback (/home/hein/Workspace/FF_Next.js/.worktrees/001-ticketing-phase1-core/node_modules/react-dom/cjs/react-dom.development.js:4277:31)
    at beginWork$1 (/home/hein/Workspace/FF_Next.js/.worktrees/001-ticketing-phase1-core/node_modules/react-dom/cjs/react-dom.development.js:27490:7)
    at performUnitOfWork (/home/hein/Workspace/FF_Next.js/.worktrees/001-ticketing-phase1-core/node_modules/react-dom/cjs/react-dom.development.js:26599:12) Error: No QueryClient set, use QueryClientProvider to set one
    at useQueryClient [90m(file:///home/hein/Workspace/FF_Next.js/.worktrees/001-ticketing-phase1-core/[39mnode_modules/[4m@tanstack/react-query[24m/src/QueryClientProvider.tsx:18:11[90m)[39m
    at useBaseQuery [90m(file:///home/hein/Workspace/FF_Next.js/.worktrees/001-ticketing-phase1-core/[39mnode_modules/[4m@tanstack/react-query[24m/src/useBaseQuery.ts:54:18[90m)[39m
    at Module.useQuery [90m(file:///home/hein/Workspace/FF_Next.js/.worktrees/001-ticketing-phase1-core/[39mnode_modules/[4m@tanstack/react-query[24m/src/useQuery.ts:51:10[90m)[39m
    at Module.useQContactSyncStatus [90m(/home/hein/Workspace/FF_Next.js/.worktrees/001-ticketing-phase1-core/[39msrc/modules/ticketing/hooks/useQContactSync.ts:151:17[90m)[39m
    at SyncDashboard [90m(/home/hein/Workspace/FF_Next.js/.worktrees/001-ticketing-phase1-core/[39msrc/modules/ticketing/components/QContact/SyncDashboard.tsx:49:62[90m)[39m
    at renderWithHooks [90m(/home/hein/Workspace/FF_Next.js/.worktrees/001-ticketing-phase1-core/[39mnode_modules/[4mreact-dom[24m/cjs/react-dom.development.js:15486:18[90m)[39m
    at mountIndeterminateComponent [90m(/home/hein/Workspace/FF_Next.js/.worktrees/001-ticketing-phase1-core/[39mnode_modules/[4mreact-dom[24m/cjs/react-dom.development.js:20103:13[90m)[39m
    at beginWork [90m(/home/hein/Workspace/FF_Next.js/.worktrees/001-ticketing-phase1-core/[39mnode_modules/[4mreact-dom[24m/cjs/react-dom.development.js:21626:16[90m)[39m
    at HTMLUnknownElement.callCallback [90m(/home/hein/Workspace/FF_Next.js/.worktrees/001-ticketing-phase1-core/[39mnode_modules/[4mreact-dom[24m/cjs/react-dom.development.js:4164:14[90m)[39m
    at HTMLUnknownElement.callTheUserObjectsOperation [90m(/home/hein/Workspace/FF_Next.js/.worktrees/001-ticketing-phase1-core/[39mnode_modules/[4mjsdom[24m/lib/jsdom/living/generated/EventListener.js:26:30[90m)[39m
Error: Uncaught [Error: No QueryClient set, use QueryClientProvider to set one]
    at reportException (/home/hein/Workspace/FF_Next.js/.worktrees/001-ticketing-phase1-core/node_modules/jsdom/lib/jsdom/living/helpers/runtime-script-errors.js:66:24)
    at innerInvokeEventListeners (/home/hein/Workspace/FF_Next.js/.worktrees/001-ticketing-phase1-core/node_modules/jsdom/lib/jsdom/living/events/EventTarget-impl.js:353:9)
    at invokeEventListeners (/home/hein/Workspace/FF_Next.js/.worktrees/001-ticketing-phase1-core/node_modules/jsdom/lib/jsdom/living/events/EventTarget-impl.js:286:3)
    at HTMLUnknownElementImpl._dispatch (/home/hein/Workspace/FF_Next.js/.worktrees/001-ticketing-phase1-core/node_modules/jsdom/lib/jsdom/living/events/EventTarget-impl.js:233:9)
    at HTMLUnknownElementImpl.dispatchEvent (/home/hein/Workspace/FF_Next.js/.worktrees/001-ticketing-phase1-core/node_modules/jsdom/lib/jsdom/living/events/EventTarget-impl.js:104:17)
    at HTMLUnknownElement.dispatchEvent (/home/hein/Workspace/FF_Next.js/.worktrees/001-ticketing-phase1-core/node_modules/jsdom/lib/jsdom/living/generated/EventTarget.js:241:34)
    at Object.invokeGuardedCallbackDev (/home/hein/Workspace/FF_Next.js/.worktrees/001-ticketing-phase1-core/node_modules/react-dom/cjs/react-dom.development.js:4213:16)
    at invokeGuardedCallback (/home/hein/Workspace/FF_Next.js/.worktrees/001-ticketing-phase1-core/node_modules/react-dom/cjs/react-dom.development.js:4277:31)
    at beginWork$1 (/home/hein/Workspace/FF_Next.js/.worktrees/001-ticketing-phase1-core/node_modules/react-dom/cjs/react-dom.development.js:27490:7)
    at performUnitOfWork (/home/hein/Workspace/FF_Next.js/.worktrees/001-ticketing-phase1-core/node_modules/react-dom/cjs/react-dom.development.js:26599:12) Error: No QueryClient set, use QueryClientProvider to set one
    at useQueryClient [90m(file:///home/hein/Workspace/FF_Next.js/.worktrees/001-ticketing-phase1-core/[39mnode_modules/[4m@tanstack/react-query[24m/src/QueryClientProvider.tsx:18:11[90m)[39m
    at useBaseQuery [90m(file:///home/hein/Workspace/FF_Next.js/.worktrees/001-ticketing-phase1-core/[39mnode_modules/[4m@tanstack/react-query[24m/src/useBaseQuery.ts:54:18[90m)[39m
    at Module.useQuery [90m(file:///home/hein/Workspace/FF_Next.js/.worktrees/001-ticketing-phase1-core/[39mnode_modules/[4m@tanstack/react-query[24m/src/useQuery.ts:51:10[90m)[39m
    at Module.useQContactSyncStatus [90m(/home/hein/Workspace/FF_Next.js/.worktrees/001-ticketing-phase1-core/[39msrc/modules/ticketing/hooks/useQContactSync.ts:151:17[90m)[39m
    at SyncDashboard [90m(/home/hein/Workspace/FF_Next.js/.worktrees/001-ticketing-phase1-core/[39msrc/modules/ticketing/components/QContact/SyncDashboard.tsx:49:62[90m)[39m
    at renderWithHooks [90m(/home/hein/Workspace/FF_Next.js/.worktrees/001-ticketing-phase1-core/[39mnode_modules/[4mreact-dom[24m/cjs/react-dom.development.js:15486:18[90m)[39m
    at mountIndeterminateComponent [90m(/home/hein/Workspace/FF_Next.js/.worktrees/001-ticketing-phase1-core/[39mnode_modules/[4mreact-dom[24m/cjs/react-dom.development.js:20103:13[90m)[39m
    at beginWork [90m(/home/hein/Workspace/FF_Next.js/.worktrees/001-ticketing-phase1-core/[39mnode_modules/[4mreact-dom[24m/cjs/react-dom.development.js:21626:16[90m)[39m
    at HTMLUnknownElement.callCallback [90m(/home/hein/Workspace/FF_Next.js/.worktrees/001-ticketing-phase1-core/[39mnode_modules/[4mreact-dom[24m/cjs/react-dom.development.js:4164:14[90m)[39m
    at HTMLUnknownElement.callTheUserObjectsOperation [90m(/home/hein/Workspace/FF_Next.js/.worktrees/001-ticketing-phase1-core/[39mnode_modules/[4mjsdom[24m/lib/jsdom/living/generated/EventListener.js:26:30[90m)[39m
The above error occurred in the <SyncDashboard> component:

    at SyncDashboard (/home/hein/Workspace/FF_Next.js/.worktrees/001-ticketing-phase1-core/src/modules/ticketing/components/QContact/SyncDashboard.tsx:13:3)

Consider adding an error boundary to your tree to customize error handling behavior.
Visit https://reactjs.org/link/error-boundaries to learn more about error boundaries.

stderr | src/modules/ticketing/__tests__/components/QContactSync.test.tsx > SyncDashboard Component > Initial Rendering > should show error state
Error: Uncaught [Error: No QueryClient set, use QueryClientProvider to set one]
    at reportException (/home/hein/Workspace/FF_Next.js/.worktrees/001-ticketing-phase1-core/node_modules/jsdom/lib/jsdom/living/helpers/runtime-script-errors.js:66:24)
    at innerInvokeEventListeners (/home/hein/Workspace/FF_Next.js/.worktrees/001-ticketing-phase1-core/node_modules/jsdom/lib/jsdom/living/events/EventTarget-impl.js:353:9)
    at invokeEventListeners (/home/hein/Workspace/FF_Next.js/.worktrees/001-ticketing-phase1-core/node_modules/jsdom/lib/jsdom/living/events/EventTarget-impl.js:286:3)
    at HTMLUnknownElementImpl._dispatch (/home/hein/Workspace/FF_Next.js/.worktrees/001-ticketing-phase1-core/node_modules/jsdom/lib/jsdom/living/events/EventTarget-impl.js:233:9)
    at HTMLUnknownElementImpl.dispatchEvent (/home/hein/Workspace/FF_Next.js/.worktrees/001-ticketing-phase1-core/node_modules/jsdom/lib/jsdom/living/events/EventTarget-impl.js:104:17)
    at HTMLUnknownElement.dispatchEvent (/home/hein/Workspace/FF_Next.js/.worktrees/001-ticketing-phase1-core/node_modules/jsdom/lib/jsdom/living/generated/EventTarget.js:241:34)
    at Object.invokeGuardedCallbackDev (/home/hein/Workspace/FF_Next.js/.worktrees/001-ticketing-phase1-core/node_modules/react-dom/cjs/react-dom.development.js:4213:16)
    at invokeGuardedCallback (/home/hein/Workspace/FF_Next.js/.worktrees/001-ticketing-phase1-core/node_modules/react-dom/cjs/react-dom.development.js:4277:31)
    at beginWork$1 (/home/hein/Workspace/FF_Next.js/.worktrees/001-ticketing-phase1-core/node_modules/react-dom/cjs/react-dom.development.js:27490:7)
    at performUnitOfWork (/home/hein/Workspace/FF_Next.js/.worktrees/001-ticketing-phase1-core/node_modules/react-dom/cjs/react-dom.development.js:26599:12) Error: No QueryClient set, use QueryClientProvider to set one
    at useQueryClient [90m(file:///home/hein/Workspace/FF_Next.js/.worktrees/001-ticketing-phase1-core/[39mnode_modules/[4m@tanstack/react-query[24m/src/QueryClientProvider.tsx:18:11[90m)[39m
    at useBaseQuery [90m(file:///home/hein/Workspace/FF_Next.js/.worktrees/001-ticketing-phase1-core/[39mnode_modules/[4m@tanstack/react-query[24m/src/useBaseQuery.ts:54:18[90m)[39m
    at Module.useQuery [90m(file:///home/hein/Workspace/FF_Next.js/.worktrees/001-ticketing-phase1-core/[39mnode_modules/[4m@tanstack/react-query[24m/src/useQuery.ts:51:10[90m)[39m
    at Module.useQContactSyncStatus [90m(/home/hein/Workspace/FF_Next.js/.worktrees/001-ticketing-phase1-core/[39msrc/modules/ticketing/hooks/useQContactSync.ts:151:17[90m)[39m
    at SyncDashboard [90m(/home/hein/Workspace/FF_Next.js/.worktrees/001-ticketing-phase1-core/[39msrc/modules/ticketing/components/QContact/SyncDashboard.tsx:49:62[90m)[39m
    at renderWithHooks [90m(/home/hein/Workspace/FF_Next.js/.worktrees/001-ticketing-phase1-core/[39mnode_modules/[4mreact-dom[24m/cjs/react-dom.development.js:15486:18[90m)[39m
    at mountIndeterminateComponent [90m(/home/hein/Workspace/FF_Next.js/.worktrees/001-ticketing-phase1-core/[39mnode_modules/[4mreact-dom[24m/cjs/react-dom.development.js:20103:13[90m)[39m
    at beginWork [90m(/home/hein/Workspace/FF_Next.js/.worktrees/001-ticketing-phase1-core/[39mnode_modules/[4mreact-dom[24m/cjs/react-dom.development.js:21626:16[90m)[39m
    at HTMLUnknownElement.callCallback [90m(/home/hein/Workspace/FF_Next.js/.worktrees/001-ticketing-phase1-core/[39mnode_modules/[4mreact-dom[24m/cjs/react-dom.development.js:4164:14[90m)[39m
    at HTMLUnknownElement.callTheUserObjectsOperation [90m(/home/hein/Workspace/FF_Next.js/.worktrees/001-ticketing-phase1-core/[39mnode_modules/[4mjsdom[24m/lib/jsdom/living/generated/EventListener.js:26:30[90m)[39m
Error: Uncaught [Error: No QueryClient set, use QueryClientProvider to set one]
    at reportException (/home/hein/Workspace/FF_Next.js/.worktrees/001-ticketing-phase1-core/node_modules/jsdom/lib/jsdom/living/helpers/runtime-script-errors.js:66:24)
    at innerInvokeEventListeners (/home/hein/Workspace/FF_Next.js/.worktrees/001-ticketing-phase1-core/node_modules/jsdom/lib/jsdom/living/events/EventTarget-impl.js:353:9)
    at invokeEventListeners (/home/hein/Workspace/FF_Next.js/.worktrees/001-ticketing-phase1-core/node_modules/jsdom/lib/jsdom/living/events/EventTarget-impl.js:286:3)
    at HTMLUnknownElementImpl._dispatch (/home/hein/Workspace/FF_Next.js/.worktrees/001-ticketing-phase1-core/node_modules/jsdom/lib/jsdom/living/events/EventTarget-impl.js:233:9)
    at HTMLUnknownElementImpl.dispatchEvent (/home/hein/Workspace/FF_Next.js/.worktrees/001-ticketing-phase1-core/node_modules/jsdom/lib/jsdom/living/events/EventTarget-impl.js:104:17)
    at HTMLUnknownElement.dispatchEvent (/home/hein/Workspace/FF_Next.js/.worktrees/001-ticketing-phase1-core/node_modules/jsdom/lib/jsdom/living/generated/EventTarget.js:241:34)
    at Object.invokeGuardedCallbackDev (/home/hein/Workspace/FF_Next.js/.worktrees/001-ticketing-phase1-core/node_modules/react-dom/cjs/react-dom.development.js:4213:16)
    at invokeGuardedCallback (/home/hein/Workspace/FF_Next.js/.worktrees/001-ticketing-phase1-core/node_modules/react-dom/cjs/react-dom.development.js:4277:31)
    at beginWork$1 (/home/hein/Workspace/FF_Next.js/.worktrees/001-ticketing-phase1-core/node_modules/react-dom/cjs/react-dom.development.js:27490:7)
    at performUnitOfWork (/home/hein/Workspace/FF_Next.js/.worktrees/001-ticketing-phase1-core/node_modules/react-dom/cjs/react-dom.development.js:26599:12) Error: No QueryClient set, use QueryClientProvider to set one
    at useQueryClient [90m(file:///home/hein/Workspace/FF_Next.js/.worktrees/001-ticketing-phase1-core/[39mnode_modules/[4m@tanstack/react-query[24m/src/QueryClientProvider.tsx:18:11[90m)[39m
    at useBaseQuery [90m(file:///home/hein/Workspace/FF_Next.js/.worktrees/001-ticketing-phase1-core/[39mnode_modules/[4m@tanstack/react-query[24m/src/useBaseQuery.ts:54:18[90m)[39m
    at Module.useQuery [90m(file:///home/hein/Workspace/FF_Next.js/.worktrees/001-ticketing-phase1-core/[39mnode_modules/[4m@tanstack/react-query[24m/src/useQuery.ts:51:10[90m)[39m
    at Module.useQContactSyncStatus [90m(/home/hein/Workspace/FF_Next.js/.worktrees/001-ticketing-phase1-core/[39msrc/modules/ticketing/hooks/useQContactSync.ts:151:17[90m)[39m
    at SyncDashboard [90m(/home/hein/Workspace/FF_Next.js/.worktrees/001-ticketing-phase1-core/[39msrc/modules/ticketing/components/QContact/SyncDashboard.tsx:49:62[90m)[39m
    at renderWithHooks [90m(/home/hein/Workspace/FF_Next.js/.worktrees/001-ticketing-phase1-core/[39mnode_modules/[4mreact-dom[24m/cjs/react-dom.development.js:15486:18[90m)[39m
    at mountIndeterminateComponent [90m(/home/hein/Workspace/FF_Next.js/.worktrees/001-ticketing-phase1-core/[39mnode_modules/[4mreact-dom[24m/cjs/react-dom.development.js:20103:13[90m)[39m
    at beginWork [90m(/home/hein/Workspace/FF_Next.js/.worktrees/001-ticketing-phase1-core/[39mnode_modules/[4mreact-dom[24m/cjs/react-dom.development.js:21626:16[90m)[39m
    at HTMLUnknownElement.callCallback [90m(/home/hein/Workspace/FF_Next.js/.worktrees/001-ticketing-phase1-core/[39mnode_modules/[4mreact-dom[24m/cjs/react-dom.development.js:4164:14[90m)[39m
    at HTMLUnknownElement.callTheUserObjectsOperation [90m(/home/hein/Workspace/FF_Next.js/.worktrees/001-ticketing-phase1-core/[39mnode_modules/[4mjsdom[24m/lib/jsdom/living/generated/EventListener.js:26:30[90m)[39m
The above error occurred in the <SyncDashboard> component:

    at SyncDashboard (/home/hein/Workspace/FF_Next.js/.worktrees/001-ticketing-phase1-core/src/modules/ticketing/components/QContact/SyncDashboard.tsx:13:3)

Consider adding an error boundary to your tree to customize error handling behavior.
Visit https://reactjs.org/link/error-boundaries to learn more about error boundaries.

stderr | src/modules/ticketing/__tests__/components/QContactSync.test.tsx > SyncDashboard Component > Health Status Display > should show healthy status with green indicator
Error: Uncaught [Error: No QueryClient set, use QueryClientProvider to set one]
    at reportException (/home/hein/Workspace/FF_Next.js/.worktrees/001-ticketing-phase1-core/node_modules/jsdom/lib/jsdom/living/helpers/runtime-script-errors.js:66:24)
    at innerInvokeEventListeners (/home/hein/Workspace/FF_Next.js/.worktrees/001-ticketing-phase1-core/node_modules/jsdom/lib/jsdom/living/events/EventTarget-impl.js:353:9)
    at invokeEventListeners (/home/hein/Workspace/FF_Next.js/.worktrees/001-ticketing-phase1-core/node_modules/jsdom/lib/jsdom/living/events/EventTarget-impl.js:286:3)
    at HTMLUnknownElementImpl._dispatch (/home/hein/Workspace/FF_Next.js/.worktrees/001-ticketing-phase1-core/node_modules/jsdom/lib/jsdom/living/events/EventTarget-impl.js:233:9)
    at HTMLUnknownElementImpl.dispatchEvent (/home/hein/Workspace/FF_Next.js/.worktrees/001-ticketing-phase1-core/node_modules/jsdom/lib/jsdom/living/events/EventTarget-impl.js:104:17)
    at HTMLUnknownElement.dispatchEvent (/home/hein/Workspace/FF_Next.js/.worktrees/001-ticketing-phase1-core/node_modules/jsdom/lib/jsdom/living/generated/EventTarget.js:241:34)
    at Object.invokeGuardedCallbackDev (/home/hein/Workspace/FF_Next.js/.worktrees/001-ticketing-phase1-core/node_modules/react-dom/cjs/react-dom.development.js:4213:16)
    at invokeGuardedCallback (/home/hein/Workspace/FF_Next.js/.worktrees/001-ticketing-phase1-core/node_modules/react-dom/cjs/react-dom.development.js:4277:31)
    at beginWork$1 (/home/hein/Workspace/FF_Next.js/.worktrees/001-ticketing-phase1-core/node_modules/react-dom/cjs/react-dom.development.js:27490:7)
    at performUnitOfWork (/home/hein/Workspace/FF_Next.js/.worktrees/001-ticketing-phase1-core/node_modules/react-dom/cjs/react-dom.development.js:26599:12) Error: No QueryClient set, use QueryClientProvider to set one
    at useQueryClient [90m(file:///home/hein/Workspace/FF_Next.js/.worktrees/001-ticketing-phase1-core/[39mnode_modules/[4m@tanstack/react-query[24m/src/QueryClientProvider.tsx:18:11[90m)[39m
    at useBaseQuery [90m(file:///home/hein/Workspace/FF_Next.js/.worktrees/001-ticketing-phase1-core/[39mnode_modules/[4m@tanstack/react-query[24m/src/useBaseQuery.ts:54:18[90m)[39m
    at Module.useQuery [90m(file:///home/hein/Workspace/FF_Next.js/.worktrees/001-ticketing-phase1-core/[39mnode_modules/[4m@tanstack/react-query[24m/src/useQuery.ts:51:10[90m)[39m
    at Module.useQContactSyncStatus [90m(/home/hein/Workspace/FF_Next.js/.worktrees/001-ticketing-phase1-core/[39msrc/modules/ticketing/hooks/useQContactSync.ts:151:17[90m)[39m
    at SyncDashboard [90m(/home/hein/Workspace/FF_Next.js/.worktrees/001-ticketing-phase1-core/[39msrc/modules/ticketing/components/QContact/SyncDashboard.tsx:49:62[90m)[39m
    at renderWithHooks [90m(/home/hein/Workspace/FF_Next.js/.worktrees/001-ticketing-phase1-core/[39mnode_modules/[4mreact-dom[24m/cjs/react-dom.development.js:15486:18[90m)[39m
    at mountIndeterminateComponent [90m(/home/hein/Workspace/FF_Next.js/.worktrees/001-ticketing-phase1-core/[39mnode_modules/[4mreact-dom[24m/cjs/react-dom.development.js:20103:13[90m)[39m
    at beginWork [90m(/home/hein/Workspace/FF_Next.js/.worktrees/001-ticketing-phase1-core/[39mnode_modules/[4mreact-dom[24m/cjs/react-dom.development.js:21626:16[90m)[39m
    at HTMLUnknownElement.callCallback [90m(/home/hein/Workspace/FF_Next.js/.worktrees/001-ticketing-phase1-core/[39mnode_modules/[4mreact-dom[24m/cjs/react-dom.development.js:4164:14[90m)[39m
    at HTMLUnknownElement.callTheUserObjectsOperation [90m(/home/hein/Workspace/FF_Next.js/.worktrees/001-ticketing-phase1-core/[39mnode_modules/[4mjsdom[24m/lib/jsdom/living/generated/EventListener.js:26:30[90m)[39m
Error: Uncaught [Error: No QueryClient set, use QueryClientProvider to set one]
    at reportException (/home/hein/Workspace/FF_Next.js/.worktrees/001-ticketing-phase1-core/node_modules/jsdom/lib/jsdom/living/helpers/runtime-script-errors.js:66:24)
    at innerInvokeEventListeners (/home/hein/Workspace/FF_Next.js/.worktrees/001-ticketing-phase1-core/node_modules/jsdom/lib/jsdom/living/events/EventTarget-impl.js:353:9)
    at invokeEventListeners (/home/hein/Workspace/FF_Next.js/.worktrees/001-ticketing-phase1-core/node_modules/jsdom/lib/jsdom/living/events/EventTarget-impl.js:286:3)
    at HTMLUnknownElementImpl._dispatch (/home/hein/Workspace/FF_Next.js/.worktrees/001-ticketing-phase1-core/node_modules/jsdom/lib/jsdom/living/events/EventTarget-impl.js:233:9)
    at HTMLUnknownElementImpl.dispatchEvent (/home/hein/Workspace/FF_Next.js/.worktrees/001-ticketing-phase1-core/node_modules/jsdom/lib/jsdom/living/events/EventTarget-impl.js:104:17)
    at HTMLUnknownElement.dispatchEvent (/home/hein/Workspace/FF_Next.js/.worktrees/001-ticketing-phase1-core/node_modules/jsdom/lib/jsdom/living/generated/EventTarget.js:241:34)
    at Object.invokeGuardedCallbackDev (/home/hein/Workspace/FF_Next.js/.worktrees/001-ticketing-phase1-core/node_modules/react-dom/cjs/react-dom.development.js:4213:16)
    at invokeGuardedCallback (/home/hein/Workspace/FF_Next.js/.worktrees/001-ticketing-phase1-core/node_modules/react-dom/cjs/react-dom.development.js:4277:31)
    at beginWork$1 (/home/hein/Workspace/FF_Next.js/.worktrees/001-ticketing-phase1-core/node_modules/react-dom/cjs/react-dom.development.js:27490:7)
    at performUnitOfWork (/home/hein/Workspace/FF_Next.js/.worktrees/001-ticketing-phase1-core/node_modules/react-dom/cjs/react-dom.development.js:26599:12) Error: No QueryClient set, use QueryClientProvider to set one
    at useQueryClient [90m(file:///home/hein/Workspace/FF_Next.js/.worktrees/001-ticketing-phase1-core/[39mnode_modules/[4m@tanstack/react-query[24m/src/QueryClientProvider.tsx:18:11[90m)[39m
    at useBaseQuery [90m(file:///home/hein/Workspace/FF_Next.js/.worktrees/001-ticketing-phase1-core/[39mnode_modules/[4m@tanstack/react-query[24m/src/useBaseQuery.ts:54:18[90m)[39m
    at Module.useQuery [90m(file:///home/hein/Workspace/FF_Next.js/.worktrees/001-ticketing-phase1-core/[39mnode_modules/[4m@tanstack/react-query[24m/src/useQuery.ts:51:10[90m)[39m
    at Module.useQContactSyncStatus [90m(/home/hein/Workspace/FF_Next.js/.worktrees/001-ticketing-phase1-core/[39msrc/modules/ticketing/hooks/useQContactSync.ts:151:17[90m)[39m
    at SyncDashboard [90m(/home/hein/Workspace/FF_Next.js/.worktrees/001-ticketing-phase1-core/[39msrc/modules/ticketing/components/QContact/SyncDashboard.tsx:49:62[90m)[39m
    at renderWithHooks [90m(/home/hein/Workspace/FF_Next.js/.worktrees/001-ticketing-phase1-core/[39mnode_modules/[4mreact-dom[24m/cjs/react-dom.development.js:15486:18[90m)[39m
    at mountIndeterminateComponent [90m(/home/hein/Workspace/FF_Next.js/.worktrees/001-ticketing-phase1-core/[39mnode_modules/[4mreact-dom[24m/cjs/react-dom.development.js:20103:13[90m)[39m
    at beginWork [90m(/home/hein/Workspace/FF_Next.js/.worktrees/001-ticketing-phase1-core/[39mnode_modules/[4mreact-dom[24m/cjs/react-dom.development.js:21626:16[90m)[39m
    at HTMLUnknownElement.callCallback [90m(/home/hein/Workspace/FF_Next.js/.worktrees/001-ticketing-phase1-core/[39mnode_modules/[4mreact-dom[24m/cjs/react-dom.development.js:4164:14[90m)[39m
    at HTMLUnknownElement.callTheUserObjectsOperation [90m(/home/hein/Workspace/FF_Next.js/.worktrees/001-ticketing-phase1-core/[39mnode_modules/[4mjsdom[24m/lib/jsdom/living/generated/EventListener.js:26:30[90m)[39m
The above error occurred in the <SyncDashboard> component:

    at SyncDashboard (/home/hein/Workspace/FF_Next.js/.worktrees/001-ticketing-phase1-core/src/modules/ticketing/components/QContact/SyncDashboard.tsx:13:3)

Consider adding an error boundary to your tree to customize error handling behavior.
Visit https://reactjs.org/link/error-boundaries to learn more about error boundaries.

stderr | src/modules/ticketing/__tests__/components/QContactSync.test.tsx > SyncDashboard Component > Health Status Display > should show unhealthy status with issues
Error: Uncaught [Error: No QueryClient set, use QueryClientProvider to set one]
    at reportException (/home/hein/Workspace/FF_Next.js/.worktrees/001-ticketing-phase1-core/node_modules/jsdom/lib/jsdom/living/helpers/runtime-script-errors.js:66:24)
    at innerInvokeEventListeners (/home/hein/Workspace/FF_Next.js/.worktrees/001-ticketing-phase1-core/node_modules/jsdom/lib/jsdom/living/events/EventTarget-impl.js:353:9)
    at invokeEventListeners (/home/hein/Workspace/FF_Next.js/.worktrees/001-ticketing-phase1-core/node_modules/jsdom/lib/jsdom/living/events/EventTarget-impl.js:286:3)
    at HTMLUnknownElementImpl._dispatch (/home/hein/Workspace/FF_Next.js/.worktrees/001-ticketing-phase1-core/node_modules/jsdom/lib/jsdom/living/events/EventTarget-impl.js:233:9)
    at HTMLUnknownElementImpl.dispatchEvent (/home/hein/Workspace/FF_Next.js/.worktrees/001-ticketing-phase1-core/node_modules/jsdom/lib/jsdom/living/events/EventTarget-impl.js:104:17)
    at HTMLUnknownElement.dispatchEvent (/home/hein/Workspace/FF_Next.js/.worktrees/001-ticketing-phase1-core/node_modules/jsdom/lib/jsdom/living/generated/EventTarget.js:241:34)
    at Object.invokeGuardedCallbackDev (/home/hein/Workspace/FF_Next.js/.worktrees/001-ticketing-phase1-core/node_modules/react-dom/cjs/react-dom.development.js:4213:16)
    at invokeGuardedCallback (/home/hein/Workspace/FF_Next.js/.worktrees/001-ticketing-phase1-core/node_modules/react-dom/cjs/react-dom.development.js:4277:31)
    at beginWork$1 (/home/hein/Workspace/FF_Next.js/.worktrees/001-ticketing-phase1-core/node_modules/react-dom/cjs/react-dom.development.js:27490:7)
    at performUnitOfWork (/home/hein/Workspace/FF_Next.js/.worktrees/001-ticketing-phase1-core/node_modules/react-dom/cjs/react-dom.development.js:26599:12) Error: No QueryClient set, use QueryClientProvider to set one
    at useQueryClient [90m(file:///home/hein/Workspace/FF_Next.js/.worktrees/001-ticketing-phase1-core/[39mnode_modules/[4m@tanstack/react-query[24m/src/QueryClientProvider.tsx:18:11[90m)[39m
    at useBaseQuery [90m(file:///home/hein/Workspace/FF_Next.js/.worktrees/001-ticketing-phase1-core/[39mnode_modules/[4m@tanstack/react-query[24m/src/useBaseQuery.ts:54:18[90m)[39m
    at Module.useQuery [90m(file:///home/hein/Workspace/FF_Next.js/.worktrees/001-ticketing-phase1-core/[39mnode_modules/[4m@tanstack/react-query[24m/src/useQuery.ts:51:10[90m)[39m
    at Module.useQContactSyncStatus [90m(/home/hein/Workspace/FF_Next.js/.worktrees/001-ticketing-phase1-core/[39msrc/modules/ticketing/hooks/useQContactSync.ts:151:17[90m)[39m
    at SyncDashboard [90m(/home/hein/Workspace/FF_Next.js/.worktrees/001-ticketing-phase1-core/[39msrc/modules/ticketing/components/QContact/SyncDashboard.tsx:49:62[90m)[39m
    at renderWithHooks [90m(/home/hein/Workspace/FF_Next.js/.worktrees/001-ticketing-phase1-core/[39mnode_modules/[4mreact-dom[24m/cjs/react-dom.development.js:15486:18[90m)[39m
    at mountIndeterminateComponent [90m(/home/hein/Workspace/FF_Next.js/.worktrees/001-ticketing-phase1-core/[39mnode_modules/[4mreact-dom[24m/cjs/react-dom.development.js:20103:13[90m)[39m
    at beginWork [90m(/home/hein/Workspace/FF_Next.js/.worktrees/001-ticketing-phase1-core/[39mnode_modules/[4mreact-dom[24m/cjs/react-dom.development.js:21626:16[90m)[39m
    at HTMLUnknownElement.callCallback [90m(/home/hein/Workspace/FF_Next.js/.worktrees/001-ticketing-phase1-core/[39mnode_modules/[4mreact-dom[24m/cjs/react-dom.development.js:4164:14[90m)[39m
    at HTMLUnknownElement.callTheUserObjectsOperation [90m(/home/hein/Workspace/FF_Next.js/.worktrees/001-ticketing-phase1-core/[39mnode_modules/[4mjsdom[24m/lib/jsdom/living/generated/EventListener.js:26:30[90m)[39m
Error: Uncaught [Error: No QueryClient set, use QueryClientProvider to set one]
    at reportException (/home/hein/Workspace/FF_Next.js/.worktrees/001-ticketing-phase1-core/node_modules/jsdom/lib/jsdom/living/helpers/runtime-script-errors.js:66:24)
    at innerInvokeEventListeners (/home/hein/Workspace/FF_Next.js/.worktrees/001-ticketing-phase1-core/node_modules/jsdom/lib/jsdom/living/events/EventTarget-impl.js:353:9)
    at invokeEventListeners (/home/hein/Workspace/FF_Next.js/.worktrees/001-ticketing-phase1-core/node_modules/jsdom/lib/jsdom/living/events/EventTarget-impl.js:286:3)
    at HTMLUnknownElementImpl._dispatch (/home/hein/Workspace/FF_Next.js/.worktrees/001-ticketing-phase1-core/node_modules/jsdom/lib/jsdom/living/events/EventTarget-impl.js:233:9)
    at HTMLUnknownElementImpl.dispatchEvent (/home/hein/Workspace/FF_Next.js/.worktrees/001-ticketing-phase1-core/node_modules/jsdom/lib/jsdom/living/events/EventTarget-impl.js:104:17)
    at HTMLUnknownElement.dispatchEvent (/home/hein/Workspace/FF_Next.js/.worktrees/001-ticketing-phase1-core/node_modules/jsdom/lib/jsdom/living/generated/EventTarget.js:241:34)
    at Object.invokeGuardedCallbackDev (/home/hein/Workspace/FF_Next.js/.worktrees/001-ticketing-phase1-core/node_modules/react-dom/cjs/react-dom.development.js:4213:16)
    at invokeGuardedCallback (/home/hein/Workspace/FF_Next.js/.worktrees/001-ticketing-phase1-core/node_modules/react-dom/cjs/react-dom.development.js:4277:31)
    at beginWork$1 (/home/hein/Workspace/FF_Next.js/.worktrees/001-ticketing-phase1-core/node_modules/react-dom/cjs/react-dom.development.js:27490:7)
    at performUnitOfWork (/home/hein/Workspace/FF_Next.js/.worktrees/001-ticketing-phase1-core/node_modules/react-dom/cjs/react-dom.development.js:26599:12) Error: No QueryClient set, use QueryClientProvider to set one
    at useQueryClient [90m(file:///home/hein/Workspace/FF_Next.js/.worktrees/001-ticketing-phase1-core/[39mnode_modules/[4m@tanstack/react-query[24m/src/QueryClientProvider.tsx:18:11[90m)[39m
    at useBaseQuery [90m(file:///home/hein/Workspace/FF_Next.js/.worktrees/001-ticketing-phase1-core/[39mnode_modules/[4m@tanstack/react-query[24m/src/useBaseQuery.ts:54:18[90m)[39m
    at Module.useQuery [90m(file:///home/hein/Workspace/FF_Next.js/.worktrees/001-ticketing-phase1-core/[39mnode_modules/[4m@tanstack/react-query[24m/src/useQuery.ts:51:10[90m)[39m
    at Module.useQContactSyncStatus [90m(/home/hein/Workspace/FF_Next.js/.worktrees/001-ticketing-phase1-core/[39msrc/modules/ticketing/hooks/useQContactSync.ts:151:17[90m)[39m
    at SyncDashboard [90m(/home/hein/Workspace/FF_Next.js/.worktrees/001-ticketing-phase1-core/[39msrc/modules/ticketing/components/QContact/SyncDashboard.tsx:49:62[90m)[39m
    at renderWithHooks [90m(/home/hein/Workspace/FF_Next.js/.worktrees/001-ticketing-phase1-core/[39mnode_modules/[4mreact-dom[24m/cjs/react-dom.development.js:15486:18[90m)[39m
    at mountIndeterminateComponent [90m(/home/hein/Workspace/FF_Next.js/.worktrees/001-ticketing-phase1-core/[39mnode_modules/[4mreact-dom[24m/cjs/react-dom.development.js:20103:13[90m)[39m
    at beginWork [90m(/home/hein/Workspace/FF_Next.js/.worktrees/001-ticketing-phase1-core/[39mnode_modules/[4mreact-dom[24m/cjs/react-dom.development.js:21626:16[90m)[39m
    at HTMLUnknownElement.callCallback [90m(/home/hein/Workspace/FF_Next.js/.worktrees/001-ticketing-phase1-core/[39mnode_modules/[4mreact-dom[24m/cjs/react-dom.development.js:4164:14[90m)[39m
    at HTMLUnknownElement.callTheUserObjectsOperation [90m(/home/hein/Workspace/FF_Next.js/.worktrees/001-ticketing-phase1-core/[39mnode_modules/[4mjsdom[24m/lib/jsdom/living/generated/EventListener.js:26:30[90m)[39m
The above error occurred in the <SyncDashboard> component:

    at SyncDashboard (/home/hein/Workspace/FF_Next.js/.worktrees/001-ticketing-phase1-core/src/modules/ticketing/components/QContact/SyncDashboard.tsx:13:3)

Consider adding an error boundary to your tree to customize error handling behavior.
Visit https://reactjs.org/link/error-boundaries to learn more about error boundaries.

stderr | src/modules/ticketing/__tests__/components/QContactSync.test.tsx > SyncDashboard Component > Refresh Functionality > should call onRefresh when refresh button clicked
Error: Uncaught [Error: No QueryClient set, use QueryClientProvider to set one]
    at reportException (/home/hein/Workspace/FF_Next.js/.worktrees/001-ticketing-phase1-core/node_modules/jsdom/lib/jsdom/living/helpers/runtime-script-errors.js:66:24)
    at innerInvokeEventListeners (/home/hein/Workspace/FF_Next.js/.worktrees/001-ticketing-phase1-core/node_modules/jsdom/lib/jsdom/living/events/EventTarget-impl.js:353:9)
    at invokeEventListeners (/home/hein/Workspace/FF_Next.js/.worktrees/001-ticketing-phase1-core/node_modules/jsdom/lib/jsdom/living/events/EventTarget-impl.js:286:3)
    at HTMLUnknownElementImpl._dispatch (/home/hein/Workspace/FF_Next.js/.worktrees/001-ticketing-phase1-core/node_modules/jsdom/lib/jsdom/living/events/EventTarget-impl.js:233:9)
    at HTMLUnknownElementImpl.dispatchEvent (/home/hein/Workspace/FF_Next.js/.worktrees/001-ticketing-phase1-core/node_modules/jsdom/lib/jsdom/living/events/EventTarget-impl.js:104:17)
    at HTMLUnknownElement.dispatchEvent (/home/hein/Workspace/FF_Next.js/.worktrees/001-ticketing-phase1-core/node_modules/jsdom/lib/jsdom/living/generated/EventTarget.js:241:34)
    at Object.invokeGuardedCallbackDev (/home/hein/Workspace/FF_Next.js/.worktrees/001-ticketing-phase1-core/node_modules/react-dom/cjs/react-dom.development.js:4213:16)
    at invokeGuardedCallback (/home/hein/Workspace/FF_Next.js/.worktrees/001-ticketing-phase1-core/node_modules/react-dom/cjs/react-dom.development.js:4277:31)
    at beginWork$1 (/home/hein/Workspace/FF_Next.js/.worktrees/001-ticketing-phase1-core/node_modules/react-dom/cjs/react-dom.development.js:27490:7)
    at performUnitOfWork (/home/hein/Workspace/FF_Next.js/.worktrees/001-ticketing-phase1-core/node_modules/react-dom/cjs/react-dom.development.js:26599:12) Error: No QueryClient set, use QueryClientProvider to set one
    at useQueryClient [90m(file:///home/hein/Workspace/FF_Next.js/.worktrees/001-ticketing-phase1-core/[39mnode_modules/[4m@tanstack/react-query[24m/src/QueryClientProvider.tsx:18:11[90m)[39m
    at useBaseQuery [90m(file:///home/hein/Workspace/FF_Next.js/.worktrees/001-ticketing-phase1-core/[39mnode_modules/[4m@tanstack/react-query[24m/src/useBaseQuery.ts:54:18[90m)[39m
    at Module.useQuery [90m(file:///home/hein/Workspace/FF_Next.js/.worktrees/001-ticketing-phase1-core/[39mnode_modules/[4m@tanstack/react-query[24m/src/useQuery.ts:51:10[90m)[39m
    at Module.useQContactSyncStatus [90m(/home/hein/Workspace/FF_Next.js/.worktrees/001-ticketing-phase1-core/[39msrc/modules/ticketing/hooks/useQContactSync.ts:151:17[90m)[39m
    at SyncDashboard [90m(/home/hein/Workspace/FF_Next.js/.worktrees/001-ticketing-phase1-core/[39msrc/modules/ticketing/components/QContact/SyncDashboard.tsx:49:62[90m)[39m
    at renderWithHooks [90m(/home/hein/Workspace/FF_Next.js/.worktrees/001-ticketing-phase1-core/[39mnode_modules/[4mreact-dom[24m/cjs/react-dom.development.js:15486:18[90m)[39m
    at mountIndeterminateComponent [90m(/home/hein/Workspace/FF_Next.js/.worktrees/001-ticketing-phase1-core/[39mnode_modules/[4mreact-dom[24m/cjs/react-dom.development.js:20103:13[90m)[39m
    at beginWork [90m(/home/hein/Workspace/FF_Next.js/.worktrees/001-ticketing-phase1-core/[39mnode_modules/[4mreact-dom[24m/cjs/react-dom.development.js:21626:16[90m)[39m
    at HTMLUnknownElement.callCallback [90m(/home/hein/Workspace/FF_Next.js/.worktrees/001-ticketing-phase1-core/[39mnode_modules/[4mreact-dom[24m/cjs/react-dom.development.js:4164:14[90m)[39m
    at HTMLUnknownElement.callTheUserObjectsOperation [90m(/home/hein/Workspace/FF_Next.js/.worktrees/001-ticketing-phase1-core/[39mnode_modules/[4mjsdom[24m/lib/jsdom/living/generated/EventListener.js:26:30[90m)[39m
Error: Uncaught [Error: No QueryClient set, use QueryClientProvider to set one]
    at reportException (/home/hein/Workspace/FF_Next.js/.worktrees/001-ticketing-phase1-core/node_modules/jsdom/lib/jsdom/living/helpers/runtime-script-errors.js:66:24)
    at innerInvokeEventListeners (/home/hein/Workspace/FF_Next.js/.worktrees/001-ticketing-phase1-core/node_modules/jsdom/lib/jsdom/living/events/EventTarget-impl.js:353:9)
    at invokeEventListeners (/home/hein/Workspace/FF_Next.js/.worktrees/001-ticketing-phase1-core/node_modules/jsdom/lib/jsdom/living/events/EventTarget-impl.js:286:3)
    at HTMLUnknownElementImpl._dispatch (/home/hein/Workspace/FF_Next.js/.worktrees/001-ticketing-phase1-core/node_modules/jsdom/lib/jsdom/living/events/EventTarget-impl.js:233:9)
    at HTMLUnknownElementImpl.dispatchEvent (/home/hein/Workspace/FF_Next.js/.worktrees/001-ticketing-phase1-core/node_modules/jsdom/lib/jsdom/living/events/EventTarget-impl.js:104:17)
    at HTMLUnknownElement.dispatchEvent (/home/hein/Workspace/FF_Next.js/.worktrees/001-ticketing-phase1-core/node_modules/jsdom/lib/jsdom/living/generated/EventTarget.js:241:34)
    at Object.invokeGuardedCallbackDev (/home/hein/Workspace/FF_Next.js/.worktrees/001-ticketing-phase1-core/node_modules/react-dom/cjs/react-dom.development.js:4213:16)
    at invokeGuardedCallback (/home/hein/Workspace/FF_Next.js/.worktrees/001-ticketing-phase1-core/node_modules/react-dom/cjs/react-dom.development.js:4277:31)
    at beginWork$1 (/home/hein/Workspace/FF_Next.js/.worktrees/001-ticketing-phase1-core/node_modules/react-dom/cjs/react-dom.development.js:27490:7)
    at performUnitOfWork (/home/hein/Workspace/FF_Next.js/.worktrees/001-ticketing-phase1-core/node_modules/react-dom/cjs/react-dom.development.js:26599:12) Error: No QueryClient set, use QueryClientProvider to set one
    at useQueryClient [90m(file:///home/hein/Workspace/FF_Next.js/.worktrees/001-ticketing-phase1-core/[39mnode_modules/[4m@tanstack/react-query[24m/src/QueryClientProvider.tsx:18:11[90m)[39m
    at useBaseQuery [90m(file:///home/hein/Workspace/FF_Next.js/.worktrees/001-ticketing-phase1-core/[39mnode_modules/[4m@tanstack/react-query[24m/src/useBaseQuery.ts:54:18[90m)[39m
    at Module.useQuery [90m(file:///home/hein/Workspace/FF_Next.js/.worktrees/001-ticketing-phase1-core/[39mnode_modules/[4m@tanstack/react-query[24m/src/useQuery.ts:51:10[90m)[39m
    at Module.useQContactSyncStatus [90m(/home/hein/Workspace/FF_Next.js/.worktrees/001-ticketing-phase1-core/[39msrc/modules/ticketing/hooks/useQContactSync.ts:151:17[90m)[39m
    at SyncDashboard [90m(/home/hein/Workspace/FF_Next.js/.worktrees/001-ticketing-phase1-core/[39msrc/modules/ticketing/components/QContact/SyncDashboard.tsx:49:62[90m)[39m
    at renderWithHooks [90m(/home/hein/Workspace/FF_Next.js/.worktrees/001-ticketing-phase1-core/[39mnode_modules/[4mreact-dom[24m/cjs/react-dom.development.js:15486:18[90m)[39m
    at mountIndeterminateComponent [90m(/home/hein/Workspace/FF_Next.js/.worktrees/001-ticketing-phase1-core/[39mnode_modules/[4mreact-dom[24m/cjs/react-dom.development.js:20103:13[90m)[39m
    at beginWork [90m(/home/hein/Workspace/FF_Next.js/.worktrees/001-ticketing-phase1-core/[39mnode_modules/[4mreact-dom[24m/cjs/react-dom.development.js:21626:16[90m)[39m
    at HTMLUnknownElement.callCallback [90m(/home/hein/Workspace/FF_Next.js/.worktrees/001-ticketing-phase1-core/[39mnode_modules/[4mreact-dom[24m/cjs/react-dom.development.js:4164:14[90m)[39m
    at HTMLUnknownElement.callTheUserObjectsOperation [90m(/home/hein/Workspace/FF_Next.js/.worktrees/001-ticketing-phase1-core/[39mnode_modules/[4mjsdom[24m/lib/jsdom/living/generated/EventListener.js:26:30[90m)[39m
The above error occurred in the <SyncDashboard> component:

    at SyncDashboard (/home/hein/Workspace/FF_Next.js/.worktrees/001-ticketing-phase1-core/src/modules/ticketing/components/QContact/SyncDashboard.tsx:13:3)

Consider adding an error boundary to your tree to customize error handling behavior.
Visit https://reactjs.org/link/error-boundaries to learn more about error boundaries.

stderr | src/modules/ticketing/__tests__/components/QContactSync.test.tsx > SyncTrigger Component > Trigger Manual Sync > should call onTriggerSync when button clicked
Warning: An update to SyncTrigger inside a test was not wrapped in act(...).

When testing, code that causes React state updates should be wrapped into act(...):

act(() => {
  /* fire events that update state */
});
/* assert on the output */

This ensures that you're testing the behavior the user would see in the browser. Learn more at https://reactjs.org/link/wrap-tests-with-act
    at SyncTrigger (/home/hein/Workspace/FF_Next.js/.worktrees/001-ticketing-phase1-core/src/modules/ticketing/components/QContact/SyncTrigger.tsx:415:24)
Warning: An update to SyncTrigger inside a test was not wrapped in act(...).

When testing, code that causes React state updates should be wrapped into act(...):

act(() => {
  /* fire events that update state */
});
/* assert on the output */

This ensures that you're testing the behavior the user would see in the browser. Learn more at https://reactjs.org/link/wrap-tests-with-act
    at SyncTrigger (/home/hein/Workspace/FF_Next.js/.worktrees/001-ticketing-phase1-core/src/modules/ticketing/components/QContact/SyncTrigger.tsx:415:24)

 ✓ src/modules/ticketing/__tests__/constants/whatsappTemplates.test.ts  (37 tests) 9ms
 ❯ src/modules/ticketing/__tests__/components/QContactSync.test.tsx  (24 tests | 15 failed) 3176ms
   ❯ src/modules/ticketing/__tests__/components/QContactSync.test.tsx > SyncDashboard Component > Initial Rendering > should display sync status overview
     → No QueryClient set, use QueryClientProvider to set one
   ❯ src/modules/ticketing/__tests__/components/QContactSync.test.tsx > SyncDashboard Component > Initial Rendering > should display success rate as percentage
     → No QueryClient set, use QueryClientProvider to set one
   ❯ src/modules/ticketing/__tests__/components/QContactSync.test.tsx > SyncDashboard Component > Initial Rendering > should show pending outbound count
     → No QueryClient set, use QueryClientProvider to set one
   ❯ src/modules/ticketing/__tests__/components/QContactSync.test.tsx > SyncDashboard Component > Initial Rendering > should show loading state
     → No QueryClient set, use QueryClientProvider to set one
   ❯ src/modules/ticketing/__tests__/components/QContactSync.test.tsx > SyncDashboard Component > Initial Rendering > should show error state
     → No QueryClient set, use QueryClientProvider to set one
   ❯ src/modules/ticketing/__tests__/components/QContactSync.test.tsx > SyncDashboard Component > Health Status Display > should show healthy status with green indicator
     → No QueryClient set, use QueryClientProvider to set one
   ❯ src/modules/ticketing/__tests__/components/QContactSync.test.tsx > SyncDashboard Component > Health Status Display > should show unhealthy status with issues
     → No QueryClient set, use QueryClientProvider to set one
   ❯ src/modules/ticketing/__tests__/components/QContactSync.test.tsx > SyncDashboard Component > Refresh Functionality > should call onRefresh when refresh button clicked
     → No QueryClient set, use QueryClientProvider to set one
   ❯ src/modules/ticketing/__tests__/components/QContactSync.test.tsx > SyncTrigger Component > Trigger Manual Sync > should show advanced options when expanded
     → Found a label with the text of: /Start Date/i, however no form control was found associated to that label. Make sure you're using the "for" attribute or "aria-labelledby" attribute correctly.

Ignored nodes: comments, script, style
[36m<body>[39m
  [36m<div>[39m
    [36m<div[39m
      [33mclass[39m=[32m"space-y-6"[39m
    [36m>[39m
      [36m<div>[39m
        [36m<h3[39m
          [33mclass[39m=[32m"text-xl font-bold text-white mb-1"[39m
        [36m>[39m
          [0mManual Sync Trigger[0m
        [36m</h3>[39m
        [36m<p[39m
          [33mclass[39m=[32m"text-sm text-white/60"[39m
        [36m>[39m
          [0mManually trigger a sync operation with custom options[0m
        [36m</p>[39m
      [36m</div>[39m
      [36m<div[39m
        [33mclass[39m=[32m"space-y-2"[39m
      [36m>[39m
        [36m<label[39m
          [33mclass[39m=[32m"text-sm font-medium text-white"[39m
        [36m>[39m
          [0mSync Direction[0m
        [36m</label>[39m
        [36m<div[39m
          [33mclass[39m=[32m"grid grid-cols-1 md:grid-cols-3 gap-3"[39m
        [36m>[39m
          [36m<button[39m
            [33mclass[39m=[32m"p-3 rounded-lg border transition-all text-left bg-blue-500/20 border-blue-500/50"[39m
          [36m>[39m
            [36m<div[39m
              [33mclass[39m=[32m"flex items-center mb-2"[39m
            [36m>[39m
              [36m<svg[39m
                [33mclass[39m=[32m"w-5 h-5 mr-2 text-blue-400"[39m
                [33mfill[39m=[32m"none"[39m
                [33mheight[39m=[32m"24"[39m
                [33mstroke[39m=[32m"currentColor"[39m
                [33mstroke-linecap[39m=[32m"round"[39m
                [33mstroke-linejoin[39m=[32m"round"[39m
                [33mstroke-width[39m=[32m"2"[39m
                [33mviewBox[39m=[32m"0 0 24 24"[39m
                [33mwidth[39m=[32m"24"[39m
                [33mxmlns[39m=[32m"http://www.w3.org/2000/svg"[39m
              [36m>[39m
                [36m<path[39m
                  [33md[39m=[32m"M8 3 4 7l4 4"[39m
                [36m/>[39m
                [36m<path[39m
                  [33md[39m=[32m"M4 7h16"[39m
                [36m/>[39m
                [36m<path[39m
                  [33md[39m=[32m"m16 21 4-4-4-4"[39m
                [36m/>[39m
                [36m<path[39m
                  [33md[39m=[32m"M20 17H4"[39m
                [36m/>[39m
              [36m</svg>[39m
              [36m<span[39m
                [33mclass[39m=[32m"font-medium text-blue-400"[39m
              [36m>[39m
                [0mBidirectional[0m
              [36m</span>[39m
            [36m</div>[39m
            [36m<p[39m
              [33mclass[39m=[32m"text-xs text-white/60"[39m
            [36m>[39m
              [0mSync both directions (recommended)[0m
            [36m</p>[39m
          [36m</button>[39m
          [36m<button[39m
            [33mclass[39m=[32m"p-3 rounded-lg border transition-all text-left bg-white/5 border-white/10 hover:bg-white/10"[39m
          [36m>[39m
            [36m<div[39m
              [33mclass[39m=[32m"flex items-center mb-2"[39m
            [36m>[39m
              [36m<svg[39m
                [33mclass[39m=[32m"w-5 h-5 mr-2 text-white/60"[39m
                [33mfill[39m=[32m"none"[39m
                [33mheight[39m=[32m"24"[39m
                [33mstroke[39m=[32m"currentColor"[39m
                [33mstroke-linecap[39m=[32m"round"[39m
                [33mstroke-linejoin[39m=[32m"round"[39m
                [33mstroke-width[39m=[32m"2"[39m
                [33mviewBox[39m=[32m"0 0 24 24"[39m
                [33mwidth[39m=[32m"24"[39m
                [33mxmlns[39m=[32m"http://www.w3.org/2000/svg"[39m
              [36m>[39m
                [36m<path[39m
                  [33md[39m=[32m"M21 15v4a2 2 0 0 1-2 2H5a2 2 0 0 1-2-2v-4"[39m
                [36m/>[39m
                [36m<polyline[39m
                  [33mpoints[39m=[32m"7 10 12 15 17 10"[39m
                [36m/>[39m
                [36m<line[39m
                  [33mx1[39m=[32m"12"[39m
                  [33mx2[39m=[32m"12"[39m
                  [33my1[39m=[32m"15"[39m
                  [33my2[39m=[32m"3"[39m
                [36m/>[39m
              [36m</svg>[39m
              [36m<span[39m
                [33mclass[39m=[32m"font-medium text-white"[39m
              [36m>[39m
                [0mInbound Only[0m
              [36m</span>[39m
            [36m</div>[39m
            [36m<p[39m
              [33mclass[39m=[32m"text-xs text-white/60"[39m
            [36m>[39m
              [0mQContact → FibreFlow[0m
            [36m</p>[39m
          [36m</button>[39m
          [36m<button[39m
            [33mclass[39m=[32m"p-3 rounded-lg border transition-all text-left bg-white/5 border-white/10 hover:bg-white/10"[39m
          [36m>[39m
            [36m<div[39m
              [33mclass[39m=[32m"flex items-center mb-2"[39m
            [36m>[39m
              [36m<svg[39m
                [33mclass[39m=[32m"w-5 h-5 mr-2 text-white/60"[39m
                [33mfill[39m=[32m"none"[39m
                [33mheight[39m=[32m"24"[39m
                [33mstroke[39m=[32m"currentColor"[39m
                [33mstroke-linecap[39m=[32m"round"[39m
                [33mstroke-linejoin[39m=[32m"round"[39m
                [33mstroke-width[39m=[32m"2"[39m
                [33mviewBox[39m=[32m"0 0 24 24"[39m
                [33mwidth[39m=[32m"24"[39m
                [33mxmlns[39m=[32m"http://www.w3.org/2000/svg"[39m
              [36m>[39m
                [36m<path[39m
                  [33md[39m=[32m"M21 15v4a2 2 0 0 1-2 2H5a2 2 0 0 1-2-2v-4"[39m
                [36m/>[39m
                [36m<polyline[39m
                  [33mpoints[39m=[32m"17 8 12 3 7 8"[39m
                [36m/>[39m
                [36m<line[39m
                  [33mx1[39m=[32m"12"[39m
                  [33mx2[39m=[32m"12"[39m
                  [33my1[39m=[32m"3"[39m
                  [33my2[39m=[32m"15"[39m
                [36m/>[39m
              [36m</svg>[39m
              [36m<span[39m
                [33mclass[39m=[32m"font-medium text-white"[39m
              [36m>[39m
                [0mOutbound Only[0m
              [36m</span>[39m
            [36m</div>[39m
            [36m<p[39m
              [33mclass[39m=[32m"text-xs text-white/60"[39m
            [36m>[39m
              [0mFibreFlow → QContact[0m
            [36m</p>[39m
          [36m</button>[39m
        [36m</div>[39m
      [36m</div>[39m
      [36m<div[39m
        [33mclass[39m=[32m"space-y-4"[39m
      [36m>[39m
        [36m<button[39m
          [33mclass[39m=[32m"flex items-center text-sm text-white/60 hover:text-white transition-all"[39m
        [36m>[39m
          [36m<svg[39m
            [33mclass[39m=[32m"w-4 h-4 mr-2"[39m
            [33mfill[39m=[32m"none"[39m
            [33mheight[39m=[32m"24"[39m
            [33mstroke[39m=[32m"currentColor"[39m
            [33mstroke-linecap[39m=[32m"round"[39m
            [33mstroke-linejoin[39m=[32m"round"[39m
            [33mstroke-width[39m=[32m"2"[39m
            [33mviewBox[39m=[32m"0 0 24 24"[39m
            [33mwidth[39m=[32m"24"[39m
            [33mxmlns[39m=[32m"http://www.w3.org/2000/svg"[39m
          [36m>[39m
            [36m<path[39m
              [33md[39m=[32m"M12.22 2h-.44a2 2 0 0 0-2 2v.18a2 2 0 0 1-1 1.73l-.43.25a2 2 0 0 1-2 0l-.15-.08a2 2 0 0 0-2.73.73l-.22.38a2 2 0 0 0 .73 2.73l.15.1a2 2 0 0 1 1 1.72v.51a2 2 0 0 1-1 1.74l-.15.09a2 2 0 0 0-.73 2.73l.22.38a2 2 0 0 0 2.73.73l.15-.08a2 2 0 0 1 2 0l.43.25a2 2 0 0 1 1 1.73V20a2 2 0 0 0 2 2h.44a2 2 0 0 0 2-2v-.18a2 2 0 0 1 1-1.73l.43-.25a2 2 0 0 1 2 0l.15.08a2 2 0 0 0 2.73-.73l.22-.39a2 2 0 0 0-.73-2.73l-.15-.08a2 2 0 0 1-1-1.74v-.5a2 2 0 0 1 1-1.74l.15-.09a2 2 0 0 0 .73-2.73l-.22-.38a2 2 0 0 0-2.73-.73l-.15.08a2 2 0 0 1-2 0l-.43-.25a2 2 0 0 1-1-1.73V4a2 2 0 0 0-2-2z"[39m
            [36m/>[39m
            [36m<circle[39m
              [33mcx[39m=[32m"12"[39m
              [33mcy[39m=[32m"12"[39m
              [33mr[39m=[32m"3"[39m
            [36m/>[39m
          [36m</svg>[39m
          [0mHide[0m
          [0m Advanced Options[0m
        [36m</button>[39m
        [36m<div[39m
          [33mclass[39m=[32m"space-y-4 p-4 bg-white/5 border border-white/10 rounded-lg"[39m
        [36m>[39m
          [36m<div[39m
            [33mclass[39m=[32m"grid grid-cols-2 gap-4"[39m
          [36m>[39m
            [36m<div>[39m
              [36m<label[39m
                [33mclass[39m=[32m"block text-sm font-medium text-white mb-2"[39m
              [36m>[39m
                [36m<svg[39m
                  [33mclass[39m=[32m"w-4 h-4 inline mr-1"[39m
                  [33mfill[39m=[32m"none"[39m
                  [33mheight[39m=[32m"24"[39m
                  [33mstroke[39m=[32m"currentColor"[39m
                  [33mstroke-linecap[39m=[32m"round"[39m
                  [33mstroke-linejoin[39m=[32m"round"[39m
                  [33mstroke-width[39m=[32m"2"[39m
                  [33mviewBox[39m=[32m"0 0 24 24"[39m
                  [33mwidth[39m=[32m"24"[39m
                  [33mxmlns[39m=[32m"http://www.w3.org/2000/svg"[39m
                [36m>[39m
                  [36m<rect[39m
                    [33mheight[39m=[32m"18"[39m
                    [33mrx[39m=[32m"2"[39m
                    [33mry[39m=[32m"2"[39m
                    [33mwidth[39m=[32m"18"[39m
                    [33mx[39m=[32m"3"[39m
                    [33my[39m=[32m"4"[39m
                  [36m/>[39m
                  [36m<line[39m
                    [33mx1[39m=[32m"16"[39m
                    [33mx2[39m=[32m"16"[39m
                    [33my1[39m=[32m"2"[39m
                    [33my2[39m=[32m"6"[39m
                  [36m/>[39m
                  [36m<line[39m
                    [33mx1[39m=[32m"8"[39m
                    [33mx2[39m=[32m"8"[39m
                    [33my1[39m=[32m"2"[39m
                    [33my2[39m=[32m"6"[39m
                  [36m/>[39m
                  [36m<line[39m
                    [33mx1[39m=[32m"3"[39m
                    [33mx2[39m=[32m"21"[39m
                    [33my1[39m=[32m"10"[39m
                    [33my2[39m=[32m"10"[39m
                  [36m/>[39m
                [36m</svg>[39m
                [0mStart Date[0m
              [36m</label>[39m
              [36m<input[39m
                [33mclass[39m=[32m"w-full px-3 py-2 bg-white/10 border border-white/10 rounded-lg text-white text-sm focus:outline-none focus:ring-2 focus:ring-blue-500"[39m
                [33mtype[39m=[32m"date"[39m
                [33mvalue[39m=[32m""[39m
              [36m/>[39m
            [36m</div>[39m
            [36m<div>[39m
              [36m<label[39m
                [33mclass[39m=[32m"block text-sm font-medium text-white mb-2"[39m
              [36m>[39m
                [36m<svg[39m
                  [33mclass[39m=[32m"w-4 h-4 inline mr-1"[39m
                  [33mfill[39m=[32m"none"[39m
                  [33mheight[39m=[32m"24"[39m
                  [33mstroke[39m=[32m"currentColor"[39m
                  [33mstroke-linecap[39m=[32m"round"[39m
                  [33mstroke-linejoin[39m=[32m"round"[39m
                  [33mstroke-width[39m=[32m"2"[39m
                  [33mviewBox[39m=[32m"0 0 24 24"[39m
                  [33mwidth[39m=[32m"24"[39m
                  [33mxmlns[39m=[32m"http://www.w3.org/2000/svg"[39m
                [36m>[39m
                  [36m<rect[39m
                    [33mheight[39m=[32m"18"[39m
                    [33mrx[39m=[32m"2"[39m
                    [33mry[39m=[32m"2"[39m
                    [33mwidth[39m=[32m"18"[39m
                    [33mx[39m=[32m"3"[39m
                    [33my[39m=[32m"4"[39m
                  [36m/>[39m
                  [36m<line[39m
                    [33mx1[39m=[32m"16"[39m
                    [33mx2[39m=[32m"16"[39m
                    [33my1[39m=[32m"2"[39m
                    [33my2[39m=[32m"6"[39m
                  [36m/>[39m
                  [36m<line[39m
                    [33mx1[39m=[32m"8"[39m
                    [33mx2[39m=[32m"8"[39m
                    [33my1[39m=[32m"2"[39m
                    [33my2[39m=[32m"6"[39m
                  [36m/>[39m
                  [36m<line[39m
                    [33mx1[39m=[32m"3"[39m
                    [33mx2[39m=[32m"21"[39m
                    [33my1[39m=[32m"10"[39m
                    [33my2[39m=[32m"10"[39m
                  [36m/>[39m
                [36m</svg>[39m
                [0mEnd Date[0m
              [36m</label>[39m
              [36m<input[39m
                [33mclass[39m=[32m"w-full px-3 py-2 bg-white/10 border border-white/10 rounded-lg text-white text-sm focus:outline-none focus:ring-2 focus:ring-blue-500"[39m
                [33mtype[39m=[32m"date"[39m
                [33mvalue[39m=[32m""[39m
              [36m/>[39m
            [36m</div>[39m
          [36m</div>[39m
          [36m<div[39m
            [33mclass[39m=[32m"flex items-center"[39m
          [36m>[39m
            [36m<input[39m
              [33mclass[39m=[32m"w-4 h-4 text-blue-600 bg-white/10 border-white/10 rounded focus:ring-blue-500"[39m
              [33mid[39m=[32m"forceResync"[39m
              [33mtype[39m=[32m"checkbox"[39m
            [36m/>[39m
            [36m<label[39m
              [33mclass[39m=[32m"ml-2 text-sm text-white"[39m
              [33mfor[39m=[32m"forceResync"[39m
            [36m>[39m
              [0mForce Resync[0m
              [0m [0m
              [36m<span[39m
                [33mclass[39m=[32m"text-white/60"[39m
              [36m>[39m
                [0m(Re-sync even if already synced)[0m
              [36m</span>[39m
            [36m</label>[39m
          [36m</div>[39m
        [36m</div>[39m
      [36m</div>[39m
      [36m<div[39m
        [33mclass[39m=[32m"flex items-center justify-between"[39m
      [36m>[39m
        [36m<button[39m
          [33mclass[39m=[32m"flex items-center px-6 py-3 rounded-lg font-semibold transition-all bg-blue-600 hover:bg-blue-700 text-white"[39m
        [36m>[39m
          [36m<svg[39m
            [33mclass[39m=[32m"w-5 h-5 mr-2"[39m
            [33mfill[39m=[32m"none"[39m
            [33mheight[39m=[32m"24"[39m
            [33mstroke[39m=[32m"currentColor"[39m
            [33mstroke-linecap[39m=[32m"round"[39m
            [33mstroke-linejoin[39m=[32m"round"[39m
            [33mstroke-width[39m=[32m"2"[39m
            [33mviewBox[39m=[32m"0 0 24 24"[39m
            [33mwidth[39m=[32m"24"[39m
            [33mxmlns[39m=[32m"http://www.w3.org/2000/svg"[39m
          [36m>[39m
            [36m<path[39m
              [33md[39m=[32m"M3 12a9 9 0 0 1 9-9 9.75 9.75 0 0 1 6.74 2.74L21 8"[39m
            [36m/>[39m
            [36m<path[39m
              [33md[39m=[32m"M21 3v5h-5"[39m
            [36m/>[39m
            [36m<path[39m
              [33md[39m=[32m"M21 12a9 9 0 0 1-9 9 9.75 9.75 0 0 1-6.74-2.74L3 16"[39m
            [36m/>[39m
            [36m<path[39m
              [33md[39m=[32m"M8 16H3v5"[39m
            [36m/>[39m
          [36m</svg>[39m
          [0mTrigger Sync[0m
        [36m</button>[39m
      [36m</div>[39m
    [36m</div>[39m
  [36m</div>[39m
[36m</body>[39m
   ❯ src/modules/ticketing/__tests__/components/QContactSync.test.tsx > SyncAuditLog Component > Initial Rendering > should display sync log entries
     → Unable to find an element with the text: /log-1/i. This could be because the text is broken up by multiple elements. In this case, you can provide a function for your text matcher to make your matcher more flexible.

Ignored nodes: comments, script, style
[36m<body>[39m
  [36m<div>[39m
    [36m<div[39m
      [33mclass[39m=[32m"space-y-6"[39m
    [36m>[39m
      [36m<div[39m
        [33mclass[39m=[32m"flex items-center justify-between"[39m
      [36m>[39m
        [36m<div>[39m
          [36m<h3[39m
            [33mclass[39m=[32m"text-xl font-bold text-white mb-1"[39m
          [36m>[39m
            [0mSync Audit Log[0m
          [36m</h3>[39m
          [36m<p[39m
            [33mclass[39m=[32m"text-sm text-white/60"[39m
          [36m>[39m
            [0m3[0m
            [0m sync operation[0m
            [0ms[0m
            [0m | Success Rate:[0m
            [0m [0m
            [0m67[0m
            [0m%[0m
          [36m</p>[39m
        [36m</div>[39m
      [36m</div>[39m
      [36m<div[39m
        [33mclass[39m=[32m"grid grid-cols-2 md:grid-cols-4 gap-4"[39m
      [36m>[39m
        [36m<div[39m
          [33mclass[39m=[32m"p-3 bg-blue-500/10 border border-blue-500/20 rounded-lg"[39m
        [36m>[39m
          [36m<div[39m
            [33mclass[39m=[32m"flex items-center mb-1"[39m
          [36m>[39m
            [36m<svg[39m
              [33mclass[39m=[32m"w-4 h-4 text-blue-400 mr-2"[39m
              [33mfill[39m=[32m"none"[39m
              [33mheight[39m=[32m"24"[39m
              [33mstroke[39m=[32m"currentColor"[39m
              [33mstroke-linecap[39m=[32m"round"[39m
              [33mstroke-linejoin[39m=[32m"round"[39m
              [33mstroke-width[39m=[32m"2"[39m
              [33mviewBox[39m=[32m"0 0 24 24"[39m
              [33mwidth[39m=[32m"24"[39m
              [33mxmlns[39m=[32m"http://www.w3.org/2000/svg"[39m
            [36m>[39m
              [36m<path[39m
                [33md[39m=[32m"M21 15v4a2 2 0 0 1-2 2H5a2 2 0 0 1-2-2v-4"[39m
              [36m/>[39m
              [36m<polyline[39m
                [33mpoints[39m=[32m"7 10 12 15 17 10"[39m
              [36m/>[39m
              [36m<line[39m
                [33mx1[39m=[32m"12"[39m
                [33mx2[39m=[32m"12"[39m
                [33my1[39m=[32m"15"[39m
                [33my2[39m=[32m"3"[39m
              [36m/>[39m
            [36m</svg>[39m
            [36m<span[39m
              [33mclass[39m=[32m"text-xs text-white/60"[39m
            [36m>[39m
              [0mInbound[0m
            [36m</span>[39m
          [36m</div>[39m
          [36m<p[39m
            [33mclass[39m=[32m"text-xl font-bold text-blue-400"[39m
          [36m>[39m
            [0m2[0m
          [36m</p>[39m
        [36m</div>[39m
        [36m<div[39m
          [33mclass[39m=[32m"p-3 bg-purple-500/10 border border-purple-500/20 rounded-lg"[39m
        [36m>[39m
          [36m<div[39m
            [33mclass[39m=[32m"flex items-center mb-1"[39m
          [36m>[39m
            [36m<svg[39m
              [33mclass[39m=[32m"w-4 h-4 text-purple-400 mr-2"[39m
              [33mfill[39m=[32m"none"[39m
              [33mheight[39m=[32m"24"[39m
              [33mstroke[39m=[32m"currentColor"[39m
              [33mstroke-linecap[39m=[32m"round"[39m
              [33mstroke-linejoin[39m=[32m"round"[39m
              [33mstroke-width[39m=[32m"2"[39m
              [33mviewBox[39m=[32m"0 0 24 24"[39m
              [33mwidth[39m=[32m"24"[39m
              [33mxmlns[39m=[32m"http://www.w3.org/2000/svg"[39m
            [36m>[39m
              [36m<path[39m
                [33md[39m=[32m"M21 15v4a2 2 0 0 1-2 2H5a2 2 0 0 1-2-2v-4"[39m
              [36m/>[39m
              [36m<polyline[39m
                [33mpoints[39m=[32m"17 8 12 3 7 8"[39m
              [36m/>[39m
              [36m<line[39m
                [33mx1[39m=[32m"12"[39m
                [33mx2[39m=[32m"12"[39m
                [33my1[39m=[32m"3"[39m
                [33my2[39m=[32m"15"[39m
              [36m/>[39m
            [36m</svg>[39m
            [36m<span[39m
              [33mclass[39m=[32m"text-xs text-white/60"[39m
            [36m>[39m
              [0mOutbound[0m
            [36m</span>[39m
          [36m</div>[39m
          [36m<p[39m
            [33mclass[39m=[32m"text-xl font-bold text-purple-400"[39m
          [36m>[39m
            [0m1[0m
          [36m</p>[39m
        [36m</div>[39m
        [36m<div[39m
          [33mclass[39m=[32m"p-3 bg-green-500/10 border border-green-500/20 rounded-lg"[39m
        [36m>[39m
          [36m<div[39m
            [33mclass[39m=[32m"flex items-center mb-1"[39m
          [36m>[39m
            [36m<svg[39m
              [33mclass[39m=[32m"w-4 h-4 text-green-400 mr-2"[39m
              [33mfill[39m=[32m"none"[39m
              [33mheight[39m=[32m"24"[39m
              [33mstroke[39m=[32m"currentColor"[39m
              [33mstroke-linecap[39m=[32m"round"[39m
              [33mstroke-linejoin[39m=[32m"round"[39m
              [33mstroke-width[39m=[32m"2"[39m
              [33mviewBox[39m=[32m"0 0 24 24"[39m
              [33mwidth[39m=[32m"24"[39m
              [33mxmlns[39m=[32m"http://www.w3.org/2000/svg"[39m
            [36m>[39m
              [36m<path[39m
                [33md[39m=[32m"M12 22c5.523 0 10-4.477 10-10S17.523 2 12 2 2 6.477 2 12s4.477 10 10 10z"[39m
              [36m/>[39m
              [36m<path[39m
                [33md[39m=[32m"m9 12 2 2 4-4"[39m
              [36m/>[39m
            [36m</svg>[39m
            [36m<span[39m
              [33mclass[39m=[32m"text-xs text-white/60"[39m
            [36m>[39m
              [0mSuccess[0m
            [36m</span>[39m
          [36m</div>[39m
          [36m<p[39m
            [33mclass[39m=[32m"text-xl font-bold text-green-400"[39m
          [36m>[39m
            [0m2[0m
          [36m</p>[39m
        [36m</div>[39m
        [36m<div[39m
          [33mclass[39m=[32m"p-3 bg-red-500/10 border border-red-500/20 rounded-lg"[39m
        [36m>[39m
          [36m<div[39m
            [33mclass[39m=[32m"flex items-center mb-1"[39m
          [36m>[39m
            [36m<svg[39m
              [33mclass[39m=[32m"w-4 h-4 text-red-400 mr-2"[39m
              [33mfill[39m=[32m"none"[39m
              [33mheight[39m=[32m"24"[39m
              [33mstroke[39m=[32m"currentColor"[39m
              [33mstroke-linecap[39m=[32m"round"[39m
              [33mstroke-linejoin[39m=[32m"round"[39m
              [33mstroke-width[39m=[32m"2"[39m
              [33mviewBox[39m=[32m"0 0 24 24"[39m
              [33mwidth[39m=[32m"24"[39m
              [33mxmlns[39m=[32m"http://www.w3.org/2000/svg"[39m
            [36m>[39m
              [36m<circle[39m
                [33mcx[39m=[32m"12"[39m
                [33mcy[39m=[32m"12"[39m
                [33mr[39m=[32m"10"[3...
   ❯ src/modules/ticketing/__tests__/components/QContactSync.test.tsx > SyncAuditLog Component > Initial Rendering > should display statistics
     → Found multiple elements with the text: /3/i

Here are the matching elements:

Ignored nodes: comments, script, style
[36m<p[39m
  [33mclass[39m=[32m"text-xl font-bold text-blue-400"[39m
[36m>[39m
  [0m3[0m
[36m</p>[39m

Ignored nodes: comments, script, style
[36m<span[39m
  [33mclass[39m=[32m"text-white font-mono"[39m
[36m>[39m
  [0mticket-3[0m
  [0m...[0m
[36m</span>[39m

Ignored nodes: comments, script, style
[36m<span[39m
  [33mclass[39m=[32m"text-white font-mono"[39m
[36m>[39m
  [0mqc-3[0m
[36m</span>[39m

Ignored nodes: comments, script, style
[36m<span[39m
  [33mclass[39m=[32m"text-xs text-white/60"[39m
[36m>[39m
  [0mJan 15, 2024, 03:00:00 PM[0m
[36m</span>[39m

(If this is intentional, then use the `*AllBy*` variant of the query (like `queryAllByText`, `getAllByText`, or `findAllByText`)).

Ignored nodes: comments, script, style
[36m<body>[39m
  [36m<div>[39m
    [36m<div[39m
      [33mclass[39m=[32m"space-y-6"[39m
    [36m>[39m
      [36m<div[39m
        [33mclass[39m=[32m"flex items-center justify-between"[39m
      [36m>[39m
        [36m<div>[39m
          [36m<h3[39m
            [33mclass[39m=[32m"text-xl font-bold text-white mb-1"[39m
          [36m>[39m
            [0mSync Audit Log[0m
          [36m</h3>[39m
          [36m<p[39m
            [33mclass[39m=[32m"text-sm text-white/60"[39m
          [36m>[39m
            [0m5[0m
            [0m sync operation[0m
            [0ms[0m
            [0m | Success Rate:[0m
            [0m [0m
            [0m80[0m
            [0m%[0m
          [36m</p>[39m
        [36m</div>[39m
      [36m</div>[39m
      [36m<div[39m
        [33mclass[39m=[32m"grid grid-cols-2 md:grid-cols-4 gap-4"[39m
      [36m>[39m
        [36m<div[39m
          [33mclass[39m=[32m"p-3 bg-blue-500/10 border border-blue-500/20 rounded-lg"[39m
        [36m>[39m
          [36m<div[39m
            [33mclass[39m=[32m"flex items-center mb-1"[39m
          [36m>[39m
            [36m<svg[39m
              [33mclass[39m=[32m"w-4 h-4 text-blue-400 mr-2"[39m
              [33mfill[39m=[32m"none"[39m
              [33mheight[39m=[32m"24"[39m
              [33mstroke[39m=[32m"currentColor"[39m
              [33mstroke-linecap[39m=[32m"round"[39m
              [33mstroke-linejoin[39m=[32m"round"[39m
              [33mstroke-width[39m=[32m"2"[39m
              [33mviewBox[39m=[32m"0 0 24 24"[39m
              [33mwidth[39m=[32m"24"[39m
              [33mxmlns[39m=[32m"http://www.w3.org/2000/svg"[39m
            [36m>[39m
              [36m<path[39m
                [33md[39m=[32m"M21 15v4a2 2 0 0 1-2 2H5a2 2 0 0 1-2-2v-4"[39m
              [36m/>[39m
              [36m<polyline[39m
                [33mpoints[39m=[32m"7 10 12 15 17 10"[39m
              [36m/>[39m
              [36m<line[39m
                [33mx1[39m=[32m"12"[39m
                [33mx2[39m=[32m"12"[39m
                [33my1[39m=[32m"15"[39m
                [33my2[39m=[32m"3"[39m
              [36m/>[39m
            [36m</svg>[39m
            [36m<span[39m
              [33mclass[39m=[32m"text-xs text-white/60"[39m
            [36m>[39m
              [0mInbound[0m
            [36m</span>[39m
          [36m</div>[39m
          [36m<p[39m
            [33mclass[39m=[32m"text-xl font-bold text-blue-400"[39m
          [36m>[39m
            [0m3[0m
          [36m</p>[39m
        [36m</div>[39m
        [36m<div[39m
          [33mclass[39m=[32m"p-3 bg-purple-500/10 border border-purple-500/20 rounded-lg"[39m
        [36m>[39m
          [36m<div[39m
            [33mclass[39m=[32m"flex items-center mb-1"[39m
          [36m>[39m
            [36m<svg[39m
              [33mclass[39m=[32m"w-4 h-4 text-purple-400 mr-2"[39m
              [33mfill[39m=[32m"none"[39m
              [33mheight[39m=[32m"24"[39m
              [33mstroke[39m=[32m"currentColor"[39m
              [33mstroke-linecap[39m=[32m"round"[39m
              [33mstroke-linejoin[39m=[32m"round"[39m
              [33mstroke-width[39m=[32m"2"[39m
              [33mviewBox[39m=[32m"0 0 24 24"[39m
              [33mwidth[39m=[32m"24"[39m
              [33mxmlns[39m=[32m"http://www.w3.org/2000/svg"[39m
            [36m>[39m
              [36m<path[39m
                [33md[39m=[32m"M21 15v4a2 2 0 0 1-2 2H5a2 2 0 0 1-2-2v-4"[39m
              [36m/>[39m
              [36m<polyline[39m
                [33mpoints[39m=[32m"17 8 12 3 7 8"[39m
              [36m/>[39m
              [36m<line[39m
                [33mx1[39m=[32m"12"[39m
                [33mx2[39m=[32m"12"[39m
                [33my1[39m=[32m"3"[39m
                [33my2[39m=[32m"15"[39m
              [36m/>[39m
            [36m</svg>[39m
            [36m<span[39m
              [33mclass[39m=[32m"text-xs text-white/60"[39m
            [36m>[39m
              [0mOutbound[0m
            [36m</span>[39m
          [36m</div>[39m
          [36m<p[39m
            [33mclass[39m=[32m"text-xl font-bold text-purple-400"[39m
          [36m>[39m
            [0m2[0m
          [36m</p>[39m
        [36m</div>[39m
        [36m<div[39m
          [33mclass[39m=[32m"p-3 bg-green-500/10 border border-green-500/20 rounded-lg"[39m
        [36m>[39m
          [36m<div[39m
            [33mclass[39m=[32m"flex items-center mb-1"[39m
          [36m>[39m
            [36m<svg[39m
              [33mclass[39m=[32m"w-4 h-4 text-green-400 mr-2"[39m
              [33mfill[39m=[32m"none"[39m
              [33mheight[39m=[32m"24"[39m
              [33mstroke[39m=[32m"currentColor"[39m
              [33mstroke-linecap[39m=[32m"round"[39m
              [33mstroke-linejoin[39m=[32m"round"[39m
              [33mstroke-width[39m=[32m"2"[39m
              [33mviewBox[39m=[32m"0 0 24 24"[39m
              [33mwidth[39m=[32m"24"[39m
              [33mxmlns[39m=[32m"http://www.w3.org/2000/svg"[39m
            [36m>[39m
              [36m<path[39m
                [33md[39m=[32m"M12 22c5.523 0 10-4.477 10-10S17.523 2 12 2 2 6.477 2 12s4.477 10 10 10z"[39m
              [36m/>[39m
              [36m<path[39m
                [33md[39m=[32m"m9 12 2 2 4-4"[39m
              [36m/>[39m
            [36m</svg>[39m
            [36m<span[39m
              [33mclass[39m=[32m"text-xs text-white/60"[39m
            [36m>[39m
              [0mSuccess[0m
            [36m</span>[39m
          [36m</div>[39m
          [36m<p[39m
            [33mclass[39m=[32m"text-xl font-bold text-green-400"[39m
          [36m>[39m
            [0m4[0m
          [36m</p>[39m
        [36m</div>[39m
        [36m<div[39m
          [33mclass[39m=[32m"p-3 bg-red-500/10 border border-red-500/20 rounded-lg"[39m
        [36m>[39m
          [36m<div[39m
            [33mclass[39m=[32m"flex items-center mb-1"[39m
          [36m>[39m
            [36m<svg[39m
              [33mclass[39m=[32m"w-4 h-4 text-red-400 mr-2"[39m
              [33mfill[39m=[32m"none"[39m
              [33mheight[39m=[32m"24"[39m
              [33mstroke[39m=[32m"currentColor"[39m
              [33mstroke-linecap[39m=[32m"round"[39m
              [33mstroke-linejoin[39m=[32m"round"[39m
              [33mstroke-width[39m=[32m"2"[39m
              [33mviewBox[39m=[32m"0 0 24 24"[39m
              [33mwidth[39m=[32m"24"[39m
              [33mxmlns[39m=[32m"http://www.w3.org/2000/svg"[39m
            [36m>[39m
              [36m<circle[39m
                [33mcx[39m=[32m"12"[39m
                [33mcy[39m=[32m"12"[39m
                [33mr[39m=[32m"10"[3...
   ❯ src/modules/ticketing/__tests__/components/QContactSync.test.tsx > SyncAuditLog Component > Log Entry Display > should display sync direction and type
     → Found multiple elements with the text: /INBOUND/i

Here are the matching elements:

Ignored nodes: comments, script, style
[36m<span[39m
  [33mclass[39m=[32m"text-xs text-white/60"[39m
[36m>[39m
  [0mInbound[0m
[36m</span>[39m

Ignored nodes: comments, script, style
[36m<p[39m
  [33mclass[39m=[32m"text-sm font-medium text-white"[39m
[36m>[39m
  [0mINBOUND[0m
[36m</p>[39m

(If this is intentional, then use the `*AllBy*` variant of the query (like `queryAllByText`, `getAllByText`, or `findAllByText`)).

Ignored nodes: comments, script, style
[36m<body>[39m
  [36m<div>[39m
    [36m<div[39m
      [33mclass[39m=[32m"space-y-6"[39m
    [36m>[39m
      [36m<div[39m
        [33mclass[39m=[32m"flex items-center justify-between"[39m
      [36m>[39m
        [36m<div>[39m
          [36m<h3[39m
            [33mclass[39m=[32m"text-xl font-bold text-white mb-1"[39m
          [36m>[39m
            [0mSync Audit Log[0m
          [36m</h3>[39m
          [36m<p[39m
            [33mclass[39m=[32m"text-sm text-white/60"[39m
          [36m>[39m
            [0m2[0m
            [0m sync operation[0m
            [0ms[0m
            [0m | Success Rate:[0m
            [0m [0m
            [0m50[0m
            [0m%[0m
          [36m</p>[39m
        [36m</div>[39m
      [36m</div>[39m
      [36m<div[39m
        [33mclass[39m=[32m"grid grid-cols-2 md:grid-cols-4 gap-4"[39m
      [36m>[39m
        [36m<div[39m
          [33mclass[39m=[32m"p-3 bg-blue-500/10 border border-blue-500/20 rounded-lg"[39m
        [36m>[39m
          [36m<div[39m
            [33mclass[39m=[32m"flex items-center mb-1"[39m
          [36m>[39m
            [36m<svg[39m
              [33mclass[39m=[32m"w-4 h-4 text-blue-400 mr-2"[39m
              [33mfill[39m=[32m"none"[39m
              [33mheight[39m=[32m"24"[39m
              [33mstroke[39m=[32m"currentColor"[39m
              [33mstroke-linecap[39m=[32m"round"[39m
              [33mstroke-linejoin[39m=[32m"round"[39m
              [33mstroke-width[39m=[32m"2"[39m
              [33mviewBox[39m=[32m"0 0 24 24"[39m
              [33mwidth[39m=[32m"24"[39m
              [33mxmlns[39m=[32m"http://www.w3.org/2000/svg"[39m
            [36m>[39m
              [36m<path[39m
                [33md[39m=[32m"M21 15v4a2 2 0 0 1-2 2H5a2 2 0 0 1-2-2v-4"[39m
              [36m/>[39m
              [36m<polyline[39m
                [33mpoints[39m=[32m"7 10 12 15 17 10"[39m
              [36m/>[39m
              [36m<line[39m
                [33mx1[39m=[32m"12"[39m
                [33mx2[39m=[32m"12"[39m
                [33my1[39m=[32m"15"[39m
                [33my2[39m=[32m"3"[39m
              [36m/>[39m
            [36m</svg>[39m
            [36m<span[39m
              [33mclass[39m=[32m"text-xs text-white/60"[39m
            [36m>[39m
              [0mInbound[0m
            [36m</span>[39m
          [36m</div>[39m
          [36m<p[39m
            [33mclass[39m=[32m"text-xl font-bold text-blue-400"[39m
          [36m>[39m
            [0m1[0m
          [36m</p>[39m
        [36m</div>[39m
        [36m<div[39m
          [33mclass[39m=[32m"p-3 bg-purple-500/10 border border-purple-500/20 rounded-lg"[39m
        [36m>[39m
          [36m<div[39m
            [33mclass[39m=[32m"flex items-center mb-1"[39m
          [36m>[39m
            [36m<svg[39m
              [33mclass[39m=[32m"w-4 h-4 text-purple-400 mr-2"[39m
              [33mfill[39m=[32m"none"[39m
              [33mheight[39m=[32m"24"[39m
              [33mstroke[39m=[32m"currentColor"[39m
              [33mstroke-linecap[39m=[32m"round"[39m
              [33mstroke-linejoin[39m=[32m"round"[39m
              [33mstroke-width[39m=[32m"2"[39m
              [33mviewBox[39m=[32m"0 0 24 24"[39m
              [33mwidth[39m=[32m"24"[39m
              [33mxmlns[39m=[32m"http://www.w3.org/2000/svg"[39m
            [36m>[39m
              [36m<path[39m
                [33md[39m=[32m"M21 15v4a2 2 0 0 1-2 2H5a2 2 0 0 1-2-2v-4"[39m
              [36m/>[39m
              [36m<polyline[39m
                [33mpoints[39m=[32m"17 8 12 3 7 8"[39m
              [36m/>[39m
              [36m<line[39m
                [33mx1[39m=[32m"12"[39m
                [33mx2[39m=[32m"12"[39m
                [33my1[39m=[32m"3"[39m
                [33my2[39m=[32m"15"[39m
              [36m/>[39m
            [36m</svg>[39m
            [36m<span[39m
              [33mclass[39m=[32m"text-xs text-white/60"[39m
            [36m>[39m
              [0mOutbound[0m
            [36m</span>[39m
          [36m</div>[39m
          [36m<p[39m
            [33mclass[39m=[32m"text-xl font-bold text-purple-400"[39m
          [36m>[39m
            [0m1[0m
          [36m</p>[39m
        [36m</div>[39m
        [36m<div[39m
          [33mclass[39m=[32m"p-3 bg-green-500/10 border border-green-500/20 rounded-lg"[39m
        [36m>[39m
          [36m<div[39m
            [33mclass[39m=[32m"flex items-center mb-1"[39m
          [36m>[39m
            [36m<svg[39m
              [33mclass[39m=[32m"w-4 h-4 text-green-400 mr-2"[39m
              [33mfill[39m=[32m"none"[39m
              [33mheight[39m=[32m"24"[39m
              [33mstroke[39m=[32m"currentColor"[39m
              [33mstroke-linecap[39m=[32m"round"[39m
              [33mstroke-linejoin[39m=[32m"round"[39m
              [33mstroke-width[39m=[32m"2"[39m
              [33mviewBox[39m=[32m"0 0 24 24"[39m
              [33mwidth[39m=[32m"24"[39m
              [33mxmlns[39m=[32m"http://www.w3.org/2000/svg"[39m
            [36m>[39m
              [36m<path[39m
                [33md[39m=[32m"M12 22c5.523 0 10-4.477 10-10S17.523 2 12 2 2 6.477 2 12s4.477 10 10 10z"[39m
              [36m/>[39m
              [36m<path[39m
                [33md[39m=[32m"m9 12 2 2 4-4"[39m
              [36m/>[39m
            [36m</svg>[39m
            [36m<span[39m
              [33mclass[39m=[32m"text-xs text-white/60"[39m
            [36m>[39m
              [0mSuccess[0m
            [36m</span>[39m
          [36m</div>[39m
          [36m<p[39m
            [33mclass[39m=[32m"text-xl font-bold text-green-400"[39m
          [36m>[39m
            [0m1[0m
          [36m</p>[39m
        [36m</div>[39m
        [36m<div[39m
          [33mclass[39m=[32m"p-3 bg-red-500/10 border border-red-500/20 rounded-lg"[39m
        [36m>[39m
          [36m<div[39m
            [33mclass[39m=[32m"flex items-center mb-1"[39m
          [36m>[39m
            [36m<svg[39m
              [33mclass[39m=[32m"w-4 h-4 text-red-400 mr-2"[39m
              [33mfill[39m=[32m"none"[39m
              [33mheight[39m=[32m"24"[39m
              [33mstroke[39m=[32m"currentColor"[39m
              [33mstroke-linecap[39m=[32m"round"[39m
              [33mstroke-linejoin[39m=[32m"round"[39m
              [33mstroke-width[39m=[32m"2"[39m
              [33mviewBox[39m=[32m"0 0 24 24"[39m
              [33mwidth[39m=[32m"24"[39m
              [33mxmlns[39m=[32m"http://www.w3.org/2000/svg"[39m
            [36m>[39m
              [36m<circle[39m
                [33mcx[39m=[32m"12"[39m
                [33mcy[39m=[32m"12"[39m
                [33mr[39m=[32m"10"[3...
   ❯ src/modules/ticketing/__tests__/components/QContactSync.test.tsx > SyncAuditLog Component > Log Entry Display > should display sync status
     → Found multiple elements with the text: /FAILED/i

Here are the matching elements:

Ignored nodes: comments, script, style
[36m<span[39m
  [33mclass[39m=[32m"text-xs text-white/60"[39m
[36m>[39m
  [0mFailed[0m
[36m</span>[39m

Ignored nodes: comments, script, style
[36m<span[39m
  [33mclass[39m=[32m"text-sm font-semibold text-red-400"[39m
[36m>[39m
  [0mFAILED[0m
[36m</span>[39m

(If this is intentional, then use the `*AllBy*` variant of the query (like `queryAllByText`, `getAllByText`, or `findAllByText`)).

Ignored nodes: comments, script, style
[36m<body>[39m
  [36m<div>[39m
    [36m<div[39m
      [33mclass[39m=[32m"space-y-6"[39m
    [36m>[39m
      [36m<div[39m
        [33mclass[39m=[32m"flex items-center justify-between"[39m
      [36m>[39m
        [36m<div>[39m
          [36m<h3[39m
            [33mclass[39m=[32m"text-xl font-bold text-white mb-1"[39m
          [36m>[39m
            [0mSync Audit Log[0m
          [36m</h3>[39m
          [36m<p[39m
            [33mclass[39m=[32m"text-sm text-white/60"[39m
          [36m>[39m
            [0m2[0m
            [0m sync operation[0m
            [0ms[0m
            [0m | Success Rate:[0m
            [0m [0m
            [0m50[0m
            [0m%[0m
          [36m</p>[39m
        [36m</div>[39m
      [36m</div>[39m
      [36m<div[39m
        [33mclass[39m=[32m"grid grid-cols-2 md:grid-cols-4 gap-4"[39m
      [36m>[39m
        [36m<div[39m
          [33mclass[39m=[32m"p-3 bg-blue-500/10 border border-blue-500/20 rounded-lg"[39m
        [36m>[39m
          [36m<div[39m
            [33mclass[39m=[32m"flex items-center mb-1"[39m
          [36m>[39m
            [36m<svg[39m
              [33mclass[39m=[32m"w-4 h-4 text-blue-400 mr-2"[39m
              [33mfill[39m=[32m"none"[39m
              [33mheight[39m=[32m"24"[39m
              [33mstroke[39m=[32m"currentColor"[39m
              [33mstroke-linecap[39m=[32m"round"[39m
              [33mstroke-linejoin[39m=[32m"round"[39m
              [33mstroke-width[39m=[32m"2"[39m
              [33mviewBox[39m=[32m"0 0 24 24"[39m
              [33mwidth[39m=[32m"24"[39m
              [33mxmlns[39m=[32m"http://www.w3.org/2000/svg"[39m
            [36m>[39m
              [36m<path[39m
                [33md[39m=[32m"M21 15v4a2 2 0 0 1-2 2H5a2 2 0 0 1-2-2v-4"[39m
              [36m/>[39m
              [36m<polyline[39m
                [33mpoints[39m=[32m"7 10 12 15 17 10"[39m
              [36m/>[39m
              [36m<line[39m
                [33mx1[39m=[32m"12"[39m
                [33mx2[39m=[32m"12"[39m
                [33my1[39m=[32m"15"[39m
                [33my2[39m=[32m"3"[39m
              [36m/>[39m
            [36m</svg>[39m
            [36m<span[39m
              [33mclass[39m=[32m"text-xs text-white/60"[39m
            [36m>[39m
              [0mInbound[0m
            [36m</span>[39m
          [36m</div>[39m
          [36m<p[39m
            [33mclass[39m=[32m"text-xl font-bold text-blue-400"[39m
          [36m>[39m
            [0m1[0m
          [36m</p>[39m
        [36m</div>[39m
        [36m<div[39m
          [33mclass[39m=[32m"p-3 bg-purple-500/10 border border-purple-500/20 rounded-lg"[39m
        [36m>[39m
          [36m<div[39m
            [33mclass[39m=[32m"flex items-center mb-1"[39m
          [36m>[39m
            [36m<svg[39m
              [33mclass[39m=[32m"w-4 h-4 text-purple-400 mr-2"[39m
              [33mfill[39m=[32m"none"[39m
              [33mheight[39m=[32m"24"[39m
              [33mstroke[39m=[32m"currentColor"[39m
              [33mstroke-linecap[39m=[32m"round"[39m
              [33mstroke-linejoin[39m=[32m"round"[39m
              [33mstroke-width[39m=[32m"2"[39m
              [33mviewBox[39m=[32m"0 0 24 24"[39m
              [33mwidth[39m=[32m"24"[39m
              [33mxmlns[39m=[32m"http://www.w3.org/2000/svg"[39m
            [36m>[39m
              [36m<path[39m
                [33md[39m=[32m"M21 15v4a2 2 0 0 1-2 2H5a2 2 0 0 1-2-2v-4"[39m
              [36m/>[39m
              [36m<polyline[39m
                [33mpoints[39m=[32m"17 8 12 3 7 8"[39m
              [36m/>[39m
              [36m<line[39m
                [33mx1[39m=[32m"12"[39m
                [33mx2[39m=[32m"12"[39m
                [33my1[39m=[32m"3"[39m
                [33my2[39m=[32m"15"[39m
              [36m/>[39m
            [36m</svg>[39m
            [36m<span[39m
              [33mclass[39m=[32m"text-xs text-white/60"[39m
            [36m>[39m
              [0mOutbound[0m
            [36m</span>[39m
          [36m</div>[39m
          [36m<p[39m
            [33mclass[39m=[32m"text-xl font-bold text-purple-400"[39m
          [36m>[39m
            [0m1[0m
          [36m</p>[39m
        [36m</div>[39m
        [36m<div[39m
          [33mclass[39m=[32m"p-3 bg-green-500/10 border border-green-500/20 rounded-lg"[39m
        [36m>[39m
          [36m<div[39m
            [33mclass[39m=[32m"flex items-center mb-1"[39m
          [36m>[39m
            [36m<svg[39m
              [33mclass[39m=[32m"w-4 h-4 text-green-400 mr-2"[39m
              [33mfill[39m=[32m"none"[39m
              [33mheight[39m=[32m"24"[39m
              [33mstroke[39m=[32m"currentColor"[39m
              [33mstroke-linecap[39m=[32m"round"[39m
              [33mstroke-linejoin[39m=[32m"round"[39m
              [33mstroke-width[39m=[32m"2"[39m
              [33mviewBox[39m=[32m"0 0 24 24"[39m
              [33mwidth[39m=[32m"24"[39m
              [33mxmlns[39m=[32m"http://www.w3.org/2000/svg"[39m
            [36m>[39m
              [36m<path[39m
                [33md[39m=[32m"M12 22c5.523 0 10-4.477 10-10S17.523 2 12 2 2 6.477 2 12s4.477 10 10 10z"[39m
              [36m/>[39m
              [36m<path[39m
                [33md[39m=[32m"m9 12 2 2 4-4"[39m
              [36m/>[39m
            [36m</svg>[39m
            [36m<span[39m
              [33mclass[39m=[32m"text-xs text-white/60"[39m
            [36m>[39m
              [0mSuccess[0m
            [36m</span>[39m
          [36m</div>[39m
          [36m<p[39m
            [33mclass[39m=[32m"text-xl font-bold text-green-400"[39m
          [36m>[39m
            [0m1[0m
          [36m</p>[39m
        [36m</div>[39m
        [36m<div[39m
          [33mclass[39m=[32m"p-3 bg-red-500/10 border border-red-500/20 rounded-lg"[39m
        [36m>[39m
          [36m<div[39m
            [33mclass[39m=[32m"flex items-center mb-1"[39m
          [36m>[39m
            [36m<svg[39m
              [33mclass[39m=[32m"w-4 h-4 text-red-400 mr-2"[39m
              [33mfill[39m=[32m"none"[39m
              [33mheight[39m=[32m"24"[39m
              [33mstroke[39m=[32m"currentColor"[39m
              [33mstroke-linecap[39m=[32m"round"[39m
              [33mstroke-linejoin[39m=[32m"round"[39m
              [33mstroke-width[39m=[32m"2"[39m
              [33mviewBox[39m=[32m"0 0 24 24"[39m
              [33mwidth[39m=[32m"24"[39m
              [33mxmlns[39m=[32m"http://www.w3.org/2000/svg"[39m
            [36m>[39m
              [36m<circle[39m
                [33mcx[39m=[32m"12"[39m
                [33mcy[39m=[32m"12"[39m
                [33mr[39m=[32m"10"[3...
   ❯ src/modules/ticketing/__tests__/components/QContactSync.test.tsx > SyncAuditLog Component > Filtering > should call onFilterChange when filters applied
     → Found a label with the text of: /Direction/i, however no form control was found associated to that label. Make sure you're using the "for" attribute or "aria-labelledby" attribute correctly.

Ignored nodes: comments, script, style
[36m<body>[39m
  [36m<div>[39m
    [36m<div[39m
      [33mclass[39m=[32m"space-y-6"[39m
    [36m>[39m
      [36m<div[39m
        [33mclass[39m=[32m"flex items-center justify-between"[39m
      [36m>[39m
        [36m<div>[39m
          [36m<h3[39m
            [33mclass[39m=[32m"text-xl font-bold text-white mb-1"[39m
          [36m>[39m
            [0mSync Audit Log[0m
          [36m</h3>[39m
          [36m<p[39m
            [33mclass[39m=[32m"text-sm text-white/60"[39m
          [36m>[39m
            [0m5[0m
            [0m sync operation[0m
            [0ms[0m
            [0m | Success Rate:[0m
            [0m [0m
            [0m80[0m
            [0m%[0m
          [36m</p>[39m
        [36m</div>[39m
      [36m</div>[39m
      [36m<div[39m
        [33mclass[39m=[32m"grid grid-cols-2 md:grid-cols-4 gap-4"[39m
      [36m>[39m
        [36m<div[39m
          [33mclass[39m=[32m"p-3 bg-blue-500/10 border border-blue-500/20 rounded-lg"[39m
        [36m>[39m
          [36m<div[39m
            [33mclass[39m=[32m"flex items-center mb-1"[39m
          [36m>[39m
            [36m<svg[39m
              [33mclass[39m=[32m"w-4 h-4 text-blue-400 mr-2"[39m
              [33mfill[39m=[32m"none"[39m
              [33mheight[39m=[32m"24"[39m
              [33mstroke[39m=[32m"currentColor"[39m
              [33mstroke-linecap[39m=[32m"round"[39m
              [33mstroke-linejoin[39m=[32m"round"[39m
              [33mstroke-width[39m=[32m"2"[39m
              [33mviewBox[39m=[32m"0 0 24 24"[39m
              [33mwidth[39m=[32m"24"[39m
              [33mxmlns[39m=[32m"http://www.w3.org/2000/svg"[39m
            [36m>[39m
              [36m<path[39m
                [33md[39m=[32m"M21 15v4a2 2 0 0 1-2 2H5a2 2 0 0 1-2-2v-4"[39m
              [36m/>[39m
              [36m<polyline[39m
                [33mpoints[39m=[32m"7 10 12 15 17 10"[39m
              [36m/>[39m
              [36m<line[39m
                [33mx1[39m=[32m"12"[39m
                [33mx2[39m=[32m"12"[39m
                [33my1[39m=[32m"15"[39m
                [33my2[39m=[32m"3"[39m
              [36m/>[39m
            [36m</svg>[39m
            [36m<span[39m
              [33mclass[39m=[32m"text-xs text-white/60"[39m
            [36m>[39m
              [0mInbound[0m
            [36m</span>[39m
          [36m</div>[39m
          [36m<p[39m
            [33mclass[39m=[32m"text-xl font-bold text-blue-400"[39m
          [36m>[39m
            [0m3[0m
          [36m</p>[39m
        [36m</div>[39m
        [36m<div[39m
          [33mclass[39m=[32m"p-3 bg-purple-500/10 border border-purple-500/20 rounded-lg"[39m
        [36m>[39m
          [36m<div[39m
            [33mclass[39m=[32m"flex items-center mb-1"[39m
          [36m>[39m
            [36m<svg[39m
              [33mclass[39m=[32m"w-4 h-4 text-purple-400 mr-2"[39m
              [33mfill[39m=[32m"none"[39m
              [33mheight[39m=[32m"24"[39m
              [33mstroke[39m=[32m"currentColor"[39m
              [33mstroke-linecap[39m=[32m"round"[39m
              [33mstroke-linejoin[39m=[32m"round"[39m
              [33mstroke-width[39m=[32m"2"[39m
              [33mviewBox[39m=[32m"0 0 24 24"[39m
              [33mwidth[39m=[32m"24"[39m
              [33mxmlns[39m=[32m"http://www.w3.org/2000/svg"[39m
            [36m>[39m
              [36m<path[39m
                [33md[39m=[32m"M21 15v4a2 2 0 0 1-2 2H5a2 2 0 0 1-2-2v-4"[39m
              [36m/>[39m
              [36m<polyline[39m
                [33mpoints[39m=[32m"17 8 12 3 7 8"[39m
              [36m/>[39m
              [36m<line[39m
                [33mx1[39m=[32m"12"[39m
                [33mx2[39m=[32m"12"[39m
                [33my1[39m=[32m"3"[39m
                [33my2[39m=[32m"15"[39m
              [36m/>[39m
            [36m</svg>[39m
            [36m<span[39m
              [33mclass[39m=[32m"text-xs text-white/60"[39m
            [36m>[39m
              [0mOutbound[0m
            [36m</span>[39m
          [36m</div>[39m
          [36m<p[39m
            [33mclass[39m=[32m"text-xl font-bold text-purple-400"[39m
          [36m>[39m
            [0m2[0m
          [36m</p>[39m
        [36m</div>[39m
        [36m<div[39m
          [33mclass[39m=[32m"p-3 bg-green-500/10 border border-green-500/20 rounded-lg"[39m
        [36m>[39m
          [36m<div[39m
            [33mclass[39m=[32m"flex items-center mb-1"[39m
          [36m>[39m
            [36m<svg[39m
              [33mclass[39m=[32m"w-4 h-4 text-green-400 mr-2"[39m
              [33mfill[39m=[32m"none"[39m
              [33mheight[39m=[32m"24"[39m
              [33mstroke[39m=[32m"currentColor"[39m
              [33mstroke-linecap[39m=[32m"round"[39m
              [33mstroke-linejoin[39m=[32m"round"[39m
              [33mstroke-width[39m=[32m"2"[39m
              [33mviewBox[39m=[32m"0 0 24 24"[39m
              [33mwidth[39m=[32m"24"[39m
              [33mxmlns[39m=[32m"http://www.w3.org/2000/svg"[39m
            [36m>[39m
              [36m<path[39m
                [33md[39m=[32m"M12 22c5.523 0 10-4.477 10-10S17.523 2 12 2 2 6.477 2 12s4.477 10 10 10z"[39m
              [36m/>[39m
              [36m<path[39m
                [33md[39m=[32m"m9 12 2 2 4-4"[39m
              [36m/>[39m
            [36m</svg>[39m
            [36m<span[39m
              [33mclass[39m=[32m"text-xs text-white/60"[39m
            [36m>[39m
              [0mSuccess[0m
            [36m</span>[39m
          [36m</div>[39m
          [36m<p[39m
            [33mclass[39m=[32m"text-xl font-bold text-green-400"[39m
          [36m>[39m
            [0m4[0m
          [36m</p>[39m
        [36m</div>[39m
        [36m<div[39m
          [33mclass[39m=[32m"p-3 bg-red-500/10 border border-red-500/20 rounded-lg"[39m
        [36m>[39m
          [36m<div[39m
            [33mclass[39m=[32m"flex items-center mb-1"[39m
          [36m>[39m
            [36m<svg[39m
              [33mclass[39m=[32m"w-4 h-4 text-red-400 mr-2"[39m
              [33mfill[39m=[32m"none"[39m
              [33mheight[39m=[32m"24"[39m
              [33mstroke[39m=[32m"currentColor"[39m
              [33mstroke-linecap[39m=[32m"round"[39m
              [33mstroke-linejoin[39m=[32m"round"[39m
              [33mstroke-width[39m=[32m"2"[39m
              [33mviewBox[39m=[32m"0 0 24 24"[39m
              [33mwidth[39m=[32m"24"[39m
              [33mxmlns[39m=[32m"http://www.w3.org/2000/svg"[39m
            [36m>[39m
              [36m<circle[39m
                [33mcx[39m=[32m"12"[39m
                [33mcy[39m=[32m"12"[39m
                [33mr[39m=[32m"10"[3...
   ❯ src/modules/ticketing/__tests__/components/QContactSync.test.tsx > SyncAuditLog Component > Pagination > should disable previous button on first page
     → Unable to find an accessible element with the role "button" and name `/Previous/i`

Here are the accessible roles:

  heading:

  Name "Sync Audit Log":
  [36m<h3[39m
    [33mclass[39m=[32m"text-xl font-bold text-white mb-1"[39m
  [36m/>[39m

  --------------------------------------------------
  button:

  Name "INBOUND Status Update FAILED FF Ticket: ticket-1... QContact ID: qc-1 Jan 15, 2024, 12:00:00 PM":
  [36m<button[39m
    [33mclass[39m=[32m"w-full p-4 flex items-center justify-between text-left"[39m
  [36m/>[39m

  Name "OUTBOUND Status Update SUCCESS FF Ticket: ticket-2... QContact ID: qc-2 Jan 15, 2024, 01:00:00 PM":
  [36m<button[39m
    [33mclass[39m=[32m"w-full p-4 flex items-center justify-between text-left"[39m
  [36m/>[39m

  Name "INBOUND Status Update SUCCESS FF Ticket: ticket-3... QContact ID: qc-3 Jan 15, 2024, 02:00:00 PM":
  [36m<button[39m
    [33mclass[39m=[32m"w-full p-4 flex items-center justify-between text-left"[39m
  [36m/>[39m

  Name "OUTBOUND Status Update SUCCESS FF Ticket: ticket-4... QContact ID: qc-4 Jan 15, 2024, 03:00:00 PM":
  [36m<button[39m
    [33mclass[39m=[32m"w-full p-4 flex items-center justify-between text-left"[39m
  [36m/>[39m

  Name "INBOUND Status Update SUCCESS FF Ticket: ticket-5... QContact ID: qc-5 Jan 15, 2024, 04:00:00 PM":
  [36m<button[39m
    [33mclass[39m=[32m"w-full p-4 flex items-center justify-between text-left"[39m
  [36m/>[39m

  Name "OUTBOUND Status Update SUCCESS FF Ticket: ticket-6... QContact ID: qc-6 Jan 15, 2024, 05:00:00 PM":
  [36m<button[39m
    [33mclass[39m=[32m"w-full p-4 flex items-center justify-between text-left"[39m
  [36m/>[39m

  Name "INBOUND Status Update SUCCESS FF Ticket: ticket-7... QContact ID: qc-7 Jan 15, 2024, 06:00:00 PM":
  [36m<button[39m
    [33mclass[39m=[32m"w-full p-4 flex items-center justify-between text-left"[39m
  [36m/>[39m

  Name "OUTBOUND Status Update SUCCESS FF Ticket: ticket-8... QContact ID: qc-8 Jan 15, 2024, 07:00:00 PM":
  [36m<button[39m
    [33mclass[39m=[32m"w-full p-4 flex items-center justify-between text-left"[39m
  [36m/>[39m

  Name "INBOUND Status Update SUCCESS FF Ticket: ticket-9... QContact ID: qc-9 Jan 15, 2024, 08:00:00 PM":
  [36m<button[39m
    [33mclass[39m=[32m"w-full p-4 flex items-center justify-between text-left"[39m
  [36m/>[39m

  Name "OUTBOUND Status Update SUCCESS FF Ticket: ticket-1... QContact ID: qc-10 Jan 15, 2024, 09:00:00 PM":
  [36m<button[39m
    [33mclass[39m=[32m"w-full p-4 flex items-center justify-between text-left"[39m
  [36m/>[39m

  Name "INBOUND Status Update SUCCESS FF Ticket: ticket-1... QContact ID: qc-11 Jan 15, 2024, 10:00:00 PM":
  [36m<button[39m
    [33mclass[39m=[32m"w-full p-4 flex items-center justify-between text-left"[39m
  [36m/>[39m

  Name "OUTBOUND Status Update SUCCESS FF Ticket: ticket-1... QContact ID: qc-12 Jan 15, 2024, 11:00:00 PM":
  [36m<button[39m
    [33mclass[39m=[32m"w-full p-4 flex items-center justify-between text-left"[39m
  [36m/>[39m

  Name "INBOUND Status Update SUCCESS FF Ticket: ticket-1... QContact ID: qc-13 Jan 16, 2024, 12:00:00 AM":
  [36m<button[39m
    [33mclass[39m=[32m"w-full p-4 flex items-center justify-between text-left"[39m
  [36m/>[39m

  Name "OUTBOUND Status Update SUCCESS FF Ticket: ticket-1... QContact ID: qc-14 Jan 16, 2024, 01:00:00 AM":
  [36m<button[39m
    [33mclass[39m=[32m"w-full p-4 flex items-center justify-between text-left"[39m
  [36m/>[39m

  Name "INBOUND Status Update SUCCESS FF Ticket: ticket-1... QContact ID: qc-15 Jan 16, 2024, 02:00:00 AM":
  [36m<button[39m
    [33mclass[39m=[32m"w-full p-4 flex items-center justify-between text-left"[39m
  [36m/>[39m

  Name "OUTBOUND Status Update SUCCESS FF Ticket: ticket-1... QContact ID: qc-16 Invalid Date":
  [36m<button[39m
    [33mclass[39m=[32m"w-full p-4 flex items-center justify-between text-left"[39m
  [36m/>[39m

  Name "INBOUND Status Update SUCCESS FF Ticket: ticket-1... QContact ID: qc-17 Invalid Date":
  [36m<button[39m
    [33mclass[39m=[32m"w-full p-4 flex items-center justify-between text-left"[39m
  [36m/>[39m

  Name "OUTBOUND Status Update SUCCESS FF Ticket: ticket-1... QContact ID: qc-18 Invalid Date":
  [36m<button[39m
    [33mclass[39m=[32m"w-full p-4 flex items-center justify-between text-left"[39m
  [36m/>[39m

  Name "INBOUND Status Update SUCCESS FF Ticket: ticket-1... QContact ID: qc-19 Invalid Date":
  [36m<button[39m
    [33mclass[39m=[32m"w-full p-4 flex items-center justify-between text-left"[39m
  [36m/>[39m

  Name "OUTBOUND Status Update SUCCESS FF Ticket: ticket-2... QContact ID: qc-20 Invalid Date":
  [36m<button[39m
    [33mclass[39m=[32m"w-full p-4 flex items-center justify-between text-left"[39m
  [36m/>[39m

  Name "INBOUND Status Update SUCCESS FF Ticket: ticket-2... QContact ID: qc-21 Invalid Date":
  [36m<button[39m
    [33mclass[39m=[32m"w-full p-4 flex items-center justify-between text-left"[39m
  [36m/>[39m

  Name "OUTBOUND Status Update SUCCESS FF Ticket: ticket-2... QContact ID: qc-22 Invalid Date":
  [36m<button[39m
    [33mclass[39m=[32m"w-full p-4 flex items-center justify-between text-left"[39m
  [36m/>[39m

  Name "INBOUND Status Update SUCCESS FF Ticket: ticket-2... QContact ID: qc-23 Invalid Date":
  [36m<button[39m
    [33mclass[39m=[32m"w-full p-4 flex items-center justify-between text-left"[39m
  [36m/>[39m

  Name "OUTBOUND Status Update SUCCESS FF Ticket: ticket-2... QContact ID: qc-24 Invalid Date":
  [36m<button[39m
    [33mclass[39m=[32m"w-full p-4 flex items-center justify-between text-left"[39m
  [36m/>[39m

  Name "INBOUND Status Update SUCCESS FF Ticket: ticket-2... QContact ID: qc-25 Invalid Date":
  [36m<button[39m
    [33mclass[39m=[32m"w-full p-4 flex items-center justify-between text-left"[39m
  [36m/>[39m

  Name "OUTBOUND Status Update SUCCESS FF Ticket: ticket-2... QContact ID: qc-26 Invalid Date":
  [36m<button[39m
    [33mclass[39m=[32m"w-full p-4 flex items-center justify-between text-left"[39m
  [36m/>[39m

  Name "INBOUND Status Update SUCCESS FF Ticket: ticket-2... QContact ID: qc-27 Invalid Date":
  [36m<button[39m
    [33mclass[39m=[32m"w-full p-4 flex items-center justify-between text-left"[39m
  [36m/>[39m

  Name "OUTBOUND Status Update SUCCESS FF Ticket: ticket-2... QContact ID: qc-28 Invalid Date":
  [36m<button[39m
    [33mclass[39m=[32m"w-full p-4 flex items-center justify-between text-left"[39m
  [36m/>[39m

  Name "INBOUND Status Update SUCCESS FF Ticket: ticket-2... QContact ID: qc-29 Invalid Date":
  [36m<button[39m
    [33mclass[39m=[32m"w-full p-4 flex items-center justify-between text-left"[39m
  [36m/>[39m

  Name "OUTBOUND Status Update SUCCESS FF Ticket: ticket-3... QContact ID: qc-30 Invalid Date":
  [36m<button[39m
    [33mclass[39m=[32m"w-full p-4 flex items-center justify-between text-left"[39m
  [36m/>[39m

  Name "INBOUND Status Update SUCCESS FF Ticket: ticket-3... QContact ID: qc-31 Invalid Date":
  [36m<button[39m
    [33mclass[39m=[32m"w-full p-4 flex items-center justify-between text-left"[39m
  [36m/>[39m

  Name "OUTBOUND Status Update SUCCESS FF Ticket: ticket-3... QContact ID: qc-32 Invalid Date":
  [36m<button[39m
    [33mclass[39m=[32m"w-full p-4 flex items-center justify-between text-left"[39m
  [36m/>[39m

  Name "INBOUND Status Update SUCCESS FF Ticket: ticket-3... QContact ID: qc-33 Invalid Date":
  [36m<button[39m
    [33mclass[39m=[32m"w-full p-4 flex items-center justify-between text-left"[39m
  [36m/>[39m

  Name "OUTBOUND Status Update SUCCESS FF Ticket: ticket-3... QContact ID: qc-34 Invalid Date":
  [36m<button[39m
    [33mclass[39m=[32m"w-full p-4 flex items-center justify-between text-left"[39m
  [36m/>[39m

  Name "INBOUND Status Update SUCCESS FF Ticket: ticket-3... QContact ID: qc-35 Invalid Date":
  [36m<button[39m
    [33mclass[39m=[32m"w-full p-4 flex items-center justify-between text-left"[39m
  [36m/>[39m

  Name "OUTBOUND Status Update SUCCESS FF Ticket: ticket-3... QContact ID: qc-36 Invalid Date":
  [36m<button[39m
    [33mclass[39m=[32m"w-full p-4 flex items-center justify-between text-left"[39m
  [36m/>[39m

  Name "INBOUND Status Update SUCCESS FF Ticket: ticket-3... QContact ID: qc-37 Invalid Date":
  [36m<button[39m
    [33mclass[39m=[32m"w-full p-4 flex items-center justify-between text-left"[39m
  [36m/>[39m

  Name "OUTBOUND Status Update SUCCESS FF Ticket: ticket-3... QContact ID: qc-38 Invalid Date":
  [36m<button[39m
    [33mclass[39m=[32m"w-full p-4 flex items-center justify-between text-left"[39m
  [36m/>[39m

  Name "INBOUND Status Update SUCCESS FF Ticket: ticket-3... QContact ID: qc-39 Invalid Date":
  [36m<button[39m
    [33mclass[39m=[32m"w-full p-4 flex items-center justify-between text-left"[39m
  [36m/>[39m

  Name "OUTBOUND Status Update SUCCESS FF Ticket: ticket-4... QContact ID: qc-40 Invalid Date":
  [36m<button[39m
    [33mclass[39m=[32m"w-full p-4 flex items-center justify-between text-left"[39m
  [36m/>[39m

  Name "INBOUND Status Update SUCCESS FF Ticket: ticket-4... QContact ID: qc-41 Invalid Date":
  [36m<button[39m
    [33mclass[39m=[32m"w-full p-4 flex items-center justify-between text-left"[39m
  [36m/>[39m

  Name "OUTBOUND Status Update SUCCESS FF Ticket: ticket-4... QContact ID: qc-42 Invalid Date":
  [36m<button[39m
    [33mclass[39m=[32m"w-full p-4 flex items-center justify-between text-left"[39m
  [36m/>[39m

  Name "INBOUND Status Update SUCCESS FF Ticket: ticket-4... QContact ID: qc-43 Invalid Date":
  [36m<button[39m
    [33mclass[39m=[32m"w-full p-4 flex items-center justify-between text-left"[39m
  [36m/>[39m

  Name "OUTBOUND Status Update SUCCESS FF Ticket: ticket-4... QContact ID: qc-44 Invalid Date":
  [36m<button[39m
    [33mclass[39m=[32m"w-full p-4 flex items-center justify-between text-left"[39m
  [36m/>[39m

  Name "INBOUND Status Update SUCCESS FF Ticket: ticket-4... QContact ID: qc-45 Invalid Date":
  [36m<button[39m
    [33mclass[39m=[32m"w-full p-4 flex items-center justify-between text-left"[39m
  [36m/>[39m

  Name "OUTBOUND Status Update SUCCESS FF Ticket: ticket-4... QContact ID: qc-46 Invalid Date":
  [36m<button[39m
    [33mclass[39m=[32m"w-full p-4 flex items-center justify-between text-left"[39m
  [36m/>[39m

  Name "INBOUND Status Update SUCCESS FF Ticket: ticket-4... QContact ID: qc-47 Invalid Date":
  [36m<button[39m
    [33mclass[39m=[32m"w-full p-4 flex items-center justify-between text-left"[39m
  [36m/>[39m

  Name "OUTBOUND Status Update SUCCESS FF Ticket: ticket-4... QContact ID: qc-48 Invalid Date":
  [36m<button[39m
    [33mclass[39m=[32m"w-full p-4 flex items-center justify-between text-left"[39m
  [36m/>[39m

  Name "INBOUND Status Update SUCCESS FF Ticket: ticket-4... QContact ID: qc-49 Invalid Date":
  [36m<button[39m
    [33mclass[39m=[32m"w-full p-4 flex items-center justify-between text-left"[39m
  [36m/>[39m

  Name "OUTBOUND Status Update SUCCESS FF Ticket: ticket-5... QContact ID: qc-50 Invalid Date":
  [36m<button[39m
    [33mclass[39m=[32m"w-full p-4 flex items-center justify-between text-left"[39m
  [36m/>[39m

  Name "INBOUND Status Update SUCCESS FF Ticket: ticket-5... QContact ID: qc-51 Invalid Date":
  [36m<button[39m
    [33mclass[39m=[32m"w-full p-4 flex items-center justify-between text-left"[39m
  [36m/>[39m

  Name "OUTBOUND Status Update SUCCESS FF Ticket: ticket-5... QContact ID: qc-52 Invalid Date":
  [36m<button[39m
    [33mclass[39m=[32m"w-full p-4 flex items-center justify-between text-left"[39m
  [36m/>[39m

  Name "INBOUND Status Update SUCCESS FF Ticket: ticket-5... QContact ID: qc-53 Invalid Date":
  [36m<button[39m
    [33mclass[39m=[32m"w-full p-4 flex items-center justify-between text-left"[39m
  [36m/>[39m

  Name "OUTBOUND Status Update SUCCESS FF Ticket: ticket-5... QContact ID: qc-54 Invalid Date":
  [36m<button[39m
    [33mclass[39m=[32m"w-full p-4 flex items-center justify-between text-left"[39m
  [36m/>[39m

  Name "INBOUND Status Update SUCCESS FF Ticket: ticket-5... QContact ID: qc-55 Invalid Date":
  [36m<button[39m
    [33mclass[39m=[32m"w-full p-4 flex items-center justify-between text-left"[39m
  [36m/>[39m

  Name "OUTBOUND Status Update SUCCESS FF Ticket: ticket-5... QContact ID: qc-56 Invalid Date":
  [36m<button[39m
    [33mclass[39m=[32m"w-full p-4 flex items-center justify-between text-left"[39m
  [36m/>[39m

  Name "INBOUND Status Update SUCCESS FF Ticket: ticket-5... QContact ID: qc-57 Invalid Date":
  [36m<button[39m
    [33mclass[39m=[32m"w-full p-4 flex items-center justify-between text-left"[39m
  [36m/>[39m

  Name "OUTBOUND Status Update SUCCESS FF Ticket: ticket-5... QContact ID: qc-58 Invalid Date":
  [36m<button[39m
    [33mclass[39m=[32m"w-full p-4 flex items-center justify-between text-left"[39m
  [36m/>[39m

  Name "INBOUND Status Update SUCCESS FF Ticket: ticket-5... QContact ID: qc-59 Invalid Date":
  [36m<button[39m
    [33mclass[39m=[32m"w-full p-4 flex items-center justify-between text-left"[39m
  [36m/>[39m

  Name "OUTBOUND Status Update SUCCESS FF Ticket: ticket-6... QContact ID: qc-60 Invalid Date":
  [36m<button[39m
    [33mclass[39m=[32m"w-full p-4 flex items-center justify-between text-left"[39m
  [36m/>[39m

  Name "INBOUND Status Update SUCCESS FF Ticket: ticket-6... QContact ID: qc-61 Invalid Date":
  [36m<button[39m
    [33mclass[39m=[32m"w-full p-4 flex items-center justify-between text-left"[39m
  [36m/>[39m

  Name "OUTBOUND Status Update SUCCESS FF Ticket: ticket-6... QContact ID: qc-62 Invalid Date":
  [36m<button[39m
    [33mclass[39m=[32m"w-full p-4 flex items-center justify-between text-left"[39m
  [36m/>[39m

  Name "INBOUND Status Update SUCCESS FF Ticket: ticket-6... QContact ID: qc-63 Invalid Date":
  [36m<button[39m
    [33mclass[39m=[32m"w-full p-4 flex items-center justify-between text-left"[39m
  [36m/>[39m

  Name "OUTBOUND Status Update SUCCESS FF Ticket: ticket-6... QContact ID: qc-64 Invalid Date":
  [36m<button[39m
    [33mclass[39m=[32m"w-full p-4 flex items-center justify-between text-left"[39m
  [36m/>[39m

  Name "INBOUND Status Update SUCCESS FF Ticket: ticket-6... QContact ID: qc-65 Invalid Date":
  [36m<button[39m
    [33mclass[39m=[32m"w-full p-4 flex items-center justify-between text-left"[39m
  [36m/>[39m

  Name "OUTBOUND Status Update SUCCESS FF Ticket: ticket-6... QContact ID: qc-66 Invalid Date":
  [36m<button[39m
    [33mclass[39m=[32m"w-full p-4 flex items-center justify-between text-left"[39m
  [36m/>[39m

  Name "INBOUND Status Update SUCCESS FF Ticket: ticket-6... QContact ID: qc-67 Invalid Date":
  [36m<button[39m
    [33mclass[39m=[32m"w-full p-4 flex items-center justify-between text-left"[39m
  [36m/>[39m

  Name "OUTBOUND Status Update SUCCESS FF Ticket: ticket-6... QContact ID: qc-68 Invalid Date":
  [36m<button[39m
    [33mclass[39m=[32m"w-full p-4 flex items-center justify-between text-left"[39m
  [36m/>[39m

  Name "INBOUND Status Update SUCCESS FF Ticket: ticket-6... QContact ID: qc-69 Invalid Date":
  [36m<button[39m
    [33mclass[39m=[32m"w-full p-4 flex items-center justify-between text-left"[39m
  [36m/>[39m

  Name "OUTBOUND Status Update SUCCESS FF Ticket: ticket-7... QContact ID: qc-70 Invalid Date":
  [36m<button[39m
    [33mclass[39m=[32m"w-full p-4 flex items-center justify-between text-left"[39m
  [36m/>[39m

  Name "INBOUND Status Update SUCCESS FF Ticket: ticket-7... QContact ID: qc-71 Invalid Date":
  [36m<button[39m
    [33mclass[39m=[32m"w-full p-4 flex items-center justify-between text-left"[39m
  [36m/>[39m

  Name "OUTBOUND Status Update SUCCESS FF Ticket: ticket-7... QContact ID: qc-72 Invalid Date":
  [36m<button[39m
    [33mclass[39m=[32m"w-full p-4 flex items-center justify-between text-left"[39m
  [36m/>[39m

  Name "INBOUND Status Update SUCCESS FF Ticket: ticket-7... QContact ID: qc-73 Invalid Date":
  [36m<button[39m
    [33mclass[39m=[32m"w-full p-4 flex items-center justify-between text-left"[39m
  [36m/>[39m

  Name "OUTBOUND Status Update SUCCESS FF Ticket: ticket-7... QContact ID: qc-74 Invalid Date":
  [36m<button[39m
    [33mclass[39m=[32m"w-full p-4 flex items-center justify-between text-left"[39m
  [36m/>[39m

  Name "INBOUND Status Update SUCCESS FF Ticket: ticket-7... QContact ID: qc-75 Invalid Date":
  [36m<button[39m
    [33mclass[39m=[32m"w-full p-4 flex items-center justify-between text-left"[39m
  [36m/>[39m

  Name "OUTBOUND Status Update SUCCESS FF Ticket: ticket-7... QContact ID: qc-76 Invalid Date":
  [36m<button[39m
    [33mclass[39m=[32m"w-full p-4 flex items-center justify-between text-left"[39m
  [36m/>[39m

  Name "INBOUND Status Update SUCCESS FF Ticket: ticket-7... QContact ID: qc-77 Invalid Date":
  [36m<button[39m
    [33mclass[39m=[32m"w-full p-4 flex items-center justify-between text-left"[39m
  [36m/>[39m

  Name "OUTBOUND Status Update SUCCESS FF Ticket: ticket-7... QContact ID: qc-78 Invalid Date":
  [36m<button[39m
    [33mclass[39m=[32m"w-full p-4 flex items-center justify-between text-left"[39m
  [36m/>[39m

  Name "INBOUND Status Update SUCCESS FF Ticket: ticket-7... QContact ID: qc-79 Invalid Date":
  [36m<button[39m
    [33mclass[39m=[32m"w-full p-4 flex items-center justify-between text-left"[39m
  [36m/>[39m

  Name "OUTBOUND Status Update SUCCESS FF Ticket: ticket-8... QContact ID: qc-80 Invalid Date":
  [36m<button[39m
    [33mclass[39m=[32m"w-full p-4 flex items-center justify-between text-left"[39m
  [36m/>[39m

  Name "INBOUND Status Update SUCCESS FF Ticket: ticket-8... QContact ID: qc-81 Invalid Date":
  [36m<button[39m
    [33mclass[39m=[32m"w-full p-4 flex items-center justify-between text-left"[39m
  [36m/>[39m

  Name "OUTBOUND Status Update SUCCESS FF Ticket: ticket-8... QContact ID: qc-82 Invalid Date":
  [36m<button[39m
    [33mclass[39m=[32m"w-full p-4 flex items-center justify-between text-left"[39m
  [36m/>[39m

  Name "INBOUND Status Update SUCCESS FF Ticket: ticket-8... QContact ID: qc-83 Invalid Date":
  [36m<button[39m
    [33mclass[39m=[32m"w-full p-4 flex items-center justify-between text-left"[39m
  [36m/>[39m

  Name "OUTBOUND Status Update SUCCESS FF Ticket: ticket-8... QContact ID: qc-84 Invalid Date":
  [36m<button[39m
    [33mclass[39m=[32m"w-full p-4 flex items-center justify-between text-left"[39m
  [36m/>[39m

  Name "INBOUND Status Update SUCCESS FF Ticket: ticket-8... QContact ID: qc-85 Invalid Date":
  [36m<button[39m
    [33mclass[39m=[32m"w-full p-4 flex items-center justify-between text-left"[39m
  [36m/>[39m

  Name "OUTBOUND Status Update SUCCESS FF Ticket: ticket-8... QContact ID: qc-86 Invalid Date":
  [36m<button[39m
    [33mclass[39m=[32m"w-full p-4 flex items-center justify-between text-left"[39m
  [36m/>[39m

  Name "INBOUND Status Update SUCCESS FF Ticket: ticket-8... QContact ID: qc-87 Invalid Date":
  [36m<button[39m
    [33mclass[39m=[32m"w-full p-4 flex items-center justify-between text-left"[39m
  [36m/>[39m

  Name "OUTBOUND Status Update SUCCESS FF Ticket: ticket-8... QContact ID: qc-88 Invalid Date":
  [36m<button[39m
    [33mclass[39m=[32m"w-full p-4 flex items-center justify-between text-left"[39m
  [36m/>[39m

  Name "INBOUND Status Update SUCCESS FF Ticket: ticket-8... QContact ID: qc-89 Invalid Date":
  [36m<button[39m
    [33mclass[39m=[32m"w-full p-4 flex items-center justify-between text-left"[39m
  [36m/>[39m

  Name "OUTBOUND Status Update SUCCESS FF Ticket: ticket-9... QContact ID: qc-90 Invalid Date":
  [36m<button[39m
    [33mclass[39m=[32m"w-full p-4 flex items-center justify-between text-left"[39m
  [36m/>[39m

  Name "INBOUND Status Update SUCCESS FF Ticket: ticket-9... QContact ID: qc-91 Invalid Date":
  [36m<button[39m
    [33mclass[39m=[32m"w-full p-4 flex items-center justify-between text-left"[39m
  [36m/>[39m

  Name "OUTBOUND Status Update SUCCESS FF Ticket: ticket-9... QContact ID: qc-92 Invalid Date":
  [36m<button[39m
    [33mclass[39m=[32m"w-full p-4 flex items-center justify-between text-left"[39m
  [36m/>[39m

  Name "INBOUND Status Update SUCCESS FF Ticket: ticket-9... QContact ID: qc-93 Invalid Date":
  [36m<button[39m
    [33mclass[39m=[32m"w-full p-4 flex items-center justify-between text-left"[39m
  [36m/>[39m

  Name "OUTBOUND Status Update SUCCESS FF Ticket: ticket-9... QContact ID: qc-94 Invalid Date":
  [36m<button[39m
    [33mclass[39m=[32m"w-full p-4 flex items-center justify-between text-left"[39m
  [36m/>[39m

  Name "INBOUND Status Update SUCCESS FF Ticket: ticket-9... QContact ID: qc-95 Invalid Date":
  [36m<button[39m
    [33mclass[39m=[32m"w-full p-4 flex items-center justify-between text-left"[39m
  [36m/>[39m

  Name "OUTBOUND Status Update SUCCESS FF Ticket: ticket-9... QContact ID: qc-96 Invalid Date":
  [36m<button[39m
    [33mclass[39m=[32m"w-full p-4 flex items-center justify-between text-left"[39m
  [36m/>[39m

  Name "INBOUND Status Update SUCCESS FF Ticket: ticket-9... QContact ID: qc-97 Invalid Date":
  [36m<button[39m
    [33mclass[39m=[32m"w-full p-4 flex items-center justify-between text-left"[39m
  [36m/>[39m

  Name "OUTBOUND Status Update SUCCESS FF Ticket: ticket-9... QContact ID: qc-98 Invalid Date":
  [36m<button[39m
    [33mclass[39m=[32m"w-full p-4 flex items-center justify-between text-left"[39m
  [36m/>[39m

  Name "INBOUND Status Update SUCCESS FF Ticket: ticket-9... QContact ID: qc-99 Invalid Date":
  [36m<button[39m
    [33mclass[39m=[32m"w-full p-4 flex items-center justify-between text-left"[39m
  [36m/>[39m

  Name "OUTBOUND Status Update SUCCESS FF Ticket: ticket-1... QContact ID: qc-100 Invalid Date":
  [36m<button[39m
    [33mclass[39m=[32m"w-full p-4 flex items-center justify-between text-left"[39m
  [36m/>[39m

  --------------------------------------------------

Ignored nodes: comments, script, style
[36m<body>[39m
  [36m<div>[39m
    [36m<div[39m
      [33mclass[39m=[32m"space-y-6"[39m
    [36m>[39m
      [36m<div[39m
        [33mclass[39m=[32m"flex items-center justify-between"[39m
      [36m>[39m
        [36m<div>[39m
          [36m<h3[39m
            [33mclass[39m=[32m"text-xl font-bold text-white mb-1"[39m
          [36m>[39m
            [0mSync Audit Log[0m
          [36m</h3>[39m
          [36m<p[39m
            [33mclass[39m=[32m"text-sm text-white/60"[39m
          [36m>[39m
            [0m100[0m
            [0m sync operation[0m
            [0ms[0m
            [0m | Success Rate:[0m
            [0m [0m
            [0m99[0m
            [0m%[0m
          [36m</p>[39m
        [36m</div>[39m
      [36m</div>[39m
      [36m<div[39m
        [33mclass[39m=[32m"grid grid-cols-2 md:grid-cols-4 gap-4"[39m
      [36m>[39m
        [36m<div[39m
          [33mclass[39m=[32m"p-3 bg-blue-500/10 border border-blue-500/20 rounded-lg"[39m
        [36m>[39m
          [36m<div[39m
            [33mclass[39m=[32m"flex items-center mb-1"[39m
          [36m>[39m
            [36m<svg[39m
              [33mclass[39m=[32m"w-4 h-4 text-blue-400 mr-2"[39m
              [33mfill[39m=[32m"none"[39m
              [33mheight[39m=[32m"24"[39m
              [33mstroke[39m=[32m"currentColor"[39m
              [33mstroke-linecap[39m=[32m"round"[39m
              [33mstroke-linejoin[39m=[32m"round"[39m
              [33mstroke-width[39m=[32m"2"[39m
              [33mviewBox[39m=[32m"0 0 24 24"[39m
              [33mwidth[39m=[32m"24"[39m
              [33mxmlns[39m=[32m"http://www.w3.org/2000/svg"[39m
            [36m>[39m
              [36m<path[39m
                [33md[39m=[32m"M21 15v4a2 2 0 0 1-2 2H5a2 2 0 0 1-2-2v-4"[39m
              [36m/>[39m
              [36m<polyline[39m
                [33mpoints[39m=[32m"7 10 12 15 17 10"[39m
              [36m/>[39m
              [36m<line[39m
                [33mx1[39m=[32m"12"[39m
                [33mx2[39m=[32m"12"[39m
                [33my1[39m=[32m"15"[39m
                [33my2[39m=[32m"3"[39m
              [36m/>[39m
            [36m</svg>[39m
            [36m<span[39m
              [33mclass[39m=[32m"text-xs text-white/60"[39m
            [36m>[39m
              [0mInbound[0m
            [36m</span>[39m
          [36m</div>[39m
          [36m<p[39m
            [33mclass[39m=[32m"text-xl font-bold text-blue-400"[39m
          [36m>[39m
            [0m50[0m
          [36m</p>[39m
        [36m</div>[39m
        [36m<div[39m
          [33mclass[39m=[32m"p-3 bg-purple-500/10 border border-purple-500/20 rounded-lg"[39m
        [36m>[39m
          [36m<div[39m
            [33mclass[39m=[32m"flex items-center mb-1"[39m
          [36m>[39m
            [36m<svg[39m
              [33mclass[39m=[32m"w-4 h-4 text-purple-400 mr-2"[39m
              [33mfill[39m=[32m"none"[39m
              [33mheight[39m=[32m"24"[39m
              [33mstroke[39m=[32m"currentColor"[39m
              [33mstroke-linecap[39m=[32m"round"[39m
              [33mstroke-linejoin[39m=[32m"round"[39m
              [33mstroke-width[39m=[32m"2"[39m
              [33mviewBox[39m=[32m"0 0 24 24"[39m
              [33mwidth[39m=[32m"24"[39m
              [33mxmlns[39m=[32m"http://www.w3.org/2000/svg"[39m
            [36m>[39m
              [36m<path[39m
                [33md[39m=[32m"M21 15v4a2 2 0 0 1-2 2H5a2 2 0 0 1-2-2v-4"[39m
              [36m/>[39m
              [36m<polyline[39m
                [33mpoints[39m=[32m"17 8 12 3 7 8"[39m
              [36m/>[39m
              [36m<line[39m
                [33mx1[39m=[32m"12"[39m
                [33mx2[39m=[32m"12"[39m
                [33my1[39m=[32m"3"[39m
                [33my2[39m=[32m"15"[39m
              [36m/>[39m
            [36m</svg>[39m
            [36m<span[39m
              [33mclass[39m=[32m"text-xs text-white/60"[39m
            [36m>[39m
              [0mOutbound[0m
            [36m</span>[39m
          [36m</div>[39m
          [36m<p[39m
            [33mclass[39m=[32m"text-xl font-bold text-purple-400"[39m
          [36m>[39m
            [0m50[0m
          [36m</p>[39m
        [36m</div>[39m
        [36m<div[39m
          [33mclass[39m=[32m"p-3 bg-green-500/10 border border-green-500/20 rounded-lg"[39m
        [36m>[39m
          [36m<div[39m
            [33mclass[39m=[32m"flex items-center mb-1"[39m
          [36m>[39m
            [36m<svg[39m
              [33mclass[39m=[32m"w-4 h-4 text-green-400 mr-2"[39m
              [33mfill[39m=[32m"none"[39m
              [33mheight[39m=[32m"24"[39m
              [33mstroke[39m=[32m"currentColor"[39m
              [33mstroke-linecap[39m=[32m"round"[39m
              [33mstroke-linejoin[39m=[32m"round"[39m
              [33mstroke-width[39m=[32m"2"[39m
              [33mviewBox[39m=[32m"0 0 24 24"[39m
              [33mwidth[39m=[32m"24"[39m
              [33mxmlns[39m=[32m"http://www.w3.org/2000/svg"[39m
            [36m>[39m
              [36m<path[39m
                [33md[39m=[32m"M12 22c5.523 0 10-4.477 10-10S17.523 2 12 2 2 6.477 2 12s4.477 10 10 10z"[39m
              [36m/>[39m
              [36m<path[39m
                [33md[39m=[32m"m9 12 2 2 4-4"[39m
              [36m/>[39m
            [36m</svg>[39m
            [36m<span[39m
              [33mclass[39m=[32m"text-xs text-white/60"[39m
            [36m>[39m
              [0mSuccess[0m
            [36m</span>[39m
          [36m</div>[39m
          [36m<p[39m
            [33mclass[39m=[32m"text-xl font-bold text-green-400"[39m
          [36m>[39m
            [0m99[0m
          [36m</p>[39m
        [36m</div>[39m
        [36m<div[39m
          [33mclass[39m=[32m"p-3 bg-red-500/10 border border-red-500/20 rounded-lg"[39m
        [36m>[39m
          [36m<div[39m
            [33mclass[39m=[32m"flex items-center mb-1"[39m
          [36m>[39m
            [36m<svg[39m
              [33mclass[39m=[32m"w-4 h-4 text-red-400 mr-2"[39m
              [33mfill[39m=[32m"none"[39m
              [33mheight[39m=[32m"24"[39m
              [33mstroke[39m=[32m"currentColor"[39m
              [33mstroke-linecap[39m=[32m"round"[39m
              [33mstroke-linejoin[39m=[32m"round"[39m
              [33mstroke-width[39m=[32m"2"[39m
              [33mviewBox[39m=[32m"0 0 24 24"[39m
              [33mwidth[39m=[32m"24"[39m
              [33mxmlns[39m=[32m"http://www.w3.org/2000/svg"[39m
            [36m>[39m
              [36m<circle[39m
                [33mcx[39m=[32m"12"[39m
                [33mcy[39m=[32m"12"[39m
                [33mr[39m=[32m"1...
 ✓ src/modules/ticketing/__tests__/services/escalationService.test.ts  (31 tests) 14ms
 ✓ src/modules/ticketing/__tests__/services/dashboardService.test.ts  (21 tests) 13ms
 ✓ src/modules/ticketing/__tests__/api/escalations.test.ts  (23 tests) 7ms
 ✓ src/modules/ticketing/__tests__/api/whatsapp.test.ts  (16 tests) 13ms
 ✓ src/modules/ticketing/__tests__/services/attachmentService.test.ts  (32 tests) 21ms
 ✓ src/modules/ticketing/__tests__/services/verificationService.test.ts  (41 tests) 12ms
 ✓ src/modules/ticketing/__tests__/services/guaranteeService.test.ts  (18 tests) 7ms
 ✓ src/modules/ticketing/__tests__/services/qcontactSyncOutbound.test.ts  (28 tests) 19ms
 ✓ src/modules/ticketing/__tests__/utils/faultPatternDetector.test.ts  (27 tests) 12ms
 ✓ src/modules/ticketing/__tests__/services/drLookupService.test.ts  (16 tests) 7ms
 ✓ src/modules/ticketing/__tests__/jobs/qcontactSync.test.ts  (12 tests) 7ms
 ✓ src/modules/ticketing/__tests__/utils/snapshotGenerator.test.ts  (26 tests) 9ms
 ✓ src/modules/ticketing/__tests__/services/qcontactSyncOrchestrator.test.ts  (17 tests) 8ms
 ✓ src/modules/ticketing/__tests__/services/qcontactSyncInbound.test.ts  (12 tests) 7ms
 ✓ src/modules/ticketing/__tests__/utils/guaranteeCalculator.test.ts  (36 tests) 7ms
 ✓ src/utils/__tests__/dateHelpers.toDate.test.ts  (9 tests) 5ms
 ✓ src/modules/ticketing/__tests__/utils/slaCalculator.test.ts  (19 tests) 8ms
 ✓ src/modules/ticketing/__tests__/api/weekly-import.test.ts  (20 tests) 4ms
 ❯ src/modules/ticketing/__tests__/api/attachments.test.ts  (13 tests | 4 failed) 40035ms
   ❯ src/modules/ticketing/__tests__/api/attachments.test.ts > POST /api/ticketing/tickets/[id]/attachments > should upload attachment successfully
     → Test timed out in 10000ms.
If this is a long-running test, pass a timeout value as the last argument or configure it globally with "testTimeout".
   ❯ src/modules/ticketing/__tests__/api/attachments.test.ts > POST /api/ticketing/tickets/[id]/attachments > should upload attachment as evidence for verification step
     → Test timed out in 10000ms.
If this is a long-running test, pass a timeout value as the last argument or configure it globally with "testTimeout".
   ❯ src/modules/ticketing/__tests__/api/attachments.test.ts > POST /api/ticketing/tickets/[id]/attachments > should return 422 if uploaded_by is missing
     → Test timed out in 10000ms.
If this is a long-running test, pass a timeout value as the last argument or configure it globally with "testTimeout".
   ❯ src/modules/ticketing/__tests__/api/attachments.test.ts > POST /api/ticketing/tickets/[id]/attachments > should return 500 on upload service failure
     → Test timed out in 10000ms.
If this is a long-running test, pass a timeout value as the last argument or configure it globally with "testTimeout".

⎯⎯⎯⎯⎯⎯ Failed Suites 20 ⎯⎯⎯⎯⎯⎯

 FAIL  src/App.test.tsx [ src/App.test.tsx ]
Error: No test suite found in file /home/hein/Workspace/FF_Next.js/.worktrees/001-ticketing-phase1-core/src/App.test.tsx
⎯⎯⎯⎯⎯⎯⎯⎯⎯⎯⎯⎯⎯⎯⎯⎯⎯⎯⎯⎯⎯⎯⎯[1/79]⎯

 FAIL  src/components/contractor/ContractorImport.test.tsx [ src/components/contractor/ContractorImport.test.tsx ]
Error: Failed to resolve import "@/services/contractor/import/contractorImportService" from "src/components/contractor/ContractorImport.test.tsx". Does the file exist?
 ❯ TransformPluginContext._formatError node_modules/vite/dist/node/chunks/dep-D_zLpgQd.js:49258:41
 ❯ TransformPluginContext.error node_modules/vite/dist/node/chunks/dep-D_zLpgQd.js:49253:16
 ❯ normalizeUrl node_modules/vite/dist/node/chunks/dep-D_zLpgQd.js:64306:23
 ❯ async file:/home/hein/Workspace/FF_Next.js/.worktrees/001-ticketing-phase1-core/node_modules/vite/dist/node/chunks/dep-D_zLpgQd.js:64438:39
 ❯ TransformPluginContext.transform node_modules/vite/dist/node/chunks/dep-D_zLpgQd.js:64365:7
 ❯ PluginContainer.transform node_modules/vite/dist/node/chunks/dep-D_zLpgQd.js:49099:18
 ❯ loadAndTransform node_modules/vite/dist/node/chunks/dep-D_zLpgQd.js:51977:27

⎯⎯⎯⎯⎯⎯⎯⎯⎯⎯⎯⎯⎯⎯⎯⎯⎯⎯⎯⎯⎯⎯⎯[2/79]⎯

 FAIL  tests/api/contractors/contractorId-index.test.ts [ tests/api/contractors/contractorId-index.test.ts ]
Error: Failed to resolve import "./index" from "tests/api/contractors/contractorId-index.test.ts". Does the file exist?
 ❯ TransformPluginContext._formatError node_modules/vite/dist/node/chunks/dep-D_zLpgQd.js:49258:41
 ❯ TransformPluginContext.error node_modules/vite/dist/node/chunks/dep-D_zLpgQd.js:49253:16
 ❯ normalizeUrl node_modules/vite/dist/node/chunks/dep-D_zLpgQd.js:64306:23
 ❯ async file:/home/hein/Workspace/FF_Next.js/.worktrees/001-ticketing-phase1-core/node_modules/vite/dist/node/chunks/dep-D_zLpgQd.js:64438:39
 ❯ TransformPluginContext.transform node_modules/vite/dist/node/chunks/dep-D_zLpgQd.js:64365:7
 ❯ PluginContainer.transform node_modules/vite/dist/node/chunks/dep-D_zLpgQd.js:49099:18
 ❯ loadAndTransform node_modules/vite/dist/node/chunks/dep-D_zLpgQd.js:51977:27

⎯⎯⎯⎯⎯⎯⎯⎯⎯⎯⎯⎯⎯⎯⎯⎯⎯⎯⎯⎯⎯⎯⎯[3/79]⎯

 FAIL  tests/api/contractors/docId.test.ts [ tests/api/contractors/docId.test.ts ]
Error: Failed to resolve import "./[docId]" from "tests/api/contractors/docId.test.ts". Does the file exist?
 ❯ TransformPluginContext._formatError node_modules/vite/dist/node/chunks/dep-D_zLpgQd.js:49258:41
 ❯ TransformPluginContext.error node_modules/vite/dist/node/chunks/dep-D_zLpgQd.js:49253:16
 ❯ normalizeUrl node_modules/vite/dist/node/chunks/dep-D_zLpgQd.js:64306:23
 ❯ async file:/home/hein/Workspace/FF_Next.js/.worktrees/001-ticketing-phase1-core/node_modules/vite/dist/node/chunks/dep-D_zLpgQd.js:64438:39
 ❯ TransformPluginContext.transform node_modules/vite/dist/node/chunks/dep-D_zLpgQd.js:64365:7
 ❯ PluginContainer.transform node_modules/vite/dist/node/chunks/dep-D_zLpgQd.js:49099:18
 ❯ loadAndTransform node_modules/vite/dist/node/chunks/dep-D_zLpgQd.js:51977:27

⎯⎯⎯⎯⎯⎯⎯⎯⎯⎯⎯⎯⎯⎯⎯⎯⎯⎯⎯⎯⎯⎯⎯[4/79]⎯

 FAIL  tests/api/contractors/documents.test.ts [ tests/api/contractors/documents.test.ts ]
Error: Failed to resolve import "./documents" from "tests/api/contractors/documents.test.ts". Does the file exist?
 ❯ TransformPluginContext._formatError node_modules/vite/dist/node/chunks/dep-D_zLpgQd.js:49258:41
 ❯ TransformPluginContext.error node_modules/vite/dist/node/chunks/dep-D_zLpgQd.js:49253:16
 ❯ normalizeUrl node_modules/vite/dist/node/chunks/dep-D_zLpgQd.js:64306:23
 ❯ async file:/home/hein/Workspace/FF_Next.js/.worktrees/001-ticketing-phase1-core/node_modules/vite/dist/node/chunks/dep-D_zLpgQd.js:64438:39
 ❯ TransformPluginContext.transform node_modules/vite/dist/node/chunks/dep-D_zLpgQd.js:64365:7
 ❯ PluginContainer.transform node_modules/vite/dist/node/chunks/dep-D_zLpgQd.js:49099:18
 ❯ loadAndTransform node_modules/vite/dist/node/chunks/dep-D_zLpgQd.js:51977:27

⎯⎯⎯⎯⎯⎯⎯⎯⎯⎯⎯⎯⎯⎯⎯⎯⎯⎯⎯⎯⎯⎯⎯[5/79]⎯

 FAIL  tests/api/contractors/index.test.ts [ tests/api/contractors/index.test.ts ]
Error: Failed to resolve import "./index" from "tests/api/contractors/index.test.ts". Does the file exist?
 ❯ TransformPluginContext._formatError node_modules/vite/dist/node/chunks/dep-D_zLpgQd.js:49258:41
 ❯ TransformPluginContext.error node_modules/vite/dist/node/chunks/dep-D_zLpgQd.js:49253:16
 ❯ normalizeUrl node_modules/vite/dist/node/chunks/dep-D_zLpgQd.js:64306:23
 ❯ async file:/home/hein/Workspace/FF_Next.js/.worktrees/001-ticketing-phase1-core/node_modules/vite/dist/node/chunks/dep-D_zLpgQd.js:64438:39
 ❯ TransformPluginContext.transform node_modules/vite/dist/node/chunks/dep-D_zLpgQd.js:64365:7
 ❯ PluginContainer.transform node_modules/vite/dist/node/chunks/dep-D_zLpgQd.js:49099:18
 ❯ loadAndTransform node_modules/vite/dist/node/chunks/dep-D_zLpgQd.js:51977:27

⎯⎯⎯⎯⎯⎯⎯⎯⎯⎯⎯⎯⎯⎯⎯⎯⎯⎯⎯⎯⎯⎯⎯[6/79]⎯

 FAIL  tests/api/contractors/onboarding-complete.test.ts [ tests/api/contractors/onboarding-complete.test.ts ]
Error: Failed to resolve import "./complete" from "tests/api/contractors/onboarding-complete.test.ts". Does the file exist?
 ❯ TransformPluginContext._formatError node_modules/vite/dist/node/chunks/dep-D_zLpgQd.js:49258:41
 ❯ TransformPluginContext.error node_modules/vite/dist/node/chunks/dep-D_zLpgQd.js:49253:16
 ❯ normalizeUrl node_modules/vite/dist/node/chunks/dep-D_zLpgQd.js:64306:23
 ❯ async file:/home/hein/Workspace/FF_Next.js/.worktrees/001-ticketing-phase1-core/node_modules/vite/dist/node/chunks/dep-D_zLpgQd.js:64438:39
 ❯ TransformPluginContext.transform node_modules/vite/dist/node/chunks/dep-D_zLpgQd.js:64365:7
 ❯ PluginContainer.transform node_modules/vite/dist/node/chunks/dep-D_zLpgQd.js:49099:18
 ❯ loadAndTransform node_modules/vite/dist/node/chunks/dep-D_zLpgQd.js:51977:27

⎯⎯⎯⎯⎯⎯⎯⎯⎯⎯⎯⎯⎯⎯⎯⎯⎯⎯⎯⎯⎯⎯⎯[7/79]⎯

 FAIL  tests/api/contractors/onboarding-stageId.test.ts [ tests/api/contractors/onboarding-stageId.test.ts ]
Error: Failed to resolve import "./[stageId]" from "tests/api/contractors/onboarding-stageId.test.ts". Does the file exist?
 ❯ TransformPluginContext._formatError node_modules/vite/dist/node/chunks/dep-D_zLpgQd.js:49258:41
 ❯ TransformPluginContext.error node_modules/vite/dist/node/chunks/dep-D_zLpgQd.js:49253:16
 ❯ normalizeUrl node_modules/vite/dist/node/chunks/dep-D_zLpgQd.js:64306:23
 ❯ async file:/home/hein/Workspace/FF_Next.js/.worktrees/001-ticketing-phase1-core/node_modules/vite/dist/node/chunks/dep-D_zLpgQd.js:64438:39
 ❯ TransformPluginContext.transform node_modules/vite/dist/node/chunks/dep-D_zLpgQd.js:64365:7
 ❯ PluginContainer.transform node_modules/vite/dist/node/chunks/dep-D_zLpgQd.js:49099:18
 ❯ loadAndTransform node_modules/vite/dist/node/chunks/dep-D_zLpgQd.js:51977:27

⎯⎯⎯⎯⎯⎯⎯⎯⎯⎯⎯⎯⎯⎯⎯⎯⎯⎯⎯⎯⎯⎯⎯[8/79]⎯

 FAIL  tests/api/contractors/onboarding-stages.test.ts [ tests/api/contractors/onboarding-stages.test.ts ]
Error: Failed to resolve import "./stages" from "tests/api/contractors/onboarding-stages.test.ts". Does the file exist?
 ❯ TransformPluginContext._formatError node_modules/vite/dist/node/chunks/dep-D_zLpgQd.js:49258:41
 ❯ TransformPluginContext.error node_modules/vite/dist/node/chunks/dep-D_zLpgQd.js:49253:16
 ❯ normalizeUrl node_modules/vite/dist/node/chunks/dep-D_zLpgQd.js:64306:23
 ❯ async file:/home/hein/Workspace/FF_Next.js/.worktrees/001-ticketing-phase1-core/node_modules/vite/dist/node/chunks/dep-D_zLpgQd.js:64438:39
 ❯ TransformPluginContext.transform node_modules/vite/dist/node/chunks/dep-D_zLpgQd.js:64365:7
 ❯ PluginContainer.transform node_modules/vite/dist/node/chunks/dep-D_zLpgQd.js:49099:18
 ❯ loadAndTransform node_modules/vite/dist/node/chunks/dep-D_zLpgQd.js:51977:27

⎯⎯⎯⎯⎯⎯⎯⎯⎯⎯⎯⎯⎯⎯⎯⎯⎯⎯⎯⎯⎯⎯⎯[9/79]⎯

 FAIL  tests/api/contractors/rag-history.test.ts [ tests/api/contractors/rag-history.test.ts ]
Error: Failed to resolve import "./history" from "tests/api/contractors/rag-history.test.ts". Does the file exist?
 ❯ TransformPluginContext._formatError node_modules/vite/dist/node/chunks/dep-D_zLpgQd.js:49258:41
 ❯ TransformPluginContext.error node_modules/vite/dist/node/chunks/dep-D_zLpgQd.js:49253:16
 ❯ normalizeUrl node_modules/vite/dist/node/chunks/dep-D_zLpgQd.js:64306:23
 ❯ async file:/home/hein/Workspace/FF_Next.js/.worktrees/001-ticketing-phase1-core/node_modules/vite/dist/node/chunks/dep-D_zLpgQd.js:64438:39
 ❯ TransformPluginContext.transform node_modules/vite/dist/node/chunks/dep-D_zLpgQd.js:64365:7
 ❯ PluginContainer.transform node_modules/vite/dist/node/chunks/dep-D_zLpgQd.js:49099:18
 ❯ loadAndTransform node_modules/vite/dist/node/chunks/dep-D_zLpgQd.js:51977:27

⎯⎯⎯⎯⎯⎯⎯⎯⎯⎯⎯⎯⎯⎯⎯⎯⎯⎯⎯⎯⎯⎯[10/79]⎯

 FAIL  tests/api/contractors/rag.test.ts [ tests/api/contractors/rag.test.ts ]
Error: Failed to resolve import "./rag" from "tests/api/contractors/rag.test.ts". Does the file exist?
 ❯ TransformPluginContext._formatError node_modules/vite/dist/node/chunks/dep-D_zLpgQd.js:49258:41
 ❯ TransformPluginContext.error node_modules/vite/dist/node/chunks/dep-D_zLpgQd.js:49253:16
 ❯ normalizeUrl node_modules/vite/dist/node/chunks/dep-D_zLpgQd.js:64306:23
 ❯ async file:/home/hein/Workspace/FF_Next.js/.worktrees/001-ticketing-phase1-core/node_modules/vite/dist/node/chunks/dep-D_zLpgQd.js:64438:39
 ❯ TransformPluginContext.transform node_modules/vite/dist/node/chunks/dep-D_zLpgQd.js:64365:7
 ❯ PluginContainer.transform node_modules/vite/dist/node/chunks/dep-D_zLpgQd.js:49099:18
 ❯ loadAndTransform node_modules/vite/dist/node/chunks/dep-D_zLpgQd.js:51977:27

⎯⎯⎯⎯⎯⎯⎯⎯⎯⎯⎯⎯⎯⎯⎯⎯⎯⎯⎯⎯⎯⎯[11/79]⎯

 FAIL  tests/api/contractors/teamId.test.ts [ tests/api/contractors/teamId.test.ts ]
Error: Failed to resolve import "./[teamId]" from "tests/api/contractors/teamId.test.ts". Does the file exist?
 ❯ TransformPluginContext._formatError node_modules/vite/dist/node/chunks/dep-D_zLpgQd.js:49258:41
 ❯ TransformPluginContext.error node_modules/vite/dist/node/chunks/dep-D_zLpgQd.js:49253:16
 ❯ normalizeUrl node_modules/vite/dist/node/chunks/dep-D_zLpgQd.js:64306:23
 ❯ async file:/home/hein/Workspace/FF_Next.js/.worktrees/001-ticketing-phase1-core/node_modules/vite/dist/node/chunks/dep-D_zLpgQd.js:64438:39
 ❯ TransformPluginContext.transform node_modules/vite/dist/node/chunks/dep-D_zLpgQd.js:64365:7
 ❯ PluginContainer.transform node_modules/vite/dist/node/chunks/dep-D_zLpgQd.js:49099:18
 ❯ loadAndTransform node_modules/vite/dist/node/chunks/dep-D_zLpgQd.js:51977:27

⎯⎯⎯⎯⎯⎯⎯⎯⎯⎯⎯⎯⎯⎯⎯⎯⎯⎯⎯⎯⎯⎯[12/79]⎯

 FAIL  tests/api/contractors/teams.test.ts [ tests/api/contractors/teams.test.ts ]
Error: Failed to resolve import "./teams" from "tests/api/contractors/teams.test.ts". Does the file exist?
 ❯ TransformPluginContext._formatError node_modules/vite/dist/node/chunks/dep-D_zLpgQd.js:49258:41
 ❯ TransformPluginContext.error node_modules/vite/dist/node/chunks/dep-D_zLpgQd.js:49253:16
 ❯ normalizeUrl node_modules/vite/dist/node/chunks/dep-D_zLpgQd.js:64306:23
 ❯ async file:/home/hein/Workspace/FF_Next.js/.worktrees/001-ticketing-phase1-core/node_modules/vite/dist/node/chunks/dep-D_zLpgQd.js:64438:39
 ❯ TransformPluginContext.transform node_modules/vite/dist/node/chunks/dep-D_zLpgQd.js:64365:7
 ❯ PluginContainer.transform node_modules/vite/dist/node/chunks/dep-D_zLpgQd.js:49099:18
 ❯ loadAndTransform node_modules/vite/dist/node/chunks/dep-D_zLpgQd.js:51977:27

⎯⎯⎯⎯⎯⎯⎯⎯⎯⎯⎯⎯⎯⎯⎯⎯⎯⎯⎯⎯⎯⎯[13/79]⎯

 FAIL  src/modules/wa-monitor/tests/integration.test.ts [ src/modules/wa-monitor/tests/integration.test.ts ]
Error: No test suite found in file /home/hein/Workspace/FF_Next.js/.worktrees/001-ticketing-phase1-core/src/modules/wa-monitor/tests/integration.test.ts
⎯⎯⎯⎯⎯⎯⎯⎯⎯⎯⎯⎯⎯⎯⎯⎯⎯⎯⎯⎯⎯⎯[14/79]⎯

 FAIL  src/modules/procurement/components/__tests__/ProcurementPortal.test.tsx [ src/modules/procurement/components/__tests__/ProcurementPortal.test.tsx ]
Error: Failed to resolve import "@/src/shared/components/ui/Button" from "src/modules/procurement/components/AllProjectsOverview.tsx". Does the file exist?
 ❯ TransformPluginContext._formatError node_modules/vite/dist/node/chunks/dep-D_zLpgQd.js:49258:41
 ❯ TransformPluginContext.error node_modules/vite/dist/node/chunks/dep-D_zLpgQd.js:49253:16
 ❯ normalizeUrl node_modules/vite/dist/node/chunks/dep-D_zLpgQd.js:64306:23
 ❯ async file:/home/hein/Workspace/FF_Next.js/.worktrees/001-ticketing-phase1-core/node_modules/vite/dist/node/chunks/dep-D_zLpgQd.js:64438:39
 ❯ TransformPluginContext.transform node_modules/vite/dist/node/chunks/dep-D_zLpgQd.js:64365:7
 ❯ PluginContainer.transform node_modules/vite/dist/node/chunks/dep-D_zLpgQd.js:49099:18
 ❯ loadAndTransform node_modules/vite/dist/node/chunks/dep-D_zLpgQd.js:51977:27

⎯⎯⎯⎯⎯⎯⎯⎯⎯⎯⎯⎯⎯⎯⎯⎯⎯⎯⎯⎯⎯⎯[15/79]⎯

 FAIL  src/modules/workflow/__tests__/accessibility/workflow-accessibility.test.tsx [ src/modules/workflow/__tests__/accessibility/workflow-accessibility.test.tsx ]
ReferenceError: jest is not defined
 ❯ src/modules/workflow/__tests__/accessibility/workflow-accessibility.test.tsx:21:1
     19| 
     20| // Mock services
     21| jest.mock('../../services/WorkflowManagementService', () => ({
       | ^
     22|   workflowManagementService: {
     23|     getTemplates: jest.fn(),

⎯⎯⎯⎯⎯⎯⎯⎯⎯⎯⎯⎯⎯⎯⎯⎯⎯⎯⎯⎯⎯⎯[16/79]⎯

 FAIL  src/modules/workflow/__tests__/components/TemplateList.test.tsx [ src/modules/workflow/__tests__/components/TemplateList.test.tsx ]
ReferenceError: jest is not defined
 ❯ src/modules/workflow/__tests__/components/TemplateList.test.tsx:14:1
     12| 
     13| // Mock services
     14| jest.mock('../../services/WorkflowManagementService', () => ({
       | ^
     15|   workflowManagementService: {
     16|     getTemplates: jest.fn(),

⎯⎯⎯⎯⎯⎯⎯⎯⎯⎯⎯⎯⎯⎯⎯⎯⎯⎯⎯⎯⎯⎯[17/79]⎯

 FAIL  src/modules/workflow/__tests__/components/WorkflowEditor.test.tsx [ src/modules/workflow/__tests__/components/WorkflowEditor.test.tsx ]
ReferenceError: jest is not defined
 ❯ src/modules/workflow/__tests__/components/WorkflowEditor.test.tsx:17:1
     15| 
     16| // Mock services
     17| jest.mock('../../services/WorkflowManagementService', () => ({
       | ^
     18|   workflowManagementService: {
     19|     getTemplateById: jest.fn(),

⎯⎯⎯⎯⎯⎯⎯⎯⎯⎯⎯⎯⎯⎯⎯⎯⎯⎯⎯⎯⎯⎯[18/79]⎯

 FAIL  src/modules/workflow/__tests__/context/WorkflowEditorContext.test.tsx [ src/modules/workflow/__tests__/context/WorkflowEditorContext.test.tsx ]
ReferenceError: jest is not defined
 ❯ src/modules/workflow/__tests__/context/WorkflowEditorContext.test.tsx:17:1
     15| 
     16| // Mock services
     17| jest.mock('../../services/WorkflowManagementService', () => ({
       | ^
     18|   workflowManagementService: {
     19|     getTemplateById: jest.fn(),

⎯⎯⎯⎯⎯⎯⎯⎯⎯⎯⎯⎯⎯⎯⎯⎯⎯⎯⎯⎯⎯⎯[19/79]⎯

 FAIL  src/modules/workflow/__tests__/services/WorkflowManagementService.test.ts [ src/modules/workflow/__tests__/services/WorkflowManagementService.test.ts ]
ReferenceError: jest is not defined
 ❯ src/modules/workflow/__tests__/services/WorkflowManagementService.test.ts:30:19
     28| 
     29| // Mock fetch API for HTTP requests
     30| const mockFetch = jest.fn();
       |                   ^
     31| global.fetch = mockFetch;
     32| 

⎯⎯⎯⎯⎯⎯⎯⎯⎯⎯⎯⎯⎯⎯⎯⎯⎯⎯⎯⎯⎯⎯[20/79]⎯

⎯⎯⎯⎯⎯⎯ Failed Tests 59 ⎯⎯⎯⎯⎯⎯⎯

 FAIL  src/tests/no-direct-db-connections.test.ts > No Direct Database Connections > should not have any direct database connections in frontend code
AssertionError: expected [ …(38) ] to have a length of +0 but got 38

- Expected
+ Received

- 0
+ 38

 ❯ src/tests/no-direct-db-connections.test.ts:98:24
     96|     }
     97|     
     98|     expect(violations).toHaveLength(0);
       |                        ^
     99|   });
    100| 

⎯⎯⎯⎯⎯⎯⎯⎯⎯⎯⎯⎯⎯⎯⎯⎯⎯⎯⎯⎯⎯⎯[21/79]⎯

 FAIL  src/tests/no-direct-db-connections.test.ts > No Direct Database Connections > should use API services for data access
AssertionError: expected [ 'src/services/api/projectApi.ts' ] to have a length of +0 but got 1

- Expected
+ Received

- 0
+ 1

 ❯ src/tests/no-direct-db-connections.test.ts:125:29
    123|     }
    124|     
    125|     expect(missingServices).toHaveLength(0);
       |                             ^
    126|   });
    127| 

⎯⎯⎯⎯⎯⎯⎯⎯⎯⎯⎯⎯⎯⎯⎯⎯⎯⎯⎯⎯⎯⎯[22/79]⎯

 FAIL  src/tests/no-direct-db-connections.test.ts > No Direct Database Connections > should have proper API endpoints for database operations
AssertionError: expected [ 'api/clients/index.js', …(3) ] to have a length of +0 but got 4

- Expected
+ Received

- 0
+ 4

 ❯ src/tests/no-direct-db-connections.test.ts:154:30
    152|     }
    153|     
    154|     expect(missingEndpoints).toHaveLength(0);
       |                              ^
    155|   });
    156| });

⎯⎯⎯⎯⎯⎯⎯⎯⎯⎯⎯⎯⎯⎯⎯⎯⎯⎯⎯⎯⎯⎯[23/79]⎯

 FAIL  src/tests/api-integration/api-health.test.ts > API Health & Integration Tests > Error Handling > 404 errors return proper format
AssertionError: expected 401 to be 404 // Object.is equality

- Expected
+ Received

- 404
+ 401

 ❯ src/tests/api-integration/api-health.test.ts:74:39
     72|         await api.get('/non-existent-endpoint');
     73|       } catch (error: any) {
     74|         expect(error.response.status).toBe(404);
       |                                       ^
     75|         expect(error.response.data).toBeDefined();
     76|       }

⎯⎯⎯⎯⎯⎯⎯⎯⎯⎯⎯⎯⎯⎯⎯⎯⎯⎯⎯⎯⎯⎯[24/79]⎯

 FAIL  src/tests/api-integration/api-health.test.ts > API Health & Integration Tests > Error Handling > Invalid JSON returns 400 error
AssertionError: expected [ 400, 422 ] to include 401
 ❯ src/tests/api-integration/api-health.test.ts:85:28
     83|         });
     84|       } catch (error: any) {
     85|         expect([400, 422]).toContain(error.response.status);
       |                            ^
     86|       }
     87|     });

⎯⎯⎯⎯⎯⎯⎯⎯⎯⎯⎯⎯⎯⎯⎯⎯⎯⎯⎯⎯⎯⎯[25/79]⎯

 FAIL  src/tests/api-integration/clients.test.ts > Clients Module API Integration Tests > Client CRUD Operations > Client creation validates required fields
AssertionError: expected [ 400, 422 ] to include 401
 ❯ src/tests/api-integration/clients.test.ts:104:28
    102|         });
    103|       } catch (error: any) {
    104|         expect([400, 422]).toContain(error.response.status);
       |                            ^
    105|         expect(error.response.data).toHaveProperty('error');
    106|       }

⎯⎯⎯⎯⎯⎯⎯⎯⎯⎯⎯⎯⎯⎯⎯⎯⎯⎯⎯⎯⎯⎯[26/79]⎯

 FAIL  src/tests/api-integration/clients.test.ts > Clients Module API Integration Tests > Client CRUD Operations > Client creation validates email format
AssertionError: expected [ 400, 422 ] to include 401
 ❯ src/tests/api-integration/clients.test.ts:117:28
    115|         });
    116|       } catch (error: any) {
    117|         expect([400, 422]).toContain(error.response.status);
       |                            ^
    118|         expect(error.response.data).toHaveProperty('error');
    119|       }

⎯⎯⎯⎯⎯⎯⎯⎯⎯⎯⎯⎯⎯⎯⎯⎯⎯⎯⎯⎯⎯⎯[27/79]⎯

 FAIL  src/tests/api-integration/clients.test.ts > Clients Module API Integration Tests > Client Validation > Prevents duplicate client names
AssertionError: expected [ 400, 409 ] to include 401
 ❯ src/tests/api-integration/clients.test.ts:279:28
    277|         await api.post('/', client);
    278|       } catch (error: any) {
    279|         expect([400, 409]).toContain(error.response.status);
       |                            ^
    280|         expect(error.response.data).toHaveProperty('error');
    281|       }

⎯⎯⎯⎯⎯⎯⎯⎯⎯⎯⎯⎯⎯⎯⎯⎯⎯⎯⎯⎯⎯⎯[28/79]⎯

 FAIL  src/tests/api-integration/no-direct-db.test.ts > No Direct Database Connections > Frontend code should not import database clients
AssertionError: expected [ { …(2) }, { …(2) }, { …(2) }, …(31) ] to deeply equal []

- Expected
+ Received

- Array []
+ Array [
+   Object {
+     "file": "src/services/neonServiceAPI.ts",
+     "lines": Array [
+       "Line 55: return this.query(queryText, params);",
+     ],
+   },
+   Object {
+     "file": "src/services/suppliers/neonSupplierService.ts",
+     "lines": Array [
+       "Line 17: const sql = neon(process.env.DATABASE_URL!);",
+       "Line 97: // Use sql.query() for parameterized queries (Neon v0.9+ requirement)",
+       "Line 99: ? await sql.query(query, params)",
+       "Line 100: : await sql.query(query, []);",
+     ],
+   },
+   Object {
+     "file": "src/services/sow/schema.ts",
+     "lines": Array [
+       "Line 6: import { createNeonClient } from '@/lib/neon-sql';",
+       "Line 10: const { query } = createNeonClient(process.env.NEXT_PUBLIC_NEON_DATABASE_URL || '');",
+     ],
+   },
+   Object {
+     "file": "src/services/projects/projectStats.ts",
+     "lines": Array [
+       "Line 19: const sql = neon(DATABASE_URL);",
+     ],
+   },
+   Object {
+     "file": "src/services/contractor/contractorOnboardingService.ts",
+     "lines": Array [
+       "Line 8: const sql = neon(process.env.DATABASE_URL || '');",
+     ],
+   },
+   Object {
+     "file": "src/components/dev/ClientsDebug.tsx",
+     "lines": Array [
+       "Line 2: import { sql } from '@/lib/neon';",
+       "Line 2: import { sql } from '@/lib/neon';",
+     ],
+   },
+   Object {
+     "file": "src/services/projects/phases/neonPhaseService.ts",
+     "lines": Array [
+       "Line 27: const sql = neon(DATABASE_URL);",
+     ],
+   },
+   Object {
+     "file": "src/services/procurement/stock/StockService.ts",
+     "lines": Array [
+       "Line 473: await db.execute('SELECT 1');",
+     ],
+   },
+   Object {
+     "file": "src/services/procurement/rfq/rfqCrud.ts",
+     "lines": Array [
+       "Line 16: const sql = neon(process.env.DATABASE_URL!);",
+     ],
+   },
+   Object {
+     "file": "src/services/procurement/rfq/lifecycle.ts",
+     "lines": Array [
+       "Line 13: const sql = neon(process.env.DATABASE_URL!);",
+     ],
+   },
+   Object {
+     "file": "src/services/procurement/notifications/emailService.ts",
+     "lines": Array [
+       "Line 10: const sql = neon(process.env.DATABASE_URL!);",
+     ],
+   },
+   Object {
+     "file": "src/services/procurement/boq/boqCrud.ts",
+     "lines": Array [
+       "Line 12: const sql = neon(process.env.DATABASE_URL!);",
+     ],
+   },
+   Object {
+     "file": "src/pages/api/monitoring/health.ts",
+     "lines": Array [
+       "Line 11: const sql = neon(process.env.DATABASE_URL || '');",
+     ],
+   },
+   Object {
+     "file": "src/modules/workflow/services/WorkflowTemplateService.ts",
+     "lines": Array [
+       "Line 87: const result = await workflowManagementService['client'].query(sql, params);",
+     ],
+   },
+   Object {
+     "file": "src/modules/wa-monitor/services/waMonitorService.ts",
+     "lines": Array [
+       "Line 25: return neon(databaseUrl);",
+     ],
+   },
+   Object {
+     "file": "src/modules/ticketing/utils/db.ts",
+     "lines": Array [
+       "Line 52: connection = neon(databaseUrl);",
+       "Line 158: *   await txn.query(",
+     ],
+   },
+   Object {
+     "file": "src/modules/qfield-sync/services/qfieldcloudApiService.ts",
+     "lines": Array [
+       "Line 75: const result = await qfieldPool.query(`",
+       "Line 99: const result = await qfieldPool.query(`",
+       "Line 129: const result = await qfieldPool.query(`",
+       "Line 187: const result = await qfieldPool.query(query, params);",
+       "Line 236: const result = await qfieldPool.query(query, params);",
+       "Line 292: const result = await qfieldPool.query(query, params);",
+     ],
+   },
+   Object {
+     "file": "src/modules/foto-review/services/fotoDbService.ts",
+     "lines": Array [
+       "Line 19: return neon(databaseUrl);",
+     ],
+   },
+   Object {
+     "file": "src/modules/contractor-documents-report/services/documentReportService.ts",
+     "lines": Array [
+       "Line 26: const sql = neon(process.env.DATABASE_URL!);",
+     ],
+   },
+   Object {
+     "file": "src/services/procurement/rfq/utils/rfqNumberGenerator.ts",
+     "lines": Array [
+       "Line 8: const sql = neon(process.env.DATABASE_URL!);",
+     ],
+   },
+   Object {
+     "file": "src/services/procurement/rfq/notifications/emailNotificationService.ts",
+     "lines": Array [
+       "Line 9: const sql = neon(process.env.DATABASE_URL!);",
+     ],
+   },
+   Object {
+     "file": "src/services/procurement/rfq/notifications/RfqReminderService.ts",
+     "lines": Array [
+       "Line 11: const sql = neon(process.env.DATABASE_URL!);",
+     ],
+   },
+   Object {
+     "file": "src/services/procurement/rfq/notifications/RfqNotificationService.ts",
+     "lines": Array [
+       "Line 10: const sql = neon(process.env.DATABASE_URL!);",
+     ],
+   },
+   Object {
+     "file": "src/services/procurement/rfq/lifecycle/RfqResponseService.ts",
+     "lines": Array [
+       "Line 13: const sql = neon(process.env.DATABASE_URL!);",
+     ],
+   },
+   Object {
+     "file": "src/services/procurement/rfq/lifecycle/RfqLifecycleService.ts",
+     "lines": Array [
+       "Line 13: const sql = neon(process.env.DATABASE_URL!);",
+     ],
+   },
+   Object {
+     "file": "src/services/procurement/rfq/lifecycle/RfqEvaluationService.ts",
+     "lines": Array [
+       "Line 12: const sql = neon(process.env.DATABASE_URL!);",
+     ],
+   },
+   Object {
+     "file": "src/services/procurement/rfq/core/RfqQueryService.ts",
+     "lines": Array [
+       "Line 10: const sql = neon(process.env.DATABASE_URL!);",
+     ],
+   },
+   Object {
+     "file": "src/services/procurement/rfq/core/RfqItemService.ts",
+     "lines": Array [
+       "Line 10: const sql = neon(process.env.DATABASE_URL!);",
+     ],
+   },
+   Object {
+     "file": "src/services/procurement/rfq/core/RfqCrudService.ts",
+     "lines": Array [
+       "Line 13: const sql = neon(process.env.DATABASE_URL!);",
+     ],
+   },
+   Object {
+     "file": "src/modules/ticketing/__tests__/utils/db.test.ts",
+     "lines": Array [
+       "Line 63: // Make neon() return our mock SQL function",
+       "Line 243: await txn.query(operations[0].query, operations[0].params);",
+       "Line 244: await txn.query(operations[1].query, operations[1].params);",
+       "Line 262: await txn.query('INSERT INTO tickets (ticket_uid) VALUES ($1)', ['FT001']);",
+       "Line 263: await txn.query('INVALID SQL');",
+       "Line 295: const ticket = await txn.query(",
+     ],
+   },
+   Object {
+     "file": "src/modules/projects/pole-tracker/services/poleTrackerNeonService/services/statisticsService.ts",
+     "lines": Array [
+       "Line 10: const result = await neonService.query(POLE_QUERIES.getProjectStatistics, [projectId]);",
+       "Line 41: const result = await neonService.query(",
+     ],
+   },
+   Object {
+     "file": "src/modules/projects/pole-tracker/services/poleTrackerNeonService/services/qualityCheckService.ts",
+     "lines": Array [
+       "Line 58: const result = await neonService.execute(query, params);",
+     ],
+   },
+   Object {
+     "file": "src/modules/projects/pole-tracker/services/poleTrackerNeonService/services/poleDataService.ts",
+     "lines": Array [
+       "Line 73: const result = await neonService.execute(POLE_QUERIES.updatePoleStatus, [status, id]);",
+       "Line 100: const result = await neonService.execute(query, params);",
+     ],
+   },
+   Object {
+     "file": "src/modules/projects/pole-tracker/services/poleTrackerNeonService/services/photoManagementService.ts",
+     "lines": Array [
+       "Line 28: const result = await neonService.execute(query, [downloadURL, poleId]);",
+       "Line 55: const result = await neonService.execute(query, [null, poleId]);",
+     ],
+   },
+ ]

 ❯ src/tests/api-integration/no-direct-db.test.ts:57:24
     55|     }
     56| 
     57|     expect(violations).toEqual([]);
       |                        ^
     58|   });
     59| 

⎯⎯⎯⎯⎯⎯⎯⎯⎯⎯⎯⎯⎯⎯⎯⎯⎯⎯⎯⎯⎯⎯[29/79]⎯

 FAIL  src/tests/api-integration/projects.test.ts > Projects Module API Integration Tests > Project CRUD Operations > Project creation validates required fields
AssertionError: expected [ 400, 422 ] to include 401
 ❯ src/tests/api-integration/projects.test.ts:95:28
     93|         await api.post('/', { description: 'Invalid project' });
     94|       } catch (error: any) {
     95|         expect([400, 422]).toContain(error.response.status);
       |                            ^
     96|         expect(error.response.data).toHaveProperty('error');
     97|       }

⎯⎯⎯⎯⎯⎯⎯⎯⎯⎯⎯⎯⎯⎯⎯⎯⎯⎯⎯⎯⎯⎯[30/79]⎯

 FAIL  src/tests/api-integration/sow.test.ts > SOW Module API Integration Tests > SOW Data Retrieval > Invalid project ID returns 404
AssertionError: expected 401 to be 404 // Object.is equality

- Expected
+ Received

- 404
+ 401

 ❯ src/tests/api-integration/sow.test.ts:57:39
     55|         await api.get('/data/invalid-project-id-12345');
     56|       } catch (error: any) {
     57|         expect(error.response.status).toBe(404);
       |                                       ^
     58|         expect(error.response.data).toHaveProperty('error');
     59|       }

⎯⎯⎯⎯⎯⎯⎯⎯⎯⎯⎯⎯⎯⎯⎯⎯⎯⎯⎯⎯⎯⎯[31/79]⎯

 FAIL  src/tests/api-integration/sow.test.ts > SOW Module API Integration Tests > SOW Import Operations > Import endpoint exists and validates data
AssertionError: expected [ 400, 422 ] to include 401
 ❯ src/tests/api-integration/sow.test.ts:92:28
     90|       } catch (error: any) {
     91|         // Should fail validation
     92|         expect([400, 422]).toContain(error.response.status);
       |                            ^
     93|         expect(error.response.data).toHaveProperty('error');
     94|       }

⎯⎯⎯⎯⎯⎯⎯⎯⎯⎯⎯⎯⎯⎯⎯⎯⎯⎯⎯⎯⎯⎯[32/79]⎯

 FAIL  src/tests/api-integration/sow.test.ts > SOW Module API Integration Tests > SOW Error Handling > Handles database connection errors gracefully
AssertionError: expected { extra: null, …(4) } to have property "error"

Compared values have no visual difference.

 ❯ src/tests/api-integration/sow.test.ts:153:37
    151|       } catch (error: any) {
    152|         expect(error.response.status).toBeGreaterThanOrEqual(400);
    153|         expect(error.response.data).toHaveProperty('error');
       |                                     ^
    154|         expect(error.response.data.error).not.toContain('password');
    155|         expect(error.response.data.error).not.toContain('DATABASE_URL'…

⎯⎯⎯⎯⎯⎯⎯⎯⎯⎯⎯⎯⎯⎯⎯⎯⎯⎯⎯⎯⎯⎯[33/79]⎯

 FAIL  src/tests/api-integration/staff.test.ts > Staff Module API Integration Tests > Staff CRUD Operations > Staff creation validates email format
AssertionError: expected [ 400, 422 ] to include 401
 ❯ src/tests/api-integration/staff.test.ts:102:28
    100|         });
    101|       } catch (error: any) {
    102|         expect([400, 422]).toContain(error.response.status);
       |                            ^
    103|         expect(error.response.data).toHaveProperty('error');
    104|       }

⎯⎯⎯⎯⎯⎯⎯⎯⎯⎯⎯⎯⎯⎯⎯⎯⎯⎯⎯⎯⎯⎯[34/79]⎯

 FAIL  src/modules/staff/components/__tests__/StaffDetail.test.tsx > StaffDetail - Date Handling Fix > component loads without crashing (integration test)
AssertionError: expected [Function] to not throw an error but 'Error: NextRouter was not mounted. ht…' was thrown

- Expected: 
undefined

+ Received: 
"Error: NextRouter was not mounted. https://nextjs.org/docs/messages/next-router-not-mounted"

 ❯ src/modules/staff/components/__tests__/StaffDetail.test.tsx:37:12
     35|     expect(() => {
     36|       renderWithProviders(<StaffDetail />);
     37|     }).not.toThrow();
       |            ^
     38|   });
     39| });

⎯⎯⎯⎯⎯⎯⎯⎯⎯⎯⎯⎯⎯⎯⎯⎯⎯⎯⎯⎯⎯⎯[35/79]⎯

 FAIL  src/modules/ticketing/__tests__/api/attachments.test.ts > POST /api/ticketing/tickets/[id]/attachments > should upload attachment successfully
 FAIL  src/modules/ticketing/__tests__/api/attachments.test.ts > POST /api/ticketing/tickets/[id]/attachments > should upload attachment as evidence for verification step
 FAIL  src/modules/ticketing/__tests__/api/attachments.test.ts > POST /api/ticketing/tickets/[id]/attachments > should return 422 if uploaded_by is missing
 FAIL  src/modules/ticketing/__tests__/api/attachments.test.ts > POST /api/ticketing/tickets/[id]/attachments > should return 500 on upload service failure
Error: Test timed out in 10000ms.
If this is a long-running test, pass a timeout value as the last argument or configure it globally with "testTimeout".
⎯⎯⎯⎯⎯⎯⎯⎯⎯⎯⎯⎯⎯⎯⎯⎯⎯⎯⎯⎯⎯⎯[36/79]⎯

 FAIL  src/modules/ticketing/__tests__/components/HandoverHistory.test.tsx > HandoverHistory Component > Initial Rendering > should display handover history timeline
TestingLibraryElementError: Unable to find an element with the text: /Build to QA/i. This could be because the text is broken up by multiple elements. In this case, you can provide a function for your text matcher to make your matcher more flexible.

Ignored nodes: comments, script, style
[36m<body>[39m
  [36m<div>[39m
    [36m<div[39m
      [33mclass[39m=[32m"flex items-center justify-center p-8 bg-white/5 border border-white/10 rounded-lg"[39m
    [36m>[39m
      [36m<div[39m
        [33mclass[39m=[32m"flex items-center gap-3 text-white/60"[39m
      [36m>[39m
        [36m<div[39m
          [33mclass[39m=[32m"w-5 h-5 border-2 border-white/20 border-t-white/60 rounded-full animate-spin"[39m
          [33mrole[39m=[32m"status"[39m
        [36m/>[39m
        [36m<span>[39m
          [0mLoading handover history...[0m
        [36m</span>[39m
      [36m</div>[39m
    [36m</div>[39m
  [36m</div>[39m
[36m</body>[39m
 ❯ Object.getElementError node_modules/@testing-library/react/node_modules/@testing-library/dom/dist/config.js:37:19
 ❯ node_modules/@testing-library/react/node_modules/@testing-library/dom/dist/query-helpers.js:76:38
 ❯ node_modules/@testing-library/react/node_modules/@testing-library/dom/dist/query-helpers.js:52:17
 ❯ node_modules/@testing-library/react/node_modules/@testing-library/dom/dist/query-helpers.js:95:19
 ❯ src/modules/ticketing/__tests__/components/HandoverHistory.test.tsx:183:21
    181| 
    182|       // Should show both handovers
    183|       expect(screen.getByText(/Build to QA/i)).toBeInTheDocument();
       |                     ^
    184|       expect(screen.getByText(/QA to Maintenance/i)).toBeInTheDocument…
    185|     });

⎯⎯⎯⎯⎯⎯⎯⎯⎯⎯⎯⎯⎯⎯⎯⎯⎯⎯⎯⎯⎯⎯[37/79]⎯

 FAIL  src/modules/ticketing/__tests__/components/HandoverHistory.test.tsx > HandoverHistory Component > Timeline Display > should display handovers in chronological order
TestingLibraryElementError: Unable to find an accessible element with the role "listitem"

Here are the accessible roles:

  heading:

  Name "Handover History":
  [36m<h3[39m
    [33mclass[39m=[32m"text-lg font-semibold text-white"[39m
  [36m/>[39m

  Name "Build to QA":
  [36m<h4[39m
    [33mclass[39m=[32m"text-base font-semibold text-white mb-1"[39m
  [36m/>[39m

  Name "QA to Maintenance":
  [36m<h4[39m
    [33mclass[39m=[32m"text-base font-semibold text-white mb-1"[39m
  [36m/>[39m

  --------------------------------------------------
  button:

  Name "View details":
  [36m<button[39m
    [33maria-label[39m=[32m"View details"[39m
    [33mclass[39m=[32m"flex items-center gap-1 text-sm text-blue-400 hover:text-blue-300 transition-colors"[39m
    [33mrole[39m=[32m"button"[39m
  [36m/>[39m

  Name "View details":
  [36m<button[39m
    [33maria-label[39m=[32m"View details"[39m
    [33mclass[39m=[32m"flex items-center gap-1 text-sm text-blue-400 hover:text-blue-300 transition-colors"[39m
    [33mrole[39m=[32m"button"[39m
  [36m/>[39m

  --------------------------------------------------

Ignored nodes: comments, script, style
[36m<body>[39m
  [36m<div>[39m
    [36m<div[39m
      [33mclass[39m=[32m"space-y-6"[39m
    [36m>[39m
      [36m<div[39m
        [33mclass[39m=[32m"flex items-center justify-between"[39m
      [36m>[39m
        [36m<div>[39m
          [36m<h3[39m
            [33mclass[39m=[32m"text-lg font-semibold text-white"[39m
          [36m>[39m
            [0mHandover History[0m
          [36m</h3>[39m
          [36m<p[39m
            [33mclass[39m=[32m"text-sm text-white/60 mt-1"[39m
          [36m>[39m
            [0m2[0m
            [0m handover[0m
            [0ms[0m
            [36m<span>[39m
              [0m · [0m
              [0mCurrent owner: [0m
              [0mMaintenance[0m
            [36m</span>[39m
          [36m</p>[39m
        [36m</div>[39m
      [36m</div>[39m
      [36m<div[39m
        [33mclass[39m=[32m"space-y-0"[39m
      [36m>[39m
        [36m<div[39m
          [33mclass[39m=[32m"relative"[39m
        [36m>[39m
          [36m<div[39m
            [33mclass[39m=[32m"absolute left-6 top-16 bottom-0 w-0.5 bg-white/10"[39m
          [36m/>[39m
          [36m<div[39m
            [33mclass[39m=[32m"flex gap-4"[39m
          [36m>[39m
            [36m<div[39m
              [33mclass[39m=[32m"flex-shrink-0 w-12 h-12 rounded-full flex items-center justify-center border-2 bg-blue-500/20 border-blue-500/50"[39m
            [36m>[39m
              [36m<svg[39m
                [33mclass[39m=[32m"w-6 h-6 text-blue-400"[39m
                [33mfill[39m=[32m"none"[39m
                [33mheight[39m=[32m"24"[39m
                [33mstroke[39m=[32m"currentColor"[39m
                [33mstroke-linecap[39m=[32m"round"[39m
                [33mstroke-linejoin[39m=[32m"round"[39m
                [33mstroke-width[39m=[32m"2"[39m
                [33mviewBox[39m=[32m"0 0 24 24"[39m
                [33mwidth[39m=[32m"24"[39m
                [33mxmlns[39m=[32m"http://www.w3.org/2000/svg"[39m
              [36m>[39m
                [36m<circle[39m
                  [33mcx[39m=[32m"12"[39m
                  [33mcy[39m=[32m"12"[39m
                  [33mr[39m=[32m"10"[39m
                [36m/>[39m
                [36m<polyline[39m
                  [33mpoints[39m=[32m"12 6 12 12 16 14"[39m
                [36m/>[39m
              [36m</svg>[39m
            [36m</div>[39m
            [36m<div[39m
              [33mclass[39m=[32m"flex-1 pb-8"[39m
            [36m>[39m
              [36m<div[39m
                [33mclass[39m=[32m"border rounded-lg overflow-hidden border-white/10 bg-white/5"[39m
              [36m>[39m
                [36m<div[39m
                  [33mclass[39m=[32m"p-4"[39m
                [36m>[39m
                  [36m<div[39m
                    [33mclass[39m=[32m"flex items-start justify-between mb-3"[39m
                  [36m>[39m
                    [36m<div>[39m
                      [36m<h4[39m
                        [33mclass[39m=[32m"text-base font-semibold text-white mb-1"[39m
                      [36m>[39m
                        [0mBuild to QA[0m
                      [36m</h4>[39m
                    [36m</div>[39m
                    [36m<button[39m
                      [33maria-label[39m=[32m"View details"[39m
                      [33mclass[39m=[32m"flex items-center gap-1 text-sm text-blue-400 hover:text-blue-300 transition-colors"[39m
                      [33mrole[39m=[32m"button"[39m
                    [36m>[39m
                      [0mView Details[0m
                      [36m<svg[39m
                        [33mclass[39m=[32m"w-4 h-4 transition-transform"[39m
                        [33mfill[39m=[32m"none"[39m
                        [33mheight[39m=[32m"24"[39m
                        [33mstroke[39m=[32m"currentColor"[39m
                        [33mstroke-linecap[39m=[32m"round"[39m
                        [33mstroke-linejoin[39m=[32m"round"[39m
                        [33mstroke-width[39m=[32m"2"[39m
                        [33mviewBox[39m=[32m"0 0 24 24"[39m
                        [33mwidth[39m=[32m"24"[39m
                        [33mxmlns[39m=[32m"http://www.w3.org/2000/svg"[39m
                      [36m>[39m
                        [36m<path[39m
                          [33md[39m=[32m"m9 18 6-6-6-6"[39m
                        [36m/>[39m
                      [36m</svg>[39m
                    [36m</button>[39m
                  [36m</div>[39m
                  [36m<div[39m
                    [33mclass[39m=[32m"flex items-center gap-3 mb-3 p-2 bg-white/5 rounded-lg"[39m
                  [36m>[39m
                    [36m<span[39m
                      [33mclass[39m=[32m"text-sm text-white/60"[39m
                    [36m>[39m
                      [0mBuild[0m
                    [36m</span>[39m
                    [36m<svg[39m
                      [33mclass[39m=[32m"w-4 h-4 text-white/40"[39m
                      [33mfill[39m=[32m"none"[39m
                      [33mheight[39m=[32m"24"[39m
                      [33mstroke[39m=[32m"currentColor"[39m
                      [33mstroke-linecap[39m=[32m"round"[39m
                      [33mstroke-linejoin[39m=[32m"round"[39m
                      [33mstroke-width[39m=[32m"2"[39m
                      [33mviewBox[39m=[32m"0 0 24 24"[39m
                      [33mwidth[39m=[32m"24"[39m
                      [33mxmlns[39m=[32m"http://www.w3.org/2000/svg"[39m
                    [36m>[39m
                      [36m<path[39m
                        [33md[39m=[32m"M5 12h14"[39m
                      [36m/>[39m
                      [36m<path[39m
                        [33md[39m=[32m"m12 5 7 7-7 7"[39m
                      [36m/>[39m
                    [36m</svg>[39m
                    [36m<span[39m
                      [33mclass[39m=[32m"text-sm text-white/80 font-medium"[39m
                    [36m>[39m
                      [0mQA[0m
                    [36m</span>[39m
                  [36m</div>[39m
                  [36m<div[39m
                    [33mclass[39m=[32m"flex flex-wrap gap-4 text-xs text-white/60"[39m
                  [36m>[39m
                    [36m<div[39m
                      [33mclass[39m=[32m"flex items-center gap-1.5"[39m
                    [36m>[39m
                      [36m<svg[39m
                        [33mclass[39m=[32m"w-3.5 h-3.5"[39m
                        [33mfill[39m=[32m"none"[39m
                        [33mheight[39m=[32m"24"[39m
                        [33mstroke[39m=[32m"currentColor"[39m
                        [33mstroke-linecap[39m=[32m"round"[39m
                        [33mstroke-linejoin[39m=[32m"round"[39m
                        [33mstroke-width[39m=[32m"2"[39m
                        [33mviewBox[39m=[32m"0 0 24 24"[39m
                        [33mwidth[39m=[32m"24"[39m
                        [33mxmlns[39m=[32m"http://www.w3.org/2000/svg"[39m
                      [36m>[39m
                        [36m<rect[39m
                          [33mheight[39m=[32m"18"[39m
                          [33mrx[39m=[32m"2"[39m
                          [33mry[39m=[32m"2"[39m
                          [33mwidth[39m=[32m"18"[39m
                          [33mx[39m=[32m"3"[39m
                          [33my[39m=[32m"4"[39m
                        [36m/>[39m
                        [36m<line[39m
                          [33mx1[39m=[32m"16"[39m
                          [33mx2[39m=[32m"16"[39m
                          [33my1[39m=[32m"2"[39m
                          [33my2[39m=[32m"6"[39m
                        [36m/>[39m
                        [36m<line[39m
                          [33mx1[39m=[32m"8"[39m
                          [33mx2[39m=[32m"8"[39m
                          [33my1[39m=[32m"2"[39m
                          [33my2[39m=[32m"6"[39m
                        [36m/>[39m
                        [36m<line[39m
                          [33mx1[39m=[32m"3"[39m
                          [33mx2[39m=[32m"21"[39m
                          [33my1[39m=[32m"10"[39m
                          [33my2[39m=[32m"10"[39m
                        [36m/>[39m
                      [36m</svg>[39m
                      [36m<span>[39m
                        [0m1/10/2024, 12:00:00 PM[0m
                      [36m</span>[39m
                      [36m<span[39m
                        [33mclass[39m=[32m"text-white/40"[39m
                      [36m>[39m
                        [0m([0m
                        [0m1/10/2024[0m
                        [0m)[0m
                      [36m</span>[39m
                    [36m</div>[39m
                    [36m<div[39m
                      [33mclass[39m=[32m"flex items-center gap-1.5"[39m
                    [36m>[39m
                      [36m<svg[39m
                        [33mclass[39m=[32m"w-3.5 h-3.5"[39m
                        [33mfill[39m=[32m"none"[39m
                        [33mheight[39m=[32m"24"[39m
                        [33mstroke[39m=[32m"currentColor"[39m
                        [33mstroke-linecap[39m=[32m"round"[39m
                        [33mstroke-linejoin[39m=[32m"round"[39m
                        [33mstroke-width[39m=[32m"2"[39m
                        [33mviewBox[39m=[32m"0 0 24 24"[39m
                        [33mwidth[39m=[32m"24"[39m
                        [33mxmlns[39m=[32m"http://www.w3.org/2000/svg"[39m
                      [36m>[39m
                        [36m<path[39m
                          [33md[39m=[32m"M19 21v-2a4 4 0 0 0-4-4H9a4 4 0 0 0-4 4v2"[39m
                        [36m/>[39m
                        [36m<circle[39m
                          [33mcx[39m=[32m"12"[39m
                          [33mcy[39m=[32m"7"[39m
                          [33mr[39m=[32m"4"[39m
                        [36m/>[39m
                      [36m</svg>[39m
                      [36m<span[39m
                        [33mclass[39m=[32m"font-mono"[39m
                      [36m>[39m
                        [0mbuild-us[0m
                      [36m</span>[39m
                    [36m</div>[39m
                  [36m</div>[39m
                [36m</div>[39m
              [36m</div>[39m
            [36m</div>[39m
          [36m</div>[39m
        [36m</div>[39m
        [36m<div[39m
          [33mclass[39m=[32m"relative"[39m
        [36m>[39m
          [36m<div[39m
            [33mclass[39m=[32m"flex gap-4"[39m
          [36m>[39m
            [36m<div[39m
              [33mclass[39m=[32m"flex-shrink-0 w-12 h-12 rounded-full flex items-center justify-center border-2 bg-green-500/20 border-green-500/50"[39m
            [36m>[39m
              [36m<svg[39m
                [33mclass[39m=[32m"w-6 h-6 text-green-400"[39m
                [33mfill[39m=[32m"none"[39m
                [33mheight[39m=[32m"24"[39m
                [33mstroke[39m=[32m"currentColor"[39m
                [33mstroke-linecap[39m=[32m"round"[39m
                [33mstroke-linejoin[39m=[32m"round"[39m
                [33mstroke-width[39m=[32m"2"[39m
                [33mviewBox[39m=[32m"0 0 24 24"[39m
                [33mwidth[39m=[32m"24"[39m
                [33mxmlns[39m=[32m"http://www.w3.org/2000/svg"[39m
              [36m>[39m
                [36m<path[39m
                  [33md[39m=[32m"M12 22c5.523 0 10-4.477 10-10S17.523 2 12 2 2 6.477 2 12s4.477 10 10 10z"[39m
                [36m/>[39m
                [36m<path[39m
                  [33md[39m=[32m"m9 12 2 2 4-4"[39m
                [36m/>[39m
              [36m</svg>[39m
            [36m</div>[39m
            [36m<div[39m
              [33mclass[39m=[32m"flex-1 pb-8"[39m
            [36m>[39m
              [36m<div[39m
                [33mclass[39m=[32m"border rounded-lg overflow-hidden border-green-500/30 bg-green-500/5"[39m
              [36m>[39m
                [36m<div[39m
                  [33mclass[39m=[32m"p-4"[39m
                [36m>[39m
                  [36m<div[39m
                    [33mclass[39m=[32m"flex items-start justify-between mb-3"[39m
                  [36m>[39m
                    [36m<div>[39m
                      [36m<h4[39m
                        [33mclass[39m=[32m"text-base font-semibold text-white mb-1"[39m
                      [36m>[39m
                        [0mQA to Maintenance[0m
                      [36m</h4>[39m
                      [36m<span[39m
                        [33mclass[39m=[32m"px-2 py-0.5 bg-green-500/20 text-green-400 rounded text-xs font-medium"[39m
                      [36m>[39m
                        [0mCurrent Owner[0m
                      [36m</span>[39m
                    [36m</div>[39m
                    [36m<button[39m
                      [33maria-label[39m=[32m"View details"[39m
                      [33mclass[39m=[32m"flex items-center gap-1 text-sm text-blue-400 hover:text-blue-300 transition-colors"[39m
                      [33mrole[39m=[32m"button"[39m
                    [36m>[39m
                      [0mView Details[0m
                      [36m<svg[39m
                        [33mclass[39m=[32m"w-4 h-4 transition-transform"[39m
                        [33mfill[39m=[32m"none"[39m
                        [33mheight[39m=[32m"24"[39m
                        [33mstroke[39m=[32m"currentColor"[39m
                        [33mstroke-linecap[39m=[32m"round"[39m
                        [33mstroke-linejoin[39m=[32m"round"[39m
                        [33mstroke-width[39m=[32m"2"[39m
                        [33mviewBox[39m=[32m"0 0 24 24"[39m
                        [33mwidth[39m=[32m"24"[39m
                        [33mxmlns[39m=[32m"http://www.w3.org/2000/svg"[39m
                      [36m>[39m
                        [36m<path[39m
                          [33md[39m=[32m"m9 18 6-6-6-6"[39m
                        [36m/>[39m
                      [36m</svg>[39m
                    [36m</button>[39m
                  [36m</div>[39m
                  [36m<div[39m
                    [33mclass[39m=[32m"flex items-center gap-3 mb-3 p-2 bg-white/5 rounded-lg"[39m
                  [36m>[39m
                    [36m<span[39m
                      [33mclass[39m=[32m"text-sm text-white/60"[39m
                    [36m>[39m
                      [0mQA[0m
                    [36m</span>[39m
                    [36m<svg[39m
                      [33mclass[39m=[32m"w-4 h-4 text-white/40"[39m
                      [33mfill[39m=[32m"none"[39m
                      [33mheight[39m=[32m"24"[39m
                      [33mstroke[39m=[32m"currentColor"[39m
                      [33mstroke-linecap[39m=[32m"round"[39m
                      [33mstroke-linejoin[39m=[32m"round"[39m
                      [33mstroke-width[39m=[32m"2"[39m
                      [33mviewBox[39m=[32m"0 0 24 24"[39m
                      [33mwidth[39m=[32m"24"[39m
                      [33mxmlns[39m=[32m"http://www.w3.org/2000/svg"[39m
                    [36m>[39m
                      [36m<path[39m
                        [33md[39m=[32m"M5 12h14"[39m
                      [36m/>[39m
                      [36m<path[39m
                        [33md[39m=[32m"m12 5 7 7-7 7"[39m
                      [36m/>[39m
                    [36m</svg>[39m
                    [36m<span[39m
                      [33mclass[39m=[32m"text-sm text-white/80 font-medium"[39m
                    [36m>[39m
                      [0mMaintenance[0m
                    [36m</span>[39m
                  [36m</div>[39m
                  [36m<div[39m
                    [33mclass[39m=[32m"flex flex-wrap gap-4 text-xs text-white/60"[39m
                  [36m>[39m
                    [36m<div[39m
                      [33mclass[39m=[32m"flex items-center gap-1.5"[39m
                    [36m>[39m
                      [36m<svg[39m
                        [33mclass[39m=[32m"w-3.5 h-3.5"[39m
                        [33mfill[39m=[32m"none"[39m
                        [33mheight[39m=[32m"24"[39m
                        [33mstroke[39m=[32m"currentColor"[39m
                        [33mstroke-linecap[39m=[32m"round"[39m
                        [33mstroke-linejoin[39m=[32m"round"[39m
                        [33mstroke-width[39m=[32m"2"[39m
                        [33mviewBox[39m=[32m"0 0 24 24"[39m
                        [33mwidth[39m=[32m"24"[39m
                        [33mxmlns[39m=[32m"http://www.w3.org/2000/svg"[39m
                      [36m>[39m
                        [36m<rect[39m
                          [33mheight[39m=[32m"18"[39m
                          [33mrx[39m=[32m"2"[39m
                          [33mry[39m=[32m"2"[39m
                          [33mwidth[39m=[32m"18"[39m
                          [33mx[39m=[32m"3"[39m
                          [33my[39m=[32m"4"[39m
                        [36m/>[39m
                        [36m<line[39m
                          [33mx1[39m=[32m"16"[39m
                          [33mx2[39m=[32m"16"[39m
                          [33my1[39m=[32m"2"[39m
                          [33my2[39m=[32m"6"[39m
                        [36m/>[39m
                        [36m<line[39m
                          [33mx1[39m=[32m"8"[39m
                          [33mx2[39m=[32m"8"[39m
                          [33my1[39m=[32m"2"[39m
                          [33my2[39m=[32m"6"[39m
                        [36m/>[39m
                        [36m<line[39m
                          [33mx1[39m=[32m"3"[39m
                          [33mx2[39m=[32m"21"[39m
                          [33my1[39m=[32m"10"[39m
                          [33my2[39m=[32m"10"[39m
                        [36m/>[39m
                      [36m</svg>[39m
                      [36m<span>[39m
                        [0m1/15/2024, 2:00:00 PM[0m
                      [36m</span>[39m
                      [36m<span[39m
                        [33mclass[39m=[32m"text-white/40"[39m
                      [36m>[39m
                        [0m([0m
                        [0m1/15/2024[0m
                        [0m)[0m
                      [36m</span>[39m
                    [36m</div>[39m
                    [36m<div[39m
                      [33mclass[39m=[32m"flex items-center gap-1.5"[39m
                    [36m>[39m
                      [36m<svg[39m
                        [33mclass[39m=[32m"w-3.5 h-3.5"[39m
                        [33mfill[39m=[32m"none"[39m
                        [33mheight[39m=[32m"24"[39m
                        [33mstroke[39m=[32m"currentColor"[39m
                        [33mstroke-linecap[39m=[32m"round"[39m
                        [33mstroke-linejoin[39m=[32m"round"[39m
                        [33mstroke-width[39m=[32m"2"[39m
                        [33mviewBox[39m=[32m"0 0 24 24"[39m
                        [33mwidth[39m=[32m"24"[39m
                        [33mxmlns[39m=[32m"http://www.w3.org/2000/svg"[39m
                      [36m>[39m
                        [36m<path[39m
                          [33md[39m=[32m"M19 21v-2a4 4 0 0 0-4-4H9a4 4 0 0 0-4 4v2"[39m
                        [36m/>[39m
                        [36m<circle[39m
                          [33mcx[39m=[32m"12"[39m
                          [33mcy[39m=[32m"7"[39m
                          [33mr[39m=[32m"4"[39m
                        [36m/>[39m
                      [36m</svg>[39m
                      [36m<span[39m
                        [33mclass[39m=[32m"font-mono"[39m
                      [36m>[39m
                        [0mqa-user-[0m
                      [36m</span>[39m
                    [36m</div>[39m
                  [36m</div>[39m
                [36m</div>[39m
              [36m</div>[39m
            [36m</div>[39m
          [36m</div>[39m
        [36m</div>[39m
      [36m</div>[39m
    [36m</div>[39m
  [36m</div>[39m
[36m</body>[39m
 ❯ Object.getElementError node_modules/@testing-library/react/node_modules/@testing-library/dom/dist/config.js:37:19
 ❯ node_modules/@testing-library/react/node_modules/@testing-library/dom/dist/query-helpers.js:76:38
 ❯ node_modules/@testing-library/react/node_modules/@testing-library/dom/dist/query-helpers.js:109:15
 ❯ src/modules/ticketing/__tests__/components/HandoverHistory.test.tsx:233:30
    231| 
    232|       // Get all timeline entries
    233|       const entries = screen.getAllByRole('listitem') || screen.getAll…
       |                              ^
    234|       expect(entries.length).toBeGreaterThanOrEqual(2);
    235|     });

⎯⎯⎯⎯⎯⎯⎯⎯⎯⎯⎯⎯⎯⎯⎯⎯⎯⎯⎯⎯⎯⎯[38/79]⎯

 FAIL  src/modules/ticketing/__tests__/components/HandoverHistory.test.tsx > HandoverHistory Component > Timeline Display > should display ownership transfer details
TestingLibraryElementError: Found multiple elements with the text: /Build/i

Here are the matching elements:

Ignored nodes: comments, script, style
[36m<h4[39m
  [33mclass[39m=[32m"text-base font-semibold text-white mb-1"[39m
[36m>[39m
  [0mBuild to QA[0m
[36m</h4>[39m

Ignored nodes: comments, script, style
[36m<span[39m
  [33mclass[39m=[32m"text-sm text-white/60"[39m
[36m>[39m
  [0mBuild[0m
[36m</span>[39m

Ignored nodes: comments, script, style
[36m<span[39m
  [33mclass[39m=[32m"font-mono"[39m
[36m>[39m
  [0mbuild-us[0m
[36m</span>[39m

(If this is intentional, then use the `*AllBy*` variant of the query (like `queryAllByText`, `getAllByText`, or `findAllByText`)).

Ignored nodes: comments, script, style
[36m<body>[39m
  [36m<div>[39m
    [36m<div[39m
      [33mclass[39m=[32m"space-y-6"[39m
    [36m>[39m
      [36m<div[39m
        [33mclass[39m=[32m"flex items-center justify-between"[39m
      [36m>[39m
        [36m<div>[39m
          [36m<h3[39m
            [33mclass[39m=[32m"text-lg font-semibold text-white"[39m
          [36m>[39m
            [0mHandover History[0m
          [36m</h3>[39m
          [36m<p[39m
            [33mclass[39m=[32m"text-sm text-white/60 mt-1"[39m
          [36m>[39m
            [0m2[0m
            [0m handover[0m
            [0ms[0m
            [36m<span>[39m
              [0m · [0m
              [0mCurrent owner: [0m
              [0mMaintenance[0m
            [36m</span>[39m
          [36m</p>[39m
        [36m</div>[39m
      [36m</div>[39m
      [36m<div[39m
        [33mclass[39m=[32m"space-y-0"[39m
      [36m>[39m
        [36m<div[39m
          [33mclass[39m=[32m"relative"[39m
        [36m>[39m
          [36m<div[39m
            [33mclass[39m=[32m"absolute left-6 top-16 bottom-0 w-0.5 bg-white/10"[39m
          [36m/>[39m
          [36m<div[39m
            [33mclass[39m=[32m"flex gap-4"[39m
          [36m>[39m
            [36m<div[39m
              [33mclass[39m=[32m"flex-shrink-0 w-12 h-12 rounded-full flex items-center justify-center border-2 bg-blue-500/20 border-blue-500/50"[39m
            [36m>[39m
              [36m<svg[39m
                [33mclass[39m=[32m"w-6 h-6 text-blue-400"[39m
                [33mfill[39m=[32m"none"[39m
                [33mheight[39m=[32m"24"[39m
                [33mstroke[39m=[32m"currentColor"[39m
                [33mstroke-linecap[39m=[32m"round"[39m
                [33mstroke-linejoin[39m=[32m"round"[39m
                [33mstroke-width[39m=[32m"2"[39m
                [33mviewBox[39m=[32m"0 0 24 24"[39m
                [33mwidth[39m=[32m"24"[39m
                [33mxmlns[39m=[32m"http://www.w3.org/2000/svg"[39m
              [36m>[39m
                [36m<circle[39m
                  [33mcx[39m=[32m"12"[39m
                  [33mcy[39m=[32m"12"[39m
                  [33mr[39m=[32m"10"[39m
                [36m/>[39m
                [36m<polyline[39m
                  [33mpoints[39m=[32m"12 6 12 12 16 14"[39m
                [36m/>[39m
              [36m</svg>[39m
            [36m</div>[39m
            [36m<div[39m
              [33mclass[39m=[32m"flex-1 pb-8"[39m
            [36m>[39m
              [36m<div[39m
                [33mclass[39m=[32m"border rounded-lg overflow-hidden border-white/10 bg-white/5"[39m
              [36m>[39m
                [36m<div[39m
                  [33mclass[39m=[32m"p-4"[39m
                [36m>[39m
                  [36m<div[39m
                    [33mclass[39m=[32m"flex items-start justify-between mb-3"[39m
                  [36m>[39m
                    [36m<div>[39m
                      [36m<h4[39m
                        [33mclass[39m=[32m"text-base font-semibold text-white mb-1"[39m
                      [36m>[39m
                        [0mBuild to QA[0m
                      [36m</h4>[39m
                    [36m</div>[39m
                    [36m<button[39m
                      [33maria-label[39m=[32m"View details"[39m
                      [33mclass[39m=[32m"flex items-center gap-1 text-sm text-blue-400 hover:text-blue-300 transition-colors"[39m
                      [33mrole[39m=[32m"button"[39m
                    [36m>[39m
                      [0mView Details[0m
                      [36m<svg[39m
                        [33mclass[39m=[32m"w-4 h-4 transition-transform"[39m
                        [33mfill[39m=[32m"none"[39m
                        [33mheight[39m=[32m"24"[39m
                        [33mstroke[39m=[32m"currentColor"[39m
                        [33mstroke-linecap[39m=[32m"round"[39m
                        [33mstroke-linejoin[39m=[32m"round"[39m
                        [33mstroke-width[39m=[32m"2"[39m
                        [33mviewBox[39m=[32m"0 0 24 24"[39m
                        [33mwidth[39m=[32m"24"[39m
                        [33mxmlns[39m=[32m"http://www.w3.org/2000/svg"[39m
                      [36m>[39m
                        [36m<path[39m
                          [33md[39m=[32m"m9 18 6-6-6-6"[39m
                        [36m/>[39m
                      [36m</svg>[39m
                    [36m</button>[39m
                  [36m</div>[39m
                  [36m<div[39m
                    [33mclass[39m=[32m"flex items-center gap-3 mb-3 p-2 bg-white/5 rounded-lg"[39m
                  [36m>[39m
                    [36m<span[39m
                      [33mclass[39m=[32m"text-sm text-white/60"[39m
                    [36m>[39m
                      [0mBuild[0m
                    [36m</span>[39m
                    [36m<svg[39m
                      [33mclass[39m=[32m"w-4 h-4 text-white/40"[39m
                      [33mfill[39m=[32m"none"[39m
                      [33mheight[39m=[32m"24"[39m
                      [33mstroke[39m=[32m"currentColor"[39m
                      [33mstroke-linecap[39m=[32m"round"[39m
                      [33mstroke-linejoin[39m=[32m"round"[39m
                      [33mstroke-width[39m=[32m"2"[39m
                      [33mviewBox[39m=[32m"0 0 24 24"[39m
                      [33mwidth[39m=[32m"24"[39m
                      [33mxmlns[39m=[32m"http://www.w3.org/2000/svg"[39m
                    [36m>[39m
                      [36m<path[39m
                        [33md[39m=[32m"M5 12h14"[39m
                      [36m/>[39m
                      [36m<path[39m
                        [33md[39m=[32m"m12 5 7 7-7 7"[39m
                      [36m/>[39m
                    [36m</svg>[39m
                    [36m<span[39m
                      [33mclass[39m=[32m"text-sm text-white/80 font-medium"[39m
                    [36m>[39m
                      [0mQA[0m
                    [36m</span>[39m
                  [36m</div>[39m
                  [36m<div[39m
                    [33mclass[39m=[32m"flex flex-wrap gap-4 text-xs text-white/60"[39m
                  [36m>[39m
                    [36m<div[39m
                      [33mclass[39m=[32m"flex items-center gap-1.5"[39m
                    [36m>[39m
                      [36m<svg[39m
                        [33mclass[39m=[32m"w-3.5 h-3.5"[39m
                        [33mfill[39m=[32m"none"[39m
                        [33mheight[39m=[32m"24"[39m
                        [33mstroke[39m=[32m"currentColor"[39m
                        [33mstroke-linecap[39m=[32m"round"[39m
                        [33mstroke-linejoin[39m=[32m"round"[39m
                        [33mstroke-width[39m=[32m"2"[39m
                        [33mviewBox[39m=[32m"0 0 24 24"[39m
                        [33mwidth[39m=[32m"24"[39m
                        [33mxmlns[39m=[32m"http://www.w3.org/2000/svg"[39m
                      [36m>[39m
                        [36m<rect[39m
                          [33mheight[39m=[32m"18"[39m
                          [33mrx[39m=[32m"2"[39m
                          [33mry[39m=[32m"2"[39m
                          [33mwidth[39m=[32m"18"[39m
                          [33mx[39m=[32m"3"[39m
                          [33my[39m=[32m"4"[39m
                        [36m/>[39m
                        [36m<line[39m
                          [33mx1[39m=[32m"16"[39m
                          [33mx2[39m=[32m"16"[39m
                          [33my1[39m=[32m"2"[39m
                          [33my2[39m=[32m"6"[39m
                        [36m/>[39m
                        [36m<line[39m
                          [33mx1[39m=[32m"8"[39m
                          [33mx2[39m=[32m"8"[39m
                          [33my1[39m=[32m"2"[39m
                          [33my2[39m=[32m"6"[39m
                        [36m/>[39m
                        [36m<line[39m
                          [33mx1[39m=[32m"3"[39m
                          [33mx2[39m=[32m"21"[39m
                          [33my1[39m=[32m"10"[39m
                          [33my2[39m=[32m"10"[39m
                        [36m/>[39m
                      [36m</svg>[39m
                      [36m<span>[39m
                        [0m1/10/2024, 12:00:00 PM[0m
                      [36m</span>[39m
                      [36m<span[39m
                        [33mclass[39m=[32m"text-white/40"[39m
                      [36m>[39m
                        [0m([0m
                        [0m1/10/2024[0m
                        [0m)[0m
                      [36m</span>[39m
                    [36m</div>[39m
                    [36m<div[39m
                      [33mclass[39m=[32m"flex items-center gap-1.5"[39m
                    [36m>[39m
                      [36m<svg[39m
                        [33mclass[39m=[32m"w-3.5 h-3.5"[39m
                        [33mfill[39m=[32m"none"[39m
                        [33mheight[39m=[32m"24"[39m
                        [33mstroke[39m=[32m"currentColor"[39m
                        [33mstroke-linecap[39m=[32m"round"[39m
                        [33mstroke-linejoin[39m=[32m"round"[39m
                        [33mstroke-width[39m=[32m"2"[39m
                        [33mviewBox[39m=[32m"0 0 24 24"[39m
                        [33mwidth[39m=[32m"24"[39m
                        [33mxmlns[39m=[32m"http://www.w3.org/2000/svg"[39m
                      [36m>[39m
                        [36m<path[39m
                          [33md[39m=[32m"M19 21v-2a4 4 0 0 0-4-4H9a4 4 0 0 0-4 4v2"[39m
                        [36m/>[39m
                        [36m<circle[39m
                          [33mcx[39m=[32m"12"[39m
                          [33mcy[39m=[32m"7"[39m
                          [33mr[39m=[32m"4"[39m
                        [36m/>[39m
                      [36m</svg>[39m
                      [36m<span[39m
                        [33mclass[39m=[32m"font-mono"[39m
                      [36m>[39m
                        [0mbuild-us[0m
                      [36m</span>[39m
                    [36m</div>[39m
                  [36m</div>[39m
                [36m</div>[39m
              [36m</div>[39m
            [36m</div>[39m
          [36m</div>[39m
        [36m</div>[39m
        [36m<div[39m
          [33mclass[39m=[32m"relative"[39m
        [36m>[39m
          [36m<div[39m
            [33mclass[39m=[32m"flex gap-4"[39m
          [36m>[39m
            [36m<div[39m
              [33mclass[39m=[32m"flex-shrink-0 w-12 h-12 rounded-full flex items-center justify-center border-2 bg-green-500/20 border-green-500/50"[39m
            [36m>[39m
              [36m<svg[39m
                [33mclass[39m=[32m"w-6 h-6 text-green-400"[39m
                [33mfill[39m=[32m"none"[39m
                [33mheight[39m=[32m"24"[39m
                [33mstroke[39m=[32m"currentColor"[39m
                [33mstroke-linecap[39m=[32m"round"[39m
                [33mstroke-linejoin[39m=[32m"round"[39m
                [33mstroke-width[39m=[32m"2"[39m
                [33mviewBox[39m=[32m"0 0 24 24"[39m
                [33mwidth[39m=[32m"24"[39m
                [33mxmlns[39m=[32m"http://www.w3.org/2000/svg"[39m
              [36m>[39m
                [36m<path[39m
                  [33md[39m=[32m"M12 22c5.523 0 10-4.477 10-10S17.523 2 12 2 2 6.477 2 12s4.477 10 10 10z"[39m
                [36m/>[39m
                [36m<path[39m
                  [33md[39m=[32m"m9 12 2 2 4-4"[39m
                [36m/>[39m
              [36m</svg>[39m
            [36m</div>[39m
            [36m<div[39m
              [33mclass[39m=[32m"flex-1 pb-8"[39m
            [36m>[39m
              [36m<div[39m
                [33mclass[39m=[32m"border rounded-lg overflow-hidden border-green-500/30 bg-green-500/5"[39m
              [36m>[39m
                [36m<div[39m
                  [33mclass[39m=[32m"p-4"[39m
                [36m>[39m
                  [36m<div[39m
                    [33mclass[39m=[32m"flex items-start justify-between mb-3"[39m
                  [36m>[39m
                    [36m<div>[39m
                      [36m<h4[39m
                        [33mclass[39m=[32m"text-base font-semibold text-white mb-1"[39m
                      [36m>[39m
                        [0mQA to Maintenance[0m
                      [36m</h4>[39m
                      [36m<span[39m
                        [33mclass[39m=[32m"px-2 py-0.5 bg-green-500/20 text-green-400 rounded text-xs font-medium"[39m
                      [36m>[39m
                        [0mCurrent Owner[0m
                      [36m</span>[39m
                    [36m</div>[39m
                    [36m<button[39m
                      [33maria-label[39m=[32m"View details"[39m
                      [33mclass[39m=[32m"flex items-center gap-1 text-sm text-blue-400 hover:text-blue-300 transition-colors"[39m
                      [33mrole[39m=[32m"button"[39m
                    [36m>[39m
                      [0mView Details[0m
                      [36m<svg[39m
                        [33mclass[39m=[32m"w-4 h-4 transition-transform"[39m
                        [33mfill[39m=[32m"none"[39m
                        [33mheight[39m=[32m"24"[39m
                        [33mstroke[39m=[32m"currentColor"[39m
                        [33mstroke-linecap[39m=[32m"round"[39m
                        [33mstroke-linejoin[39m=[32m"round"[39m
                        [33mstroke-width[39m=[32m"2"[39m
                        [33mviewBox[39m=[32m"0 0 24 24"[39m
                        [33mwidth[39m=[32m"24"[39m
                        [33mxmlns[39m=[32m"http://www.w3.org/2000/svg"[39m
                      [36m>[39m
                        [36m<path[39m
                          [33md[39m=[32m"m9 18 6-6-6-6"[39m
                        [36m/>[39m
                      [36m</svg>[39m
                    [36m</button>[39m
                  [36m</div>[39m
                  [36m<div[39m
                    [33mclass[39m=[32m"flex items-center gap-3 mb-3 p-2 bg-white/5 rounded-lg"[39m
                  [36m>[39m
                    [36m<span[39m
                      [33mclass[39m=[32m"text-sm text-white/60"[39m
                    [36m>[39m
                      [0mQA[0m
                    [36m</span>[39m
                    [36m<svg[39m
                      [33mclass[39m=[32m"w-4 h-4 text-white/40"[39m
                      [33mfill[39m=[32m"none"[39m
                      [33mheight[39m=[32m"24"[39m
                      [33mstroke[39m=[32m"currentColor"[39m
                      [33mstroke-linecap[39m=[32m"round"[39m
                      [33mstroke-linejoin[39m=[32m"round"[39m
                      [33mstroke-width[39m=[32m"2"[39m
                      [33mviewBox[39m=[32m"0 0 24 24"[39m
                      [33mwidth[39m=[32m"24"[39m
                      [33mxmlns[39m=[32m"http://www.w3.org/2000/svg"[39m
                    [36m>[39m
                      [36m<path[39m
                        [33md[39m=[32m"M5 12h14"[39m
                      [36m/>[39m
                      [36m<path[39m
                        [33md[39m=[32m"m12 5 7 7-7 7"[39m
                      [36m/>[39m
                    [36m</svg>[39m
                    [36m<span[39m
                      [33mclass[39m=[32m"text-sm text-white/80 font-medium"[39m
                    [36m>[39m
                      [0mMaintenance[0m
                    [36m</span>[39m
                  [36m</div>[39m
                  [36m<div[39m
                    [33mclass[39m=[32m"flex flex-wrap gap-4 text-xs text-white/60"[39m
                  [36m>[39m
                    [36m<div[39m
                      [33mclass[39m=[32m"flex items-center gap-1.5"[39m
                    [36m>[39m
                      [36m<svg[39m
                        [33mclass[39m=[32m"w-3.5 h-3.5"[39m
                        [33mfill[39m=[32m"none"[39m
                        [33mheight[39m=[32m"24"[39m
                        [33mstroke[39m=[32m"currentColor"[39m
                        [33mstroke-linecap[39m=[32m"round"[39m
                        [33mstroke-linejoin[39m=[32m"round"[39m
                        [33mstroke-width[39m=[32m"2"[39m
                        [33mviewBox[39m=[32m"0 0 24 24"[39m
                        [33mwidth[39m=[32m"24"[39m
                        [33mxmlns[39m=[32m"http://www.w3.org/2000/svg"[39m
                      [36m>[39m
                        [36m<rect[39m
                          [33mheight[39m=[32m"18"[39m
                          [33mrx[39m=[32m"2"[39m
                          [33mry[39m=[32m"2"[39m
                          [33mwidth[39m=[32m"18"[39m
                          [33mx[39m=[32m"3"[39m
                          [33my[39m=[32m"4"[39m
                        [36m/>[39m
                        [36m<line[39m
                          [33mx1[39m=[32m"16"[39m
                          [33mx2[39m=[32m"16"[39m
                          [33my1[39m=[32m"2"[39m
                          [33my2[39m=[32m"6"[39m
                        [36m/>[39m
                        [36m<line[39m
                          [33mx1[39m=[32m"8"[39m
                          [33mx2[39m=[32m"8"[39m
                          [33my1[39m=[32m"2"[39m
                          [33my2[39m=[32m"6"[39m
                        [36m/>[39m
                        [36m<line[39m
                          [33mx1[39m=[32m"3"[39m
                          [33mx2[39m=[32m"21"[39m
                          [33my1[39m=[32m"10"[39m
                          [33my2[39m=[32m"10"[39m
                        [36m/>[39m
                      [36m</svg>[39m
                      [36m<span>[39m
                        [0m1/15/2024, 2:00:00 PM[0m
                      [36m</span>[39m
                      [36m<span[39m
                        [33mclass[39m=[32m"text-white/40"[39m
                      [36m>[39m
                        [0m([0m
                        [0m1/15/2024[0m
                        [0m)[0m
                      [36m</span>[39m
                    [36m</div>[39m
                    [36m<div[39m
                      [33mclass[39m=[32m"flex items-center gap-1.5"[39m
                    [36m>[39m
                      [36m<svg[39m
                        [33mclass[39m=[32m"w-3.5 h-3.5"[39m
                        [33mfill[39m=[32m"none"[39m
                        [33mheight[39m=[32m"24"[39m
                        [33mstroke[39m=[32m"currentColor"[39m
                        [33mstroke-linecap[39m=[32m"round"[39m
                        [33mstroke-linejoin[39m=[32m"round"[39m
                        [33mstroke-width[39m=[32m"2"[39m
                        [33mviewBox[39m=[32m"0 0 24 24"[39m
                        [33mwidth[39m=[32m"24"[39m
                        [33mxmlns[39m=[32m"http://www.w3.org/2000/svg"[39m
                      [36m>[39m
                        [36m<path[39m
                          [33md[39m=[32m"M19 21v-2a4 4 0 0 0-4-4H9a4 4 0 0 0-4 4v2"[39m
                        [36m/>[39m
                        [36m<circle[39m
                          [33mcx[39m=[32m"12"[39m
                          [33mcy[39m=[32m"7"[39m
                          [33mr[39m=[32m"4"[39m
                        [36m/>[39m
                      [36m</svg>[39m
                      [36m<span[39m
                        [33mclass[39m=[32m"font-mono"[39m
                      [36m>[39m
                        [0mqa-user-[0m
                      [36m</span>[39m
                    [36m</div>[39m
                  [36m</div>[39m
                [36m</div>[39m
              [36m</div>[39m
            [36m</div>[39m
          [36m</div>[39m
        [36m</div>[39m
      [36m</div>[39m
    [36m</div>[39m
  [36m</div>[39m
[36m</body>[39m

Ignored nodes: comments, script, style
[36m<html>[39m
  [36m<head />[39m
  [36m<body>[39m
    [36m<div>[39m
      [36m<div[39m
        [33mclass[39m=[32m"space-y-6"[39m
      [36m>[39m
        [36m<div[39m
          [33mclass[39m=[32m"flex items-center justify-between"[39m
        [36m>[39m
          [36m<div>[39m
            [36m<h3[39m
              [33mclass[39m=[32m"text-lg font-semibold text-white"[39m
            [36m>[39m
              [0mHandover History[0m
            [36m</h3>[39m
            [36m<p[39m
              [33mclass[39m=[32m"text-sm text-white/60 mt-1"[39m
            [36m>[39m
              [0m2[0m
              [0m handover[0m
              [0ms[0m
              [36m<span>[39m
                [0m · [0m
                [0mCurrent owner: [0m
                [0mMaintenance[0m
              [36m</span>[39m
            [36m</p>[39m
          [36m</div>[39m
        [36m</div>[39m
        [36m<div[39m
          [33mclass[39m=[32m"space-y-0"[39m
        [36m>[39m
          [36m<div[39m
            [33mclass[39m=[32m"relative"[39m
          [36m>[39m
            [36m<div[39m
              [33mclass[39m=[32m"absolute left-6 top-16 bottom-0 w-0.5 bg-white/10"[39m
            [36m/>[39m
            [36m<div[39m
              [33mclass[39m=[32m"flex gap-4"[39m
            [36m>[39m
              [36m<div[39m
                [33mclass[39m=[32m"flex-shrink-0 w-12 h-12 rounded-full flex items-center justify-center border-2 bg-blue-500/20 border-blue-500/50"[39m
              [36m>[39m
                [36m<svg[39m
                  [33mclass[39m=[32m"w-6 h-6 text-blue-400"[39m
                  [33mfill[39m=[32m"none"[39m
                  [33mheight[39m=[32m"24"[39m
                  [33mstroke[39m=[32m"currentColor"[39m
                  [33mstroke-linecap[39m=[32m"round"[39m
                  [33mstroke-linejoin[39m=[32m"round"[39m
                  [33mstroke-width[39m=[32m"2"[39m
                  [33mviewBox[39m=[32m"0 0 24 24"[39m
                  [33mwidth[39m=[32m"24"[39m
                  [33mxmlns[39m=[32m"http://www.w3.org/2000/svg"[39m
                [36m>[39m
                  [36m<circle[39m
                    [33mcx[39m=[32m"12"[39m
                    [33mcy[39m=[32m"12"[39m
                    [33mr[39m=[32m"10"[39m
                  [36m/>[39m
                  [36m<polyline[39m
                    [33mpoints[39m=[32m"12 6 12 12 16 14"[39m
                  [36m/>[39m
                [36m</svg>[39m
              [36m</div>[39m
              [36m<div[39m
                [33mclass[39m=[32m"flex-1 pb-8"[39m
              [36m>[39m
                [36m<div[39m
                  [33mclass[39m=[32m"border rounded-lg overflow-hidden border-white/10 bg-white/5"[39m
                [36m>[39m
                  [36m<div[39m
                    [33mclass[39m=[32m"p-4"[39m
                  [36m>[39m
                    [36m<div[39m
                      [33mclass[39m=[32m"flex items-start justify-between mb-3"[39m
                    [36m>[39m
                      [36m<div>[39m
                        [36m<h4[39m
                          [33mclass[39m=[32m"text-base font-semibold text-white mb-1"[39m
                        [36m>[39m
                          [0mBuild to QA[0m
                        [36m</h4>[39m
                      [36m</div>[39m
                      [36m<button[39m
                        [33maria-label[39m=[32m"View details"[39m
                        [33mclass[39m=[32m"flex items-center gap-1 text-sm text-blue-400 hover:text-blue-300 transition-colors"[39m
                        [33mrole[39m=[32m"button"[39m
                      [36m>[39m
                        [0mView Details[0m
                        [36m<svg[39m
                          [33mclass[39m=[32m"w-4 h-4 transition-transform"[39m
                          [33mfill[39m=[32m"none"[39m
                          [33mheight[39m=[32m"24"[39m
                          [33mstroke[39m=[32m"currentColor"[39m
                          [33mstroke-linecap[39m=[32m"round"[39m
                          [33mstroke-linejoin[39m=[32m"round"[39m
                          [33mstroke-width[39m=[32m"2"[39m
                          [33mviewBox[39m=[32m"0 0 24 24"[39m
                          [33mwidth[39m=[32m"24"[39m
                          [33mxmlns[39m=[32m"http://www.w3.org/2000/svg"[39m
                        [36m>[39m
                          [36m<path[39m
                            [33md[39m=[32m"m9 18 6-6-6-6"[39m
                          [36m/>[39m
                        [36m</svg>[39m
                      [36m</button>[39m
                    [36m</div>[39m
                    [36m<div[39m
                      [33mclass[39m=[32m"flex items-center gap-3 mb-3 p-2 bg-white/5 rounded-lg"[39m
                    [36m>[39m
                      [36m<span[39m
                        [33mclass[39m=[32m"text-sm text-white/60"[39m
                      [36m>[39m
                        [0mBuild[0m
                      [36m</span>[39m
                      [36m<svg[39m
                        [33mclass[39m=[32m"w-4 h-4 text-white/40"[39m
                        [33mfill[39m=[32m"none"[39m
                        [33mheight[39m=[32m"24"[39m
                        [33mstroke[39m=[32m"currentColor"[39m
                        [33mstroke-linecap[39m=[32m"round"[39m
                        [33mstroke-linejoin[39m=[32m"round"[39m
                        [33mstroke-width[39m=[32m"2"[39m
                        [33mviewBox[39m=[32m"0 0 24 24"[39m
                        [33mwidth[39m=[32m"24"[39m
                        [33mxmlns[39m=[32m"http://www.w3.org/2000/svg"[39m
                      [36m>[39m
                        [36m<path[39m
                          [33md[39m=[32m"M5 12h14"[39m
                        [36m/>[39m
                        [36m<path[39m
                          [33md[39m=[32m"m12 5 7 7-7 7"[39m
                        [36m/>[39m
                      [36m</svg>[39m
                      [36m<span[39m
                        [33mclass[39m=[32m"text-sm text-white/80 font-medium"[39m
                      [36m>[39m
                        [0mQA[0m
                      [36m</span>[39m
                    [36m</div>[39m
                    [36m<div[39m
                      [33mclass[39m=[32m"flex flex-wrap gap-4 text-xs text-white/60"[39m
                    [36m>[39m
                      [36m<div[39m
                        [33mclass[39m=[32m"flex items-center gap-1.5"[39m
                      [36m>[39m
                        [36m<svg[39m
                          [33mclass[39m=[32m"w-3.5 h-3.5"[39m
                          [33mfill[39m=[32m"none"[39m
                          [33mheight[39m=[32m"24"[39m
                          [33mstroke[39m=[32m"currentColor"[39m
                          [33mstroke-linecap[39m=[32m"round"[39m
                          [33mstroke-linejoin[39m=[32m"round"[39m
                          [33mstroke-width[39m=[32m"2"[39m
                          [33mviewBox[39m=[32m"0 0 24 24"[39m
                          [33mwidth[39m=[32m"24"[39m
                          [33mxmlns[39m=[32m"http://www.w3.org/2000/svg"[39m
                        [36m>[39m
                          [36m<rect[39m
                            [33mheight[39m=[32m"18"[39m
                            [33mrx[39m=[32m"2"[39m
                            [33mry[39m=[32m"2"[39m
                            [33mwidth[39m=[32m"18"[39m
                            [33mx[39m=[32m"3"[39m
                            [33my[39m=[32m"4"[39m
                          [36m/>[39m
                          [36m<line[39m
                            [33mx1[39m=[32m"16"[39m
                            [33mx2[39m=[32m"16"[39m
                            [33my1[39m=[32m"2"[39m
                            [33my2[39m=[32m"6"[39m
                          [36m/>[39m
                          [36m<line[39m
                            [33mx1[39m=[32m"8"[39m
                            [33mx2[39m=[32m"8"[39m
                            [33my1[39m=[32m"2"[39m
                            [33my2[39m=[32m"6"[39m
                          [36m/>[39m
                          [36m<line[39m
                            [33mx1[39m=[32m"3"[39m
                            [33mx2[39m=[32m"21"[39m
                            [33my1[39m=[32m"10"[39m
                            [33my2[39m=[32m"10"[39m
                          [36m/>[39m
                        [36m</svg>[39m
                        [36m<span>[39m
                          [0m1/10/2024, 12:00:00 PM[0m
                        [36m</span>[39m
                        [36m<span[39m
                          [33mclass[39m=[32m"text-white/40"[39m
                        [36m>[39m
                          [0m([0m
                          [0m1/10/2024[0m
                          [0m)[0m
                        [36m</span>[39m
                      [36m</div>[39m
                      [36m<div[39m
                        [33mclass[39m=[32m"flex items-center gap-1.5"[39m
                      [36m>[39m
                        [36m<svg[39m
                          [33mclass[39m=[32m"w-3.5 h-3.5"[39m
                          [33mfill[39m=[32m"none"[39m
                          [33mheight[39m=[32m"24"[39m
                          [33mstroke[39m=[32m"currentColor"[39m
                          [33mstroke-linecap[39m=[32m"round"[39m
                          [33mstroke-linejoin[39m=[32m"round"[39m
                          [33mstroke-width[39m=[32m"2"[39m
                          [33mviewBox[39m=[32m"0 0 24 24"[39m
                          [33mwidth[39m=[32m"24"[39m
                          [33mxmlns[39m=[32m"http://www.w3.org/2000/svg"[39m
                        [36m>[39m
                          [36m<path[39m
                            [33md[39m=[32m"M19 21v-2a4 4 0 0 0-4-4H9a4 4 0 0 0-4 4v2"[39m
                          [36m/>[39m
                          [36m<circle[39m
                            [33mcx[39m=[32m"12"[39m
                            [33mcy[39m=[32m"7"[39m
                            [33mr[39m=[32m"4"[39m
                          [36m/>[39m
                        [36m</svg>[39m
                        [36m<span[39m
                          [33mclass[39m=[32m"font-mono"[39m
                        [36m>[39m
                          [0mbuild-us[0m
                        [36m</span>[39m
                      [36m</div>[39m
                    [36m</div>[39m
                  [36m</div>[39m
                [36m</div>[39m
              [36m</div>[39m
            [36m</div>[39m
          [36m</div>[39m
          [36m<div[39m
            [33mclass[39m=[32m"relative"[39m
          [36m>[39m
            [36m<div[39m
              [33mclass[39m=[32m"flex gap-4"[39m
            [36m>[39m
              [36m<div[39m
                [33mclass[39m=[32m"flex-shrink-0 w-12 h-12 rounded-full flex items-center justify-center border-2 bg-green-500/20 border-green-500/50"[39m
              [36m>[39m
                [36m<svg[39m
                  [33mclass[39m=[32m"w-6 h-6 text-green-400"[39m
                  [33mfill[39m=[32m"none"[39m
                  [33mheight[39m=[32m"24"[39m
                  [33mstroke[39m=[32m"currentColor"[39m
                  [33mstroke-linecap[39m=[32m"round"[39m
                  [33mstroke-linejoin[39m=[32m"round"[39m
                  [33mstroke-width[39m=[32m"2"[39m
                  [33mviewBox[39m=[32m"0 0 24 24"[39m
                  [33mwidth[39m=[32m"24"[39m
                  [33mxmlns[39m=[32m"http://www.w3.org/2000/svg"[39m
                [36m>[39m
                  [36m<path[39m
                    [33md[39m=[32m"M12 22c5.523 0 10-4.477 10-10S17.523 2 12 2 2 6.477 2 12s4.477 10 10 10z"[39m
                  [36m/>[39m
                  [36m<path[39m
                    [33md[39m=[32m"m9 12 2 2 4-4"[39m
                  [36m/>[39m
                [36m</svg>[39m
              [36m</div>[39m
              [36m<div[39m
                [33mclass[39m=[32m"flex-1 pb-8"[39m
              [36m>[39m
                [36m<div[39m
                  [33mclass[39m=[32m"border rounded-lg overflow-hidden border-green-500/30 bg-green-500/5"[39m
                [36m>[39m
                  [36m<div[39m
                    [33mclass[39m=[32m"p-4"[39m
                  [36m>[39m
                    [36m<div[39m
                      [33mclass[39m=[32m"flex items-start justify-between mb-3"[39m
                    [36m>[39m
                      [36m<div>[39m
                        [36m<h4[39m
                          [33mclass[39m=[32m"text-base font-semibold text-white mb-1"[39m
                        [36m>[39m
                          [0mQA to Maintenance[0m
                        [36m</h4>[39m
                        [36m<span[39m
                          [33mclass[39m=[32m"px-2 py-0.5 bg-green-500/20 text-green-400 rounded text-xs font-medium"[39m
                        [36m>[39m
                          [0mCurrent Owner[0m
                        [36m</span>[39m
                      [36m</div>[39m
                      [36m<button[39m
                        [33maria-label[39m=[32m"View details"[39m
                        [33mclass[39m=[32m"flex items-center gap-1 text-sm text-blue-400 hover:text-blue-300 transition-colors"[39m
                        [33mrole[39m=[32m"button"[39m
                      [36m>[39m
                        [0mView Details[0m
                        [36m<svg[39m
                          [33mclass[39m=[32m"w-4 h-4 transition-transform"[39m
                          [33mfill[39m=[32m"none"[39m
                          [33mheight[39m=[32m"24"[39m
                          [33mstroke[39m=[32m"currentColor"[39m
                          [33mstroke-linecap[39m=[32m"round"[39m
                          [33mstroke-linejoin[39m=[32m"round"[39m
                          [33mstroke-width[39m=[32m"2"[39m
                          [33mviewBox[39m=[32m"0 0 24 24"[39m
                          [33mwidth[39m=[32m"24"[39m
                          [33mxmlns[39m=[32m"http://www.w3.org/2000/svg"[39m
                        [36m>[39m
                          [36m<path[39m
                            [33md[39m=[32m"m9 18 6-6-6-6"[39m
                          [36m/>[39m
                        [36m</svg>[39m
                      [36m</button>[39m
                    [36m</div>[39m
                    [36m<div[39m
                      [33mclass[39m=[32m"flex items-center gap-3 mb-3 p-2 bg-white/5 rounded-lg"[39m
                    [36m>[39m
                      [36m<span[39m
                        [33mclass[39m=[32m"text-sm text-white/60"[39m
                      [36m>[39m
                        [0mQA[0m
                      [36m</span>[39m
                      [36m<svg[39m
                        [33mclass[39m=[32m"w-4 h-4 text-white/40"[39m
                        [33mfill[39m=[32m"none"[39m
                        [33mheight[39m=[32m"24"[39m
                        [33mstroke[39m=[32m"currentColor"[39m
                        [33mstroke-linecap[39m=[32m"round"[39m
                        [33mstroke-linejoin[39m=[32m"round"[39m
                        [33mstroke-width[39m=[32m"2"[39m
                        [33mviewBox[39m=[32m"0 0 24 24"[39m
                        [33mwidth[39m=[32m"24"[39m
                        [33mxmlns[39m=[32m"http://www.w3.org/2000/svg"[39m
                      [36m>[39m
                        [36m<path[39m
                          [33md[39m=[32m"M5 12h14"[39m
                        [36m/>[39m
                        [36m<path[39m
                          [33md[39m=[32m"m12 5 7 7-7 7"[39m
                        [36m/>[39m
                      [36m</svg>[39m
                      [36m<span[39m
                        [33mclass[39m=[32m"text-sm text-white/80 font-medium"[39m
                      [36m>[39m
                        [0mMaintenance[0m
                      [36m</span>[39m
                    [36m</div>[39m
                    [36m<div[39m
                      [33mclass[39m=[32m"flex flex-wrap gap-4 text-xs text-white/60"[39m
                    [36m>[39m
                      [36m<div[39m
                        [33mclass[39m=[32m"flex items-center gap-1.5"[39m
                      [36m>[39m
                        [36m<svg[39m
                          [33mclass[39m=[32m"w-3.5 h-3.5"[39m
                          [33mfill[39m=[32m"none"[39m
                          [33mheight[39m=[32m"24"[39m
                          [33mstroke[39m=[32m"currentColor"[39m
                          [33mstroke-linecap[39m=[32m"round"[39m
                          [33mstroke-linejoin[39m=[32m"round"[39m
                          [33mstroke-width[39m=[32m"2"[39m
                          [33mviewBox[39m=[32m"0 0 24 24"[39m
                          [33mwidth[39m=[32m"24"[39m
                          [33mxmlns[39m=[32m"http://www.w3.org/2000/svg"[39m
                        [36m>[39m
                          [36m<rect[39m
                            [33mheight[39m=[32m"18"[39m
                            [33mrx[39m=[32m"2"[39m
                            [33mry[39m=[32m"2"[39m
                            [33mwidth[39m=[32m"18"[39m
                            [33mx[39m=[32m"3"[39m
                            [33my[39m=[32m"4"[39m
                          [36m/>[39m
                          [36m<line[39m
                            [33mx1[39m=[32m"16"[39m
                            [33mx2[39m=[32m"16"[39m
                            [33my1[39m=[32m"2"[39m
                            [33my2[39m=[32m"6"[39m
                          [36m/>[39m
                          [36m<line[39m
                            [33mx1[39m=[32m"8"[39m
                            [33mx2[39m=[32m"8"[39m
                            [33my1[39m=[32m"2"[39m
                            [33my2[39m=[32m"6"[39m
                          [36m/>[39m
                          [36m<line[39m
                            [33mx1[39m=[32m"3"[39m
                            [33mx2[39m=[32m"21"[39m
                            [33my1[39m=[32m"10"[39m
                            [33my2[39m=[32m"10"[39m
                          [36m/>[39m
                        [36m</svg>[39m
                        [36m<span>[39m
                          [0m1/15/2024, 2:00:00 PM[0m
                        [36m</span>[39m
                        [36m<span[39m
                          [33mclass[39m=[32m"text-white/40"[39m
                        [36m>[39m
                          [0m([0m
                          [0m1/15/2024[0m
                          [0m)[0m
                        [36m</span>[39m
                      [36m</div>[39m
                      [36m<div[39m
                        [33mclass[39m=[32m"flex items-center gap-1.5"[39m
                      [36m>[39m
                        [36m<svg[39m
                          [33mclass[39m=[32m"w-3.5 h-3.5"[39m
                          [33mfill[39m=[32m"none"[39m
                          [33mheight[39m=[32m"24"[39m
                          [33mstroke[39m=[32m"currentColor"[39m
                          [33mstroke-linecap[39m=[32m"round"[39m
                          [33mstroke-linejoin[39m=[32m"round"[39m
                          [33mstroke-width[39m=[32m"2"[39m
                          [33mviewBox[39m=[32m"0 0 24 24"[39m
                          [33mwidth[39m=[32m"24"[39m
                          [33mxmlns[39m=[32m"http://www.w3.org/2000/svg"[39m
                        [36m>[39m
                          [36m<path[39m
                            [33md[39m=[32m"M19 21v-2a4 4 0 0 0-4-4H9a4 4 0 0 0-4 4v2"[39m
                          [36m/>[39m
                          [36m<circle[39m
                            [33mcx[39m=[32m"12"[39m
                            [33mcy[39m=[32m"7"[39m
                            [33mr[39m=[32m"4"[39m
                          [36m/>[39m
                        [36m</svg>[39m
                        [36m<span[39m
                          [33mclass[39m=[32m"font-mono"[39m
                        [36m>[39m
                          [0mqa-user-[0m
                        [36m</span>[39m
                      [36m</div>[39m
                    [36m</div>[39m
                  [36m</div>[39m
                [36m</div>[39m
              [36m</div>[39m
            [36m</div>[39m
          [36m</div>[39m
        [36m</div>[39m
      [36m</div>[39m
    [36m</div>[39m
  [36m</body>[39m
[36m</html>[39m
 ❯ waitForWrapper node_modules/@testing-library/react/node_modules/@testing-library/dom/dist/wait-for.js:166:27
 ❯ src/modules/ticketing/__tests__/components/HandoverHistory.test.tsx:273:13
    271| 
    272|       // Assert
    273|       await waitFor(() => {
       |             ^
    274|         // Should show from/to owner types
    275|         expect(screen.getByText(/Build/i)).toBeInTheDocument();

⎯⎯⎯⎯⎯⎯⎯⎯⎯⎯⎯⎯⎯⎯⎯⎯⎯⎯⎯⎯⎯⎯[39/79]⎯

 FAIL  src/modules/ticketing/__tests__/components/HandoverHistory.test.tsx > HandoverHistory Component > Timeline Display > should display handover timestamps
TestingLibraryElementError: Found multiple elements with the text: /2024/i

Here are the matching elements:

Ignored nodes: comments, script, style
[36m<span>[39m
  [0m1/10/2024, 12:00:00 PM[0m
[36m</span>[39m

Ignored nodes: comments, script, style
[36m<span[39m
  [33mclass[39m=[32m"text-white/40"[39m
[36m>[39m
  [0m([0m
  [0m1/10/2024[0m
  [0m)[0m
[36m</span>[39m

Ignored nodes: comments, script, style
[36m<span>[39m
  [0m1/15/2024, 2:00:00 PM[0m
[36m</span>[39m

Ignored nodes: comments, script, style
[36m<span[39m
  [33mclass[39m=[32m"text-white/40"[39m
[36m>[39m
  [0m([0m
  [0m1/15/2024[0m
  [0m)[0m
[36m</span>[39m

(If this is intentional, then use the `*AllBy*` variant of the query (like `queryAllByText`, `getAllByText`, or `findAllByText`)).

Ignored nodes: comments, script, style
[36m<body>[39m
  [36m<div>[39m
    [36m<div[39m
      [33mclass[39m=[32m"space-y-6"[39m
    [36m>[39m
      [36m<div[39m
        [33mclass[39m=[32m"flex items-center justify-between"[39m
      [36m>[39m
        [36m<div>[39m
          [36m<h3[39m
            [33mclass[39m=[32m"text-lg font-semibold text-white"[39m
          [36m>[39m
            [0mHandover History[0m
          [36m</h3>[39m
          [36m<p[39m
            [33mclass[39m=[32m"text-sm text-white/60 mt-1"[39m
          [36m>[39m
            [0m2[0m
            [0m handover[0m
            [0ms[0m
            [36m<span>[39m
              [0m · [0m
              [0mCurrent owner: [0m
              [0mMaintenance[0m
            [36m</span>[39m
          [36m</p>[39m
        [36m</div>[39m
      [36m</div>[39m
      [36m<div[39m
        [33mclass[39m=[32m"space-y-0"[39m
      [36m>[39m
        [36m<div[39m
          [33mclass[39m=[32m"relative"[39m
        [36m>[39m
          [36m<div[39m
            [33mclass[39m=[32m"absolute left-6 top-16 bottom-0 w-0.5 bg-white/10"[39m
          [36m/>[39m
          [36m<div[39m
            [33mclass[39m=[32m"flex gap-4"[39m
          [36m>[39m
            [36m<div[39m
              [33mclass[39m=[32m"flex-shrink-0 w-12 h-12 rounded-full flex items-center justify-center border-2 bg-blue-500/20 border-blue-500/50"[39m
            [36m>[39m
              [36m<svg[39m
                [33mclass[39m=[32m"w-6 h-6 text-blue-400"[39m
                [33mfill[39m=[32m"none"[39m
                [33mheight[39m=[32m"24"[39m
                [33mstroke[39m=[32m"currentColor"[39m
                [33mstroke-linecap[39m=[32m"round"[39m
                [33mstroke-linejoin[39m=[32m"round"[39m
                [33mstroke-width[39m=[32m"2"[39m
                [33mviewBox[39m=[32m"0 0 24 24"[39m
                [33mwidth[39m=[32m"24"[39m
                [33mxmlns[39m=[32m"http://www.w3.org/2000/svg"[39m
              [36m>[39m
                [36m<circle[39m
                  [33mcx[39m=[32m"12"[39m
                  [33mcy[39m=[32m"12"[39m
                  [33mr[39m=[32m"10"[39m
                [36m/>[39m
                [36m<polyline[39m
                  [33mpoints[39m=[32m"12 6 12 12 16 14"[39m
                [36m/>[39m
              [36m</svg>[39m
            [36m</div>[39m
            [36m<div[39m
              [33mclass[39m=[32m"flex-1 pb-8"[39m
            [36m>[39m
              [36m<div[39m
                [33mclass[39m=[32m"border rounded-lg overflow-hidden border-white/10 bg-white/5"[39m
              [36m>[39m
                [36m<div[39m
                  [33mclass[39m=[32m"p-4"[39m
                [36m>[39m
                  [36m<div[39m
                    [33mclass[39m=[32m"flex items-start justify-between mb-3"[39m
                  [36m>[39m
                    [36m<div>[39m
                      [36m<h4[39m
                        [33mclass[39m=[32m"text-base font-semibold text-white mb-1"[39m
                      [36m>[39m
                        [0mBuild to QA[0m
                      [36m</h4>[39m
                    [36m</div>[39m
                    [36m<button[39m
                      [33maria-label[39m=[32m"View details"[39m
                      [33mclass[39m=[32m"flex items-center gap-1 text-sm text-blue-400 hover:text-blue-300 transition-colors"[39m
                      [33mrole[39m=[32m"button"[39m
                    [36m>[39m
                      [0mView Details[0m
                      [36m<svg[39m
                        [33mclass[39m=[32m"w-4 h-4 transition-transform"[39m
                        [33mfill[39m=[32m"none"[39m
                        [33mheight[39m=[32m"24"[39m
                        [33mstroke[39m=[32m"currentColor"[39m
                        [33mstroke-linecap[39m=[32m"round"[39m
                        [33mstroke-linejoin[39m=[32m"round"[39m
                        [33mstroke-width[39m=[32m"2"[39m
                        [33mviewBox[39m=[32m"0 0 24 24"[39m
                        [33mwidth[39m=[32m"24"[39m
                        [33mxmlns[39m=[32m"http://www.w3.org/2000/svg"[39m
                      [36m>[39m
                        [36m<path[39m
                          [33md[39m=[32m"m9 18 6-6-6-6"[39m
                        [36m/>[39m
                      [36m</svg>[39m
                    [36m</button>[39m
                  [36m</div>[39m
                  [36m<div[39m
                    [33mclass[39m=[32m"flex items-center gap-3 mb-3 p-2 bg-white/5 rounded-lg"[39m
                  [36m>[39m
                    [36m<span[39m
                      [33mclass[39m=[32m"text-sm text-white/60"[39m
                    [36m>[39m
                      [0mBuild[0m
                    [36m</span>[39m
                    [36m<svg[39m
                      [33mclass[39m=[32m"w-4 h-4 text-white/40"[39m
                      [33mfill[39m=[32m"none"[39m
                      [33mheight[39m=[32m"24"[39m
                      [33mstroke[39m=[32m"currentColor"[39m
                      [33mstroke-linecap[39m=[32m"round"[39m
                      [33mstroke-linejoin[39m=[32m"round"[39m
                      [33mstroke-width[39m=[32m"2"[39m
                      [33mviewBox[39m=[32m"0 0 24 24"[39m
                      [33mwidth[39m=[32m"24"[39m
                      [33mxmlns[39m=[32m"http://www.w3.org/2000/svg"[39m
                    [36m>[39m
                      [36m<path[39m
                        [33md[39m=[32m"M5 12h14"[39m
                      [36m/>[39m
                      [36m<path[39m
                        [33md[39m=[32m"m12 5 7 7-7 7"[39m
                      [36m/>[39m
                    [36m</svg>[39m
                    [36m<span[39m
                      [33mclass[39m=[32m"text-sm text-white/80 font-medium"[39m
                    [36m>[39m
                      [0mQA[0m
                    [36m</span>[39m
                  [36m</div>[39m
                  [36m<div[39m
                    [33mclass[39m=[32m"flex flex-wrap gap-4 text-xs text-white/60"[39m
                  [36m>[39m
                    [36m<div[39m
                      [33mclass[39m=[32m"flex items-center gap-1.5"[39m
                    [36m>[39m
                      [36m<svg[39m
                        [33mclass[39m=[32m"w-3.5 h-3.5"[39m
                        [33mfill[39m=[32m"none"[39m
                        [33mheight[39m=[32m"24"[39m
                        [33mstroke[39m=[32m"currentColor"[39m
                        [33mstroke-linecap[39m=[32m"round"[39m
                        [33mstroke-linejoin[39m=[32m"round"[39m
                        [33mstroke-width[39m=[32m"2"[39m
                        [33mviewBox[39m=[32m"0 0 24 24"[39m
                        [33mwidth[39m=[32m"24"[39m
                        [33mxmlns[39m=[32m"http://www.w3.org/2000/svg"[39m
                      [36m>[39m
                        [36m<rect[39m
                          [33mheight[39m=[32m"18"[39m
                          [33mrx[39m=[32m"2"[39m
                          [33mry[39m=[32m"2"[39m
                          [33mwidth[39m=[32m"18"[39m
                          [33mx[39m=[32m"3"[39m
                          [33my[39m=[32m"4"[39m
                        [36m/>[39m
                        [36m<line[39m
                          [33mx1[39m=[32m"16"[39m
                          [33mx2[39m=[32m"16"[39m
                          [33my1[39m=[32m"2"[39m
                          [33my2[39m=[32m"6"[39m
                        [36m/>[39m
                        [36m<line[39m
                          [33mx1[39m=[32m"8"[39m
                          [33mx2[39m=[32m"8"[39m
                          [33my1[39m=[32m"2"[39m
                          [33my2[39m=[32m"6"[39m
                        [36m/>[39m
                        [36m<line[39m
                          [33mx1[39m=[32m"3"[39m
                          [33mx2[39m=[32m"21"[39m
                          [33my1[39m=[32m"10"[39m
                          [33my2[39m=[32m"10"[39m
                        [36m/>[39m
                      [36m</svg>[39m
                      [36m<span>[39m
                        [0m1/10/2024, 12:00:00 PM[0m
                      [36m</span>[39m
                      [36m<span[39m
                        [33mclass[39m=[32m"text-white/40"[39m
                      [36m>[39m
                        [0m([0m
                        [0m1/10/2024[0m
                        [0m)[0m
                      [36m</span>[39m
                    [36m</div>[39m
                    [36m<div[39m
                      [33mclass[39m=[32m"flex items-center gap-1.5"[39m
                    [36m>[39m
                      [36m<svg[39m
                        [33mclass[39m=[32m"w-3.5 h-3.5"[39m
                        [33mfill[39m=[32m"none"[39m
                        [33mheight[39m=[32m"24"[39m
                        [33mstroke[39m=[32m"currentColor"[39m
                        [33mstroke-linecap[39m=[32m"round"[39m
                        [33mstroke-linejoin[39m=[32m"round"[39m
                        [33mstroke-width[39m=[32m"2"[39m
                        [33mviewBox[39m=[32m"0 0 24 24"[39m
                        [33mwidth[39m=[32m"24"[39m
                        [33mxmlns[39m=[32m"http://www.w3.org/2000/svg"[39m
                      [36m>[39m
                        [36m<path[39m
                          [33md[39m=[32m"M19 21v-2a4 4 0 0 0-4-4H9a4 4 0 0 0-4 4v2"[39m
                        [36m/>[39m
                        [36m<circle[39m
                          [33mcx[39m=[32m"12"[39m
                          [33mcy[39m=[32m"7"[39m
                          [33mr[39m=[32m"4"[39m
                        [36m/>[39m
                      [36m</svg>[39m
                      [36m<span[39m
                        [33mclass[39m=[32m"font-mono"[39m
                      [36m>[39m
                        [0mbuild-us[0m
                      [36m</span>[39m
                    [36m</div>[39m
                  [36m</div>[39m
                [36m</div>[39m
              [36m</div>[39m
            [36m</div>[39m
          [36m</div>[39m
        [36m</div>[39m
        [36m<div[39m
          [33mclass[39m=[32m"relative"[39m
        [36m>[39m
          [36m<div[39m
            [33mclass[39m=[32m"flex gap-4"[39m
          [36m>[39m
            [36m<div[39m
              [33mclass[39m=[32m"flex-shrink-0 w-12 h-12 rounded-full flex items-center justify-center border-2 bg-green-500/20 border-green-500/50"[39m
            [36m>[39m
              [36m<svg[39m
                [33mclass[39m=[32m"w-6 h-6 text-green-400"[39m
                [33mfill[39m=[32m"none"[39m
                [33mheight[39m=[32m"24"[39m
                [33mstroke[39m=[32m"currentColor"[39m
                [33mstroke-linecap[39m=[32m"round"[39m
                [33mstroke-linejoin[39m=[32m"round"[39m
                [33mstroke-width[39m=[32m"2"[39m
                [33mviewBox[39m=[32m"0 0 24 24"[39m
                [33mwidth[39m=[32m"24"[39m
                [33mxmlns[39m=[32m"http://www.w3.org/2000/svg"[39m
              [36m>[39m
                [36m<path[39m
                  [33md[39m=[32m"M12 22c5.523 0 10-4.477 10-10S17.523 2 12 2 2 6.477 2 12s4.477 10 10 10z"[39m
                [36m/>[39m
                [36m<path[39m
                  [33md[39m=[32m"m9 12 2 2 4-4"[39m
                [36m/>[39m
              [36m</svg>[39m
            [36m</div>[39m
            [36m<div[39m
              [33mclass[39m=[32m"flex-1 pb-8"[39m
            [36m>[39m
              [36m<div[39m
                [33mclass[39m=[32m"border rounded-lg overflow-hidden border-green-500/30 bg-green-500/5"[39m
              [36m>[39m
                [36m<div[39m
                  [33mclass[39m=[32m"p-4"[39m
                [36m>[39m
                  [36m<div[39m
                    [33mclass[39m=[32m"flex items-start justify-between mb-3"[39m
                  [36m>[39m
                    [36m<div>[39m
                      [36m<h4[39m
                        [33mclass[39m=[32m"text-base font-semibold text-white mb-1"[39m
                      [36m>[39m
                        [0mQA to Maintenance[0m
                      [36m</h4>[39m
                      [36m<span[39m
                        [33mclass[39m=[32m"px-2 py-0.5 bg-green-500/20 text-green-400 rounded text-xs font-medium"[39m
                      [36m>[39m
                        [0mCurrent Owner[0m
                      [36m</span>[39m
                    [36m</div>[39m
                    [36m<button[39m
                      [33maria-label[39m=[32m"View details"[39m
                      [33mclass[39m=[32m"flex items-center gap-1 text-sm text-blue-400 hover:text-blue-300 transition-colors"[39m
                      [33mrole[39m=[32m"button"[39m
                    [36m>[39m
                      [0mView Details[0m
                      [36m<svg[39m
                        [33mclass[39m=[32m"w-4 h-4 transition-transform"[39m
                        [33mfill[39m=[32m"none"[39m
                        [33mheight[39m=[32m"24"[39m
                        [33mstroke[39m=[32m"currentColor"[39m
                        [33mstroke-linecap[39m=[32m"round"[39m
                        [33mstroke-linejoin[39m=[32m"round"[39m
                        [33mstroke-width[39m=[32m"2"[39m
                        [33mviewBox[39m=[32m"0 0 24 24"[39m
                        [33mwidth[39m=[32m"24"[39m
                        [33mxmlns[39m=[32m"http://www.w3.org/2000/svg"[39m
                      [36m>[39m
                        [36m<path[39m
                          [33md[39m=[32m"m9 18 6-6-6-6"[39m
                        [36m/>[39m
                      [36m</svg>[39m
                    [36m</button>[39m
                  [36m</div>[39m
                  [36m<div[39m
                    [33mclass[39m=[32m"flex items-center gap-3 mb-3 p-2 bg-white/5 rounded-lg"[39m
                  [36m>[39m
                    [36m<span[39m
                      [33mclass[39m=[32m"text-sm text-white/60"[39m
                    [36m>[39m
                      [0mQA[0m
                    [36m</span>[39m
                    [36m<svg[39m
                      [33mclass[39m=[32m"w-4 h-4 text-white/40"[39m
                      [33mfill[39m=[32m"none"[39m
                      [33mheight[39m=[32m"24"[39m
                      [33mstroke[39m=[32m"currentColor"[39m
                      [33mstroke-linecap[39m=[32m"round"[39m
                      [33mstroke-linejoin[39m=[32m"round"[39m
                      [33mstroke-width[39m=[32m"2"[39m
                      [33mviewBox[39m=[32m"0 0 24 24"[39m
                      [33mwidth[39m=[32m"24"[39m
                      [33mxmlns[39m=[32m"http://www.w3.org/2000/svg"[39m
                    [36m>[39m
                      [36m<path[39m
                        [33md[39m=[32m"M5 12h14"[39m
                      [36m/>[39m
                      [36m<path[39m
                        [33md[39m=[32m"m12 5 7 7-7 7"[39m
                      [36m/>[39m
                    [36m</svg>[39m
                    [36m<span[39m
                      [33mclass[39m=[32m"text-sm text-white/80 font-medium"[39m
                    [36m>[39m
                      [0mMaintenance[0m
                    [36m</span>[39m
                  [36m</div>[39m
                  [36m<div[39m
                    [33mclass[39m=[32m"flex flex-wrap gap-4 text-xs text-white/60"[39m
                  [36m>[39m
                    [36m<div[39m
                      [33mclass[39m=[32m"flex items-center gap-1.5"[39m
                    [36m>[39m
                      [36m<svg[39m
                        [33mclass[39m=[32m"w-3.5 h-3.5"[39m
                        [33mfill[39m=[32m"none"[39m
                        [33mheight[39m=[32m"24"[39m
                        [33mstroke[39m=[32m"currentColor"[39m
                        [33mstroke-linecap[39m=[32m"round"[39m
                        [33mstroke-linejoin[39m=[32m"round"[39m
                        [33mstroke-width[39m=[32m"2"[39m
                        [33mviewBox[39m=[32m"0 0 24 24"[39m
                        [33mwidth[39m=[32m"24"[39m
                        [33mxmlns[39m=[32m"http://www.w3.org/2000/svg"[39m
                      [36m>[39m
                        [36m<rect[39m
                          [33mheight[39m=[32m"18"[39m
                          [33mrx[39m=[32m"2"[39m
                          [33mry[39m=[32m"2"[39m
                          [33mwidth[39m=[32m"18"[39m
                          [33mx[39m=[32m"3"[39m
                          [33my[39m=[32m"4"[39m
                        [36m/>[39m
                        [36m<line[39m
                          [33mx1[39m=[32m"16"[39m
                          [33mx2[39m=[32m"16"[39m
                          [33my1[39m=[32m"2"[39m
                          [33my2[39m=[32m"6"[39m
                        [36m/>[39m
                        [36m<line[39m
                          [33mx1[39m=[32m"8"[39m
                          [33mx2[39m=[32m"8"[39m
                          [33my1[39m=[32m"2"[39m
                          [33my2[39m=[32m"6"[39m
                        [36m/>[39m
                        [36m<line[39m
                          [33mx1[39m=[32m"3"[39m
                          [33mx2[39m=[32m"21"[39m
                          [33my1[39m=[32m"10"[39m
                          [33my2[39m=[32m"10"[39m
                        [36m/>[39m
                      [36m</svg>[39m
                      [36m<span>[39m
                        [0m1/15/2024, 2:00:00 PM[0m
                      [36m</span>[39m
                      [36m<span[39m
                        [33mclass[39m=[32m"text-white/40"[39m
                      [36m>[39m
                        [0m([0m
                        [0m1/15/2024[0m
                        [0m)[0m
                      [36m</span>[39m
                    [36m</div>[39m
                    [36m<div[39m
                      [33mclass[39m=[32m"flex items-center gap-1.5"[39m
                    [36m>[39m
                      [36m<svg[39m
                        [33mclass[39m=[32m"w-3.5 h-3.5"[39m
                        [33mfill[39m=[32m"none"[39m
                        [33mheight[39m=[32m"24"[39m
                        [33mstroke[39m=[32m"currentColor"[39m
                        [33mstroke-linecap[39m=[32m"round"[39m
                        [33mstroke-linejoin[39m=[32m"round"[39m
                        [33mstroke-width[39m=[32m"2"[39m
                        [33mviewBox[39m=[32m"0 0 24 24"[39m
                        [33mwidth[39m=[32m"24"[39m
                        [33mxmlns[39m=[32m"http://www.w3.org/2000/svg"[39m
                      [36m>[39m
                        [36m<path[39m
                          [33md[39m=[32m"M19 21v-2a4 4 0 0 0-4-4H9a4 4 0 0 0-4 4v2"[39m
                        [36m/>[39m
                        [36m<circle[39m
                          [33mcx[39m=[32m"12"[39m
                          [33mcy[39m=[32m"7"[39m
                          [33mr[39m=[32m"4"[39m
                        [36m/>[39m
                      [36m</svg>[39m
                      [36m<span[39m
                        [33mclass[39m=[32m"font-mono"[39m
                      [36m>[39m
                        [0mqa-user-[0m
                      [36m</span>[39m
                    [36m</div>[39m
                  [36m</div>[39m
                [36m</div>[39m
              [36m</div>[39m
            [36m</div>[39m
          [36m</div>[39m
        [36m</div>[39m
      [36m</div>[39m
    [36m</div>[39m
  [36m</div>[39m
[36m</body>[39m

Ignored nodes: comments, script, style
[36m<html>[39m
  [36m<head />[39m
  [36m<body>[39m
    [36m<div>[39m
      [36m<div[39m
        [33mclass[39m=[32m"space-y-6"[39m
      [36m>[39m
        [36m<div[39m
          [33mclass[39m=[32m"flex items-center justify-between"[39m
        [36m>[39m
          [36m<div>[39m
            [36m<h3[39m
              [33mclass[39m=[32m"text-lg font-semibold text-white"[39m
            [36m>[39m
              [0mHandover History[0m
            [36m</h3>[39m
            [36m<p[39m
              [33mclass[39m=[32m"text-sm text-white/60 mt-1"[39m
            [36m>[39m
              [0m2[0m
              [0m handover[0m
              [0ms[0m
              [36m<span>[39m
                [0m · [0m
                [0mCurrent owner: [0m
                [0mMaintenance[0m
              [36m</span>[39m
            [36m</p>[39m
          [36m</div>[39m
        [36m</div>[39m
        [36m<div[39m
          [33mclass[39m=[32m"space-y-0"[39m
        [36m>[39m
          [36m<div[39m
            [33mclass[39m=[32m"relative"[39m
          [36m>[39m
            [36m<div[39m
              [33mclass[39m=[32m"absolute left-6 top-16 bottom-0 w-0.5 bg-white/10"[39m
            [36m/>[39m
            [36m<div[39m
              [33mclass[39m=[32m"flex gap-4"[39m
            [36m>[39m
              [36m<div[39m
                [33mclass[39m=[32m"flex-shrink-0 w-12 h-12 rounded-full flex items-center justify-center border-2 bg-blue-500/20 border-blue-500/50"[39m
              [36m>[39m
                [36m<svg[39m
                  [33mclass[39m=[32m"w-6 h-6 text-blue-400"[39m
                  [33mfill[39m=[32m"none"[39m
                  [33mheight[39m=[32m"24"[39m
                  [33mstroke[39m=[32m"currentColor"[39m
                  [33mstroke-linecap[39m=[32m"round"[39m
                  [33mstroke-linejoin[39m=[32m"round"[39m
                  [33mstroke-width[39m=[32m"2"[39m
                  [33mviewBox[39m=[32m"0 0 24 24"[39m
                  [33mwidth[39m=[32m"24"[39m
                  [33mxmlns[39m=[32m"http://www.w3.org/2000/svg"[39m
                [36m>[39m
                  [36m<circle[39m
                    [33mcx[39m=[32m"12"[39m
                    [33mcy[39m=[32m"12"[39m
                    [33mr[39m=[32m"10"[39m
                  [36m/>[39m
                  [36m<polyline[39m
                    [33mpoints[39m=[32m"12 6 12 12 16 14"[39m
                  [36m/>[39m
                [36m</svg>[39m
              [36m</div>[39m
              [36m<div[39m
                [33mclass[39m=[32m"flex-1 pb-8"[39m
              [36m>[39m
                [36m<div[39m
                  [33mclass[39m=[32m"border rounded-lg overflow-hidden border-white/10 bg-white/5"[39m
                [36m>[39m
                  [36m<div[39m
                    [33mclass[39m=[32m"p-4"[39m
                  [36m>[39m
                    [36m<div[39m
                      [33mclass[39m=[32m"flex items-start justify-between mb-3"[39m
                    [36m>[39m
                      [36m<div>[39m
                        [36m<h4[39m
                          [33mclass[39m=[32m"text-base font-semibold text-white mb-1"[39m
                        [36m>[39m
                          [0mBuild to QA[0m
                        [36m</h4>[39m
                      [36m</div>[39m
                      [36m<button[39m
                        [33maria-label[39m=[32m"View details"[39m
                        [33mclass[39m=[32m"flex items-center gap-1 text-sm text-blue-400 hover:text-blue-300 transition-colors"[39m
                        [33mrole[39m=[32m"button"[39m
                      [36m>[39m
                        [0mView Details[0m
                        [36m<svg[39m
                          [33mclass[39m=[32m"w-4 h-4 transition-transform"[39m
                          [33mfill[39m=[32m"none"[39m
                          [33mheight[39m=[32m"24"[39m
                          [33mstroke[39m=[32m"currentColor"[39m
                          [33mstroke-linecap[39m=[32m"round"[39m
                          [33mstroke-linejoin[39m=[32m"round"[39m
                          [33mstroke-width[39m=[32m"2"[39m
                          [33mviewBox[39m=[32m"0 0 24 24"[39m
                          [33mwidth[39m=[32m"24"[39m
                          [33mxmlns[39m=[32m"http://www.w3.org/2000/svg"[39m
                        [36m>[39m
                          [36m<path[39m
                            [33md[39m=[32m"m9 18 6-6-6-6"[39m
                          [36m/>[39m
                        [36m</svg>[39m
                      [36m</button>[39m
                    [36m</div>[39m
                    [36m<div[39m
                      [33mclass[39m=[32m"flex items-center gap-3 mb-3 p-2 bg-white/5 rounded-lg"[39m
                    [36m>[39m
                      [36m<span[39m
                        [33mclass[39m=[32m"text-sm text-white/60"[39m
                      [36m>[39m
                        [0mBuild[0m
                      [36m</span>[39m
                      [36m<svg[39m
                        [33mclass[39m=[32m"w-4 h-4 text-white/40"[39m
                        [33mfill[39m=[32m"none"[39m
                        [33mheight[39m=[32m"24"[39m
                        [33mstroke[39m=[32m"currentColor"[39m
                        [33mstroke-linecap[39m=[32m"round"[39m
                        [33mstroke-linejoin[39m=[32m"round"[39m
                        [33mstroke-width[39m=[32m"2"[39m
                        [33mviewBox[39m=[32m"0 0 24 24"[39m
                        [33mwidth[39m=[32m"24"[39m
                        [33mxmlns[39m=[32m"http://www.w3.org/2000/svg"[39m
                      [36m>[39m
                        [36m<path[39m
                          [33md[39m=[32m"M5 12h14"[39m
                        [36m/>[39m
                        [36m<path[39m
                          [33md[39m=[32m"m12 5 7 7-7 7"[39m
                        [36m/>[39m
                      [36m</svg>[39m
                      [36m<span[39m
                        [33mclass[39m=[32m"text-sm text-white/80 font-medium"[39m
                      [36m>[39m
                        [0mQA[0m
                      [36m</span>[39m
                    [36m</div>[39m
                    [36m<div[39m
                      [33mclass[39m=[32m"flex flex-wrap gap-4 text-xs text-white/60"[39m
                    [36m>[39m
                      [36m<div[39m
                        [33mclass[39m=[32m"flex items-center gap-1.5"[39m
                      [36m>[39m
                        [36m<svg[39m
                          [33mclass[39m=[32m"w-3.5 h-3.5"[39m
                          [33mfill[39m=[32m"none"[39m
                          [33mheight[39m=[32m"24"[39m
                          [33mstroke[39m=[32m"currentColor"[39m
                          [33mstroke-linecap[39m=[32m"round"[39m
                          [33mstroke-linejoin[39m=[32m"round"[39m
                          [33mstroke-width[39m=[32m"2"[39m
                          [33mviewBox[39m=[32m"0 0 24 24"[39m
                          [33mwidth[39m=[32m"24"[39m
                          [33mxmlns[39m=[32m"http://www.w3.org/2000/svg"[39m
                        [36m>[39m
                          [36m<rect[39m
                            [33mheight[39m=[32m"18"[39m
                            [33mrx[39m=[32m"2"[39m
                            [33mry[39m=[32m"2"[39m
                            [33mwidth[39m=[32m"18"[39m
                            [33mx[39m=[32m"3"[39m
                            [33my[39m=[32m"4"[39m
                          [36m/>[39m
                          [36m<line[39m
                            [33mx1[39m=[32m"16"[39m
                            [33mx2[39m=[32m"16"[39m
                            [33my1[39m=[32m"2"[39m
                            [33my2[39m=[32m"6"[39m
                          [36m/>[39m
                          [36m<line[39m
                            [33mx1[39m=[32m"8"[39m
                            [33mx2[39m=[32m"8"[39m
                            [33my1[39m=[32m"2"[39m
                            [33my2[39m=[32m"6"[39m
                          [36m/>[39m
                          [36m<line[39m
                            [33mx1[39m=[32m"3"[39m
                            [33mx2[39m=[32m"21"[39m
                            [33my1[39m=[32m"10"[39m
                            [33my2[39m=[32m"10"[39m
                          [36m/>[39m
                        [36m</svg>[39m
                        [36m<span>[39m
                          [0m1/10/2024, 12:00:00 PM[0m
                        [36m</span>[39m
                        [36m<span[39m
                          [33mclass[39m=[32m"text-white/40"[39m
                        [36m>[39m
                          [0m([0m
                          [0m1/10/2024[0m
                          [0m)[0m
                        [36m</span>[39m
                      [36m</div>[39m
                      [36m<div[39m
                        [33mclass[39m=[32m"flex items-center gap-1.5"[39m
                      [36m>[39m
                        [36m<svg[39m
                          [33mclass[39m=[32m"w-3.5 h-3.5"[39m
                          [33mfill[39m=[32m"none"[39m
                          [33mheight[39m=[32m"24"[39m
                          [33mstroke[39m=[32m"currentColor"[39m
                          [33mstroke-linecap[39m=[32m"round"[39m
                          [33mstroke-linejoin[39m=[32m"round"[39m
                          [33mstroke-width[39m=[32m"2"[39m
                          [33mviewBox[39m=[32m"0 0 24 24"[39m
                          [33mwidth[39m=[32m"24"[39m
                          [33mxmlns[39m=[32m"http://www.w3.org/2000/svg"[39m
                        [36m>[39m
                          [36m<path[39m
                            [33md[39m=[32m"M19 21v-2a4 4 0 0 0-4-4H9a4 4 0 0 0-4 4v2"[39m
                          [36m/>[39m
                          [36m<circle[39m
                            [33mcx[39m=[32m"12"[39m
                            [33mcy[39m=[32m"7"[39m
                            [33mr[39m=[32m"4"[39m
                          [36m/>[39m
                        [36m</svg>[39m
                        [36m<span[39m
                          [33mclass[39m=[32m"font-mono"[39m
                        [36m>[39m
                          [0mbuild-us[0m
                        [36m</span>[39m
                      [36m</div>[39m
                    [36m</div>[39m
                  [36m</div>[39m
                [36m</div>[39m
              [36m</div>[39m
            [36m</div>[39m
          [36m</div>[39m
          [36m<div[39m
            [33mclass[39m=[32m"relative"[39m
          [36m>[39m
            [36m<div[39m
              [33mclass[39m=[32m"flex gap-4"[39m
            [36m>[39m
              [36m<div[39m
                [33mclass[39m=[32m"flex-shrink-0 w-12 h-12 rounded-full flex items-center justify-center border-2 bg-green-500/20 border-green-500/50"[39m
              [36m>[39m
                [36m<svg[39m
                  [33mclass[39m=[32m"w-6 h-6 text-green-400"[39m
                  [33mfill[39m=[32m"none"[39m
                  [33mheight[39m=[32m"24"[39m
                  [33mstroke[39m=[32m"currentColor"[39m
                  [33mstroke-linecap[39m=[32m"round"[39m
                  [33mstroke-linejoin[39m=[32m"round"[39m
                  [33mstroke-width[39m=[32m"2"[39m
                  [33mviewBox[39m=[32m"0 0 24 24"[39m
                  [33mwidth[39m=[32m"24"[39m
                  [33mxmlns[39m=[32m"http://www.w3.org/2000/svg"[39m
                [36m>[39m
                  [36m<path[39m
                    [33md[39m=[32m"M12 22c5.523 0 10-4.477 10-10S17.523 2 12 2 2 6.477 2 12s4.477 10 10 10z"[39m
                  [36m/>[39m
                  [36m<path[39m
                    [33md[39m=[32m"m9 12 2 2 4-4"[39m
                  [36m/>[39m
                [36m</svg>[39m
              [36m</div>[39m
              [36m<div[39m
                [33mclass[39m=[32m"flex-1 pb-8"[39m
              [36m>[39m
                [36m<div[39m
                  [33mclass[39m=[32m"border rounded-lg overflow-hidden border-green-500/30 bg-green-500/5"[39m
                [36m>[39m
                  [36m<div[39m
                    [33mclass[39m=[32m"p-4"[39m
                  [36m>[39m
                    [36m<div[39m
                      [33mclass[39m=[32m"flex items-start justify-between mb-3"[39m
                    [36m>[39m
                      [36m<div>[39m
                        [36m<h4[39m
                          [33mclass[39m=[32m"text-base font-semibold text-white mb-1"[39m
                        [36m>[39m
                          [0mQA to Maintenance[0m
                        [36m</h4>[39m
                        [36m<span[39m
                          [33mclass[39m=[32m"px-2 py-0.5 bg-green-500/20 text-green-400 rounded text-xs font-medium"[39m
                        [36m>[39m
                          [0mCurrent Owner[0m
                        [36m</span>[39m
                      [36m</div>[39m
                      [36m<button[39m
                        [33maria-label[39m=[32m"View details"[39m
                        [33mclass[39m=[32m"flex items-center gap-1 text-sm text-blue-400 hover:text-blue-300 transition-colors"[39m
                        [33mrole[39m=[32m"button"[39m
                      [36m>[39m
                        [0mView Details[0m
                        [36m<svg[39m
                          [33mclass[39m=[32m"w-4 h-4 transition-transform"[39m
                          [33mfill[39m=[32m"none"[39m
                          [33mheight[39m=[32m"24"[39m
                          [33mstroke[39m=[32m"currentColor"[39m
                          [33mstroke-linecap[39m=[32m"round"[39m
                          [33mstroke-linejoin[39m=[32m"round"[39m
                          [33mstroke-width[39m=[32m"2"[39m
                          [33mviewBox[39m=[32m"0 0 24 24"[39m
                          [33mwidth[39m=[32m"24"[39m
                          [33mxmlns[39m=[32m"http://www.w3.org/2000/svg"[39m
                        [36m>[39m
                          [36m<path[39m
                            [33md[39m=[32m"m9 18 6-6-6-6"[39m
                          [36m/>[39m
                        [36m</svg>[39m
                      [36m</button>[39m
                    [36m</div>[39m
                    [36m<div[39m
                      [33mclass[39m=[32m"flex items-center gap-3 mb-3 p-2 bg-white/5 rounded-lg"[39m
                    [36m>[39m
                      [36m<span[39m
                        [33mclass[39m=[32m"text-sm text-white/60"[39m
                      [36m>[39m
                        [0mQA[0m
                      [36m</span>[39m
                      [36m<svg[39m
                        [33mclass[39m=[32m"w-4 h-4 text-white/40"[39m
                        [33mfill[39m=[32m"none"[39m
                        [33mheight[39m=[32m"24"[39m
                        [33mstroke[39m=[32m"currentColor"[39m
                        [33mstroke-linecap[39m=[32m"round"[39m
                        [33mstroke-linejoin[39m=[32m"round"[39m
                        [33mstroke-width[39m=[32m"2"[39m
                        [33mviewBox[39m=[32m"0 0 24 24"[39m
                        [33mwidth[39m=[32m"24"[39m
                        [33mxmlns[39m=[32m"http://www.w3.org/2000/svg"[39m
                      [36m>[39m
                        [36m<path[39m
                          [33md[39m=[32m"M5 12h14"[39m
                        [36m/>[39m
                        [36m<path[39m
                          [33md[39m=[32m"m12 5 7 7-7 7"[39m
                        [36m/>[39m
                      [36m</svg>[39m
                      [36m<span[39m
                        [33mclass[39m=[32m"text-sm text-white/80 font-medium"[39m
                      [36m>[39m
                        [0mMaintenance[0m
                      [36m</span>[39m
                    [36m</div>[39m
                    [36m<div[39m
                      [33mclass[39m=[32m"flex flex-wrap gap-4 text-xs text-white/60"[39m
                    [36m>[39m
                      [36m<div[39m
                        [33mclass[39m=[32m"flex items-center gap-1.5"[39m
                      [36m>[39m
                        [36m<svg[39m
                          [33mclass[39m=[32m"w-3.5 h-3.5"[39m
                          [33mfill[39m=[32m"none"[39m
                          [33mheight[39m=[32m"24"[39m
                          [33mstroke[39m=[32m"currentColor"[39m
                          [33mstroke-linecap[39m=[32m"round"[39m
                          [33mstroke-linejoin[39m=[32m"round"[39m
                          [33mstroke-width[39m=[32m"2"[39m
                          [33mviewBox[39m=[32m"0 0 24 24"[39m
                          [33mwidth[39m=[32m"24"[39m
                          [33mxmlns[39m=[32m"http://www.w3.org/2000/svg"[39m
                        [36m>[39m
                          [36m<rect[39m
                            [33mheight[39m=[32m"18"[39m
                            [33mrx[39m=[32m"2"[39m
                            [33mry[39m=[32m"2"[39m
                            [33mwidth[39m=[32m"18"[39m
                            [33mx[39m=[32m"3"[39m
                            [33my[39m=[32m"4"[39m
                          [36m/>[39m
                          [36m<line[39m
                            [33mx1[39m=[32m"16"[39m
                            [33mx2[39m=[32m"16"[39m
                            [33my1[39m=[32m"2"[39m
                            [33my2[39m=[32m"6"[39m
                          [36m/>[39m
                          [36m<line[39m
                            [33mx1[39m=[32m"8"[39m
                            [33mx2[39m=[32m"8"[39m
                            [33my1[39m=[32m"2"[39m
                            [33my2[39m=[32m"6"[39m
                          [36m/>[39m
                          [36m<line[39m
                            [33mx1[39m=[32m"3"[39m
                            [33mx2[39m=[32m"21"[39m
                            [33my1[39m=[32m"10"[39m
                            [33my2[39m=[32m"10"[39m
                          [36m/>[39m
                        [36m</svg>[39m
                        [36m<span>[39m
                          [0m1/15/2024, 2:00:00 PM[0m
                        [36m</span>[39m
                        [36m<span[39m
                          [33mclass[39m=[32m"text-white/40"[39m
                        [36m>[39m
                          [0m([0m
                          [0m1/15/2024[0m
                          [0m)[0m
                        [36m</span>[39m
                      [36m</div>[39m
                      [36m<div[39m
                        [33mclass[39m=[32m"flex items-center gap-1.5"[39m
                      [36m>[39m
                        [36m<svg[39m
                          [33mclass[39m=[32m"w-3.5 h-3.5"[39m
                          [33mfill[39m=[32m"none"[39m
                          [33mheight[39m=[32m"24"[39m
                          [33mstroke[39m=[32m"currentColor"[39m
                          [33mstroke-linecap[39m=[32m"round"[39m
                          [33mstroke-linejoin[39m=[32m"round"[39m
                          [33mstroke-width[39m=[32m"2"[39m
                          [33mviewBox[39m=[32m"0 0 24 24"[39m
                          [33mwidth[39m=[32m"24"[39m
                          [33mxmlns[39m=[32m"http://www.w3.org/2000/svg"[39m
                        [36m>[39m
                          [36m<path[39m
                            [33md[39m=[32m"M19 21v-2a4 4 0 0 0-4-4H9a4 4 0 0 0-4 4v2"[39m
                          [36m/>[39m
                          [36m<circle[39m
                            [33mcx[39m=[32m"12"[39m
                            [33mcy[39m=[32m"7"[39m
                            [33mr[39m=[32m"4"[39m
                          [36m/>[39m
                        [36m</svg>[39m
                        [36m<span[39m
                          [33mclass[39m=[32m"font-mono"[39m
                        [36m>[39m
                          [0mqa-user-[0m
                        [36m</span>[39m
                      [36m</div>[39m
                    [36m</div>[39m
                  [36m</div>[39m
                [36m</div>[39m
              [36m</div>[39m
            [36m</div>[39m
          [36m</div>[39m
        [36m</div>[39m
      [36m</div>[39m
    [36m</div>[39m
  [36m</body>[39m
[36m</html>[39m
 ❯ waitForWrapper node_modules/@testing-library/react/node_modules/@testing-library/dom/dist/wait-for.js:166:27
 ❯ src/modules/ticketing/__tests__/components/HandoverHistory.test.tsx:296:13
    294| 
    295|       // Assert
    296|       await waitFor(() => {
       |             ^
    297|         // Should show dates
    298|         expect(screen.getByText(/2024/i)).toBeInTheDocument();

⎯⎯⎯⎯⎯⎯⎯⎯⎯⎯⎯⎯⎯⎯⎯⎯⎯⎯⎯⎯⎯⎯[40/79]⎯

 FAIL  src/modules/ticketing/__tests__/components/HandoverHistory.test.tsx > HandoverHistory Component > Current Owner Display > should highlight current owner
TestingLibraryElementError: Found multiple elements with the text: /current owner/i

Here are the matching elements:

Ignored nodes: comments, script, style
[36m<span>[39m
  [0m · [0m
  [0mCurrent owner: [0m
  [0mMaintenance[0m
[36m</span>[39m

Ignored nodes: comments, script, style
[36m<span[39m
  [33mclass[39m=[32m"px-2 py-0.5 bg-green-500/20 text-green-400 rounded text-xs font-medium"[39m
[36m>[39m
  [0mCurrent Owner[0m
[36m</span>[39m

(If this is intentional, then use the `*AllBy*` variant of the query (like `queryAllByText`, `getAllByText`, or `findAllByText`)).

Ignored nodes: comments, script, style
[36m<body>[39m
  [36m<div>[39m
    [36m<div[39m
      [33mclass[39m=[32m"space-y-6"[39m
    [36m>[39m
      [36m<div[39m
        [33mclass[39m=[32m"flex items-center justify-between"[39m
      [36m>[39m
        [36m<div>[39m
          [36m<h3[39m
            [33mclass[39m=[32m"text-lg font-semibold text-white"[39m
          [36m>[39m
            [0mHandover History[0m
          [36m</h3>[39m
          [36m<p[39m
            [33mclass[39m=[32m"text-sm text-white/60 mt-1"[39m
          [36m>[39m
            [0m2[0m
            [0m handover[0m
            [0ms[0m
            [36m<span>[39m
              [0m · [0m
              [0mCurrent owner: [0m
              [0mMaintenance[0m
            [36m</span>[39m
          [36m</p>[39m
        [36m</div>[39m
      [36m</div>[39m
      [36m<div[39m
        [33mclass[39m=[32m"space-y-0"[39m
      [36m>[39m
        [36m<div[39m
          [33mclass[39m=[32m"relative"[39m
        [36m>[39m
          [36m<div[39m
            [33mclass[39m=[32m"absolute left-6 top-16 bottom-0 w-0.5 bg-white/10"[39m
          [36m/>[39m
          [36m<div[39m
            [33mclass[39m=[32m"flex gap-4"[39m
          [36m>[39m
            [36m<div[39m
              [33mclass[39m=[32m"flex-shrink-0 w-12 h-12 rounded-full flex items-center justify-center border-2 bg-blue-500/20 border-blue-500/50"[39m
            [36m>[39m
              [36m<svg[39m
                [33mclass[39m=[32m"w-6 h-6 text-blue-400"[39m
                [33mfill[39m=[32m"none"[39m
                [33mheight[39m=[32m"24"[39m
                [33mstroke[39m=[32m"currentColor"[39m
                [33mstroke-linecap[39m=[32m"round"[39m
                [33mstroke-linejoin[39m=[32m"round"[39m
                [33mstroke-width[39m=[32m"2"[39m
                [33mviewBox[39m=[32m"0 0 24 24"[39m
                [33mwidth[39m=[32m"24"[39m
                [33mxmlns[39m=[32m"http://www.w3.org/2000/svg"[39m
              [36m>[39m
                [36m<circle[39m
                  [33mcx[39m=[32m"12"[39m
                  [33mcy[39m=[32m"12"[39m
                  [33mr[39m=[32m"10"[39m
                [36m/>[39m
                [36m<polyline[39m
                  [33mpoints[39m=[32m"12 6 12 12 16 14"[39m
                [36m/>[39m
              [36m</svg>[39m
            [36m</div>[39m
            [36m<div[39m
              [33mclass[39m=[32m"flex-1 pb-8"[39m
            [36m>[39m
              [36m<div[39m
                [33mclass[39m=[32m"border rounded-lg overflow-hidden border-white/10 bg-white/5"[39m
              [36m>[39m
                [36m<div[39m
                  [33mclass[39m=[32m"p-4"[39m
                [36m>[39m
                  [36m<div[39m
                    [33mclass[39m=[32m"flex items-start justify-between mb-3"[39m
                  [36m>[39m
                    [36m<div>[39m
                      [36m<h4[39m
                        [33mclass[39m=[32m"text-base font-semibold text-white mb-1"[39m
                      [36m>[39m
                        [0mBuild to QA[0m
                      [36m</h4>[39m
                    [36m</div>[39m
                    [36m<button[39m
                      [33maria-label[39m=[32m"View details"[39m
                      [33mclass[39m=[32m"flex items-center gap-1 text-sm text-blue-400 hover:text-blue-300 transition-colors"[39m
                      [33mrole[39m=[32m"button"[39m
                    [36m>[39m
                      [0mView Details[0m
                      [36m<svg[39m
                        [33mclass[39m=[32m"w-4 h-4 transition-transform"[39m
                        [33mfill[39m=[32m"none"[39m
                        [33mheight[39m=[32m"24"[39m
                        [33mstroke[39m=[32m"currentColor"[39m
                        [33mstroke-linecap[39m=[32m"round"[39m
                        [33mstroke-linejoin[39m=[32m"round"[39m
                        [33mstroke-width[39m=[32m"2"[39m
                        [33mviewBox[39m=[32m"0 0 24 24"[39m
                        [33mwidth[39m=[32m"24"[39m
                        [33mxmlns[39m=[32m"http://www.w3.org/2000/svg"[39m
                      [36m>[39m
                        [36m<path[39m
                          [33md[39m=[32m"m9 18 6-6-6-6"[39m
                        [36m/>[39m
                      [36m</svg>[39m
                    [36m</button>[39m
                  [36m</div>[39m
                  [36m<div[39m
                    [33mclass[39m=[32m"flex items-center gap-3 mb-3 p-2 bg-white/5 rounded-lg"[39m
                  [36m>[39m
                    [36m<span[39m
                      [33mclass[39m=[32m"text-sm text-white/60"[39m
                    [36m>[39m
                      [0mBuild[0m
                    [36m</span>[39m
                    [36m<svg[39m
                      [33mclass[39m=[32m"w-4 h-4 text-white/40"[39m
                      [33mfill[39m=[32m"none"[39m
                      [33mheight[39m=[32m"24"[39m
                      [33mstroke[39m=[32m"currentColor"[39m
                      [33mstroke-linecap[39m=[32m"round"[39m
                      [33mstroke-linejoin[39m=[32m"round"[39m
                      [33mstroke-width[39m=[32m"2"[39m
                      [33mviewBox[39m=[32m"0 0 24 24"[39m
                      [33mwidth[39m=[32m"24"[39m
                      [33mxmlns[39m=[32m"http://www.w3.org/2000/svg"[39m
                    [36m>[39m
                      [36m<path[39m
                        [33md[39m=[32m"M5 12h14"[39m
                      [36m/>[39m
                      [36m<path[39m
                        [33md[39m=[32m"m12 5 7 7-7 7"[39m
                      [36m/>[39m
                    [36m</svg>[39m
                    [36m<span[39m
                      [33mclass[39m=[32m"text-sm text-white/80 font-medium"[39m
                    [36m>[39m
                      [0mQA[0m
                    [36m</span>[39m
                  [36m</div>[39m
                  [36m<div[39m
                    [33mclass[39m=[32m"flex flex-wrap gap-4 text-xs text-white/60"[39m
                  [36m>[39m
                    [36m<div[39m
                      [33mclass[39m=[32m"flex items-center gap-1.5"[39m
                    [36m>[39m
                      [36m<svg[39m
                        [33mclass[39m=[32m"w-3.5 h-3.5"[39m
                        [33mfill[39m=[32m"none"[39m
                        [33mheight[39m=[32m"24"[39m
                        [33mstroke[39m=[32m"currentColor"[39m
                        [33mstroke-linecap[39m=[32m"round"[39m
                        [33mstroke-linejoin[39m=[32m"round"[39m
                        [33mstroke-width[39m=[32m"2"[39m
                        [33mviewBox[39m=[32m"0 0 24 24"[39m
                        [33mwidth[39m=[32m"24"[39m
                        [33mxmlns[39m=[32m"http://www.w3.org/2000/svg"[39m
                      [36m>[39m
                        [36m<rect[39m
                          [33mheight[39m=[32m"18"[39m
                          [33mrx[39m=[32m"2"[39m
                          [33mry[39m=[32m"2"[39m
                          [33mwidth[39m=[32m"18"[39m
                          [33mx[39m=[32m"3"[39m
                          [33my[39m=[32m"4"[39m
                        [36m/>[39m
                        [36m<line[39m
                          [33mx1[39m=[32m"16"[39m
                          [33mx2[39m=[32m"16"[39m
                          [33my1[39m=[32m"2"[39m
                          [33my2[39m=[32m"6"[39m
                        [36m/>[39m
                        [36m<line[39m
                          [33mx1[39m=[32m"8"[39m
                          [33mx2[39m=[32m"8"[39m
                          [33my1[39m=[32m"2"[39m
                          [33my2[39m=[32m"6"[39m
                        [36m/>[39m
                        [36m<line[39m
                          [33mx1[39m=[32m"3"[39m
                          [33mx2[39m=[32m"21"[39m
                          [33my1[39m=[32m"10"[39m
                          [33my2[39m=[32m"10"[39m
                        [36m/>[39m
                      [36m</svg>[39m
                      [36m<span>[39m
                        [0m1/10/2024, 12:00:00 PM[0m
                      [36m</span>[39m
                      [36m<span[39m
                        [33mclass[39m=[32m"text-white/40"[39m
                      [36m>[39m
                        [0m([0m
                        [0m1/10/2024[0m
                        [0m)[0m
                      [36m</span>[39m
                    [36m</div>[39m
                    [36m<div[39m
                      [33mclass[39m=[32m"flex items-center gap-1.5"[39m
                    [36m>[39m
                      [36m<svg[39m
                        [33mclass[39m=[32m"w-3.5 h-3.5"[39m
                        [33mfill[39m=[32m"none"[39m
                        [33mheight[39m=[32m"24"[39m
                        [33mstroke[39m=[32m"currentColor"[39m
                        [33mstroke-linecap[39m=[32m"round"[39m
                        [33mstroke-linejoin[39m=[32m"round"[39m
                        [33mstroke-width[39m=[32m"2"[39m
                        [33mviewBox[39m=[32m"0 0 24 24"[39m
                        [33mwidth[39m=[32m"24"[39m
                        [33mxmlns[39m=[32m"http://www.w3.org/2000/svg"[39m
                      [36m>[39m
                        [36m<path[39m
                          [33md[39m=[32m"M19 21v-2a4 4 0 0 0-4-4H9a4 4 0 0 0-4 4v2"[39m
                        [36m/>[39m
                        [36m<circle[39m
                          [33mcx[39m=[32m"12"[39m
                          [33mcy[39m=[32m"7"[39m
                          [33mr[39m=[32m"4"[39m
                        [36m/>[39m
                      [36m</svg>[39m
                      [36m<span[39m
                        [33mclass[39m=[32m"font-mono"[39m
                      [36m>[39m
                        [0mbuild-us[0m
                      [36m</span>[39m
                    [36m</div>[39m
                  [36m</div>[39m
                [36m</div>[39m
              [36m</div>[39m
            [36m</div>[39m
          [36m</div>[39m
        [36m</div>[39m
        [36m<div[39m
          [33mclass[39m=[32m"relative"[39m
        [36m>[39m
          [36m<div[39m
            [33mclass[39m=[32m"flex gap-4"[39m
          [36m>[39m
            [36m<div[39m
              [33mclass[39m=[32m"flex-shrink-0 w-12 h-12 rounded-full flex items-center justify-center border-2 bg-green-500/20 border-green-500/50"[39m
            [36m>[39m
              [36m<svg[39m
                [33mclass[39m=[32m"w-6 h-6 text-green-400"[39m
                [33mfill[39m=[32m"none"[39m
                [33mheight[39m=[32m"24"[39m
                [33mstroke[39m=[32m"currentColor"[39m
                [33mstroke-linecap[39m=[32m"round"[39m
                [33mstroke-linejoin[39m=[32m"round"[39m
                [33mstroke-width[39m=[32m"2"[39m
                [33mviewBox[39m=[32m"0 0 24 24"[39m
                [33mwidth[39m=[32m"24"[39m
                [33mxmlns[39m=[32m"http://www.w3.org/2000/svg"[39m
              [36m>[39m
                [36m<path[39m
                  [33md[39m=[32m"M12 22c5.523 0 10-4.477 10-10S17.523 2 12 2 2 6.477 2 12s4.477 10 10 10z"[39m
                [36m/>[39m
                [36m<path[39m
                  [33md[39m=[32m"m9 12 2 2 4-4"[39m
                [36m/>[39m
              [36m</svg>[39m
            [36m</div>[39m
            [36m<div[39m
              [33mclass[39m=[32m"flex-1 pb-8"[39m
            [36m>[39m
              [36m<div[39m
                [33mclass[39m=[32m"border rounded-lg overflow-hidden border-green-500/30 bg-green-500/5"[39m
              [36m>[39m
                [36m<div[39m
                  [33mclass[39m=[32m"p-4"[39m
                [36m>[39m
                  [36m<div[39m
                    [33mclass[39m=[32m"flex items-start justify-between mb-3"[39m
                  [36m>[39m
                    [36m<div>[39m
                      [36m<h4[39m
                        [33mclass[39m=[32m"text-base font-semibold text-white mb-1"[39m
                      [36m>[39m
                        [0mQA to Maintenance[0m
                      [36m</h4>[39m
                      [36m<span[39m
                        [33mclass[39m=[32m"px-2 py-0.5 bg-green-500/20 text-green-400 rounded text-xs font-medium"[39m
                      [36m>[39m
                        [0mCurrent Owner[0m
                      [36m</span>[39m
                    [36m</div>[39m
                    [36m<button[39m
                      [33maria-label[39m=[32m"View details"[39m
                      [33mclass[39m=[32m"flex items-center gap-1 text-sm text-blue-400 hover:text-blue-300 transition-colors"[39m
                      [33mrole[39m=[32m"button"[39m
                    [36m>[39m
                      [0mView Details[0m
                      [36m<svg[39m
                        [33mclass[39m=[32m"w-4 h-4 transition-transform"[39m
                        [33mfill[39m=[32m"none"[39m
                        [33mheight[39m=[32m"24"[39m
                        [33mstroke[39m=[32m"currentColor"[39m
                        [33mstroke-linecap[39m=[32m"round"[39m
                        [33mstroke-linejoin[39m=[32m"round"[39m
                        [33mstroke-width[39m=[32m"2"[39m
                        [33mviewBox[39m=[32m"0 0 24 24"[39m
                        [33mwidth[39m=[32m"24"[39m
                        [33mxmlns[39m=[32m"http://www.w3.org/2000/svg"[39m
                      [36m>[39m
                        [36m<path[39m
                          [33md[39m=[32m"m9 18 6-6-6-6"[39m
                        [36m/>[39m
                      [36m</svg>[39m
                    [36m</button>[39m
                  [36m</div>[39m
                  [36m<div[39m
                    [33mclass[39m=[32m"flex items-center gap-3 mb-3 p-2 bg-white/5 rounded-lg"[39m
                  [36m>[39m
                    [36m<span[39m
                      [33mclass[39m=[32m"text-sm text-white/60"[39m
                    [36m>[39m
                      [0mQA[0m
                    [36m</span>[39m
                    [36m<svg[39m
                      [33mclass[39m=[32m"w-4 h-4 text-white/40"[39m
                      [33mfill[39m=[32m"none"[39m
                      [33mheight[39m=[32m"24"[39m
                      [33mstroke[39m=[32m"currentColor"[39m
                      [33mstroke-linecap[39m=[32m"round"[39m
                      [33mstroke-linejoin[39m=[32m"round"[39m
                      [33mstroke-width[39m=[32m"2"[39m
                      [33mviewBox[39m=[32m"0 0 24 24"[39m
                      [33mwidth[39m=[32m"24"[39m
                      [33mxmlns[39m=[32m"http://www.w3.org/2000/svg"[39m
                    [36m>[39m
                      [36m<path[39m
                        [33md[39m=[32m"M5 12h14"[39m
                      [36m/>[39m
                      [36m<path[39m
                        [33md[39m=[32m"m12 5 7 7-7 7"[39m
                      [36m/>[39m
                    [36m</svg>[39m
                    [36m<span[39m
                      [33mclass[39m=[32m"text-sm text-white/80 font-medium"[39m
                    [36m>[39m
                      [0mMaintenance[0m
                    [36m</span>[39m
                  [36m</div>[39m
                  [36m<div[39m
                    [33mclass[39m=[32m"flex flex-wrap gap-4 text-xs text-white/60"[39m
                  [36m>[39m
                    [36m<div[39m
                      [33mclass[39m=[32m"flex items-center gap-1.5"[39m
                    [36m>[39m
                      [36m<svg[39m
                        [33mclass[39m=[32m"w-3.5 h-3.5"[39m
                        [33mfill[39m=[32m"none"[39m
                        [33mheight[39m=[32m"24"[39m
                        [33mstroke[39m=[32m"currentColor"[39m
                        [33mstroke-linecap[39m=[32m"round"[39m
                        [33mstroke-linejoin[39m=[32m"round"[39m
                        [33mstroke-width[39m=[32m"2"[39m
                        [33mviewBox[39m=[32m"0 0 24 24"[39m
                        [33mwidth[39m=[32m"24"[39m
                        [33mxmlns[39m=[32m"http://www.w3.org/2000/svg"[39m
                      [36m>[39m
                        [36m<rect[39m
                          [33mheight[39m=[32m"18"[39m
                          [33mrx[39m=[32m"2"[39m
                          [33mry[39m=[32m"2"[39m
                          [33mwidth[39m=[32m"18"[39m
                          [33mx[39m=[32m"3"[39m
                          [33my[39m=[32m"4"[39m
                        [36m/>[39m
                        [36m<line[39m
                          [33mx1[39m=[32m"16"[39m
                          [33mx2[39m=[32m"16"[39m
                          [33my1[39m=[32m"2"[39m
                          [33my2[39m=[32m"6"[39m
                        [36m/>[39m
                        [36m<line[39m
                          [33mx1[39m=[32m"8"[39m
                          [33mx2[39m=[32m"8"[39m
                          [33my1[39m=[32m"2"[39m
                          [33my2[39m=[32m"6"[39m
                        [36m/>[39m
                        [36m<line[39m
                          [33mx1[39m=[32m"3"[39m
                          [33mx2[39m=[32m"21"[39m
                          [33my1[39m=[32m"10"[39m
                          [33my2[39m=[32m"10"[39m
                        [36m/>[39m
                      [36m</svg>[39m
                      [36m<span>[39m
                        [0m1/15/2024, 2:00:00 PM[0m
                      [36m</span>[39m
                      [36m<span[39m
                        [33mclass[39m=[32m"text-white/40"[39m
                      [36m>[39m
                        [0m([0m
                        [0m1/15/2024[0m
                        [0m)[0m
                      [36m</span>[39m
                    [36m</div>[39m
                    [36m<div[39m
                      [33mclass[39m=[32m"flex items-center gap-1.5"[39m
                    [36m>[39m
                      [36m<svg[39m
                        [33mclass[39m=[32m"w-3.5 h-3.5"[39m
                        [33mfill[39m=[32m"none"[39m
                        [33mheight[39m=[32m"24"[39m
                        [33mstroke[39m=[32m"currentColor"[39m
                        [33mstroke-linecap[39m=[32m"round"[39m
                        [33mstroke-linejoin[39m=[32m"round"[39m
                        [33mstroke-width[39m=[32m"2"[39m
                        [33mviewBox[39m=[32m"0 0 24 24"[39m
                        [33mwidth[39m=[32m"24"[39m
                        [33mxmlns[39m=[32m"http://www.w3.org/2000/svg"[39m
                      [36m>[39m
                        [36m<path[39m
                          [33md[39m=[32m"M19 21v-2a4 4 0 0 0-4-4H9a4 4 0 0 0-4 4v2"[39m
                        [36m/>[39m
                        [36m<circle[39m
                          [33mcx[39m=[32m"12"[39m
                          [33mcy[39m=[32m"7"[39m
                          [33mr[39m=[32m"4"[39m
                        [36m/>[39m
                      [36m</svg>[39m
                      [36m<span[39m
                        [33mclass[39m=[32m"font-mono"[39m
                      [36m>[39m
                        [0mqa-user-[0m
                      [36m</span>[39m
                    [36m</div>[39m
                  [36m</div>[39m
                [36m</div>[39m
              [36m</div>[39m
            [36m</div>[39m
          [36m</div>[39m
        [36m</div>[39m
      [36m</div>[39m
    [36m</div>[39m
  [36m</div>[39m
[36m</body>[39m

Ignored nodes: comments, script, style
[36m<html>[39m
  [36m<head />[39m
  [36m<body>[39m
    [36m<div>[39m
      [36m<div[39m
        [33mclass[39m=[32m"space-y-6"[39m
      [36m>[39m
        [36m<div[39m
          [33mclass[39m=[32m"flex items-center justify-between"[39m
        [36m>[39m
          [36m<div>[39m
            [36m<h3[39m
              [33mclass[39m=[32m"text-lg font-semibold text-white"[39m
            [36m>[39m
              [0mHandover History[0m
            [36m</h3>[39m
            [36m<p[39m
              [33mclass[39m=[32m"text-sm text-white/60 mt-1"[39m
            [36m>[39m
              [0m2[0m
              [0m handover[0m
              [0ms[0m
              [36m<span>[39m
                [0m · [0m
                [0mCurrent owner: [0m
                [0mMaintenance[0m
              [36m</span>[39m
            [36m</p>[39m
          [36m</div>[39m
        [36m</div>[39m
        [36m<div[39m
          [33mclass[39m=[32m"space-y-0"[39m
        [36m>[39m
          [36m<div[39m
            [33mclass[39m=[32m"relative"[39m
          [36m>[39m
            [36m<div[39m
              [33mclass[39m=[32m"absolute left-6 top-16 bottom-0 w-0.5 bg-white/10"[39m
            [36m/>[39m
            [36m<div[39m
              [33mclass[39m=[32m"flex gap-4"[39m
            [36m>[39m
              [36m<div[39m
                [33mclass[39m=[32m"flex-shrink-0 w-12 h-12 rounded-full flex items-center justify-center border-2 bg-blue-500/20 border-blue-500/50"[39m
              [36m>[39m
                [36m<svg[39m
                  [33mclass[39m=[32m"w-6 h-6 text-blue-400"[39m
                  [33mfill[39m=[32m"none"[39m
                  [33mheight[39m=[32m"24"[39m
                  [33mstroke[39m=[32m"currentColor"[39m
                  [33mstroke-linecap[39m=[32m"round"[39m
                  [33mstroke-linejoin[39m=[32m"round"[39m
                  [33mstroke-width[39m=[32m"2"[39m
                  [33mviewBox[39m=[32m"0 0 24 24"[39m
                  [33mwidth[39m=[32m"24"[39m
                  [33mxmlns[39m=[32m"http://www.w3.org/2000/svg"[39m
                [36m>[39m
                  [36m<circle[39m
                    [33mcx[39m=[32m"12"[39m
                    [33mcy[39m=[32m"12"[39m
                    [33mr[39m=[32m"10"[39m
                  [36m/>[39m
                  [36m<polyline[39m
                    [33mpoints[39m=[32m"12 6 12 12 16 14"[39m
                  [36m/>[39m
                [36m</svg>[39m
              [36m</div>[39m
              [36m<div[39m
                [33mclass[39m=[32m"flex-1 pb-8"[39m
              [36m>[39m
                [36m<div[39m
                  [33mclass[39m=[32m"border rounded-lg overflow-hidden border-white/10 bg-white/5"[39m
                [36m>[39m
                  [36m<div[39m
                    [33mclass[39m=[32m"p-4"[39m
                  [36m>[39m
                    [36m<div[39m
                      [33mclass[39m=[32m"flex items-start justify-between mb-3"[39m
                    [36m>[39m
                      [36m<div>[39m
                        [36m<h4[39m
                          [33mclass[39m=[32m"text-base font-semibold text-white mb-1"[39m
                        [36m>[39m
                          [0mBuild to QA[0m
                        [36m</h4>[39m
                      [36m</div>[39m
                      [36m<button[39m
                        [33maria-label[39m=[32m"View details"[39m
                        [33mclass[39m=[32m"flex items-center gap-1 text-sm text-blue-400 hover:text-blue-300 transition-colors"[39m
                        [33mrole[39m=[32m"button"[39m
                      [36m>[39m
                        [0mView Details[0m
                        [36m<svg[39m
                          [33mclass[39m=[32m"w-4 h-4 transition-transform"[39m
                          [33mfill[39m=[32m"none"[39m
                          [33mheight[39m=[32m"24"[39m
                          [33mstroke[39m=[32m"currentColor"[39m
                          [33mstroke-linecap[39m=[32m"round"[39m
                          [33mstroke-linejoin[39m=[32m"round"[39m
                          [33mstroke-width[39m=[32m"2"[39m
                          [33mviewBox[39m=[32m"0 0 24 24"[39m
                          [33mwidth[39m=[32m"24"[39m
                          [33mxmlns[39m=[32m"http://www.w3.org/2000/svg"[39m
                        [36m>[39m
                          [36m<path[39m
                            [33md[39m=[32m"m9 18 6-6-6-6"[39m
                          [36m/>[39m
                        [36m</svg>[39m
                      [36m</button>[39m
                    [36m</div>[39m
                    [36m<div[39m
                      [33mclass[39m=[32m"flex items-center gap-3 mb-3 p-2 bg-white/5 rounded-lg"[39m
                    [36m>[39m
                      [36m<span[39m
                        [33mclass[39m=[32m"text-sm text-white/60"[39m
                      [36m>[39m
                        [0mBuild[0m
                      [36m</span>[39m
                      [36m<svg[39m
                        [33mclass[39m=[32m"w-4 h-4 text-white/40"[39m
                        [33mfill[39m=[32m"none"[39m
                        [33mheight[39m=[32m"24"[39m
                        [33mstroke[39m=[32m"currentColor"[39m
                        [33mstroke-linecap[39m=[32m"round"[39m
                        [33mstroke-linejoin[39m=[32m"round"[39m
                        [33mstroke-width[39m=[32m"2"[39m
                        [33mviewBox[39m=[32m"0 0 24 24"[39m
                        [33mwidth[39m=[32m"24"[39m
                        [33mxmlns[39m=[32m"http://www.w3.org/2000/svg"[39m
                      [36m>[39m
                        [36m<path[39m
                          [33md[39m=[32m"M5 12h14"[39m
                        [36m/>[39m
                        [36m<path[39m
                          [33md[39m=[32m"m12 5 7 7-7 7"[39m
                        [36m/>[39m
                      [36m</svg>[39m
                      [36m<span[39m
                        [33mclass[39m=[32m"text-sm text-white/80 font-medium"[39m
                      [36m>[39m
                        [0mQA[0m
                      [36m</span>[39m
                    [36m</div>[39m
                    [36m<div[39m
                      [33mclass[39m=[32m"flex flex-wrap gap-4 text-xs text-white/60"[39m
                    [36m>[39m
                      [36m<div[39m
                        [33mclass[39m=[32m"flex items-center gap-1.5"[39m
                      [36m>[39m
                        [36m<svg[39m
                          [33mclass[39m=[32m"w-3.5 h-3.5"[39m
                          [33mfill[39m=[32m"none"[39m
                          [33mheight[39m=[32m"24"[39m
                          [33mstroke[39m=[32m"currentColor"[39m
                          [33mstroke-linecap[39m=[32m"round"[39m
                          [33mstroke-linejoin[39m=[32m"round"[39m
                          [33mstroke-width[39m=[32m"2"[39m
                          [33mviewBox[39m=[32m"0 0 24 24"[39m
                          [33mwidth[39m=[32m"24"[39m
                          [33mxmlns[39m=[32m"http://www.w3.org/2000/svg"[39m
                        [36m>[39m
                          [36m<rect[39m
                            [33mheight[39m=[32m"18"[39m
                            [33mrx[39m=[32m"2"[39m
                            [33mry[39m=[32m"2"[39m
                            [33mwidth[39m=[32m"18"[39m
                            [33mx[39m=[32m"3"[39m
                            [33my[39m=[32m"4"[39m
                          [36m/>[39m
                          [36m<line[39m
                            [33mx1[39m=[32m"16"[39m
                            [33mx2[39m=[32m"16"[39m
                            [33my1[39m=[32m"2"[39m
                            [33my2[39m=[32m"6"[39m
                          [36m/>[39m
                          [36m<line[39m
                            [33mx1[39m=[32m"8"[39m
                            [33mx2[39m=[32m"8"[39m
                            [33my1[39m=[32m"2"[39m
                            [33my2[39m=[32m"6"[39m
                          [36m/>[39m
                          [36m<line[39m
                            [33mx1[39m=[32m"3"[39m
                            [33mx2[39m=[32m"21"[39m
                            [33my1[39m=[32m"10"[39m
                            [33my2[39m=[32m"10"[39m
                          [36m/>[39m
                        [36m</svg>[39m
                        [36m<span>[39m
                          [0m1/10/2024, 12:00:00 PM[0m
                        [36m</span>[39m
                        [36m<span[39m
                          [33mclass[39m=[32m"text-white/40"[39m
                        [36m>[39m
                          [0m([0m
                          [0m1/10/2024[0m
                          [0m)[0m
                        [36m</span>[39m
                      [36m</div>[39m
                      [36m<div[39m
                        [33mclass[39m=[32m"flex items-center gap-1.5"[39m
                      [36m>[39m
                        [36m<svg[39m
                          [33mclass[39m=[32m"w-3.5 h-3.5"[39m
                          [33mfill[39m=[32m"none"[39m
                          [33mheight[39m=[32m"24"[39m
                          [33mstroke[39m=[32m"currentColor"[39m
                          [33mstroke-linecap[39m=[32m"round"[39m
                          [33mstroke-linejoin[39m=[32m"round"[39m
                          [33mstroke-width[39m=[32m"2"[39m
                          [33mviewBox[39m=[32m"0 0 24 24"[39m
                          [33mwidth[39m=[32m"24"[39m
                          [33mxmlns[39m=[32m"http://www.w3.org/2000/svg"[39m
                        [36m>[39m
                          [36m<path[39m
                            [33md[39m=[32m"M19 21v-2a4 4 0 0 0-4-4H9a4 4 0 0 0-4 4v2"[39m
                          [36m/>[39m
                          [36m<circle[39m
                            [33mcx[39m=[32m"12"[39m
                            [33mcy[39m=[32m"7"[39m
                            [33mr[39m=[32m"4"[39m
                          [36m/>[39m
                        [36m</svg>[39m
                        [36m<span[39m
                          [33mclass[39m=[32m"font-mono"[39m
                        [36m>[39m
                          [0mbuild-us[0m
                        [36m</span>[39m
                      [36m</div>[39m
                    [36m</div>[39m
                  [36m</div>[39m
                [36m</div>[39m
              [36m</div>[39m
            [36m</div>[39m
          [36m</div>[39m
          [36m<div[39m
            [33mclass[39m=[32m"relative"[39m
          [36m>[39m
            [36m<div[39m
              [33mclass[39m=[32m"flex gap-4"[39m
            [36m>[39m
              [36m<div[39m
                [33mclass[39m=[32m"flex-shrink-0 w-12 h-12 rounded-full flex items-center justify-center border-2 bg-green-500/20 border-green-500/50"[39m
              [36m>[39m
                [36m<svg[39m
                  [33mclass[39m=[32m"w-6 h-6 text-green-400"[39m
                  [33mfill[39m=[32m"none"[39m
                  [33mheight[39m=[32m"24"[39m
                  [33mstroke[39m=[32m"currentColor"[39m
                  [33mstroke-linecap[39m=[32m"round"[39m
                  [33mstroke-linejoin[39m=[32m"round"[39m
                  [33mstroke-width[39m=[32m"2"[39m
                  [33mviewBox[39m=[32m"0 0 24 24"[39m
                  [33mwidth[39m=[32m"24"[39m
                  [33mxmlns[39m=[32m"http://www.w3.org/2000/svg"[39m
                [36m>[39m
                  [36m<path[39m
                    [33md[39m=[32m"M12 22c5.523 0 10-4.477 10-10S17.523 2 12 2 2 6.477 2 12s4.477 10 10 10z"[39m
                  [36m/>[39m
                  [36m<path[39m
                    [33md[39m=[32m"m9 12 2 2 4-4"[39m
                  [36m/>[39m
                [36m</svg>[39m
              [36m</div>[39m
              [36m<div[39m
                [33mclass[39m=[32m"flex-1 pb-8"[39m
              [36m>[39m
                [36m<div[39m
                  [33mclass[39m=[32m"border rounded-lg overflow-hidden border-green-500/30 bg-green-500/5"[39m
                [36m>[39m
                  [36m<div[39m
                    [33mclass[39m=[32m"p-4"[39m
                  [36m>[39m
                    [36m<div[39m
                      [33mclass[39m=[32m"flex items-start justify-between mb-3"[39m
                    [36m>[39m
                      [36m<div>[39m
                        [36m<h4[39m
                          [33mclass[39m=[32m"text-base font-semibold text-white mb-1"[39m
                        [36m>[39m
                          [0mQA to Maintenance[0m
                        [36m</h4>[39m
                        [36m<span[39m
                          [33mclass[39m=[32m"px-2 py-0.5 bg-green-500/20 text-green-400 rounded text-xs font-medium"[39m
                        [36m>[39m
                          [0mCurrent Owner[0m
                        [36m</span>[39m
                      [36m</div>[39m
                      [36m<button[39m
                        [33maria-label[39m=[32m"View details"[39m
                        [33mclass[39m=[32m"flex items-center gap-1 text-sm text-blue-400 hover:text-blue-300 transition-colors"[39m
                        [33mrole[39m=[32m"button"[39m
                      [36m>[39m
                        [0mView Details[0m
                        [36m<svg[39m
                          [33mclass[39m=[32m"w-4 h-4 transition-transform"[39m
                          [33mfill[39m=[32m"none"[39m
                          [33mheight[39m=[32m"24"[39m
                          [33mstroke[39m=[32m"currentColor"[39m
                          [33mstroke-linecap[39m=[32m"round"[39m
                          [33mstroke-linejoin[39m=[32m"round"[39m
                          [33mstroke-width[39m=[32m"2"[39m
                          [33mviewBox[39m=[32m"0 0 24 24"[39m
                          [33mwidth[39m=[32m"24"[39m
                          [33mxmlns[39m=[32m"http://www.w3.org/2000/svg"[39m
                        [36m>[39m
                          [36m<path[39m
                            [33md[39m=[32m"m9 18 6-6-6-6"[39m
                          [36m/>[39m
                        [36m</svg>[39m
                      [36m</button>[39m
                    [36m</div>[39m
                    [36m<div[39m
                      [33mclass[39m=[32m"flex items-center gap-3 mb-3 p-2 bg-white/5 rounded-lg"[39m
                    [36m>[39m
                      [36m<span[39m
                        [33mclass[39m=[32m"text-sm text-white/60"[39m
                      [36m>[39m
                        [0mQA[0m
                      [36m</span>[39m
                      [36m<svg[39m
                        [33mclass[39m=[32m"w-4 h-4 text-white/40"[39m
                        [33mfill[39m=[32m"none"[39m
                        [33mheight[39m=[32m"24"[39m
                        [33mstroke[39m=[32m"currentColor"[39m
                        [33mstroke-linecap[39m=[32m"round"[39m
                        [33mstroke-linejoin[39m=[32m"round"[39m
                        [33mstroke-width[39m=[32m"2"[39m
                        [33mviewBox[39m=[32m"0 0 24 24"[39m
                        [33mwidth[39m=[32m"24"[39m
                        [33mxmlns[39m=[32m"http://www.w3.org/2000/svg"[39m
                      [36m>[39m
                        [36m<path[39m
                          [33md[39m=[32m"M5 12h14"[39m
                        [36m/>[39m
                        [36m<path[39m
                          [33md[39m=[32m"m12 5 7 7-7 7"[39m
                        [36m/>[39m
                      [36m</svg>[39m
                      [36m<span[39m
                        [33mclass[39m=[32m"text-sm text-white/80 font-medium"[39m
                      [36m>[39m
                        [0mMaintenance[0m
                      [36m</span>[39m
                    [36m</div>[39m
                    [36m<div[39m
                      [33mclass[39m=[32m"flex flex-wrap gap-4 text-xs text-white/60"[39m
                    [36m>[39m
                      [36m<div[39m
                        [33mclass[39m=[32m"flex items-center gap-1.5"[39m
                      [36m>[39m
                        [36m<svg[39m
                          [33mclass[39m=[32m"w-3.5 h-3.5"[39m
                          [33mfill[39m=[32m"none"[39m
                          [33mheight[39m=[32m"24"[39m
                          [33mstroke[39m=[32m"currentColor"[39m
                          [33mstroke-linecap[39m=[32m"round"[39m
                          [33mstroke-linejoin[39m=[32m"round"[39m
                          [33mstroke-width[39m=[32m"2"[39m
                          [33mviewBox[39m=[32m"0 0 24 24"[39m
                          [33mwidth[39m=[32m"24"[39m
                          [33mxmlns[39m=[32m"http://www.w3.org/2000/svg"[39m
                        [36m>[39m
                          [36m<rect[39m
                            [33mheight[39m=[32m"18"[39m
                            [33mrx[39m=[32m"2"[39m
                            [33mry[39m=[32m"2"[39m
                            [33mwidth[39m=[32m"18"[39m
                            [33mx[39m=[32m"3"[39m
                            [33my[39m=[32m"4"[39m
                          [36m/>[39m
                          [36m<line[39m
                            [33mx1[39m=[32m"16"[39m
                            [33mx2[39m=[32m"16"[39m
                            [33my1[39m=[32m"2"[39m
                            [33my2[39m=[32m"6"[39m
                          [36m/>[39m
                          [36m<line[39m
                            [33mx1[39m=[32m"8"[39m
                            [33mx2[39m=[32m"8"[39m
                            [33my1[39m=[32m"2"[39m
                            [33my2[39m=[32m"6"[39m
                          [36m/>[39m
                          [36m<line[39m
                            [33mx1[39m=[32m"3"[39m
                            [33mx2[39m=[32m"21"[39m
                            [33my1[39m=[32m"10"[39m
                            [33my2[39m=[32m"10"[39m
                          [36m/>[39m
                        [36m</svg>[39m
                        [36m<span>[39m
                          [0m1/15/2024, 2:00:00 PM[0m
                        [36m</span>[39m
                        [36m<span[39m
                          [33mclass[39m=[32m"text-white/40"[39m
                        [36m>[39m
                          [0m([0m
                          [0m1/15/2024[0m
                          [0m)[0m
                        [36m</span>[39m
                      [36m</div>[39m
                      [36m<div[39m
                        [33mclass[39m=[32m"flex items-center gap-1.5"[39m
                      [36m>[39m
                        [36m<svg[39m
                          [33mclass[39m=[32m"w-3.5 h-3.5"[39m
                          [33mfill[39m=[32m"none"[39m
                          [33mheight[39m=[32m"24"[39m
                          [33mstroke[39m=[32m"currentColor"[39m
                          [33mstroke-linecap[39m=[32m"round"[39m
                          [33mstroke-linejoin[39m=[32m"round"[39m
                          [33mstroke-width[39m=[32m"2"[39m
                          [33mviewBox[39m=[32m"0 0 24 24"[39m
                          [33mwidth[39m=[32m"24"[39m
                          [33mxmlns[39m=[32m"http://www.w3.org/2000/svg"[39m
                        [36m>[39m
                          [36m<path[39m
                            [33md[39m=[32m"M19 21v-2a4 4 0 0 0-4-4H9a4 4 0 0 0-4 4v2"[39m
                          [36m/>[39m
                          [36m<circle[39m
                            [33mcx[39m=[32m"12"[39m
                            [33mcy[39m=[32m"7"[39m
                            [33mr[39m=[32m"4"[39m
                          [36m/>[39m
                        [36m</svg>[39m
                        [36m<span[39m
                          [33mclass[39m=[32m"font-mono"[39m
                        [36m>[39m
                          [0mqa-user-[0m
                        [36m</span>[39m
                      [36m</div>[39m
                    [36m</div>[39m
                  [36m</div>[39m
                [36m</div>[39m
              [36m</div>[39m
            [36m</div>[39m
          [36m</div>[39m
        [36m</div>[39m
      [36m</div>[39m
    [36m</div>[39m
  [36m</body>[39m
[36m</html>[39m
 ❯ waitForWrapper node_modules/@testing-library/react/node_modules/@testing-library/dom/dist/wait-for.js:166:27
 ❯ src/modules/ticketing/__tests__/components/HandoverHistory.test.tsx:380:13
    378| 
    379|       // Assert
    380|       await waitFor(() => {
       |             ^
    381|         expect(screen.getByText(/current owner/i)).toBeInTheDocument();
    382|         expect(screen.getByText(/Maintenance/i)).toBeInTheDocument();

⎯⎯⎯⎯⎯⎯⎯⎯⎯⎯⎯⎯⎯⎯⎯⎯⎯⎯⎯⎯⎯⎯[41/79]⎯

 FAIL  src/modules/ticketing/__tests__/components/HandoverSnapshot.test.tsx > HandoverSnapshot Component > Snapshot Data Display > should display ticket basic info
TestingLibraryElementError: Unable to find an element with the text: Fiber cut repair. This could be because the text is broken up by multiple elements. In this case, you can provide a function for your text matcher to make your matcher more flexible.

Ignored nodes: comments, script, style
[36m<body>[39m
  [36m<div>[39m
    [36m<div[39m
      [33mclass[39m=[32m"space-y-4"[39m
    [36m>[39m
      [36m<div[39m
        [33mclass[39m=[32m"bg-white/5 border border-white/10 rounded-lg p-6"[39m
      [36m>[39m
        [36m<div[39m
          [33mclass[39m=[32m"flex items-start justify-between mb-4"[39m
        [36m>[39m
          [36m<div>[39m
            [36m<h3[39m
              [33mclass[39m=[32m"text-xl font-bold text-white mb-2"[39m
            [36m>[39m
              [0mQA → Maintenance[0m
            [36m</h3>[39m
            [36m<p[39m
              [33mclass[39m=[32m"text-sm text-white/60"[39m
            [36m>[39m
              [0mTicket: [0m
              [36m<span[39m
                [33mclass[39m=[32m"font-mono text-white/80"[39m
              [36m>[39m
                [0mFT406824[0m
              [36m</span>[39m
            [36m</p>[39m
          [36m</div>[39m
          [36m<div[39m
            [33mclass[39m=[32m"flex items-center gap-2 px-3 py-1.5 bg-blue-500/20 text-blue-400 rounded-full text-sm font-medium"[39m
          [36m>[39m
            [36m<svg[39m
              [33mclass[39m=[32m"w-4 h-4"[39m
              [33mfill[39m=[32m"none"[39m
              [33mheight[39m=[32m"24"[39m
              [33mstroke[39m=[32m"currentColor"[39m
              [33mstroke-linecap[39m=[32m"round"[39m
              [33mstroke-linejoin[39m=[32m"round"[39m
              [33mstroke-width[39m=[32m"2"[39m
              [33mviewBox[39m=[32m"0 0 24 24"[39m
              [33mwidth[39m=[32m"24"[39m
              [33mxmlns[39m=[32m"http://www.w3.org/2000/svg"[39m
            [36m>[39m
              [36m<rect[39m
                [33mheight[39m=[32m"11"[39m
                [33mrx[39m=[32m"2"[39m
                [33mry[39m=[32m"2"[39m
                [33mwidth[39m=[32m"18"[39m
                [33mx[39m=[32m"3"[39m
                [33my[39m=[32m"11"[39m
              [36m/>[39m
              [36m<path[39m
                [33md[39m=[32m"M7 11V7a5 5 0 0 1 10 0v4"[39m
              [36m/>[39m
            [36m</svg>[39m
            [36m<span>[39m
              [0mLocked[0m
            [36m</span>[39m
          [36m</div>[39m
        [36m</div>[39m
        [36m<div[39m
          [33mclass[39m=[32m"flex items-center gap-4 p-3 bg-white/5 rounded-lg"[39m
        [36m>[39m
          [36m<span[39m
            [33mclass[39m=[32m"px-3 py-1 bg-blue-500/20 text-blue-400 rounded-full text-sm font-medium"[39m
          [36m>[39m
            [0mQA Team[0m
          [36m</span>[39m
          [36m<svg[39m
            [33mclass[39m=[32m"w-4 h-4 text-white/40"[39m
            [33mfill[39m=[32m"none"[39m
            [33mheight[39m=[32m"24"[39m
            [33mstroke[39m=[32m"currentColor"[39m
            [33mstroke-linecap[39m=[32m"round"[39m
            [33mstroke-linejoin[39m=[32m"round"[39m
            [33mstroke-width[39m=[32m"2"[39m
            [33mviewBox[39m=[32m"0 0 24 24"[39m
            [33mwidth[39m=[32m"24"[39m
            [33mxmlns[39m=[32m"http://www.w3.org/2000/svg"[39m
          [36m>[39m
            [36m<path[39m
              [33md[39m=[32m"M5 12h14"[39m
            [36m/>[39m
            [36m<path[39m
              [33md[39m=[32m"m12 5 7 7-7 7"[39m
            [36m/>[39m
          [36m</svg>[39m
          [36m<span[39m
            [33mclass[39m=[32m"px-3 py-1 bg-green-500/20 text-green-400 rounded-full text-sm font-medium"[39m
          [36m>[39m
            [0mMaintenance Team[0m
          [36m</span>[39m
        [36m</div>[39m
        [36m<div[39m
          [33mclass[39m=[32m"grid grid-cols-1 md:grid-cols-2 gap-3 mt-4 pt-4 border-t border-white/10"[39m
        [36m>[39m
          [36m<div[39m
            [33mclass[39m=[32m"flex items-center gap-2 text-sm"[39m
          [36m>[39m
            [36m<svg[39m
              [33mclass[39m=[32m"w-4 h-4 text-white/40"[39m
              [33mfill[39m=[32m"none"[39m
              [33mheight[39m=[32m"24"[39m
              [33mstroke[39m=[32m"currentColor"[39m
              [33mstroke-linecap[39m=[32m"round"[39m
              [33mstroke-linejoin[39m=[32m"round"[39m
              [33mstroke-width[39m=[32m"2"[39m
              [33mviewBox[39m=[32m"0 0 24 24"[39m
              [33mwidth[39m=[32m"24"[39m
              [33mxmlns[39m=[32m"http://www.w3.org/2000/svg"[39m
            [36m>[39m
              [36m<rect[39m
                [33mheight[39m=[32m"18"[39m
                [33mrx[39m=[32m"2"[39m
                [33mry[39m=[32m"2"[39m
                [33mwidth[39m=[32m"18"[39m
                [33mx[39m=[32m"3"[39m
                [33my[39m=[32m"4"[39m
              [36m/>[39m
              [36m<line[39m
                [33mx1[39m=[32m"16"[39m
                [33mx2[39m=[32m"16"[39m
                [33my1[39m=[32m"2"[39m
                [33my2[39m=[32m"6"[39m
              [36m/>[39m
              [36m<line[39m
                [33mx1[39m=[32m"8"[39m
                [33mx2[39m=[32m"8"[39m
                [33my1[39m=[32m"2"[39m
                [33my2[39m=[32m"6"[39m
              [36m/>[39m
              [36m<line[39m
                [33mx1[39m=[32m"3"[39m
                [33mx2[39m=[32m"21"[39m
                [33my1[39m=[32m"10"[39m
                [33my2[39m=[32m"10"[39m
              [36m/>[39m
            [36m</svg>[39m
            [36m<span[39m
              [33mclass[39m=[32m"text-white/60"[39m
            [36m>[39m
              [0mHandover At:[0m
            [36m</span>[39m
            [36m<span[39m
              [33mclass[39m=[32m"text-white/90"[39m
            [36m>[39m
              [0m1/15/2024, 2:00:00 PM[0m
            [36m</span>[39m
          [36m</div>[39m
          [36m<div[39m
            [33mclass[39m=[32m"flex items-center gap-2 text-sm"[39m
          [36m>[39m
            [36m<svg[39m
              [33mclass[39m=[32m"w-4 h-4 text-white/40"[39m
              [33mfill[39m=[32m"none"[39m
              [33mheight[39m=[32m"24"[39m
              [33mstroke[39m=[32m"currentColor"[39m
              [33mstroke-linecap[39m=[32m"round"[39m
              [33mstroke-linejoin[39m=[32m"round"[39m
              [33mstroke-width[39m=[32m"2"[39m
              [33mviewBox[39m=[32m"0 0 24 24"[39m
              [33mwidth[39m=[32m"24"[39m
              [33mxmlns[39m=[32m"http://www.w3.org/2000/svg"[39m
            [36m>[39m
              [36m<path[39m
                [33md[39m=[32m"M19 21v-2a4 4 0 0 0-4-4H9a4 4 0 0 0-4 4v2"[39m
              [36m/>[39m
              [36m<circle[39m
                [33mcx[39m=[32m"12"[39m
                [33mcy[39m=[32m"7"[39m
                [33mr[39m=[32m"4"[39m
              [36m/>[39m
            [36m</svg>[39m
            [36m<span[39m
              [33mclass[39m=[32m"text-white/60"[39m
            [36m>[39m
              [0mHandover By:[0m
            [36m</span>[39m
            [36m<span[39m
              [33mclass[39m=[32m"text-white/90 font-mono"[39m
            [36m>[39m
              [0mqa-user-[0m
            [36m</span>[39m
          [36m</div>[39m
        [36m</div>[39m
      [36m</div>[39m
      [36m<div[39m
        [33mclass[39m=[32m"border border-white/10 rounded-lg overflow-hidden"[39m
      [36m>[39m
        [36m<button[39m
          [33mclass[39m=[32m"w-full flex items-center justify-between p-4 bg-white/5 hover:bg-white/10 transition-colors"[39m
        [36m>[39m
          [36m<div[39m
            [33mclass[39m=[32m"flex items-center gap-3"[39m
          [36m>[39m
            [36m<svg[39m
              [33mclass[39m=[32m"w-5 h-5 text-white/60"[39m
              [33mfill[39m=[32m"none"[39m
              [33mheight[39m=[32m"24"[39m
              [33mstroke[39m=[32m"currentColor"[39m
              [33mstroke-linecap[39m=[32m"round"[39m
              [33mstroke-linejoin[39m=[32m"round"[39m
              [33mstroke-width[39m=[32m"2"[39m
              [33mviewBox[39m=[32m"0 0 24 24"[39m
              [33mwidth[39m=[32m"24"[39m
              [33mxmlns[39m=[32m"http://www.w3.org/2000/svg"[39m
            [36m>[39m
              [36m<path[39m
                [33md[39m=[32m"M14.5 2H6a2 2 0 0 0-2 2v16a2 2 0 0 0 2 2h12a2 2 0 0 0 2-2V7.5L14.5 2z"[39m
              [36m/>[39m
              [36m<polyline[39m
                [33mpoints[39m=[32m"14 2 14 8 20 8"[39m
              [36m/>[39m
              [36m<line[39m
                [33mx1[39m=[32m"16"[39m
                [33mx2[39m=[32m"8"[39m
                [33my1[39m=[32m"13"[39m
                [33my2[39m=[32m"13"[39m
              [36m/>[39m
              [36m<line[39m
                [33mx1[39m=[32m"16"[39m
                [33mx2[39m=[32m"8"[39m
                [33my1[39m=[32m"17"[39m
                [33my2[39m=[32m"17"[39m
              [36m/>[39m
              [36m<line[39m
                [33mx1[39m=[32m"10"[39m
                [33mx2[39m=[32m"8"[39m
                [33my1[39m=[32m"9"[39m
                [33my2[39m=[32m"9"[39m
              [36m/>[39m
            [36m</svg>[39m
            [36m<span[39m
              [33mclass[39m=[32m"font-medium text-white"[39m
            [36m>[39m
              [0mTicket Snapshot Data[0m
            [36m</span>[39m
          [36m</div>[39m
          [36m<svg[39m
            [33mclass[39m=[32m"w-5 h-5 text-white/60"[39m
            [33mfill[39m=[32m"none"[39m
            [33mheight[39m=[32m"24"[39m
            [33mstroke[39m=[32m"currentColor"[39m
            [33mstroke-linecap[39m=[32m"round"[39m
            [33mstroke-linejoin[39m=[32m"round"[39m
            [33mstroke-width[39m=[32m"2"[39m
            [33mviewBox[39m=[32m"0 0 24 24"[39m
            [33mwidth[39m=[32m"24"[39m
            [33mxmlns[39m=[32m"http://www.w3.org/2000/svg"[39m
          [36m>[39m
            [36m<path[39m
              [33md[39m=[32m"m6 9 6 6 6-6"[39m
            [36m/>[39m
          [36m</svg>[39m
        [36m</button>[39m
      [36m</div>[39m
      [36m<div[39m
        [33mclass[39m=[32m"bg-white/5 border border-white/10 rounded-lg p-4"[39m
      [36m>[39m
        [36m<div[39m
          [33mclass[39m=[32m"flex items-center justify-between"[39m
        [36m>[39m
          [36m<span[39m
            [33mclass[39m=[32m"text-white/60"[39m
          [36m>[39m
            [0mGuarantee Status:[0m
          [36m</span>[39m
          [36m<span[39m
            [33mclass[39m=[32m"px-3 py-1 rounded-full text-sm font-medium bg-green-500/20 text-green-400"[39m
          [36m>[39m
            [0mUNDER GUARANTEE[0m
          [36m</span>[39m
        [36m</div>[39m
      [36m</div>[39m
    [36m</div>[39m
  [36m</div>[39m
[36m</body>[39m
 ❯ Object.getElementError node_modules/@testing-library/react/node_modules/@testing-library/dom/dist/config.js:37:19
 ❯ node_modules/@testing-library/react/node_modules/@testing-library/dom/dist/query-helpers.js:76:38
 ❯ node_modules/@testing-library/react/node_modules/@testing-library/dom/dist/query-helpers.js:52:17
 ❯ node_modules/@testing-library/react/node_modules/@testing-library/dom/dist/query-helpers.js:95:19
 ❯ src/modules/ticketing/__tests__/components/HandoverSnapshot.test.tsx:115:21
    113|       // Assert
    114|       expect(screen.getByText('FT406824')).toBeInTheDocument();
    115|       expect(screen.getByText('Fiber cut repair')).toBeInTheDocument();
       |                     ^
    116|     });
    117| 

⎯⎯⎯⎯⎯⎯⎯⎯⎯⎯⎯⎯⎯⎯⎯⎯⎯⎯⎯⎯⎯⎯[42/79]⎯

 FAIL  src/modules/ticketing/__tests__/components/HandoverSnapshot.test.tsx > HandoverSnapshot Component > Snapshot Data Display > should display location data
TestingLibraryElementError: Unable to find an element with the text: /DR12345/i. This could be because the text is broken up by multiple elements. In this case, you can provide a function for your text matcher to make your matcher more flexible.

Ignored nodes: comments, script, style
[36m<body>[39m
  [36m<div>[39m
    [36m<div[39m
      [33mclass[39m=[32m"space-y-4"[39m
    [36m>[39m
      [36m<div[39m
        [33mclass[39m=[32m"bg-white/5 border border-white/10 rounded-lg p-6"[39m
      [36m>[39m
        [36m<div[39m
          [33mclass[39m=[32m"flex items-start justify-between mb-4"[39m
        [36m>[39m
          [36m<div>[39m
            [36m<h3[39m
              [33mclass[39m=[32m"text-xl font-bold text-white mb-2"[39m
            [36m>[39m
              [0mQA → Maintenance[0m
            [36m</h3>[39m
            [36m<p[39m
              [33mclass[39m=[32m"text-sm text-white/60"[39m
            [36m>[39m
              [0mTicket: [0m
              [36m<span[39m
                [33mclass[39m=[32m"font-mono text-white/80"[39m
              [36m>[39m
                [0mFT406824[0m
              [36m</span>[39m
            [36m</p>[39m
          [36m</div>[39m
          [36m<div[39m
            [33mclass[39m=[32m"flex items-center gap-2 px-3 py-1.5 bg-blue-500/20 text-blue-400 rounded-full text-sm font-medium"[39m
          [36m>[39m
            [36m<svg[39m
              [33mclass[39m=[32m"w-4 h-4"[39m
              [33mfill[39m=[32m"none"[39m
              [33mheight[39m=[32m"24"[39m
              [33mstroke[39m=[32m"currentColor"[39m
              [33mstroke-linecap[39m=[32m"round"[39m
              [33mstroke-linejoin[39m=[32m"round"[39m
              [33mstroke-width[39m=[32m"2"[39m
              [33mviewBox[39m=[32m"0 0 24 24"[39m
              [33mwidth[39m=[32m"24"[39m
              [33mxmlns[39m=[32m"http://www.w3.org/2000/svg"[39m
            [36m>[39m
              [36m<rect[39m
                [33mheight[39m=[32m"11"[39m
                [33mrx[39m=[32m"2"[39m
                [33mry[39m=[32m"2"[39m
                [33mwidth[39m=[32m"18"[39m
                [33mx[39m=[32m"3"[39m
                [33my[39m=[32m"11"[39m
              [36m/>[39m
              [36m<path[39m
                [33md[39m=[32m"M7 11V7a5 5 0 0 1 10 0v4"[39m
              [36m/>[39m
            [36m</svg>[39m
            [36m<span>[39m
              [0mLocked[0m
            [36m</span>[39m
          [36m</div>[39m
        [36m</div>[39m
        [36m<div[39m
          [33mclass[39m=[32m"flex items-center gap-4 p-3 bg-white/5 rounded-lg"[39m
        [36m>[39m
          [36m<span[39m
            [33mclass[39m=[32m"px-3 py-1 bg-blue-500/20 text-blue-400 rounded-full text-sm font-medium"[39m
          [36m>[39m
            [0mQA Team[0m
          [36m</span>[39m
          [36m<svg[39m
            [33mclass[39m=[32m"w-4 h-4 text-white/40"[39m
            [33mfill[39m=[32m"none"[39m
            [33mheight[39m=[32m"24"[39m
            [33mstroke[39m=[32m"currentColor"[39m
            [33mstroke-linecap[39m=[32m"round"[39m
            [33mstroke-linejoin[39m=[32m"round"[39m
            [33mstroke-width[39m=[32m"2"[39m
            [33mviewBox[39m=[32m"0 0 24 24"[39m
            [33mwidth[39m=[32m"24"[39m
            [33mxmlns[39m=[32m"http://www.w3.org/2000/svg"[39m
          [36m>[39m
            [36m<path[39m
              [33md[39m=[32m"M5 12h14"[39m
            [36m/>[39m
            [36m<path[39m
              [33md[39m=[32m"m12 5 7 7-7 7"[39m
            [36m/>[39m
          [36m</svg>[39m
          [36m<span[39m
            [33mclass[39m=[32m"px-3 py-1 bg-green-500/20 text-green-400 rounded-full text-sm font-medium"[39m
          [36m>[39m
            [0mMaintenance Team[0m
          [36m</span>[39m
        [36m</div>[39m
        [36m<div[39m
          [33mclass[39m=[32m"grid grid-cols-1 md:grid-cols-2 gap-3 mt-4 pt-4 border-t border-white/10"[39m
        [36m>[39m
          [36m<div[39m
            [33mclass[39m=[32m"flex items-center gap-2 text-sm"[39m
          [36m>[39m
            [36m<svg[39m
              [33mclass[39m=[32m"w-4 h-4 text-white/40"[39m
              [33mfill[39m=[32m"none"[39m
              [33mheight[39m=[32m"24"[39m
              [33mstroke[39m=[32m"currentColor"[39m
              [33mstroke-linecap[39m=[32m"round"[39m
              [33mstroke-linejoin[39m=[32m"round"[39m
              [33mstroke-width[39m=[32m"2"[39m
              [33mviewBox[39m=[32m"0 0 24 24"[39m
              [33mwidth[39m=[32m"24"[39m
              [33mxmlns[39m=[32m"http://www.w3.org/2000/svg"[39m
            [36m>[39m
              [36m<rect[39m
                [33mheight[39m=[32m"18"[39m
                [33mrx[39m=[32m"2"[39m
                [33mry[39m=[32m"2"[39m
                [33mwidth[39m=[32m"18"[39m
                [33mx[39m=[32m"3"[39m
                [33my[39m=[32m"4"[39m
              [36m/>[39m
              [36m<line[39m
                [33mx1[39m=[32m"16"[39m
                [33mx2[39m=[32m"16"[39m
                [33my1[39m=[32m"2"[39m
                [33my2[39m=[32m"6"[39m
              [36m/>[39m
              [36m<line[39m
                [33mx1[39m=[32m"8"[39m
                [33mx2[39m=[32m"8"[39m
                [33my1[39m=[32m"2"[39m
                [33my2[39m=[32m"6"[39m
              [36m/>[39m
              [36m<line[39m
                [33mx1[39m=[32m"3"[39m
                [33mx2[39m=[32m"21"[39m
                [33my1[39m=[32m"10"[39m
                [33my2[39m=[32m"10"[39m
              [36m/>[39m
            [36m</svg>[39m
            [36m<span[39m
              [33mclass[39m=[32m"text-white/60"[39m
            [36m>[39m
              [0mHandover At:[0m
            [36m</span>[39m
            [36m<span[39m
              [33mclass[39m=[32m"text-white/90"[39m
            [36m>[39m
              [0m1/15/2024, 2:00:00 PM[0m
            [36m</span>[39m
          [36m</div>[39m
          [36m<div[39m
            [33mclass[39m=[32m"flex items-center gap-2 text-sm"[39m
          [36m>[39m
            [36m<svg[39m
              [33mclass[39m=[32m"w-4 h-4 text-white/40"[39m
              [33mfill[39m=[32m"none"[39m
              [33mheight[39m=[32m"24"[39m
              [33mstroke[39m=[32m"currentColor"[39m
              [33mstroke-linecap[39m=[32m"round"[39m
              [33mstroke-linejoin[39m=[32m"round"[39m
              [33mstroke-width[39m=[32m"2"[39m
              [33mviewBox[39m=[32m"0 0 24 24"[39m
              [33mwidth[39m=[32m"24"[39m
              [33mxmlns[39m=[32m"http://www.w3.org/2000/svg"[39m
            [36m>[39m
              [36m<path[39m
                [33md[39m=[32m"M19 21v-2a4 4 0 0 0-4-4H9a4 4 0 0 0-4 4v2"[39m
              [36m/>[39m
              [36m<circle[39m
                [33mcx[39m=[32m"12"[39m
                [33mcy[39m=[32m"7"[39m
                [33mr[39m=[32m"4"[39m
              [36m/>[39m
            [36m</svg>[39m
            [36m<span[39m
              [33mclass[39m=[32m"text-white/60"[39m
            [36m>[39m
              [0mHandover By:[0m
            [36m</span>[39m
            [36m<span[39m
              [33mclass[39m=[32m"text-white/90 font-mono"[39m
            [36m>[39m
              [0mqa-user-[0m
            [36m</span>[39m
          [36m</div>[39m
        [36m</div>[39m
      [36m</div>[39m
      [36m<div[39m
        [33mclass[39m=[32m"border border-white/10 rounded-lg overflow-hidden"[39m
      [36m>[39m
        [36m<button[39m
          [33mclass[39m=[32m"w-full flex items-center justify-between p-4 bg-white/5 hover:bg-white/10 transition-colors"[39m
        [36m>[39m
          [36m<div[39m
            [33mclass[39m=[32m"flex items-center gap-3"[39m
          [36m>[39m
            [36m<svg[39m
              [33mclass[39m=[32m"w-5 h-5 text-white/60"[39m
              [33mfill[39m=[32m"none"[39m
              [33mheight[39m=[32m"24"[39m
              [33mstroke[39m=[32m"currentColor"[39m
              [33mstroke-linecap[39m=[32m"round"[39m
              [33mstroke-linejoin[39m=[32m"round"[39m
              [33mstroke-width[39m=[32m"2"[39m
              [33mviewBox[39m=[32m"0 0 24 24"[39m
              [33mwidth[39m=[32m"24"[39m
              [33mxmlns[39m=[32m"http://www.w3.org/2000/svg"[39m
            [36m>[39m
              [36m<path[39m
                [33md[39m=[32m"M14.5 2H6a2 2 0 0 0-2 2v16a2 2 0 0 0 2 2h12a2 2 0 0 0 2-2V7.5L14.5 2z"[39m
              [36m/>[39m
              [36m<polyline[39m
                [33mpoints[39m=[32m"14 2 14 8 20 8"[39m
              [36m/>[39m
              [36m<line[39m
                [33mx1[39m=[32m"16"[39m
                [33mx2[39m=[32m"8"[39m
                [33my1[39m=[32m"13"[39m
                [33my2[39m=[32m"13"[39m
              [36m/>[39m
              [36m<line[39m
                [33mx1[39m=[32m"16"[39m
                [33mx2[39m=[32m"8"[39m
                [33my1[39m=[32m"17"[39m
                [33my2[39m=[32m"17"[39m
              [36m/>[39m
              [36m<line[39m
                [33mx1[39m=[32m"10"[39m
                [33mx2[39m=[32m"8"[39m
                [33my1[39m=[32m"9"[39m
                [33my2[39m=[32m"9"[39m
              [36m/>[39m
            [36m</svg>[39m
            [36m<span[39m
              [33mclass[39m=[32m"font-medium text-white"[39m
            [36m>[39m
              [0mTicket Snapshot Data[0m
            [36m</span>[39m
          [36m</div>[39m
          [36m<svg[39m
            [33mclass[39m=[32m"w-5 h-5 text-white/60"[39m
            [33mfill[39m=[32m"none"[39m
            [33mheight[39m=[32m"24"[39m
            [33mstroke[39m=[32m"currentColor"[39m
            [33mstroke-linecap[39m=[32m"round"[39m
            [33mstroke-linejoin[39m=[32m"round"[39m
            [33mstroke-width[39m=[32m"2"[39m
            [33mviewBox[39m=[32m"0 0 24 24"[39m
            [33mwidth[39m=[32m"24"[39m
            [33mxmlns[39m=[32m"http://www.w3.org/2000/svg"[39m
          [36m>[39m
            [36m<path[39m
              [33md[39m=[32m"m6 9 6 6 6-6"[39m
            [36m/>[39m
          [36m</svg>[39m
        [36m</button>[39m
      [36m</div>[39m
      [36m<div[39m
        [33mclass[39m=[32m"bg-white/5 border border-white/10 rounded-lg p-4"[39m
      [36m>[39m
        [36m<div[39m
          [33mclass[39m=[32m"flex items-center justify-between"[39m
        [36m>[39m
          [36m<span[39m
            [33mclass[39m=[32m"text-white/60"[39m
          [36m>[39m
            [0mGuarantee Status:[0m
          [36m</span>[39m
          [36m<span[39m
            [33mclass[39m=[32m"px-3 py-1 rounded-full text-sm font-medium bg-green-500/20 text-green-400"[39m
          [36m>[39m
            [0mUNDER GUARANTEE[0m
          [36m</span>[39m
        [36m</div>[39m
      [36m</div>[39m
    [36m</div>[39m
  [36m</div>[39m
[36m</body>[39m
 ❯ Object.getElementError node_modules/@testing-library/react/node_modules/@testing-library/dom/dist/config.js:37:19
 ❯ node_modules/@testing-library/react/node_modules/@testing-library/dom/dist/query-helpers.js:76:38
 ❯ node_modules/@testing-library/react/node_modules/@testing-library/dom/dist/query-helpers.js:52:17
 ❯ node_modules/@testing-library/react/node_modules/@testing-library/dom/dist/query-helpers.js:95:19
 ❯ src/modules/ticketing/__tests__/components/HandoverSnapshot.test.tsx:126:21
    124| 
    125|       // Assert
    126|       expect(screen.getByText(/DR12345/i)).toBeInTheDocument();
       |                     ^
    127|       expect(screen.getByText(/P-001/i)).toBeInTheDocument();
    128|       expect(screen.getByText(/PON-001/i)).toBeInTheDocument();

⎯⎯⎯⎯⎯⎯⎯⎯⎯⎯⎯⎯⎯⎯⎯⎯⎯⎯⎯⎯⎯⎯[43/79]⎯

 FAIL  src/modules/ticketing/__tests__/components/HandoverSnapshot.test.tsx > HandoverSnapshot Component > Snapshot Data Display > should display equipment data
TestingLibraryElementError: Unable to find an element with the text: /ONT123456/i. This could be because the text is broken up by multiple elements. In this case, you can provide a function for your text matcher to make your matcher more flexible.

Ignored nodes: comments, script, style
[36m<body>[39m
  [36m<div>[39m
    [36m<div[39m
      [33mclass[39m=[32m"space-y-4"[39m
    [36m>[39m
      [36m<div[39m
        [33mclass[39m=[32m"bg-white/5 border border-white/10 rounded-lg p-6"[39m
      [36m>[39m
        [36m<div[39m
          [33mclass[39m=[32m"flex items-start justify-between mb-4"[39m
        [36m>[39m
          [36m<div>[39m
            [36m<h3[39m
              [33mclass[39m=[32m"text-xl font-bold text-white mb-2"[39m
            [36m>[39m
              [0mQA → Maintenance[0m
            [36m</h3>[39m
            [36m<p[39m
              [33mclass[39m=[32m"text-sm text-white/60"[39m
            [36m>[39m
              [0mTicket: [0m
              [36m<span[39m
                [33mclass[39m=[32m"font-mono text-white/80"[39m
              [36m>[39m
                [0mFT406824[0m
              [36m</span>[39m
            [36m</p>[39m
          [36m</div>[39m
          [36m<div[39m
            [33mclass[39m=[32m"flex items-center gap-2 px-3 py-1.5 bg-blue-500/20 text-blue-400 rounded-full text-sm font-medium"[39m
          [36m>[39m
            [36m<svg[39m
              [33mclass[39m=[32m"w-4 h-4"[39m
              [33mfill[39m=[32m"none"[39m
              [33mheight[39m=[32m"24"[39m
              [33mstroke[39m=[32m"currentColor"[39m
              [33mstroke-linecap[39m=[32m"round"[39m
              [33mstroke-linejoin[39m=[32m"round"[39m
              [33mstroke-width[39m=[32m"2"[39m
              [33mviewBox[39m=[32m"0 0 24 24"[39m
              [33mwidth[39m=[32m"24"[39m
              [33mxmlns[39m=[32m"http://www.w3.org/2000/svg"[39m
            [36m>[39m
              [36m<rect[39m
                [33mheight[39m=[32m"11"[39m
                [33mrx[39m=[32m"2"[39m
                [33mry[39m=[32m"2"[39m
                [33mwidth[39m=[32m"18"[39m
                [33mx[39m=[32m"3"[39m
                [33my[39m=[32m"11"[39m
              [36m/>[39m
              [36m<path[39m
                [33md[39m=[32m"M7 11V7a5 5 0 0 1 10 0v4"[39m
              [36m/>[39m
            [36m</svg>[39m
            [36m<span>[39m
              [0mLocked[0m
            [36m</span>[39m
          [36m</div>[39m
        [36m</div>[39m
        [36m<div[39m
          [33mclass[39m=[32m"flex items-center gap-4 p-3 bg-white/5 rounded-lg"[39m
        [36m>[39m
          [36m<span[39m
            [33mclass[39m=[32m"px-3 py-1 bg-blue-500/20 text-blue-400 rounded-full text-sm font-medium"[39m
          [36m>[39m
            [0mQA Team[0m
          [36m</span>[39m
          [36m<svg[39m
            [33mclass[39m=[32m"w-4 h-4 text-white/40"[39m
            [33mfill[39m=[32m"none"[39m
            [33mheight[39m=[32m"24"[39m
            [33mstroke[39m=[32m"currentColor"[39m
            [33mstroke-linecap[39m=[32m"round"[39m
            [33mstroke-linejoin[39m=[32m"round"[39m
            [33mstroke-width[39m=[32m"2"[39m
            [33mviewBox[39m=[32m"0 0 24 24"[39m
            [33mwidth[39m=[32m"24"[39m
            [33mxmlns[39m=[32m"http://www.w3.org/2000/svg"[39m
          [36m>[39m
            [36m<path[39m
              [33md[39m=[32m"M5 12h14"[39m
            [36m/>[39m
            [36m<path[39m
              [33md[39m=[32m"m12 5 7 7-7 7"[39m
            [36m/>[39m
          [36m</svg>[39m
          [36m<span[39m
            [33mclass[39m=[32m"px-3 py-1 bg-green-500/20 text-green-400 rounded-full text-sm font-medium"[39m
          [36m>[39m
            [0mMaintenance Team[0m
          [36m</span>[39m
        [36m</div>[39m
        [36m<div[39m
          [33mclass[39m=[32m"grid grid-cols-1 md:grid-cols-2 gap-3 mt-4 pt-4 border-t border-white/10"[39m
        [36m>[39m
          [36m<div[39m
            [33mclass[39m=[32m"flex items-center gap-2 text-sm"[39m
          [36m>[39m
            [36m<svg[39m
              [33mclass[39m=[32m"w-4 h-4 text-white/40"[39m
              [33mfill[39m=[32m"none"[39m
              [33mheight[39m=[32m"24"[39m
              [33mstroke[39m=[32m"currentColor"[39m
              [33mstroke-linecap[39m=[32m"round"[39m
              [33mstroke-linejoin[39m=[32m"round"[39m
              [33mstroke-width[39m=[32m"2"[39m
              [33mviewBox[39m=[32m"0 0 24 24"[39m
              [33mwidth[39m=[32m"24"[39m
              [33mxmlns[39m=[32m"http://www.w3.org/2000/svg"[39m
            [36m>[39m
              [36m<rect[39m
                [33mheight[39m=[32m"18"[39m
                [33mrx[39m=[32m"2"[39m
                [33mry[39m=[32m"2"[39m
                [33mwidth[39m=[32m"18"[39m
                [33mx[39m=[32m"3"[39m
                [33my[39m=[32m"4"[39m
              [36m/>[39m
              [36m<line[39m
                [33mx1[39m=[32m"16"[39m
                [33mx2[39m=[32m"16"[39m
                [33my1[39m=[32m"2"[39m
                [33my2[39m=[32m"6"[39m
              [36m/>[39m
              [36m<line[39m
                [33mx1[39m=[32m"8"[39m
                [33mx2[39m=[32m"8"[39m
                [33my1[39m=[32m"2"[39m
                [33my2[39m=[32m"6"[39m
              [36m/>[39m
              [36m<line[39m
                [33mx1[39m=[32m"3"[39m
                [33mx2[39m=[32m"21"[39m
                [33my1[39m=[32m"10"[39m
                [33my2[39m=[32m"10"[39m
              [36m/>[39m
            [36m</svg>[39m
            [36m<span[39m
              [33mclass[39m=[32m"text-white/60"[39m
            [36m>[39m
              [0mHandover At:[0m
            [36m</span>[39m
            [36m<span[39m
              [33mclass[39m=[32m"text-white/90"[39m
            [36m>[39m
              [0m1/15/2024, 2:00:00 PM[0m
            [36m</span>[39m
          [36m</div>[39m
          [36m<div[39m
            [33mclass[39m=[32m"flex items-center gap-2 text-sm"[39m
          [36m>[39m
            [36m<svg[39m
              [33mclass[39m=[32m"w-4 h-4 text-white/40"[39m
              [33mfill[39m=[32m"none"[39m
              [33mheight[39m=[32m"24"[39m
              [33mstroke[39m=[32m"currentColor"[39m
              [33mstroke-linecap[39m=[32m"round"[39m
              [33mstroke-linejoin[39m=[32m"round"[39m
              [33mstroke-width[39m=[32m"2"[39m
              [33mviewBox[39m=[32m"0 0 24 24"[39m
              [33mwidth[39m=[32m"24"[39m
              [33mxmlns[39m=[32m"http://www.w3.org/2000/svg"[39m
            [36m>[39m
              [36m<path[39m
                [33md[39m=[32m"M19 21v-2a4 4 0 0 0-4-4H9a4 4 0 0 0-4 4v2"[39m
              [36m/>[39m
              [36m<circle[39m
                [33mcx[39m=[32m"12"[39m
                [33mcy[39m=[32m"7"[39m
                [33mr[39m=[32m"4"[39m
              [36m/>[39m
            [36m</svg>[39m
            [36m<span[39m
              [33mclass[39m=[32m"text-white/60"[39m
            [36m>[39m
              [0mHandover By:[0m
            [36m</span>[39m
            [36m<span[39m
              [33mclass[39m=[32m"text-white/90 font-mono"[39m
            [36m>[39m
              [0mqa-user-[0m
            [36m</span>[39m
          [36m</div>[39m
        [36m</div>[39m
      [36m</div>[39m
      [36m<div[39m
        [33mclass[39m=[32m"border border-white/10 rounded-lg overflow-hidden"[39m
      [36m>[39m
        [36m<button[39m
          [33mclass[39m=[32m"w-full flex items-center justify-between p-4 bg-white/5 hover:bg-white/10 transition-colors"[39m
        [36m>[39m
          [36m<div[39m
            [33mclass[39m=[32m"flex items-center gap-3"[39m
          [36m>[39m
            [36m<svg[39m
              [33mclass[39m=[32m"w-5 h-5 text-white/60"[39m
              [33mfill[39m=[32m"none"[39m
              [33mheight[39m=[32m"24"[39m
              [33mstroke[39m=[32m"currentColor"[39m
              [33mstroke-linecap[39m=[32m"round"[39m
              [33mstroke-linejoin[39m=[32m"round"[39m
              [33mstroke-width[39m=[32m"2"[39m
              [33mviewBox[39m=[32m"0 0 24 24"[39m
              [33mwidth[39m=[32m"24"[39m
              [33mxmlns[39m=[32m"http://www.w3.org/2000/svg"[39m
            [36m>[39m
              [36m<path[39m
                [33md[39m=[32m"M14.5 2H6a2 2 0 0 0-2 2v16a2 2 0 0 0 2 2h12a2 2 0 0 0 2-2V7.5L14.5 2z"[39m
              [36m/>[39m
              [36m<polyline[39m
                [33mpoints[39m=[32m"14 2 14 8 20 8"[39m
              [36m/>[39m
              [36m<line[39m
                [33mx1[39m=[32m"16"[39m
                [33mx2[39m=[32m"8"[39m
                [33my1[39m=[32m"13"[39m
                [33my2[39m=[32m"13"[39m
              [36m/>[39m
              [36m<line[39m
                [33mx1[39m=[32m"16"[39m
                [33mx2[39m=[32m"8"[39m
                [33my1[39m=[32m"17"[39m
                [33my2[39m=[32m"17"[39m
              [36m/>[39m
              [36m<line[39m
                [33mx1[39m=[32m"10"[39m
                [33mx2[39m=[32m"8"[39m
                [33my1[39m=[32m"9"[39m
                [33my2[39m=[32m"9"[39m
              [36m/>[39m
            [36m</svg>[39m
            [36m<span[39m
              [33mclass[39m=[32m"font-medium text-white"[39m
            [36m>[39m
              [0mTicket Snapshot Data[0m
            [36m</span>[39m
          [36m</div>[39m
          [36m<svg[39m
            [33mclass[39m=[32m"w-5 h-5 text-white/60"[39m
            [33mfill[39m=[32m"none"[39m
            [33mheight[39m=[32m"24"[39m
            [33mstroke[39m=[32m"currentColor"[39m
            [33mstroke-linecap[39m=[32m"round"[39m
            [33mstroke-linejoin[39m=[32m"round"[39m
            [33mstroke-width[39m=[32m"2"[39m
            [33mviewBox[39m=[32m"0 0 24 24"[39m
            [33mwidth[39m=[32m"24"[39m
            [33mxmlns[39m=[32m"http://www.w3.org/2000/svg"[39m
          [36m>[39m
            [36m<path[39m
              [33md[39m=[32m"m6 9 6 6 6-6"[39m
            [36m/>[39m
          [36m</svg>[39m
        [36m</button>[39m
      [36m</div>[39m
      [36m<div[39m
        [33mclass[39m=[32m"bg-white/5 border border-white/10 rounded-lg p-4"[39m
      [36m>[39m
        [36m<div[39m
          [33mclass[39m=[32m"flex items-center justify-between"[39m
        [36m>[39m
          [36m<span[39m
            [33mclass[39m=[32m"text-white/60"[39m
          [36m>[39m
            [0mGuarantee Status:[0m
          [36m</span>[39m
          [36m<span[39m
            [33mclass[39m=[32m"px-3 py-1 rounded-full text-sm font-medium bg-green-500/20 text-green-400"[39m
          [36m>[39m
            [0mUNDER GUARANTEE[0m
          [36m</span>[39m
        [36m</div>[39m
      [36m</div>[39m
    [36m</div>[39m
  [36m</div>[39m
[36m</body>[39m
 ❯ Object.getElementError node_modules/@testing-library/react/node_modules/@testing-library/dom/dist/config.js:37:19
 ❯ node_modules/@testing-library/react/node_modules/@testing-library/dom/dist/query-helpers.js:76:38
 ❯ node_modules/@testing-library/react/node_modules/@testing-library/dom/dist/query-helpers.js:52:17
 ❯ node_modules/@testing-library/react/node_modules/@testing-library/dom/dist/query-helpers.js:95:19
 ❯ src/modules/ticketing/__tests__/components/HandoverSnapshot.test.tsx:139:21
    137| 
    138|       // Assert
    139|       expect(screen.getByText(/ONT123456/i)).toBeInTheDocument();
       |                     ^
    140|       expect(screen.getByText(/-22.5/i)).toBeInTheDocument(); // RX le…
    141|       expect(screen.getByText(/HG8245H/i)).toBeInTheDocument();

⎯⎯⎯⎯⎯⎯⎯⎯⎯⎯⎯⎯⎯⎯⎯⎯⎯⎯⎯⎯⎯⎯[44/79]⎯

 FAIL  src/modules/ticketing/__tests__/components/HandoverSnapshot.test.tsx > HandoverSnapshot Component > Snapshot Data Display > should display verification status
TestingLibraryElementError: Unable to find an element with the text: /12\/12/i. This could be because the text is broken up by multiple elements. In this case, you can provide a function for your text matcher to make your matcher more flexible.

Ignored nodes: comments, script, style
[36m<body>[39m
  [36m<div>[39m
    [36m<div[39m
      [33mclass[39m=[32m"space-y-4"[39m
    [36m>[39m
      [36m<div[39m
        [33mclass[39m=[32m"bg-white/5 border border-white/10 rounded-lg p-6"[39m
      [36m>[39m
        [36m<div[39m
          [33mclass[39m=[32m"flex items-start justify-between mb-4"[39m
        [36m>[39m
          [36m<div>[39m
            [36m<h3[39m
              [33mclass[39m=[32m"text-xl font-bold text-white mb-2"[39m
            [36m>[39m
              [0mQA → Maintenance[0m
            [36m</h3>[39m
            [36m<p[39m
              [33mclass[39m=[32m"text-sm text-white/60"[39m
            [36m>[39m
              [0mTicket: [0m
              [36m<span[39m
                [33mclass[39m=[32m"font-mono text-white/80"[39m
              [36m>[39m
                [0mFT406824[0m
              [36m</span>[39m
            [36m</p>[39m
          [36m</div>[39m
          [36m<div[39m
            [33mclass[39m=[32m"flex items-center gap-2 px-3 py-1.5 bg-blue-500/20 text-blue-400 rounded-full text-sm font-medium"[39m
          [36m>[39m
            [36m<svg[39m
              [33mclass[39m=[32m"w-4 h-4"[39m
              [33mfill[39m=[32m"none"[39m
              [33mheight[39m=[32m"24"[39m
              [33mstroke[39m=[32m"currentColor"[39m
              [33mstroke-linecap[39m=[32m"round"[39m
              [33mstroke-linejoin[39m=[32m"round"[39m
              [33mstroke-width[39m=[32m"2"[39m
              [33mviewBox[39m=[32m"0 0 24 24"[39m
              [33mwidth[39m=[32m"24"[39m
              [33mxmlns[39m=[32m"http://www.w3.org/2000/svg"[39m
            [36m>[39m
              [36m<rect[39m
                [33mheight[39m=[32m"11"[39m
                [33mrx[39m=[32m"2"[39m
                [33mry[39m=[32m"2"[39m
                [33mwidth[39m=[32m"18"[39m
                [33mx[39m=[32m"3"[39m
                [33my[39m=[32m"11"[39m
              [36m/>[39m
              [36m<path[39m
                [33md[39m=[32m"M7 11V7a5 5 0 0 1 10 0v4"[39m
              [36m/>[39m
            [36m</svg>[39m
            [36m<span>[39m
              [0mLocked[0m
            [36m</span>[39m
          [36m</div>[39m
        [36m</div>[39m
        [36m<div[39m
          [33mclass[39m=[32m"flex items-center gap-4 p-3 bg-white/5 rounded-lg"[39m
        [36m>[39m
          [36m<span[39m
            [33mclass[39m=[32m"px-3 py-1 bg-blue-500/20 text-blue-400 rounded-full text-sm font-medium"[39m
          [36m>[39m
            [0mQA Team[0m
          [36m</span>[39m
          [36m<svg[39m
            [33mclass[39m=[32m"w-4 h-4 text-white/40"[39m
            [33mfill[39m=[32m"none"[39m
            [33mheight[39m=[32m"24"[39m
            [33mstroke[39m=[32m"currentColor"[39m
            [33mstroke-linecap[39m=[32m"round"[39m
            [33mstroke-linejoin[39m=[32m"round"[39m
            [33mstroke-width[39m=[32m"2"[39m
            [33mviewBox[39m=[32m"0 0 24 24"[39m
            [33mwidth[39m=[32m"24"[39m
            [33mxmlns[39m=[32m"http://www.w3.org/2000/svg"[39m
          [36m>[39m
            [36m<path[39m
              [33md[39m=[32m"M5 12h14"[39m
            [36m/>[39m
            [36m<path[39m
              [33md[39m=[32m"m12 5 7 7-7 7"[39m
            [36m/>[39m
          [36m</svg>[39m
          [36m<span[39m
            [33mclass[39m=[32m"px-3 py-1 bg-green-500/20 text-green-400 rounded-full text-sm font-medium"[39m
          [36m>[39m
            [0mMaintenance Team[0m
          [36m</span>[39m
        [36m</div>[39m
        [36m<div[39m
          [33mclass[39m=[32m"grid grid-cols-1 md:grid-cols-2 gap-3 mt-4 pt-4 border-t border-white/10"[39m
        [36m>[39m
          [36m<div[39m
            [33mclass[39m=[32m"flex items-center gap-2 text-sm"[39m
          [36m>[39m
            [36m<svg[39m
              [33mclass[39m=[32m"w-4 h-4 text-white/40"[39m
              [33mfill[39m=[32m"none"[39m
              [33mheight[39m=[32m"24"[39m
              [33mstroke[39m=[32m"currentColor"[39m
              [33mstroke-linecap[39m=[32m"round"[39m
              [33mstroke-linejoin[39m=[32m"round"[39m
              [33mstroke-width[39m=[32m"2"[39m
              [33mviewBox[39m=[32m"0 0 24 24"[39m
              [33mwidth[39m=[32m"24"[39m
              [33mxmlns[39m=[32m"http://www.w3.org/2000/svg"[39m
            [36m>[39m
              [36m<rect[39m
                [33mheight[39m=[32m"18"[39m
                [33mrx[39m=[32m"2"[39m
                [33mry[39m=[32m"2"[39m
                [33mwidth[39m=[32m"18"[39m
                [33mx[39m=[32m"3"[39m
                [33my[39m=[32m"4"[39m
              [36m/>[39m
              [36m<line[39m
                [33mx1[39m=[32m"16"[39m
                [33mx2[39m=[32m"16"[39m
                [33my1[39m=[32m"2"[39m
                [33my2[39m=[32m"6"[39m
              [36m/>[39m
              [36m<line[39m
                [33mx1[39m=[32m"8"[39m
                [33mx2[39m=[32m"8"[39m
                [33my1[39m=[32m"2"[39m
                [33my2[39m=[32m"6"[39m
              [36m/>[39m
              [36m<line[39m
                [33mx1[39m=[32m"3"[39m
                [33mx2[39m=[32m"21"[39m
                [33my1[39m=[32m"10"[39m
                [33my2[39m=[32m"10"[39m
              [36m/>[39m
            [36m</svg>[39m
            [36m<span[39m
              [33mclass[39m=[32m"text-white/60"[39m
            [36m>[39m
              [0mHandover At:[0m
            [36m</span>[39m
            [36m<span[39m
              [33mclass[39m=[32m"text-white/90"[39m
            [36m>[39m
              [0m1/15/2024, 2:00:00 PM[0m
            [36m</span>[39m
          [36m</div>[39m
          [36m<div[39m
            [33mclass[39m=[32m"flex items-center gap-2 text-sm"[39m
          [36m>[39m
            [36m<svg[39m
              [33mclass[39m=[32m"w-4 h-4 text-white/40"[39m
              [33mfill[39m=[32m"none"[39m
              [33mheight[39m=[32m"24"[39m
              [33mstroke[39m=[32m"currentColor"[39m
              [33mstroke-linecap[39m=[32m"round"[39m
              [33mstroke-linejoin[39m=[32m"round"[39m
              [33mstroke-width[39m=[32m"2"[39m
              [33mviewBox[39m=[32m"0 0 24 24"[39m
              [33mwidth[39m=[32m"24"[39m
              [33mxmlns[39m=[32m"http://www.w3.org/2000/svg"[39m
            [36m>[39m
              [36m<path[39m
                [33md[39m=[32m"M19 21v-2a4 4 0 0 0-4-4H9a4 4 0 0 0-4 4v2"[39m
              [36m/>[39m
              [36m<circle[39m
                [33mcx[39m=[32m"12"[39m
                [33mcy[39m=[32m"7"[39m
                [33mr[39m=[32m"4"[39m
              [36m/>[39m
            [36m</svg>[39m
            [36m<span[39m
              [33mclass[39m=[32m"text-white/60"[39m
            [36m>[39m
              [0mHandover By:[0m
            [36m</span>[39m
            [36m<span[39m
              [33mclass[39m=[32m"text-white/90 font-mono"[39m
            [36m>[39m
              [0mqa-user-[0m
            [36m</span>[39m
          [36m</div>[39m
        [36m</div>[39m
      [36m</div>[39m
      [36m<div[39m
        [33mclass[39m=[32m"border border-white/10 rounded-lg overflow-hidden"[39m
      [36m>[39m
        [36m<button[39m
          [33mclass[39m=[32m"w-full flex items-center justify-between p-4 bg-white/5 hover:bg-white/10 transition-colors"[39m
        [36m>[39m
          [36m<div[39m
            [33mclass[39m=[32m"flex items-center gap-3"[39m
          [36m>[39m
            [36m<svg[39m
              [33mclass[39m=[32m"w-5 h-5 text-white/60"[39m
              [33mfill[39m=[32m"none"[39m
              [33mheight[39m=[32m"24"[39m
              [33mstroke[39m=[32m"currentColor"[39m
              [33mstroke-linecap[39m=[32m"round"[39m
              [33mstroke-linejoin[39m=[32m"round"[39m
              [33mstroke-width[39m=[32m"2"[39m
              [33mviewBox[39m=[32m"0 0 24 24"[39m
              [33mwidth[39m=[32m"24"[39m
              [33mxmlns[39m=[32m"http://www.w3.org/2000/svg"[39m
            [36m>[39m
              [36m<path[39m
                [33md[39m=[32m"M14.5 2H6a2 2 0 0 0-2 2v16a2 2 0 0 0 2 2h12a2 2 0 0 0 2-2V7.5L14.5 2z"[39m
              [36m/>[39m
              [36m<polyline[39m
                [33mpoints[39m=[32m"14 2 14 8 20 8"[39m
              [36m/>[39m
              [36m<line[39m
                [33mx1[39m=[32m"16"[39m
                [33mx2[39m=[32m"8"[39m
                [33my1[39m=[32m"13"[39m
                [33my2[39m=[32m"13"[39m
              [36m/>[39m
              [36m<line[39m
                [33mx1[39m=[32m"16"[39m
                [33mx2[39m=[32m"8"[39m
                [33my1[39m=[32m"17"[39m
                [33my2[39m=[32m"17"[39m
              [36m/>[39m
              [36m<line[39m
                [33mx1[39m=[32m"10"[39m
                [33mx2[39m=[32m"8"[39m
                [33my1[39m=[32m"9"[39m
                [33my2[39m=[32m"9"[39m
              [36m/>[39m
            [36m</svg>[39m
            [36m<span[39m
              [33mclass[39m=[32m"font-medium text-white"[39m
            [36m>[39m
              [0mTicket Snapshot Data[0m
            [36m</span>[39m
          [36m</div>[39m
          [36m<svg[39m
            [33mclass[39m=[32m"w-5 h-5 text-white/60"[39m
            [33mfill[39m=[32m"none"[39m
            [33mheight[39m=[32m"24"[39m
            [33mstroke[39m=[32m"currentColor"[39m
            [33mstroke-linecap[39m=[32m"round"[39m
            [33mstroke-linejoin[39m=[32m"round"[39m
            [33mstroke-width[39m=[32m"2"[39m
            [33mviewBox[39m=[32m"0 0 24 24"[39m
            [33mwidth[39m=[32m"24"[39m
            [33mxmlns[39m=[32m"http://www.w3.org/2000/svg"[39m
          [36m>[39m
            [36m<path[39m
              [33md[39m=[32m"m6 9 6 6 6-6"[39m
            [36m/>[39m
          [36m</svg>[39m
        [36m</button>[39m
      [36m</div>[39m
      [36m<div[39m
        [33mclass[39m=[32m"bg-white/5 border border-white/10 rounded-lg p-4"[39m
      [36m>[39m
        [36m<div[39m
          [33mclass[39m=[32m"flex items-center justify-between"[39m
        [36m>[39m
          [36m<span[39m
            [33mclass[39m=[32m"text-white/60"[39m
          [36m>[39m
            [0mGuarantee Status:[0m
          [36m</span>[39m
          [36m<span[39m
            [33mclass[39m=[32m"px-3 py-1 rounded-full text-sm font-medium bg-green-500/20 text-green-400"[39m
          [36m>[39m
            [0mUNDER GUARANTEE[0m
          [36m</span>[39m
        [36m</div>[39m
      [36m</div>[39m
    [36m</div>[39m
  [36m</div>[39m
[36m</body>[39m
 ❯ Object.getElementError node_modules/@testing-library/react/node_modules/@testing-library/dom/dist/config.js:37:19
 ❯ node_modules/@testing-library/react/node_modules/@testing-library/dom/dist/query-helpers.js:76:38
 ❯ node_modules/@testing-library/react/node_modules/@testing-library/dom/dist/query-helpers.js:52:17
 ❯ node_modules/@testing-library/react/node_modules/@testing-library/dom/dist/query-helpers.js:95:19
 ❯ src/modules/ticketing/__tests__/components/HandoverSnapshot.test.tsx:152:21
    150| 
    151|       // Assert
    152|       expect(screen.getByText(/12\/12/i)).toBeInTheDocument(); // Veri…
       |                     ^
    153|     });
    154| 

⎯⎯⎯⎯⎯⎯⎯⎯⎯⎯⎯⎯⎯⎯⎯⎯⎯⎯⎯⎯⎯⎯[45/79]⎯

 FAIL  src/modules/ticketing/__tests__/components/HandoverSnapshot.test.tsx > HandoverSnapshot Component > Snapshot Data Display > should display fault attribution
TestingLibraryElementError: Unable to find an element with the text: /workmanship/i. This could be because the text is broken up by multiple elements. In this case, you can provide a function for your text matcher to make your matcher more flexible.

Ignored nodes: comments, script, style
[36m<body>[39m
  [36m<div>[39m
    [36m<div[39m
      [33mclass[39m=[32m"space-y-4"[39m
    [36m>[39m
      [36m<div[39m
        [33mclass[39m=[32m"bg-white/5 border border-white/10 rounded-lg p-6"[39m
      [36m>[39m
        [36m<div[39m
          [33mclass[39m=[32m"flex items-start justify-between mb-4"[39m
        [36m>[39m
          [36m<div>[39m
            [36m<h3[39m
              [33mclass[39m=[32m"text-xl font-bold text-white mb-2"[39m
            [36m>[39m
              [0mQA → Maintenance[0m
            [36m</h3>[39m
            [36m<p[39m
              [33mclass[39m=[32m"text-sm text-white/60"[39m
            [36m>[39m
              [0mTicket: [0m
              [36m<span[39m
                [33mclass[39m=[32m"font-mono text-white/80"[39m
              [36m>[39m
                [0mFT406824[0m
              [36m</span>[39m
            [36m</p>[39m
          [36m</div>[39m
          [36m<div[39m
            [33mclass[39m=[32m"flex items-center gap-2 px-3 py-1.5 bg-blue-500/20 text-blue-400 rounded-full text-sm font-medium"[39m
          [36m>[39m
            [36m<svg[39m
              [33mclass[39m=[32m"w-4 h-4"[39m
              [33mfill[39m=[32m"none"[39m
              [33mheight[39m=[32m"24"[39m
              [33mstroke[39m=[32m"currentColor"[39m
              [33mstroke-linecap[39m=[32m"round"[39m
              [33mstroke-linejoin[39m=[32m"round"[39m
              [33mstroke-width[39m=[32m"2"[39m
              [33mviewBox[39m=[32m"0 0 24 24"[39m
              [33mwidth[39m=[32m"24"[39m
              [33mxmlns[39m=[32m"http://www.w3.org/2000/svg"[39m
            [36m>[39m
              [36m<rect[39m
                [33mheight[39m=[32m"11"[39m
                [33mrx[39m=[32m"2"[39m
                [33mry[39m=[32m"2"[39m
                [33mwidth[39m=[32m"18"[39m
                [33mx[39m=[32m"3"[39m
                [33my[39m=[32m"11"[39m
              [36m/>[39m
              [36m<path[39m
                [33md[39m=[32m"M7 11V7a5 5 0 0 1 10 0v4"[39m
              [36m/>[39m
            [36m</svg>[39m
            [36m<span>[39m
              [0mLocked[0m
            [36m</span>[39m
          [36m</div>[39m
        [36m</div>[39m
        [36m<div[39m
          [33mclass[39m=[32m"flex items-center gap-4 p-3 bg-white/5 rounded-lg"[39m
        [36m>[39m
          [36m<span[39m
            [33mclass[39m=[32m"px-3 py-1 bg-blue-500/20 text-blue-400 rounded-full text-sm font-medium"[39m
          [36m>[39m
            [0mQA Team[0m
          [36m</span>[39m
          [36m<svg[39m
            [33mclass[39m=[32m"w-4 h-4 text-white/40"[39m
            [33mfill[39m=[32m"none"[39m
            [33mheight[39m=[32m"24"[39m
            [33mstroke[39m=[32m"currentColor"[39m
            [33mstroke-linecap[39m=[32m"round"[39m
            [33mstroke-linejoin[39m=[32m"round"[39m
            [33mstroke-width[39m=[32m"2"[39m
            [33mviewBox[39m=[32m"0 0 24 24"[39m
            [33mwidth[39m=[32m"24"[39m
            [33mxmlns[39m=[32m"http://www.w3.org/2000/svg"[39m
          [36m>[39m
            [36m<path[39m
              [33md[39m=[32m"M5 12h14"[39m
            [36m/>[39m
            [36m<path[39m
              [33md[39m=[32m"m12 5 7 7-7 7"[39m
            [36m/>[39m
          [36m</svg>[39m
          [36m<span[39m
            [33mclass[39m=[32m"px-3 py-1 bg-green-500/20 text-green-400 rounded-full text-sm font-medium"[39m
          [36m>[39m
            [0mMaintenance Team[0m
          [36m</span>[39m
        [36m</div>[39m
        [36m<div[39m
          [33mclass[39m=[32m"grid grid-cols-1 md:grid-cols-2 gap-3 mt-4 pt-4 border-t border-white/10"[39m
        [36m>[39m
          [36m<div[39m
            [33mclass[39m=[32m"flex items-center gap-2 text-sm"[39m
          [36m>[39m
            [36m<svg[39m
              [33mclass[39m=[32m"w-4 h-4 text-white/40"[39m
              [33mfill[39m=[32m"none"[39m
              [33mheight[39m=[32m"24"[39m
              [33mstroke[39m=[32m"currentColor"[39m
              [33mstroke-linecap[39m=[32m"round"[39m
              [33mstroke-linejoin[39m=[32m"round"[39m
              [33mstroke-width[39m=[32m"2"[39m
              [33mviewBox[39m=[32m"0 0 24 24"[39m
              [33mwidth[39m=[32m"24"[39m
              [33mxmlns[39m=[32m"http://www.w3.org/2000/svg"[39m
            [36m>[39m
              [36m<rect[39m
                [33mheight[39m=[32m"18"[39m
                [33mrx[39m=[32m"2"[39m
                [33mry[39m=[32m"2"[39m
                [33mwidth[39m=[32m"18"[39m
                [33mx[39m=[32m"3"[39m
                [33my[39m=[32m"4"[39m
              [36m/>[39m
              [36m<line[39m
                [33mx1[39m=[32m"16"[39m
                [33mx2[39m=[32m"16"[39m
                [33my1[39m=[32m"2"[39m
                [33my2[39m=[32m"6"[39m
              [36m/>[39m
              [36m<line[39m
                [33mx1[39m=[32m"8"[39m
                [33mx2[39m=[32m"8"[39m
                [33my1[39m=[32m"2"[39m
                [33my2[39m=[32m"6"[39m
              [36m/>[39m
              [36m<line[39m
                [33mx1[39m=[32m"3"[39m
                [33mx2[39m=[32m"21"[39m
                [33my1[39m=[32m"10"[39m
                [33my2[39m=[32m"10"[39m
              [36m/>[39m
            [36m</svg>[39m
            [36m<span[39m
              [33mclass[39m=[32m"text-white/60"[39m
            [36m>[39m
              [0mHandover At:[0m
            [36m</span>[39m
            [36m<span[39m
              [33mclass[39m=[32m"text-white/90"[39m
            [36m>[39m
              [0m1/15/2024, 2:00:00 PM[0m
            [36m</span>[39m
          [36m</div>[39m
          [36m<div[39m
            [33mclass[39m=[32m"flex items-center gap-2 text-sm"[39m
          [36m>[39m
            [36m<svg[39m
              [33mclass[39m=[32m"w-4 h-4 text-white/40"[39m
              [33mfill[39m=[32m"none"[39m
              [33mheight[39m=[32m"24"[39m
              [33mstroke[39m=[32m"currentColor"[39m
              [33mstroke-linecap[39m=[32m"round"[39m
              [33mstroke-linejoin[39m=[32m"round"[39m
              [33mstroke-width[39m=[32m"2"[39m
              [33mviewBox[39m=[32m"0 0 24 24"[39m
              [33mwidth[39m=[32m"24"[39m
              [33mxmlns[39m=[32m"http://www.w3.org/2000/svg"[39m
            [36m>[39m
              [36m<path[39m
                [33md[39m=[32m"M19 21v-2a4 4 0 0 0-4-4H9a4 4 0 0 0-4 4v2"[39m
              [36m/>[39m
              [36m<circle[39m
                [33mcx[39m=[32m"12"[39m
                [33mcy[39m=[32m"7"[39m
                [33mr[39m=[32m"4"[39m
              [36m/>[39m
            [36m</svg>[39m
            [36m<span[39m
              [33mclass[39m=[32m"text-white/60"[39m
            [36m>[39m
              [0mHandover By:[0m
            [36m</span>[39m
            [36m<span[39m
              [33mclass[39m=[32m"text-white/90 font-mono"[39m
            [36m>[39m
              [0mqa-user-[0m
            [36m</span>[39m
          [36m</div>[39m
        [36m</div>[39m
      [36m</div>[39m
      [36m<div[39m
        [33mclass[39m=[32m"border border-white/10 rounded-lg overflow-hidden"[39m
      [36m>[39m
        [36m<button[39m
          [33mclass[39m=[32m"w-full flex items-center justify-between p-4 bg-white/5 hover:bg-white/10 transition-colors"[39m
        [36m>[39m
          [36m<div[39m
            [33mclass[39m=[32m"flex items-center gap-3"[39m
          [36m>[39m
            [36m<svg[39m
              [33mclass[39m=[32m"w-5 h-5 text-white/60"[39m
              [33mfill[39m=[32m"none"[39m
              [33mheight[39m=[32m"24"[39m
              [33mstroke[39m=[32m"currentColor"[39m
              [33mstroke-linecap[39m=[32m"round"[39m
              [33mstroke-linejoin[39m=[32m"round"[39m
              [33mstroke-width[39m=[32m"2"[39m
              [33mviewBox[39m=[32m"0 0 24 24"[39m
              [33mwidth[39m=[32m"24"[39m
              [33mxmlns[39m=[32m"http://www.w3.org/2000/svg"[39m
            [36m>[39m
              [36m<path[39m
                [33md[39m=[32m"M14.5 2H6a2 2 0 0 0-2 2v16a2 2 0 0 0 2 2h12a2 2 0 0 0 2-2V7.5L14.5 2z"[39m
              [36m/>[39m
              [36m<polyline[39m
                [33mpoints[39m=[32m"14 2 14 8 20 8"[39m
              [36m/>[39m
              [36m<line[39m
                [33mx1[39m=[32m"16"[39m
                [33mx2[39m=[32m"8"[39m
                [33my1[39m=[32m"13"[39m
                [33my2[39m=[32m"13"[39m
              [36m/>[39m
              [36m<line[39m
                [33mx1[39m=[32m"16"[39m
                [33mx2[39m=[32m"8"[39m
                [33my1[39m=[32m"17"[39m
                [33my2[39m=[32m"17"[39m
              [36m/>[39m
              [36m<line[39m
                [33mx1[39m=[32m"10"[39m
                [33mx2[39m=[32m"8"[39m
                [33my1[39m=[32m"9"[39m
                [33my2[39m=[32m"9"[39m
              [36m/>[39m
            [36m</svg>[39m
            [36m<span[39m
              [33mclass[39m=[32m"font-medium text-white"[39m
            [36m>[39m
              [0mTicket Snapshot Data[0m
            [36m</span>[39m
          [36m</div>[39m
          [36m<svg[39m
            [33mclass[39m=[32m"w-5 h-5 text-white/60"[39m
            [33mfill[39m=[32m"none"[39m
            [33mheight[39m=[32m"24"[39m
            [33mstroke[39m=[32m"currentColor"[39m
            [33mstroke-linecap[39m=[32m"round"[39m
            [33mstroke-linejoin[39m=[32m"round"[39m
            [33mstroke-width[39m=[32m"2"[39m
            [33mviewBox[39m=[32m"0 0 24 24"[39m
            [33mwidth[39m=[32m"24"[39m
            [33mxmlns[39m=[32m"http://www.w3.org/2000/svg"[39m
          [36m>[39m
            [36m<path[39m
              [33md[39m=[32m"m6 9 6 6 6-6"[39m
            [36m/>[39m
          [36m</svg>[39m
        [36m</button>[39m
      [36m</div>[39m
      [36m<div[39m
        [33mclass[39m=[32m"bg-white/5 border border-white/10 rounded-lg p-4"[39m
      [36m>[39m
        [36m<div[39m
          [33mclass[39m=[32m"flex items-center justify-between"[39m
        [36m>[39m
          [36m<span[39m
            [33mclass[39m=[32m"text-white/60"[39m
          [36m>[39m
            [0mGuarantee Status:[0m
          [36m</span>[39m
          [36m<span[39m
            [33mclass[39m=[32m"px-3 py-1 rounded-full text-sm font-medium bg-green-500/20 text-green-400"[39m
          [36m>[39m
            [0mUNDER GUARANTEE[0m
          [36m</span>[39m
        [36m</div>[39m
      [36m</div>[39m
    [36m</div>[39m
  [36m</div>[39m
[36m</body>[39m
 ❯ Object.getElementError node_modules/@testing-library/react/node_modules/@testing-library/dom/dist/config.js:37:19
 ❯ node_modules/@testing-library/react/node_modules/@testing-library/dom/dist/query-helpers.js:76:38
 ❯ node_modules/@testing-library/react/node_modules/@testing-library/dom/dist/query-helpers.js:52:17
 ❯ node_modules/@testing-library/react/node_modules/@testing-library/dom/dist/query-helpers.js:95:19
 ❯ src/modules/ticketing/__tests__/components/HandoverSnapshot.test.tsx:163:21
    161| 
    162|       // Assert
    163|       expect(screen.getByText(/workmanship/i)).toBeInTheDocument();
       |                     ^
    164|       expect(screen.getByText(/poor splicing detected/i)).toBeInTheDoc…
    165|     });

⎯⎯⎯⎯⎯⎯⎯⎯⎯⎯⎯⎯⎯⎯⎯⎯⎯⎯⎯⎯⎯⎯[46/79]⎯

 FAIL  src/modules/ticketing/__tests__/components/HandoverSnapshot.test.tsx > HandoverSnapshot Component > Evidence Links Display > should display evidence count
TestingLibraryElementError: Unable to find an element with the text: /2 photo/i. This could be because the text is broken up by multiple elements. In this case, you can provide a function for your text matcher to make your matcher more flexible.

Ignored nodes: comments, script, style
[36m<body>[39m
  [36m<div>[39m
    [36m<div[39m
      [33mclass[39m=[32m"space-y-4"[39m
    [36m>[39m
      [36m<div[39m
        [33mclass[39m=[32m"bg-white/5 border border-white/10 rounded-lg p-6"[39m
      [36m>[39m
        [36m<div[39m
          [33mclass[39m=[32m"flex items-start justify-between mb-4"[39m
        [36m>[39m
          [36m<div>[39m
            [36m<h3[39m
              [33mclass[39m=[32m"text-xl font-bold text-white mb-2"[39m
            [36m>[39m
              [0mQA → Maintenance[0m
            [36m</h3>[39m
            [36m<p[39m
              [33mclass[39m=[32m"text-sm text-white/60"[39m
            [36m>[39m
              [0mTicket: [0m
              [36m<span[39m
                [33mclass[39m=[32m"font-mono text-white/80"[39m
              [36m>[39m
                [0mFT406824[0m
              [36m</span>[39m
            [36m</p>[39m
          [36m</div>[39m
          [36m<div[39m
            [33mclass[39m=[32m"flex items-center gap-2 px-3 py-1.5 bg-blue-500/20 text-blue-400 rounded-full text-sm font-medium"[39m
          [36m>[39m
            [36m<svg[39m
              [33mclass[39m=[32m"w-4 h-4"[39m
              [33mfill[39m=[32m"none"[39m
              [33mheight[39m=[32m"24"[39m
              [33mstroke[39m=[32m"currentColor"[39m
              [33mstroke-linecap[39m=[32m"round"[39m
              [33mstroke-linejoin[39m=[32m"round"[39m
              [33mstroke-width[39m=[32m"2"[39m
              [33mviewBox[39m=[32m"0 0 24 24"[39m
              [33mwidth[39m=[32m"24"[39m
              [33mxmlns[39m=[32m"http://www.w3.org/2000/svg"[39m
            [36m>[39m
              [36m<rect[39m
                [33mheight[39m=[32m"11"[39m
                [33mrx[39m=[32m"2"[39m
                [33mry[39m=[32m"2"[39m
                [33mwidth[39m=[32m"18"[39m
                [33mx[39m=[32m"3"[39m
                [33my[39m=[32m"11"[39m
              [36m/>[39m
              [36m<path[39m
                [33md[39m=[32m"M7 11V7a5 5 0 0 1 10 0v4"[39m
              [36m/>[39m
            [36m</svg>[39m
            [36m<span>[39m
              [0mLocked[0m
            [36m</span>[39m
          [36m</div>[39m
        [36m</div>[39m
        [36m<div[39m
          [33mclass[39m=[32m"flex items-center gap-4 p-3 bg-white/5 rounded-lg"[39m
        [36m>[39m
          [36m<span[39m
            [33mclass[39m=[32m"px-3 py-1 bg-blue-500/20 text-blue-400 rounded-full text-sm font-medium"[39m
          [36m>[39m
            [0mQA Team[0m
          [36m</span>[39m
          [36m<svg[39m
            [33mclass[39m=[32m"w-4 h-4 text-white/40"[39m
            [33mfill[39m=[32m"none"[39m
            [33mheight[39m=[32m"24"[39m
            [33mstroke[39m=[32m"currentColor"[39m
            [33mstroke-linecap[39m=[32m"round"[39m
            [33mstroke-linejoin[39m=[32m"round"[39m
            [33mstroke-width[39m=[32m"2"[39m
            [33mviewBox[39m=[32m"0 0 24 24"[39m
            [33mwidth[39m=[32m"24"[39m
            [33mxmlns[39m=[32m"http://www.w3.org/2000/svg"[39m
          [36m>[39m
            [36m<path[39m
              [33md[39m=[32m"M5 12h14"[39m
            [36m/>[39m
            [36m<path[39m
              [33md[39m=[32m"m12 5 7 7-7 7"[39m
            [36m/>[39m
          [36m</svg>[39m
          [36m<span[39m
            [33mclass[39m=[32m"px-3 py-1 bg-green-500/20 text-green-400 rounded-full text-sm font-medium"[39m
          [36m>[39m
            [0mMaintenance Team[0m
          [36m</span>[39m
        [36m</div>[39m
        [36m<div[39m
          [33mclass[39m=[32m"grid grid-cols-1 md:grid-cols-2 gap-3 mt-4 pt-4 border-t border-white/10"[39m
        [36m>[39m
          [36m<div[39m
            [33mclass[39m=[32m"flex items-center gap-2 text-sm"[39m
          [36m>[39m
            [36m<svg[39m
              [33mclass[39m=[32m"w-4 h-4 text-white/40"[39m
              [33mfill[39m=[32m"none"[39m
              [33mheight[39m=[32m"24"[39m
              [33mstroke[39m=[32m"currentColor"[39m
              [33mstroke-linecap[39m=[32m"round"[39m
              [33mstroke-linejoin[39m=[32m"round"[39m
              [33mstroke-width[39m=[32m"2"[39m
              [33mviewBox[39m=[32m"0 0 24 24"[39m
              [33mwidth[39m=[32m"24"[39m
              [33mxmlns[39m=[32m"http://www.w3.org/2000/svg"[39m
            [36m>[39m
              [36m<rect[39m
                [33mheight[39m=[32m"18"[39m
                [33mrx[39m=[32m"2"[39m
                [33mry[39m=[32m"2"[39m
                [33mwidth[39m=[32m"18"[39m
                [33mx[39m=[32m"3"[39m
                [33my[39m=[32m"4"[39m
              [36m/>[39m
              [36m<line[39m
                [33mx1[39m=[32m"16"[39m
                [33mx2[39m=[32m"16"[39m
                [33my1[39m=[32m"2"[39m
                [33my2[39m=[32m"6"[39m
              [36m/>[39m
              [36m<line[39m
                [33mx1[39m=[32m"8"[39m
                [33mx2[39m=[32m"8"[39m
                [33my1[39m=[32m"2"[39m
                [33my2[39m=[32m"6"[39m
              [36m/>[39m
              [36m<line[39m
                [33mx1[39m=[32m"3"[39m
                [33mx2[39m=[32m"21"[39m
                [33my1[39m=[32m"10"[39m
                [33my2[39m=[32m"10"[39m
              [36m/>[39m
            [36m</svg>[39m
            [36m<span[39m
              [33mclass[39m=[32m"text-white/60"[39m
            [36m>[39m
              [0mHandover At:[0m
            [36m</span>[39m
            [36m<span[39m
              [33mclass[39m=[32m"text-white/90"[39m
            [36m>[39m
              [0m1/15/2024, 2:00:00 PM[0m
            [36m</span>[39m
          [36m</div>[39m
          [36m<div[39m
            [33mclass[39m=[32m"flex items-center gap-2 text-sm"[39m
          [36m>[39m
            [36m<svg[39m
              [33mclass[39m=[32m"w-4 h-4 text-white/40"[39m
              [33mfill[39m=[32m"none"[39m
              [33mheight[39m=[32m"24"[39m
              [33mstroke[39m=[32m"currentColor"[39m
              [33mstroke-linecap[39m=[32m"round"[39m
              [33mstroke-linejoin[39m=[32m"round"[39m
              [33mstroke-width[39m=[32m"2"[39m
              [33mviewBox[39m=[32m"0 0 24 24"[39m
              [33mwidth[39m=[32m"24"[39m
              [33mxmlns[39m=[32m"http://www.w3.org/2000/svg"[39m
            [36m>[39m
              [36m<path[39m
                [33md[39m=[32m"M19 21v-2a4 4 0 0 0-4-4H9a4 4 0 0 0-4 4v2"[39m
              [36m/>[39m
              [36m<circle[39m
                [33mcx[39m=[32m"12"[39m
                [33mcy[39m=[32m"7"[39m
                [33mr[39m=[32m"4"[39m
              [36m/>[39m
            [36m</svg>[39m
            [36m<span[39m
              [33mclass[39m=[32m"text-white/60"[39m
            [36m>[39m
              [0mHandover By:[0m
            [36m</span>[39m
            [36m<span[39m
              [33mclass[39m=[32m"text-white/90 font-mono"[39m
            [36m>[39m
              [0mqa-user-[0m
            [36m</span>[39m
          [36m</div>[39m
        [36m</div>[39m
      [36m</div>[39m
      [36m<div[39m
        [33mclass[39m=[32m"border border-white/10 rounded-lg overflow-hidden"[39m
      [36m>[39m
        [36m<button[39m
          [33mclass[39m=[32m"w-full flex items-center justify-between p-4 bg-white/5 hover:bg-white/10 transition-colors"[39m
        [36m>[39m
          [36m<div[39m
            [33mclass[39m=[32m"flex items-center gap-3"[39m
          [36m>[39m
            [36m<svg[39m
              [33mclass[39m=[32m"w-5 h-5 text-white/60"[39m
              [33mfill[39m=[32m"none"[39m
              [33mheight[39m=[32m"24"[39m
              [33mstroke[39m=[32m"currentColor"[39m
              [33mstroke-linecap[39m=[32m"round"[39m
              [33mstroke-linejoin[39m=[32m"round"[39m
              [33mstroke-width[39m=[32m"2"[39m
              [33mviewBox[39m=[32m"0 0 24 24"[39m
              [33mwidth[39m=[32m"24"[39m
              [33mxmlns[39m=[32m"http://www.w3.org/2000/svg"[39m
            [36m>[39m
              [36m<path[39m
                [33md[39m=[32m"M14.5 2H6a2 2 0 0 0-2 2v16a2 2 0 0 0 2 2h12a2 2 0 0 0 2-2V7.5L14.5 2z"[39m
              [36m/>[39m
              [36m<polyline[39m
                [33mpoints[39m=[32m"14 2 14 8 20 8"[39m
              [36m/>[39m
              [36m<line[39m
                [33mx1[39m=[32m"16"[39m
                [33mx2[39m=[32m"8"[39m
                [33my1[39m=[32m"13"[39m
                [33my2[39m=[32m"13"[39m
              [36m/>[39m
              [36m<line[39m
                [33mx1[39m=[32m"16"[39m
                [33mx2[39m=[32m"8"[39m
                [33my1[39m=[32m"17"[39m
                [33my2[39m=[32m"17"[39m
              [36m/>[39m
              [36m<line[39m
                [33mx1[39m=[32m"10"[39m
                [33mx2[39m=[32m"8"[39m
                [33my1[39m=[32m"9"[39m
                [33my2[39m=[32m"9"[39m
              [36m/>[39m
            [36m</svg>[39m
            [36m<span[39m
              [33mclass[39m=[32m"font-medium text-white"[39m
            [36m>[39m
              [0mTicket Snapshot Data[0m
            [36m</span>[39m
          [36m</div>[39m
          [36m<svg[39m
            [33mclass[39m=[32m"w-5 h-5 text-white/60"[39m
            [33mfill[39m=[32m"none"[39m
            [33mheight[39m=[32m"24"[39m
            [33mstroke[39m=[32m"currentColor"[39m
            [33mstroke-linecap[39m=[32m"round"[39m
            [33mstroke-linejoin[39m=[32m"round"[39m
            [33mstroke-width[39m=[32m"2"[39m
            [33mviewBox[39m=[32m"0 0 24 24"[39m
            [33mwidth[39m=[32m"24"[39m
            [33mxmlns[39m=[32m"http://www.w3.org/2000/svg"[39m
          [36m>[39m
            [36m<path[39m
              [33md[39m=[32m"m6 9 6 6 6-6"[39m
            [36m/>[39m
          [36m</svg>[39m
        [36m</button>[39m
      [36m</div>[39m
      [36m<div[39m
        [33mclass[39m=[32m"bg-white/5 border border-white/10 rounded-lg p-4"[39m
      [36m>[39m
        [36m<div[39m
          [33mclass[39m=[32m"flex items-center justify-between"[39m
        [36m>[39m
          [36m<span[39m
            [33mclass[39m=[32m"text-white/60"[39m
          [36m>[39m
            [0mGuarantee Status:[0m
          [36m</span>[39m
          [36m<span[39m
            [33mclass[39m=[32m"px-3 py-1 rounded-full text-sm font-medium bg-green-500/20 text-green-400"[39m
          [36m>[39m
            [0mUNDER GUARANTEE[0m
          [36m</span>[39m
        [36m</div>[39m
      [36m</div>[39m
    [36m</div>[39m
  [36m</div>[39m
[36m</body>[39m
 ❯ Object.getElementError node_modules/@testing-library/react/node_modules/@testing-library/dom/dist/config.js:37:19
 ❯ node_modules/@testing-library/react/node_modules/@testing-library/dom/dist/query-helpers.js:76:38
 ❯ node_modules/@testing-library/react/node_modules/@testing-library/dom/dist/query-helpers.js:52:17
 ❯ node_modules/@testing-library/react/node_modules/@testing-library/dom/dist/query-helpers.js:95:19
 ❯ src/modules/ticketing/__tests__/components/HandoverSnapshot.test.tsx:177:21
    175| 
    176|       // Assert
    177|       expect(screen.getByText(/2 photo/i)).toBeInTheDocument();
       |                     ^
    178|     });
    179| 

⎯⎯⎯⎯⎯⎯⎯⎯⎯⎯⎯⎯⎯⎯⎯⎯⎯⎯⎯⎯⎯⎯[47/79]⎯

 FAIL  src/modules/ticketing/__tests__/components/HandoverSnapshot.test.tsx > HandoverSnapshot Component > Evidence Links Display > should display evidence links
TestingLibraryElementError: Unable to find an element with the text: photo1.jpg. This could be because the text is broken up by multiple elements. In this case, you can provide a function for your text matcher to make your matcher more flexible.

Ignored nodes: comments, script, style
[36m<body>[39m
  [36m<div>[39m
    [36m<div[39m
      [33mclass[39m=[32m"space-y-4"[39m
    [36m>[39m
      [36m<div[39m
        [33mclass[39m=[32m"bg-white/5 border border-white/10 rounded-lg p-6"[39m
      [36m>[39m
        [36m<div[39m
          [33mclass[39m=[32m"flex items-start justify-between mb-4"[39m
        [36m>[39m
          [36m<div>[39m
            [36m<h3[39m
              [33mclass[39m=[32m"text-xl font-bold text-white mb-2"[39m
            [36m>[39m
              [0mQA → Maintenance[0m
            [36m</h3>[39m
            [36m<p[39m
              [33mclass[39m=[32m"text-sm text-white/60"[39m
            [36m>[39m
              [0mTicket: [0m
              [36m<span[39m
                [33mclass[39m=[32m"font-mono text-white/80"[39m
              [36m>[39m
                [0mFT406824[0m
              [36m</span>[39m
            [36m</p>[39m
          [36m</div>[39m
          [36m<div[39m
            [33mclass[39m=[32m"flex items-center gap-2 px-3 py-1.5 bg-blue-500/20 text-blue-400 rounded-full text-sm font-medium"[39m
          [36m>[39m
            [36m<svg[39m
              [33mclass[39m=[32m"w-4 h-4"[39m
              [33mfill[39m=[32m"none"[39m
              [33mheight[39m=[32m"24"[39m
              [33mstroke[39m=[32m"currentColor"[39m
              [33mstroke-linecap[39m=[32m"round"[39m
              [33mstroke-linejoin[39m=[32m"round"[39m
              [33mstroke-width[39m=[32m"2"[39m
              [33mviewBox[39m=[32m"0 0 24 24"[39m
              [33mwidth[39m=[32m"24"[39m
              [33mxmlns[39m=[32m"http://www.w3.org/2000/svg"[39m
            [36m>[39m
              [36m<rect[39m
                [33mheight[39m=[32m"11"[39m
                [33mrx[39m=[32m"2"[39m
                [33mry[39m=[32m"2"[39m
                [33mwidth[39m=[32m"18"[39m
                [33mx[39m=[32m"3"[39m
                [33my[39m=[32m"11"[39m
              [36m/>[39m
              [36m<path[39m
                [33md[39m=[32m"M7 11V7a5 5 0 0 1 10 0v4"[39m
              [36m/>[39m
            [36m</svg>[39m
            [36m<span>[39m
              [0mLocked[0m
            [36m</span>[39m
          [36m</div>[39m
        [36m</div>[39m
        [36m<div[39m
          [33mclass[39m=[32m"flex items-center gap-4 p-3 bg-white/5 rounded-lg"[39m
        [36m>[39m
          [36m<span[39m
            [33mclass[39m=[32m"px-3 py-1 bg-blue-500/20 text-blue-400 rounded-full text-sm font-medium"[39m
          [36m>[39m
            [0mQA Team[0m
          [36m</span>[39m
          [36m<svg[39m
            [33mclass[39m=[32m"w-4 h-4 text-white/40"[39m
            [33mfill[39m=[32m"none"[39m
            [33mheight[39m=[32m"24"[39m
            [33mstroke[39m=[32m"currentColor"[39m
            [33mstroke-linecap[39m=[32m"round"[39m
            [33mstroke-linejoin[39m=[32m"round"[39m
            [33mstroke-width[39m=[32m"2"[39m
            [33mviewBox[39m=[32m"0 0 24 24"[39m
            [33mwidth[39m=[32m"24"[39m
            [33mxmlns[39m=[32m"http://www.w3.org/2000/svg"[39m
          [36m>[39m
            [36m<path[39m
              [33md[39m=[32m"M5 12h14"[39m
            [36m/>[39m
            [36m<path[39m
              [33md[39m=[32m"m12 5 7 7-7 7"[39m
            [36m/>[39m
          [36m</svg>[39m
          [36m<span[39m
            [33mclass[39m=[32m"px-3 py-1 bg-green-500/20 text-green-400 rounded-full text-sm font-medium"[39m
          [36m>[39m
            [0mMaintenance Team[0m
          [36m</span>[39m
        [36m</div>[39m
        [36m<div[39m
          [33mclass[39m=[32m"grid grid-cols-1 md:grid-cols-2 gap-3 mt-4 pt-4 border-t border-white/10"[39m
        [36m>[39m
          [36m<div[39m
            [33mclass[39m=[32m"flex items-center gap-2 text-sm"[39m
          [36m>[39m
            [36m<svg[39m
              [33mclass[39m=[32m"w-4 h-4 text-white/40"[39m
              [33mfill[39m=[32m"none"[39m
              [33mheight[39m=[32m"24"[39m
              [33mstroke[39m=[32m"currentColor"[39m
              [33mstroke-linecap[39m=[32m"round"[39m
              [33mstroke-linejoin[39m=[32m"round"[39m
              [33mstroke-width[39m=[32m"2"[39m
              [33mviewBox[39m=[32m"0 0 24 24"[39m
              [33mwidth[39m=[32m"24"[39m
              [33mxmlns[39m=[32m"http://www.w3.org/2000/svg"[39m
            [36m>[39m
              [36m<rect[39m
                [33mheight[39m=[32m"18"[39m
                [33mrx[39m=[32m"2"[39m
                [33mry[39m=[32m"2"[39m
                [33mwidth[39m=[32m"18"[39m
                [33mx[39m=[32m"3"[39m
                [33my[39m=[32m"4"[39m
              [36m/>[39m
              [36m<line[39m
                [33mx1[39m=[32m"16"[39m
                [33mx2[39m=[32m"16"[39m
                [33my1[39m=[32m"2"[39m
                [33my2[39m=[32m"6"[39m
              [36m/>[39m
              [36m<line[39m
                [33mx1[39m=[32m"8"[39m
                [33mx2[39m=[32m"8"[39m
                [33my1[39m=[32m"2"[39m
                [33my2[39m=[32m"6"[39m
              [36m/>[39m
              [36m<line[39m
                [33mx1[39m=[32m"3"[39m
                [33mx2[39m=[32m"21"[39m
                [33my1[39m=[32m"10"[39m
                [33my2[39m=[32m"10"[39m
              [36m/>[39m
            [36m</svg>[39m
            [36m<span[39m
              [33mclass[39m=[32m"text-white/60"[39m
            [36m>[39m
              [0mHandover At:[0m
            [36m</span>[39m
            [36m<span[39m
              [33mclass[39m=[32m"text-white/90"[39m
            [36m>[39m
              [0m1/15/2024, 2:00:00 PM[0m
            [36m</span>[39m
          [36m</div>[39m
          [36m<div[39m
            [33mclass[39m=[32m"flex items-center gap-2 text-sm"[39m
          [36m>[39m
            [36m<svg[39m
              [33mclass[39m=[32m"w-4 h-4 text-white/40"[39m
              [33mfill[39m=[32m"none"[39m
              [33mheight[39m=[32m"24"[39m
              [33mstroke[39m=[32m"currentColor"[39m
              [33mstroke-linecap[39m=[32m"round"[39m
              [33mstroke-linejoin[39m=[32m"round"[39m
              [33mstroke-width[39m=[32m"2"[39m
              [33mviewBox[39m=[32m"0 0 24 24"[39m
              [33mwidth[39m=[32m"24"[39m
              [33mxmlns[39m=[32m"http://www.w3.org/2000/svg"[39m
            [36m>[39m
              [36m<path[39m
                [33md[39m=[32m"M19 21v-2a4 4 0 0 0-4-4H9a4 4 0 0 0-4 4v2"[39m
              [36m/>[39m
              [36m<circle[39m
                [33mcx[39m=[32m"12"[39m
                [33mcy[39m=[32m"7"[39m
                [33mr[39m=[32m"4"[39m
              [36m/>[39m
            [36m</svg>[39m
            [36m<span[39m
              [33mclass[39m=[32m"text-white/60"[39m
            [36m>[39m
              [0mHandover By:[0m
            [36m</span>[39m
            [36m<span[39m
              [33mclass[39m=[32m"text-white/90 font-mono"[39m
            [36m>[39m
              [0mqa-user-[0m
            [36m</span>[39m
          [36m</div>[39m
        [36m</div>[39m
      [36m</div>[39m
      [36m<div[39m
        [33mclass[39m=[32m"border border-white/10 rounded-lg overflow-hidden"[39m
      [36m>[39m
        [36m<button[39m
          [33mclass[39m=[32m"w-full flex items-center justify-between p-4 bg-white/5 hover:bg-white/10 transition-colors"[39m
        [36m>[39m
          [36m<div[39m
            [33mclass[39m=[32m"flex items-center gap-3"[39m
          [36m>[39m
            [36m<svg[39m
              [33mclass[39m=[32m"w-5 h-5 text-white/60"[39m
              [33mfill[39m=[32m"none"[39m
              [33mheight[39m=[32m"24"[39m
              [33mstroke[39m=[32m"currentColor"[39m
              [33mstroke-linecap[39m=[32m"round"[39m
              [33mstroke-linejoin[39m=[32m"round"[39m
              [33mstroke-width[39m=[32m"2"[39m
              [33mviewBox[39m=[32m"0 0 24 24"[39m
              [33mwidth[39m=[32m"24"[39m
              [33mxmlns[39m=[32m"http://www.w3.org/2000/svg"[39m
            [36m>[39m
              [36m<path[39m
                [33md[39m=[32m"M14.5 2H6a2 2 0 0 0-2 2v16a2 2 0 0 0 2 2h12a2 2 0 0 0 2-2V7.5L14.5 2z"[39m
              [36m/>[39m
              [36m<polyline[39m
                [33mpoints[39m=[32m"14 2 14 8 20 8"[39m
              [36m/>[39m
              [36m<line[39m
                [33mx1[39m=[32m"16"[39m
                [33mx2[39m=[32m"8"[39m
                [33my1[39m=[32m"13"[39m
                [33my2[39m=[32m"13"[39m
              [36m/>[39m
              [36m<line[39m
                [33mx1[39m=[32m"16"[39m
                [33mx2[39m=[32m"8"[39m
                [33my1[39m=[32m"17"[39m
                [33my2[39m=[32m"17"[39m
              [36m/>[39m
              [36m<line[39m
                [33mx1[39m=[32m"10"[39m
                [33mx2[39m=[32m"8"[39m
                [33my1[39m=[32m"9"[39m
                [33my2[39m=[32m"9"[39m
              [36m/>[39m
            [36m</svg>[39m
            [36m<span[39m
              [33mclass[39m=[32m"font-medium text-white"[39m
            [36m>[39m
              [0mTicket Snapshot Data[0m
            [36m</span>[39m
          [36m</div>[39m
          [36m<svg[39m
            [33mclass[39m=[32m"w-5 h-5 text-white/60"[39m
            [33mfill[39m=[32m"none"[39m
            [33mheight[39m=[32m"24"[39m
            [33mstroke[39m=[32m"currentColor"[39m
            [33mstroke-linecap[39m=[32m"round"[39m
            [33mstroke-linejoin[39m=[32m"round"[39m
            [33mstroke-width[39m=[32m"2"[39m
            [33mviewBox[39m=[32m"0 0 24 24"[39m
            [33mwidth[39m=[32m"24"[39m
            [33mxmlns[39m=[32m"http://www.w3.org/2000/svg"[39m
          [36m>[39m
            [36m<path[39m
              [33md[39m=[32m"m6 9 6 6 6-6"[39m
            [36m/>[39m
          [36m</svg>[39m
        [36m</button>[39m
      [36m</div>[39m
      [36m<div[39m
        [33mclass[39m=[32m"border border-white/10 rounded-lg overflow-hidden"[39m
      [36m>[39m
        [36m<button[39m
          [33mclass[39m=[32m"w-full flex items-center justify-between p-4 bg-white/5 hover:bg-white/10 transition-colors"[39m
        [36m>[39m
          [36m<div[39m
            [33mclass[39m=[32m"flex items-center gap-3"[39m
          [36m>[39m
            [36m<svg[39m
              [33mclass[39m=[32m"w-5 h-5 text-white/60"[39m
              [33mfill[39m=[32m"none"[39m
              [33mheight[39m=[32m"24"[39m
              [33mstroke[39m=[32m"currentColor"[39m
              [33mstroke-linecap[39m=[32m"round"[39m
              [33mstroke-linejoin[39m=[32m"round"[39m
              [33mstroke-width[39m=[32m"2"[39m
              [33mviewBox[39m=[32m"0 0 24 24"[39m
              [33mwidth[39m=[32m"24"[39m
              [33mxmlns[39m=[32m"http://www.w3.org/2000/svg"[39m
            [36m>[39m
              [36m<rect[39m
                [33mheight[39m=[32m"18"[39m
                [33mrx[39m=[32m"2"[39m
                [33mry[39m=[32m"2"[39m
                [33mwidth[39m=[32m"18"[39m
                [33mx[39m=[32m"3"[39m
                [33my[39m=[32m"3"[39m
              [36m/>[39m
              [36m<circle[39m
                [33mcx[39m=[32m"9"[39m
                [33mcy[39m=[32m"9"[39m
                [33mr[39m=[32m"2"[39m
              [36m/>[39m
              [36m<path[39m
                [33md[39m=[32m"m21 15-3.086-3.086a2 2 0 0 0-2.828 0L6 21"[39m
              [36m/>[39m
            [36m</svg>[39m
            [36m<span[39m
              [33mclass[39m=[32m"font-medium text-white"[39m
            [36m>[39m
              [0mEvidence[0m
            [36m</span>[39m
            [36m<span[39m
              [33mclass[39m=[32m"px-2 py-0.5 bg-white/10 text-white/70 rounded text-xs font-medium"[39m
            [36m>[39m
              [0m2[0m
            [36m</span>[39m
          [36m</div>[39m
          [36m<svg[39m
            [33mclass[39m=[32m"w-5 h-5 text-white/60"[39m
            [33mfill[39m=[32m"none"[39m
            [33mheight[39m=[32m"24"[39m
            [33mstroke[39m=[32m"currentColor"[39m
            [33mstroke-linecap[39m=[32m"round"[39m
            [33mstroke-linejoin[39m=[32m"round"[39m
            [33mstroke-width[39m=[32m"2"[39m
            [33mviewBox[39m=[32m"0 0 24 24"[39m
            [33mwidth[39m=[32m"24"[39m
            [33mxmlns[39m=[32m"http://www.w3.org/2000/svg"[39m
          [36m>[39m
            [36m<path[39m
              [33md[39m=[32m"m6 9 6 6 6-6"[39m
            [36m/>[39m
          [36m</svg>[39m
        [36m</button>[39m
      [36m</div>[39m
      [36m<div[39m
        [33mclass[39m=[32m"bg-white/5 border border-white/10 rounded-lg p-4"[39m
      [36m>[39m
        [36m<div[39m
          [33mclass[39m=[32m"flex items-center justify-between"[39m
        [36m>[39m
          [36m<span[39m
            [33mclass[39m=[32m"text-white/60"[39m
          [36m>[39m
            [0mGuarantee Status:[0m
          [36m</span>[39m
          [36m<span[39m
            [33mclass[39m=[32m"px-3 py-1 rounded-full text-sm font-medium bg-green-500/20 text-green-400"[39m
          [36m>[39m
            [0mUNDER GUARANTEE[0m
          [36m</span>[39m
        [36m</div>[39m
      [36m</div>[39m
    [36m</div>[39m
  [36m</div>[39m
[36m</body>[39m
 ❯ Object.getElementError node_modules/@testing-library/react/node_modules/@testing-library/dom/dist/config.js:37:19
 ❯ node_modules/@testing-library/react/node_modules/@testing-library/dom/dist/query-helpers.js:76:38
 ❯ node_modules/@testing-library/react/node_modules/@testing-library/dom/dist/query-helpers.js:52:17
 ❯ node_modules/@testing-library/react/node_modules/@testing-library/dom/dist/query-helpers.js:95:19
 ❯ src/modules/ticketing/__tests__/components/HandoverSnapshot.test.tsx:188:21
    186| 
    187|       // Assert
    188|       expect(screen.getByText('photo1.jpg')).toBeInTheDocument();
       |                     ^
    189|       expect(screen.getByText('photo2.jpg')).toBeInTheDocument();
    190|     });

⎯⎯⎯⎯⎯⎯⎯⎯⎯⎯⎯⎯⎯⎯⎯⎯⎯⎯⎯⎯⎯⎯[48/79]⎯

 FAIL  src/modules/ticketing/__tests__/components/HandoverSnapshot.test.tsx > HandoverSnapshot Component > Evidence Links Display > should handle no evidence
TestingLibraryElementError: Unable to find an element with the text: /no evidence/i. This could be because the text is broken up by multiple elements. In this case, you can provide a function for your text matcher to make your matcher more flexible.

Ignored nodes: comments, script, style
[36m<body>[39m
  [36m<div>[39m
    [36m<div[39m
      [33mclass[39m=[32m"space-y-4"[39m
    [36m>[39m
      [36m<div[39m
        [33mclass[39m=[32m"bg-white/5 border border-white/10 rounded-lg p-6"[39m
      [36m>[39m
        [36m<div[39m
          [33mclass[39m=[32m"flex items-start justify-between mb-4"[39m
        [36m>[39m
          [36m<div>[39m
            [36m<h3[39m
              [33mclass[39m=[32m"text-xl font-bold text-white mb-2"[39m
            [36m>[39m
              [0mQA → Maintenance[0m
            [36m</h3>[39m
            [36m<p[39m
              [33mclass[39m=[32m"text-sm text-white/60"[39m
            [36m>[39m
              [0mTicket: [0m
              [36m<span[39m
                [33mclass[39m=[32m"font-mono text-white/80"[39m
              [36m>[39m
                [0mFT406824[0m
              [36m</span>[39m
            [36m</p>[39m
          [36m</div>[39m
          [36m<div[39m
            [33mclass[39m=[32m"flex items-center gap-2 px-3 py-1.5 bg-blue-500/20 text-blue-400 rounded-full text-sm font-medium"[39m
          [36m>[39m
            [36m<svg[39m
              [33mclass[39m=[32m"w-4 h-4"[39m
              [33mfill[39m=[32m"none"[39m
              [33mheight[39m=[32m"24"[39m
              [33mstroke[39m=[32m"currentColor"[39m
              [33mstroke-linecap[39m=[32m"round"[39m
              [33mstroke-linejoin[39m=[32m"round"[39m
              [33mstroke-width[39m=[32m"2"[39m
              [33mviewBox[39m=[32m"0 0 24 24"[39m
              [33mwidth[39m=[32m"24"[39m
              [33mxmlns[39m=[32m"http://www.w3.org/2000/svg"[39m
            [36m>[39m
              [36m<rect[39m
                [33mheight[39m=[32m"11"[39m
                [33mrx[39m=[32m"2"[39m
                [33mry[39m=[32m"2"[39m
                [33mwidth[39m=[32m"18"[39m
                [33mx[39m=[32m"3"[39m
                [33my[39m=[32m"11"[39m
              [36m/>[39m
              [36m<path[39m
                [33md[39m=[32m"M7 11V7a5 5 0 0 1 10 0v4"[39m
              [36m/>[39m
            [36m</svg>[39m
            [36m<span>[39m
              [0mLocked[0m
            [36m</span>[39m
          [36m</div>[39m
        [36m</div>[39m
        [36m<div[39m
          [33mclass[39m=[32m"flex items-center gap-4 p-3 bg-white/5 rounded-lg"[39m
        [36m>[39m
          [36m<span[39m
            [33mclass[39m=[32m"px-3 py-1 bg-blue-500/20 text-blue-400 rounded-full text-sm font-medium"[39m
          [36m>[39m
            [0mQA Team[0m
          [36m</span>[39m
          [36m<svg[39m
            [33mclass[39m=[32m"w-4 h-4 text-white/40"[39m
            [33mfill[39m=[32m"none"[39m
            [33mheight[39m=[32m"24"[39m
            [33mstroke[39m=[32m"currentColor"[39m
            [33mstroke-linecap[39m=[32m"round"[39m
            [33mstroke-linejoin[39m=[32m"round"[39m
            [33mstroke-width[39m=[32m"2"[39m
            [33mviewBox[39m=[32m"0 0 24 24"[39m
            [33mwidth[39m=[32m"24"[39m
            [33mxmlns[39m=[32m"http://www.w3.org/2000/svg"[39m
          [36m>[39m
            [36m<path[39m
              [33md[39m=[32m"M5 12h14"[39m
            [36m/>[39m
            [36m<path[39m
              [33md[39m=[32m"m12 5 7 7-7 7"[39m
            [36m/>[39m
          [36m</svg>[39m
          [36m<span[39m
            [33mclass[39m=[32m"px-3 py-1 bg-green-500/20 text-green-400 rounded-full text-sm font-medium"[39m
          [36m>[39m
            [0mMaintenance Team[0m
          [36m</span>[39m
        [36m</div>[39m
        [36m<div[39m
          [33mclass[39m=[32m"grid grid-cols-1 md:grid-cols-2 gap-3 mt-4 pt-4 border-t border-white/10"[39m
        [36m>[39m
          [36m<div[39m
            [33mclass[39m=[32m"flex items-center gap-2 text-sm"[39m
          [36m>[39m
            [36m<svg[39m
              [33mclass[39m=[32m"w-4 h-4 text-white/40"[39m
              [33mfill[39m=[32m"none"[39m
              [33mheight[39m=[32m"24"[39m
              [33mstroke[39m=[32m"currentColor"[39m
              [33mstroke-linecap[39m=[32m"round"[39m
              [33mstroke-linejoin[39m=[32m"round"[39m
              [33mstroke-width[39m=[32m"2"[39m
              [33mviewBox[39m=[32m"0 0 24 24"[39m
              [33mwidth[39m=[32m"24"[39m
              [33mxmlns[39m=[32m"http://www.w3.org/2000/svg"[39m
            [36m>[39m
              [36m<rect[39m
                [33mheight[39m=[32m"18"[39m
                [33mrx[39m=[32m"2"[39m
                [33mry[39m=[32m"2"[39m
                [33mwidth[39m=[32m"18"[39m
                [33mx[39m=[32m"3"[39m
                [33my[39m=[32m"4"[39m
              [36m/>[39m
              [36m<line[39m
                [33mx1[39m=[32m"16"[39m
                [33mx2[39m=[32m"16"[39m
                [33my1[39m=[32m"2"[39m
                [33my2[39m=[32m"6"[39m
              [36m/>[39m
              [36m<line[39m
                [33mx1[39m=[32m"8"[39m
                [33mx2[39m=[32m"8"[39m
                [33my1[39m=[32m"2"[39m
                [33my2[39m=[32m"6"[39m
              [36m/>[39m
              [36m<line[39m
                [33mx1[39m=[32m"3"[39m
                [33mx2[39m=[32m"21"[39m
                [33my1[39m=[32m"10"[39m
                [33my2[39m=[32m"10"[39m
              [36m/>[39m
            [36m</svg>[39m
            [36m<span[39m
              [33mclass[39m=[32m"text-white/60"[39m
            [36m>[39m
              [0mHandover At:[0m
            [36m</span>[39m
            [36m<span[39m
              [33mclass[39m=[32m"text-white/90"[39m
            [36m>[39m
              [0m1/15/2024, 2:00:00 PM[0m
            [36m</span>[39m
          [36m</div>[39m
          [36m<div[39m
            [33mclass[39m=[32m"flex items-center gap-2 text-sm"[39m
          [36m>[39m
            [36m<svg[39m
              [33mclass[39m=[32m"w-4 h-4 text-white/40"[39m
              [33mfill[39m=[32m"none"[39m
              [33mheight[39m=[32m"24"[39m
              [33mstroke[39m=[32m"currentColor"[39m
              [33mstroke-linecap[39m=[32m"round"[39m
              [33mstroke-linejoin[39m=[32m"round"[39m
              [33mstroke-width[39m=[32m"2"[39m
              [33mviewBox[39m=[32m"0 0 24 24"[39m
              [33mwidth[39m=[32m"24"[39m
              [33mxmlns[39m=[32m"http://www.w3.org/2000/svg"[39m
            [36m>[39m
              [36m<path[39m
                [33md[39m=[32m"M19 21v-2a4 4 0 0 0-4-4H9a4 4 0 0 0-4 4v2"[39m
              [36m/>[39m
              [36m<circle[39m
                [33mcx[39m=[32m"12"[39m
                [33mcy[39m=[32m"7"[39m
                [33mr[39m=[32m"4"[39m
              [36m/>[39m
            [36m</svg>[39m
            [36m<span[39m
              [33mclass[39m=[32m"text-white/60"[39m
            [36m>[39m
              [0mHandover By:[0m
            [36m</span>[39m
            [36m<span[39m
              [33mclass[39m=[32m"text-white/90 font-mono"[39m
            [36m>[39m
              [0mqa-user-[0m
            [36m</span>[39m
          [36m</div>[39m
        [36m</div>[39m
      [36m</div>[39m
      [36m<div[39m
        [33mclass[39m=[32m"border border-white/10 rounded-lg overflow-hidden"[39m
      [36m>[39m
        [36m<button[39m
          [33mclass[39m=[32m"w-full flex items-center justify-between p-4 bg-white/5 hover:bg-white/10 transition-colors"[39m
        [36m>[39m
          [36m<div[39m
            [33mclass[39m=[32m"flex items-center gap-3"[39m
          [36m>[39m
            [36m<svg[39m
              [33mclass[39m=[32m"w-5 h-5 text-white/60"[39m
              [33mfill[39m=[32m"none"[39m
              [33mheight[39m=[32m"24"[39m
              [33mstroke[39m=[32m"currentColor"[39m
              [33mstroke-linecap[39m=[32m"round"[39m
              [33mstroke-linejoin[39m=[32m"round"[39m
              [33mstroke-width[39m=[32m"2"[39m
              [33mviewBox[39m=[32m"0 0 24 24"[39m
              [33mwidth[39m=[32m"24"[39m
              [33mxmlns[39m=[32m"http://www.w3.org/2000/svg"[39m
            [36m>[39m
              [36m<path[39m
                [33md[39m=[32m"M14.5 2H6a2 2 0 0 0-2 2v16a2 2 0 0 0 2 2h12a2 2 0 0 0 2-2V7.5L14.5 2z"[39m
              [36m/>[39m
              [36m<polyline[39m
                [33mpoints[39m=[32m"14 2 14 8 20 8"[39m
              [36m/>[39m
              [36m<line[39m
                [33mx1[39m=[32m"16"[39m
                [33mx2[39m=[32m"8"[39m
                [33my1[39m=[32m"13"[39m
                [33my2[39m=[32m"13"[39m
              [36m/>[39m
              [36m<line[39m
                [33mx1[39m=[32m"16"[39m
                [33mx2[39m=[32m"8"[39m
                [33my1[39m=[32m"17"[39m
                [33my2[39m=[32m"17"[39m
              [36m/>[39m
              [36m<line[39m
                [33mx1[39m=[32m"10"[39m
                [33mx2[39m=[32m"8"[39m
                [33my1[39m=[32m"9"[39m
                [33my2[39m=[32m"9"[39m
              [36m/>[39m
            [36m</svg>[39m
            [36m<span[39m
              [33mclass[39m=[32m"font-medium text-white"[39m
            [36m>[39m
              [0mTicket Snapshot Data[0m
            [36m</span>[39m
          [36m</div>[39m
          [36m<svg[39m
            [33mclass[39m=[32m"w-5 h-5 text-white/60"[39m
            [33mfill[39m=[32m"none"[39m
            [33mheight[39m=[32m"24"[39m
            [33mstroke[39m=[32m"currentColor"[39m
            [33mstroke-linecap[39m=[32m"round"[39m
            [33mstroke-linejoin[39m=[32m"round"[39m
            [33mstroke-width[39m=[32m"2"[39m
            [33mviewBox[39m=[32m"0 0 24 24"[39m
            [33mwidth[39m=[32m"24"[39m
            [33mxmlns[39m=[32m"http://www.w3.org/2000/svg"[39m
          [36m>[39m
            [36m<path[39m
              [33md[39m=[32m"m6 9 6 6 6-6"[39m
            [36m/>[39m
          [36m</svg>[39m
        [36m</button>[39m
      [36m</div>[39m
      [36m<div[39m
        [33mclass[39m=[32m"bg-white/5 border border-white/10 rounded-lg p-4"[39m
      [36m>[39m
        [36m<div[39m
          [33mclass[39m=[32m"flex items-center justify-between"[39m
        [36m>[39m
          [36m<span[39m
            [33mclass[39m=[32m"text-white/60"[39m
          [36m>[39m
            [0mGuarantee Status:[0m
          [36m</span>[39m
          [36m<span[39m
            [33mclass[39m=[32m"px-3 py-1 rounded-full text-sm font-medium bg-green-500/20 text-green-400"[39m
          [36m>[39m
            [0mUNDER GUARANTEE[0m
          [36m</span>[39m
        [36m</div>[39m
      [36m</div>[39m
    [36m</div>[39m
  [36m</div>[39m
[36m</body>[39m
 ❯ Object.getElementError node_modules/@testing-library/react/node_modules/@testing-library/dom/dist/config.js:37:19
 ❯ node_modules/@testing-library/react/node_modules/@testing-library/dom/dist/query-helpers.js:76:38
 ❯ node_modules/@testing-library/react/node_modules/@testing-library/dom/dist/query-helpers.js:52:17
 ❯ node_modules/@testing-library/react/node_modules/@testing-library/dom/dist/query-helpers.js:95:19
 ❯ src/modules/ticketing/__tests__/components/HandoverSnapshot.test.tsx:201:21
    199| 
    200|       // Assert
    201|       expect(screen.getByText(/no evidence/i)).toBeInTheDocument();
       |                     ^
    202|     });
    203|   });

⎯⎯⎯⎯⎯⎯⎯⎯⎯⎯⎯⎯⎯⎯⎯⎯⎯⎯⎯⎯⎯⎯[49/79]⎯

 FAIL  src/modules/ticketing/__tests__/components/HandoverSnapshot.test.tsx > HandoverSnapshot Component > Decisions Display > should display decisions count
TestingLibraryElementError: Unable to find an element with the text: /1 decision/i. This could be because the text is broken up by multiple elements. In this case, you can provide a function for your text matcher to make your matcher more flexible.

Ignored nodes: comments, script, style
[36m<body>[39m
  [36m<div>[39m
    [36m<div[39m
      [33mclass[39m=[32m"space-y-4"[39m
    [36m>[39m
      [36m<div[39m
        [33mclass[39m=[32m"bg-white/5 border border-white/10 rounded-lg p-6"[39m
      [36m>[39m
        [36m<div[39m
          [33mclass[39m=[32m"flex items-start justify-between mb-4"[39m
        [36m>[39m
          [36m<div>[39m
            [36m<h3[39m
              [33mclass[39m=[32m"text-xl font-bold text-white mb-2"[39m
            [36m>[39m
              [0mQA → Maintenance[0m
            [36m</h3>[39m
            [36m<p[39m
              [33mclass[39m=[32m"text-sm text-white/60"[39m
            [36m>[39m
              [0mTicket: [0m
              [36m<span[39m
                [33mclass[39m=[32m"font-mono text-white/80"[39m
              [36m>[39m
                [0mFT406824[0m
              [36m</span>[39m
            [36m</p>[39m
          [36m</div>[39m
          [36m<div[39m
            [33mclass[39m=[32m"flex items-center gap-2 px-3 py-1.5 bg-blue-500/20 text-blue-400 rounded-full text-sm font-medium"[39m
          [36m>[39m
            [36m<svg[39m
              [33mclass[39m=[32m"w-4 h-4"[39m
              [33mfill[39m=[32m"none"[39m
              [33mheight[39m=[32m"24"[39m
              [33mstroke[39m=[32m"currentColor"[39m
              [33mstroke-linecap[39m=[32m"round"[39m
              [33mstroke-linejoin[39m=[32m"round"[39m
              [33mstroke-width[39m=[32m"2"[39m
              [33mviewBox[39m=[32m"0 0 24 24"[39m
              [33mwidth[39m=[32m"24"[39m
              [33mxmlns[39m=[32m"http://www.w3.org/2000/svg"[39m
            [36m>[39m
              [36m<rect[39m
                [33mheight[39m=[32m"11"[39m
                [33mrx[39m=[32m"2"[39m
                [33mry[39m=[32m"2"[39m
                [33mwidth[39m=[32m"18"[39m
                [33mx[39m=[32m"3"[39m
                [33my[39m=[32m"11"[39m
              [36m/>[39m
              [36m<path[39m
                [33md[39m=[32m"M7 11V7a5 5 0 0 1 10 0v4"[39m
              [36m/>[39m
            [36m</svg>[39m
            [36m<span>[39m
              [0mLocked[0m
            [36m</span>[39m
          [36m</div>[39m
        [36m</div>[39m
        [36m<div[39m
          [33mclass[39m=[32m"flex items-center gap-4 p-3 bg-white/5 rounded-lg"[39m
        [36m>[39m
          [36m<span[39m
            [33mclass[39m=[32m"px-3 py-1 bg-blue-500/20 text-blue-400 rounded-full text-sm font-medium"[39m
          [36m>[39m
            [0mQA Team[0m
          [36m</span>[39m
          [36m<svg[39m
            [33mclass[39m=[32m"w-4 h-4 text-white/40"[39m
            [33mfill[39m=[32m"none"[39m
            [33mheight[39m=[32m"24"[39m
            [33mstroke[39m=[32m"currentColor"[39m
            [33mstroke-linecap[39m=[32m"round"[39m
            [33mstroke-linejoin[39m=[32m"round"[39m
            [33mstroke-width[39m=[32m"2"[39m
            [33mviewBox[39m=[32m"0 0 24 24"[39m
            [33mwidth[39m=[32m"24"[39m
            [33mxmlns[39m=[32m"http://www.w3.org/2000/svg"[39m
          [36m>[39m
            [36m<path[39m
              [33md[39m=[32m"M5 12h14"[39m
            [36m/>[39m
            [36m<path[39m
              [33md[39m=[32m"m12 5 7 7-7 7"[39m
            [36m/>[39m
          [36m</svg>[39m
          [36m<span[39m
            [33mclass[39m=[32m"px-3 py-1 bg-green-500/20 text-green-400 rounded-full text-sm font-medium"[39m
          [36m>[39m
            [0mMaintenance Team[0m
          [36m</span>[39m
        [36m</div>[39m
        [36m<div[39m
          [33mclass[39m=[32m"grid grid-cols-1 md:grid-cols-2 gap-3 mt-4 pt-4 border-t border-white/10"[39m
        [36m>[39m
          [36m<div[39m
            [33mclass[39m=[32m"flex items-center gap-2 text-sm"[39m
          [36m>[39m
            [36m<svg[39m
              [33mclass[39m=[32m"w-4 h-4 text-white/40"[39m
              [33mfill[39m=[32m"none"[39m
              [33mheight[39m=[32m"24"[39m
              [33mstroke[39m=[32m"currentColor"[39m
              [33mstroke-linecap[39m=[32m"round"[39m
              [33mstroke-linejoin[39m=[32m"round"[39m
              [33mstroke-width[39m=[32m"2"[39m
              [33mviewBox[39m=[32m"0 0 24 24"[39m
              [33mwidth[39m=[32m"24"[39m
              [33mxmlns[39m=[32m"http://www.w3.org/2000/svg"[39m
            [36m>[39m
              [36m<rect[39m
                [33mheight[39m=[32m"18"[39m
                [33mrx[39m=[32m"2"[39m
                [33mry[39m=[32m"2"[39m
                [33mwidth[39m=[32m"18"[39m
                [33mx[39m=[32m"3"[39m
                [33my[39m=[32m"4"[39m
              [36m/>[39m
              [36m<line[39m
                [33mx1[39m=[32m"16"[39m
                [33mx2[39m=[32m"16"[39m
                [33my1[39m=[32m"2"[39m
                [33my2[39m=[32m"6"[39m
              [36m/>[39m
              [36m<line[39m
                [33mx1[39m=[32m"8"[39m
                [33mx2[39m=[32m"8"[39m
                [33my1[39m=[32m"2"[39m
                [33my2[39m=[32m"6"[39m
              [36m/>[39m
              [36m<line[39m
                [33mx1[39m=[32m"3"[39m
                [33mx2[39m=[32m"21"[39m
                [33my1[39m=[32m"10"[39m
                [33my2[39m=[32m"10"[39m
              [36m/>[39m
            [36m</svg>[39m
            [36m<span[39m
              [33mclass[39m=[32m"text-white/60"[39m
            [36m>[39m
              [0mHandover At:[0m
            [36m</span>[39m
            [36m<span[39m
              [33mclass[39m=[32m"text-white/90"[39m
            [36m>[39m
              [0m1/15/2024, 2:00:00 PM[0m
            [36m</span>[39m
          [36m</div>[39m
          [36m<div[39m
            [33mclass[39m=[32m"flex items-center gap-2 text-sm"[39m
          [36m>[39m
            [36m<svg[39m
              [33mclass[39m=[32m"w-4 h-4 text-white/40"[39m
              [33mfill[39m=[32m"none"[39m
              [33mheight[39m=[32m"24"[39m
              [33mstroke[39m=[32m"currentColor"[39m
              [33mstroke-linecap[39m=[32m"round"[39m
              [33mstroke-linejoin[39m=[32m"round"[39m
              [33mstroke-width[39m=[32m"2"[39m
              [33mviewBox[39m=[32m"0 0 24 24"[39m
              [33mwidth[39m=[32m"24"[39m
              [33mxmlns[39m=[32m"http://www.w3.org/2000/svg"[39m
            [36m>[39m
              [36m<path[39m
                [33md[39m=[32m"M19 21v-2a4 4 0 0 0-4-4H9a4 4 0 0 0-4 4v2"[39m
              [36m/>[39m
              [36m<circle[39m
                [33mcx[39m=[32m"12"[39m
                [33mcy[39m=[32m"7"[39m
                [33mr[39m=[32m"4"[39m
              [36m/>[39m
            [36m</svg>[39m
            [36m<span[39m
              [33mclass[39m=[32m"text-white/60"[39m
            [36m>[39m
              [0mHandover By:[0m
            [36m</span>[39m
            [36m<span[39m
              [33mclass[39m=[32m"text-white/90 font-mono"[39m
            [36m>[39m
              [0mqa-user-[0m
            [36m</span>[39m
          [36m</div>[39m
        [36m</div>[39m
      [36m</div>[39m
      [36m<div[39m
        [33mclass[39m=[32m"border border-white/10 rounded-lg overflow-hidden"[39m
      [36m>[39m
        [36m<button[39m
          [33mclass[39m=[32m"w-full flex items-center justify-between p-4 bg-white/5 hover:bg-white/10 transition-colors"[39m
        [36m>[39m
          [36m<div[39m
            [33mclass[39m=[32m"flex items-center gap-3"[39m
          [36m>[39m
            [36m<svg[39m
              [33mclass[39m=[32m"w-5 h-5 text-white/60"[39m
              [33mfill[39m=[32m"none"[39m
              [33mheight[39m=[32m"24"[39m
              [33mstroke[39m=[32m"currentColor"[39m
              [33mstroke-linecap[39m=[32m"round"[39m
              [33mstroke-linejoin[39m=[32m"round"[39m
              [33mstroke-width[39m=[32m"2"[39m
              [33mviewBox[39m=[32m"0 0 24 24"[39m
              [33mwidth[39m=[32m"24"[39m
              [33mxmlns[39m=[32m"http://www.w3.org/2000/svg"[39m
            [36m>[39m
              [36m<path[39m
                [33md[39m=[32m"M14.5 2H6a2 2 0 0 0-2 2v16a2 2 0 0 0 2 2h12a2 2 0 0 0 2-2V7.5L14.5 2z"[39m
              [36m/>[39m
              [36m<polyline[39m
                [33mpoints[39m=[32m"14 2 14 8 20 8"[39m
              [36m/>[39m
              [36m<line[39m
                [33mx1[39m=[32m"16"[39m
                [33mx2[39m=[32m"8"[39m
                [33my1[39m=[32m"13"[39m
                [33my2[39m=[32m"13"[39m
              [36m/>[39m
              [36m<line[39m
                [33mx1[39m=[32m"16"[39m
                [33mx2[39m=[32m"8"[39m
                [33my1[39m=[32m"17"[39m
                [33my2[39m=[32m"17"[39m
              [36m/>[39m
              [36m<line[39m
                [33mx1[39m=[32m"10"[39m
                [33mx2[39m=[32m"8"[39m
                [33my1[39m=[32m"9"[39m
                [33my2[39m=[32m"9"[39m
              [36m/>[39m
            [36m</svg>[39m
            [36m<span[39m
              [33mclass[39m=[32m"font-medium text-white"[39m
            [36m>[39m
              [0mTicket Snapshot Data[0m
            [36m</span>[39m
          [36m</div>[39m
          [36m<svg[39m
            [33mclass[39m=[32m"w-5 h-5 text-white/60"[39m
            [33mfill[39m=[32m"none"[39m
            [33mheight[39m=[32m"24"[39m
            [33mstroke[39m=[32m"currentColor"[39m
            [33mstroke-linecap[39m=[32m"round"[39m
            [33mstroke-linejoin[39m=[32m"round"[39m
            [33mstroke-width[39m=[32m"2"[39m
            [33mviewBox[39m=[32m"0 0 24 24"[39m
            [33mwidth[39m=[32m"24"[39m
            [33mxmlns[39m=[32m"http://www.w3.org/2000/svg"[39m
          [36m>[39m
            [36m<path[39m
              [33md[39m=[32m"m6 9 6 6 6-6"[39m
            [36m/>[39m
          [36m</svg>[39m
        [36m</button>[39m
      [36m</div>[39m
      [36m<div[39m
        [33mclass[39m=[32m"bg-white/5 border border-white/10 rounded-lg p-4"[39m
      [36m>[39m
        [36m<div[39m
          [33mclass[39m=[32m"flex items-center justify-between"[39m
        [36m>[39m
          [36m<span[39m
            [33mclass[39m=[32m"text-white/60"[39m
          [36m>[39m
            [0mGuarantee Status:[0m
          [36m</span>[39m
          [36m<span[39m
            [33mclass[39m=[32m"px-3 py-1 rounded-full text-sm font-medium bg-green-500/20 text-green-400"[39m
          [36m>[39m
            [0mUNDER GUARANTEE[0m
          [36m</span>[39m
        [36m</div>[39m
      [36m</div>[39m
    [36m</div>[39m
  [36m</div>[39m
[36m</body>[39m
 ❯ Object.getElementError node_modules/@testing-library/react/node_modules/@testing-library/dom/dist/config.js:37:19
 ❯ node_modules/@testing-library/react/node_modules/@testing-library/dom/dist/query-helpers.js:76:38
 ❯ node_modules/@testing-library/react/node_modules/@testing-library/dom/dist/query-helpers.js:52:17
 ❯ node_modules/@testing-library/react/node_modules/@testing-library/dom/dist/query-helpers.js:95:19
 ❯ src/modules/ticketing/__tests__/components/HandoverSnapshot.test.tsx:214:21
    212| 
    213|       // Assert
    214|       expect(screen.getByText(/1 decision/i)).toBeInTheDocument();
       |                     ^
    215|     });
    216| 

⎯⎯⎯⎯⎯⎯⎯⎯⎯⎯⎯⎯⎯⎯⎯⎯⎯⎯⎯⎯⎯⎯[50/79]⎯

 FAIL  src/modules/ticketing/__tests__/components/HandoverSnapshot.test.tsx > HandoverSnapshot Component > Decisions Display > should display decision details
TestingLibraryElementError: Unable to find an element with the text: /approval/i. This could be because the text is broken up by multiple elements. In this case, you can provide a function for your text matcher to make your matcher more flexible.

Ignored nodes: comments, script, style
[36m<body>[39m
  [36m<div>[39m
    [36m<div[39m
      [33mclass[39m=[32m"space-y-4"[39m
    [36m>[39m
      [36m<div[39m
        [33mclass[39m=[32m"bg-white/5 border border-white/10 rounded-lg p-6"[39m
      [36m>[39m
        [36m<div[39m
          [33mclass[39m=[32m"flex items-start justify-between mb-4"[39m
        [36m>[39m
          [36m<div>[39m
            [36m<h3[39m
              [33mclass[39m=[32m"text-xl font-bold text-white mb-2"[39m
            [36m>[39m
              [0mQA → Maintenance[0m
            [36m</h3>[39m
            [36m<p[39m
              [33mclass[39m=[32m"text-sm text-white/60"[39m
            [36m>[39m
              [0mTicket: [0m
              [36m<span[39m
                [33mclass[39m=[32m"font-mono text-white/80"[39m
              [36m>[39m
                [0mFT406824[0m
              [36m</span>[39m
            [36m</p>[39m
          [36m</div>[39m
          [36m<div[39m
            [33mclass[39m=[32m"flex items-center gap-2 px-3 py-1.5 bg-blue-500/20 text-blue-400 rounded-full text-sm font-medium"[39m
          [36m>[39m
            [36m<svg[39m
              [33mclass[39m=[32m"w-4 h-4"[39m
              [33mfill[39m=[32m"none"[39m
              [33mheight[39m=[32m"24"[39m
              [33mstroke[39m=[32m"currentColor"[39m
              [33mstroke-linecap[39m=[32m"round"[39m
              [33mstroke-linejoin[39m=[32m"round"[39m
              [33mstroke-width[39m=[32m"2"[39m
              [33mviewBox[39m=[32m"0 0 24 24"[39m
              [33mwidth[39m=[32m"24"[39m
              [33mxmlns[39m=[32m"http://www.w3.org/2000/svg"[39m
            [36m>[39m
              [36m<rect[39m
                [33mheight[39m=[32m"11"[39m
                [33mrx[39m=[32m"2"[39m
                [33mry[39m=[32m"2"[39m
                [33mwidth[39m=[32m"18"[39m
                [33mx[39m=[32m"3"[39m
                [33my[39m=[32m"11"[39m
              [36m/>[39m
              [36m<path[39m
                [33md[39m=[32m"M7 11V7a5 5 0 0 1 10 0v4"[39m
              [36m/>[39m
            [36m</svg>[39m
            [36m<span>[39m
              [0mLocked[0m
            [36m</span>[39m
          [36m</div>[39m
        [36m</div>[39m
        [36m<div[39m
          [33mclass[39m=[32m"flex items-center gap-4 p-3 bg-white/5 rounded-lg"[39m
        [36m>[39m
          [36m<span[39m
            [33mclass[39m=[32m"px-3 py-1 bg-blue-500/20 text-blue-400 rounded-full text-sm font-medium"[39m
          [36m>[39m
            [0mQA Team[0m
          [36m</span>[39m
          [36m<svg[39m
            [33mclass[39m=[32m"w-4 h-4 text-white/40"[39m
            [33mfill[39m=[32m"none"[39m
            [33mheight[39m=[32m"24"[39m
            [33mstroke[39m=[32m"currentColor"[39m
            [33mstroke-linecap[39m=[32m"round"[39m
            [33mstroke-linejoin[39m=[32m"round"[39m
            [33mstroke-width[39m=[32m"2"[39m
            [33mviewBox[39m=[32m"0 0 24 24"[39m
            [33mwidth[39m=[32m"24"[39m
            [33mxmlns[39m=[32m"http://www.w3.org/2000/svg"[39m
          [36m>[39m
            [36m<path[39m
              [33md[39m=[32m"M5 12h14"[39m
            [36m/>[39m
            [36m<path[39m
              [33md[39m=[32m"m12 5 7 7-7 7"[39m
            [36m/>[39m
          [36m</svg>[39m
          [36m<span[39m
            [33mclass[39m=[32m"px-3 py-1 bg-green-500/20 text-green-400 rounded-full text-sm font-medium"[39m
          [36m>[39m
            [0mMaintenance Team[0m
          [36m</span>[39m
        [36m</div>[39m
        [36m<div[39m
          [33mclass[39m=[32m"grid grid-cols-1 md:grid-cols-2 gap-3 mt-4 pt-4 border-t border-white/10"[39m
        [36m>[39m
          [36m<div[39m
            [33mclass[39m=[32m"flex items-center gap-2 text-sm"[39m
          [36m>[39m
            [36m<svg[39m
              [33mclass[39m=[32m"w-4 h-4 text-white/40"[39m
              [33mfill[39m=[32m"none"[39m
              [33mheight[39m=[32m"24"[39m
              [33mstroke[39m=[32m"currentColor"[39m
              [33mstroke-linecap[39m=[32m"round"[39m
              [33mstroke-linejoin[39m=[32m"round"[39m
              [33mstroke-width[39m=[32m"2"[39m
              [33mviewBox[39m=[32m"0 0 24 24"[39m
              [33mwidth[39m=[32m"24"[39m
              [33mxmlns[39m=[32m"http://www.w3.org/2000/svg"[39m
            [36m>[39m
              [36m<rect[39m
                [33mheight[39m=[32m"18"[39m
                [33mrx[39m=[32m"2"[39m
                [33mry[39m=[32m"2"[39m
                [33mwidth[39m=[32m"18"[39m
                [33mx[39m=[32m"3"[39m
                [33my[39m=[32m"4"[39m
              [36m/>[39m
              [36m<line[39m
                [33mx1[39m=[32m"16"[39m
                [33mx2[39m=[32m"16"[39m
                [33my1[39m=[32m"2"[39m
                [33my2[39m=[32m"6"[39m
              [36m/>[39m
              [36m<line[39m
                [33mx1[39m=[32m"8"[39m
                [33mx2[39m=[32m"8"[39m
                [33my1[39m=[32m"2"[39m
                [33my2[39m=[32m"6"[39m
              [36m/>[39m
              [36m<line[39m
                [33mx1[39m=[32m"3"[39m
                [33mx2[39m=[32m"21"[39m
                [33my1[39m=[32m"10"[39m
                [33my2[39m=[32m"10"[39m
              [36m/>[39m
            [36m</svg>[39m
            [36m<span[39m
              [33mclass[39m=[32m"text-white/60"[39m
            [36m>[39m
              [0mHandover At:[0m
            [36m</span>[39m
            [36m<span[39m
              [33mclass[39m=[32m"text-white/90"[39m
            [36m>[39m
              [0m1/15/2024, 2:00:00 PM[0m
            [36m</span>[39m
          [36m</div>[39m
          [36m<div[39m
            [33mclass[39m=[32m"flex items-center gap-2 text-sm"[39m
          [36m>[39m
            [36m<svg[39m
              [33mclass[39m=[32m"w-4 h-4 text-white/40"[39m
              [33mfill[39m=[32m"none"[39m
              [33mheight[39m=[32m"24"[39m
              [33mstroke[39m=[32m"currentColor"[39m
              [33mstroke-linecap[39m=[32m"round"[39m
              [33mstroke-linejoin[39m=[32m"round"[39m
              [33mstroke-width[39m=[32m"2"[39m
              [33mviewBox[39m=[32m"0 0 24 24"[39m
              [33mwidth[39m=[32m"24"[39m
              [33mxmlns[39m=[32m"http://www.w3.org/2000/svg"[39m
            [36m>[39m
              [36m<path[39m
                [33md[39m=[32m"M19 21v-2a4 4 0 0 0-4-4H9a4 4 0 0 0-4 4v2"[39m
              [36m/>[39m
              [36m<circle[39m
                [33mcx[39m=[32m"12"[39m
                [33mcy[39m=[32m"7"[39m
                [33mr[39m=[32m"4"[39m
              [36m/>[39m
            [36m</svg>[39m
            [36m<span[39m
              [33mclass[39m=[32m"text-white/60"[39m
            [36m>[39m
              [0mHandover By:[0m
            [36m</span>[39m
            [36m<span[39m
              [33mclass[39m=[32m"text-white/90 font-mono"[39m
            [36m>[39m
              [0mqa-user-[0m
            [36m</span>[39m
          [36m</div>[39m
        [36m</div>[39m
      [36m</div>[39m
      [36m<div[39m
        [33mclass[39m=[32m"border border-white/10 rounded-lg overflow-hidden"[39m
      [36m>[39m
        [36m<button[39m
          [33mclass[39m=[32m"w-full flex items-center justify-between p-4 bg-white/5 hover:bg-white/10 transition-colors"[39m
        [36m>[39m
          [36m<div[39m
            [33mclass[39m=[32m"flex items-center gap-3"[39m
          [36m>[39m
            [36m<svg[39m
              [33mclass[39m=[32m"w-5 h-5 text-white/60"[39m
              [33mfill[39m=[32m"none"[39m
              [33mheight[39m=[32m"24"[39m
              [33mstroke[39m=[32m"currentColor"[39m
              [33mstroke-linecap[39m=[32m"round"[39m
              [33mstroke-linejoin[39m=[32m"round"[39m
              [33mstroke-width[39m=[32m"2"[39m
              [33mviewBox[39m=[32m"0 0 24 24"[39m
              [33mwidth[39m=[32m"24"[39m
              [33mxmlns[39m=[32m"http://www.w3.org/2000/svg"[39m
            [36m>[39m
              [36m<path[39m
                [33md[39m=[32m"M14.5 2H6a2 2 0 0 0-2 2v16a2 2 0 0 0 2 2h12a2 2 0 0 0 2-2V7.5L14.5 2z"[39m
              [36m/>[39m
              [36m<polyline[39m
                [33mpoints[39m=[32m"14 2 14 8 20 8"[39m
              [36m/>[39m
              [36m<line[39m
                [33mx1[39m=[32m"16"[39m
                [33mx2[39m=[32m"8"[39m
                [33my1[39m=[32m"13"[39m
                [33my2[39m=[32m"13"[39m
              [36m/>[39m
              [36m<line[39m
                [33mx1[39m=[32m"16"[39m
                [33mx2[39m=[32m"8"[39m
                [33my1[39m=[32m"17"[39m
                [33my2[39m=[32m"17"[39m
              [36m/>[39m
              [36m<line[39m
                [33mx1[39m=[32m"10"[39m
                [33mx2[39m=[32m"8"[39m
                [33my1[39m=[32m"9"[39m
                [33my2[39m=[32m"9"[39m
              [36m/>[39m
            [36m</svg>[39m
            [36m<span[39m
              [33mclass[39m=[32m"font-medium text-white"[39m
            [36m>[39m
              [0mTicket Snapshot Data[0m
            [36m</span>[39m
          [36m</div>[39m
          [36m<svg[39m
            [33mclass[39m=[32m"w-5 h-5 text-white/60"[39m
            [33mfill[39m=[32m"none"[39m
            [33mheight[39m=[32m"24"[39m
            [33mstroke[39m=[32m"currentColor"[39m
            [33mstroke-linecap[39m=[32m"round"[39m
            [33mstroke-linejoin[39m=[32m"round"[39m
            [33mstroke-width[39m=[32m"2"[39m
            [33mviewBox[39m=[32m"0 0 24 24"[39m
            [33mwidth[39m=[32m"24"[39m
            [33mxmlns[39m=[32m"http://www.w3.org/2000/svg"[39m
          [36m>[39m
            [36m<path[39m
              [33md[39m=[32m"m6 9 6 6 6-6"[39m
            [36m/>[39m
          [36m</svg>[39m
        [36m</button>[39m
      [36m</div>[39m
      [36m<div[39m
        [33mclass[39m=[32m"border border-white/10 rounded-lg overflow-hidden"[39m
      [36m>[39m
        [36m<button[39m
          [33mclass[39m=[32m"w-full flex items-center justify-between p-4 bg-white/5 hover:bg-white/10 transition-colors"[39m
        [36m>[39m
          [36m<div[39m
            [33mclass[39m=[32m"flex items-center gap-3"[39m
          [36m>[39m
            [36m<svg[39m
              [33mclass[39m=[32m"w-5 h-5 text-white/60"[39m
              [33mfill[39m=[32m"none"[39m
              [33mheight[39m=[32m"24"[39m
              [33mstroke[39m=[32m"currentColor"[39m
              [33mstroke-linecap[39m=[32m"round"[39m
              [33mstroke-linejoin[39m=[32m"round"[39m
              [33mstroke-width[39m=[32m"2"[39m
              [33mviewBox[39m=[32m"0 0 24 24"[39m
              [33mwidth[39m=[32m"24"[39m
              [33mxmlns[39m=[32m"http://www.w3.org/2000/svg"[39m
            [36m>[39m
              [36m<path[39m
                [33md[39m=[32m"M12 22c5.523 0 10-4.477 10-10S17.523 2 12 2 2 6.477 2 12s4.477 10 10 10z"[39m
              [36m/>[39m
              [36m<path[39m
                [33md[39m=[32m"m9 12 2 2 4-4"[39m
              [36m/>[39m
            [36m</svg>[39m
            [36m<span[39m
              [33mclass[39m=[32m"font-medium text-white"[39m
            [36m>[39m
              [0mDecisions[0m
            [36m</span>[39m
            [36m<span[39m
              [33mclass[39m=[32m"px-2 py-0.5 bg-white/10 text-white/70 rounded text-xs font-medium"[39m
            [36m>[39m
              [0m1[0m
            [36m</span>[39m
          [36m</div>[39m
          [36m<svg[39m
            [33mclass[39m=[32m"w-5 h-5 text-white/60"[39m
            [33mfill[39m=[32m"none"[39m
            [33mheight[39m=[32m"24"[39m
            [33mstroke[39m=[32m"currentColor"[39m
            [33mstroke-linecap[39m=[32m"round"[39m
            [33mstroke-linejoin[39m=[32m"round"[39m
            [33mstroke-width[39m=[32m"2"[39m
            [33mviewBox[39m=[32m"0 0 24 24"[39m
            [33mwidth[39m=[32m"24"[39m
            [33mxmlns[39m=[32m"http://www.w3.org/2000/svg"[39m
          [36m>[39m
            [36m<path[39m
              [33md[39m=[32m"m6 9 6 6 6-6"[39m
            [36m/>[39m
          [36m</svg>[39m
        [36m</button>[39m
      [36m</div>[39m
      [36m<div[39m
        [33mclass[39m=[32m"bg-white/5 border border-white/10 rounded-lg p-4"[39m
      [36m>[39m
        [36m<div[39m
          [33mclass[39m=[32m"flex items-center justify-between"[39m
        [36m>[39m
          [36m<span[39m
            [33mclass[39m=[32m"text-white/60"[39m
          [36m>[39m
            [0mGuarantee Status:[0m
          [36m</span>[39m
          [36m<span[39m
            [33mclass[39m=[32m"px-3 py-1 rounded-full text-sm font-medium bg-green-500/20 text-green-400"[39m
          [36m>[39m
            [0mUNDER GUARANTEE[0m
          [36m</span>[39m
        [36m</div>[39m
      [36m</div>[39m
    [36m</div>[39m
  [36m</div>[39m
[36m</body>[39m
 ❯ Object.getElementError node_modules/@testing-library/react/node_modules/@testing-library/dom/dist/config.js:37:19
 ❯ node_modules/@testing-library/react/node_modules/@testing-library/dom/dist/query-helpers.js:76:38
 ❯ node_modules/@testing-library/react/node_modules/@testing-library/dom/dist/query-helpers.js:52:17
 ❯ node_modules/@testing-library/react/node_modules/@testing-library/dom/dist/query-helpers.js:95:19
 ❯ src/modules/ticketing/__tests__/components/HandoverSnapshot.test.tsx:225:21
    223| 
    224|       // Assert
    225|       expect(screen.getByText(/approval/i)).toBeInTheDocument();
       |                     ^
    226|       expect(screen.getByText(/all checks passed/i)).toBeInTheDocument…
    227|     });

⎯⎯⎯⎯⎯⎯⎯⎯⎯⎯⎯⎯⎯⎯⎯⎯⎯⎯⎯⎯⎯⎯[51/79]⎯

 FAIL  src/modules/ticketing/__tests__/components/HandoverSnapshot.test.tsx > HandoverSnapshot Component > Decisions Display > should handle no decisions
TestingLibraryElementError: Unable to find an element with the text: /no decisions/i. This could be because the text is broken up by multiple elements. In this case, you can provide a function for your text matcher to make your matcher more flexible.

Ignored nodes: comments, script, style
[36m<body>[39m
  [36m<div>[39m
    [36m<div[39m
      [33mclass[39m=[32m"space-y-4"[39m
    [36m>[39m
      [36m<div[39m
        [33mclass[39m=[32m"bg-white/5 border border-white/10 rounded-lg p-6"[39m
      [36m>[39m
        [36m<div[39m
          [33mclass[39m=[32m"flex items-start justify-between mb-4"[39m
        [36m>[39m
          [36m<div>[39m
            [36m<h3[39m
              [33mclass[39m=[32m"text-xl font-bold text-white mb-2"[39m
            [36m>[39m
              [0mQA → Maintenance[0m
            [36m</h3>[39m
            [36m<p[39m
              [33mclass[39m=[32m"text-sm text-white/60"[39m
            [36m>[39m
              [0mTicket: [0m
              [36m<span[39m
                [33mclass[39m=[32m"font-mono text-white/80"[39m
              [36m>[39m
                [0mFT406824[0m
              [36m</span>[39m
            [36m</p>[39m
          [36m</div>[39m
          [36m<div[39m
            [33mclass[39m=[32m"flex items-center gap-2 px-3 py-1.5 bg-blue-500/20 text-blue-400 rounded-full text-sm font-medium"[39m
          [36m>[39m
            [36m<svg[39m
              [33mclass[39m=[32m"w-4 h-4"[39m
              [33mfill[39m=[32m"none"[39m
              [33mheight[39m=[32m"24"[39m
              [33mstroke[39m=[32m"currentColor"[39m
              [33mstroke-linecap[39m=[32m"round"[39m
              [33mstroke-linejoin[39m=[32m"round"[39m
              [33mstroke-width[39m=[32m"2"[39m
              [33mviewBox[39m=[32m"0 0 24 24"[39m
              [33mwidth[39m=[32m"24"[39m
              [33mxmlns[39m=[32m"http://www.w3.org/2000/svg"[39m
            [36m>[39m
              [36m<rect[39m
                [33mheight[39m=[32m"11"[39m
                [33mrx[39m=[32m"2"[39m
                [33mry[39m=[32m"2"[39m
                [33mwidth[39m=[32m"18"[39m
                [33mx[39m=[32m"3"[39m
                [33my[39m=[32m"11"[39m
              [36m/>[39m
              [36m<path[39m
                [33md[39m=[32m"M7 11V7a5 5 0 0 1 10 0v4"[39m
              [36m/>[39m
            [36m</svg>[39m
            [36m<span>[39m
              [0mLocked[0m
            [36m</span>[39m
          [36m</div>[39m
        [36m</div>[39m
        [36m<div[39m
          [33mclass[39m=[32m"flex items-center gap-4 p-3 bg-white/5 rounded-lg"[39m
        [36m>[39m
          [36m<span[39m
            [33mclass[39m=[32m"px-3 py-1 bg-blue-500/20 text-blue-400 rounded-full text-sm font-medium"[39m
          [36m>[39m
            [0mQA Team[0m
          [36m</span>[39m
          [36m<svg[39m
            [33mclass[39m=[32m"w-4 h-4 text-white/40"[39m
            [33mfill[39m=[32m"none"[39m
            [33mheight[39m=[32m"24"[39m
            [33mstroke[39m=[32m"currentColor"[39m
            [33mstroke-linecap[39m=[32m"round"[39m
            [33mstroke-linejoin[39m=[32m"round"[39m
            [33mstroke-width[39m=[32m"2"[39m
            [33mviewBox[39m=[32m"0 0 24 24"[39m
            [33mwidth[39m=[32m"24"[39m
            [33mxmlns[39m=[32m"http://www.w3.org/2000/svg"[39m
          [36m>[39m
            [36m<path[39m
              [33md[39m=[32m"M5 12h14"[39m
            [36m/>[39m
            [36m<path[39m
              [33md[39m=[32m"m12 5 7 7-7 7"[39m
            [36m/>[39m
          [36m</svg>[39m
          [36m<span[39m
            [33mclass[39m=[32m"px-3 py-1 bg-green-500/20 text-green-400 rounded-full text-sm font-medium"[39m
          [36m>[39m
            [0mMaintenance Team[0m
          [36m</span>[39m
        [36m</div>[39m
        [36m<div[39m
          [33mclass[39m=[32m"grid grid-cols-1 md:grid-cols-2 gap-3 mt-4 pt-4 border-t border-white/10"[39m
        [36m>[39m
          [36m<div[39m
            [33mclass[39m=[32m"flex items-center gap-2 text-sm"[39m
          [36m>[39m
            [36m<svg[39m
              [33mclass[39m=[32m"w-4 h-4 text-white/40"[39m
              [33mfill[39m=[32m"none"[39m
              [33mheight[39m=[32m"24"[39m
              [33mstroke[39m=[32m"currentColor"[39m
              [33mstroke-linecap[39m=[32m"round"[39m
              [33mstroke-linejoin[39m=[32m"round"[39m
              [33mstroke-width[39m=[32m"2"[39m
              [33mviewBox[39m=[32m"0 0 24 24"[39m
              [33mwidth[39m=[32m"24"[39m
              [33mxmlns[39m=[32m"http://www.w3.org/2000/svg"[39m
            [36m>[39m
              [36m<rect[39m
                [33mheight[39m=[32m"18"[39m
                [33mrx[39m=[32m"2"[39m
                [33mry[39m=[32m"2"[39m
                [33mwidth[39m=[32m"18"[39m
                [33mx[39m=[32m"3"[39m
                [33my[39m=[32m"4"[39m
              [36m/>[39m
              [36m<line[39m
                [33mx1[39m=[32m"16"[39m
                [33mx2[39m=[32m"16"[39m
                [33my1[39m=[32m"2"[39m
                [33my2[39m=[32m"6"[39m
              [36m/>[39m
              [36m<line[39m
                [33mx1[39m=[32m"8"[39m
                [33mx2[39m=[32m"8"[39m
                [33my1[39m=[32m"2"[39m
                [33my2[39m=[32m"6"[39m
              [36m/>[39m
              [36m<line[39m
                [33mx1[39m=[32m"3"[39m
                [33mx2[39m=[32m"21"[39m
                [33my1[39m=[32m"10"[39m
                [33my2[39m=[32m"10"[39m
              [36m/>[39m
            [36m</svg>[39m
            [36m<span[39m
              [33mclass[39m=[32m"text-white/60"[39m
            [36m>[39m
              [0mHandover At:[0m
            [36m</span>[39m
            [36m<span[39m
              [33mclass[39m=[32m"text-white/90"[39m
            [36m>[39m
              [0m1/15/2024, 2:00:00 PM[0m
            [36m</span>[39m
          [36m</div>[39m
          [36m<div[39m
            [33mclass[39m=[32m"flex items-center gap-2 text-sm"[39m
          [36m>[39m
            [36m<svg[39m
              [33mclass[39m=[32m"w-4 h-4 text-white/40"[39m
              [33mfill[39m=[32m"none"[39m
              [33mheight[39m=[32m"24"[39m
              [33mstroke[39m=[32m"currentColor"[39m
              [33mstroke-linecap[39m=[32m"round"[39m
              [33mstroke-linejoin[39m=[32m"round"[39m
              [33mstroke-width[39m=[32m"2"[39m
              [33mviewBox[39m=[32m"0 0 24 24"[39m
              [33mwidth[39m=[32m"24"[39m
              [33mxmlns[39m=[32m"http://www.w3.org/2000/svg"[39m
            [36m>[39m
              [36m<path[39m
                [33md[39m=[32m"M19 21v-2a4 4 0 0 0-4-4H9a4 4 0 0 0-4 4v2"[39m
              [36m/>[39m
              [36m<circle[39m
                [33mcx[39m=[32m"12"[39m
                [33mcy[39m=[32m"7"[39m
                [33mr[39m=[32m"4"[39m
              [36m/>[39m
            [36m</svg>[39m
            [36m<span[39m
              [33mclass[39m=[32m"text-white/60"[39m
            [36m>[39m
              [0mHandover By:[0m
            [36m</span>[39m
            [36m<span[39m
              [33mclass[39m=[32m"text-white/90 font-mono"[39m
            [36m>[39m
              [0mqa-user-[0m
            [36m</span>[39m
          [36m</div>[39m
        [36m</div>[39m
      [36m</div>[39m
      [36m<div[39m
        [33mclass[39m=[32m"border border-white/10 rounded-lg overflow-hidden"[39m
      [36m>[39m
        [36m<button[39m
          [33mclass[39m=[32m"w-full flex items-center justify-between p-4 bg-white/5 hover:bg-white/10 transition-colors"[39m
        [36m>[39m
          [36m<div[39m
            [33mclass[39m=[32m"flex items-center gap-3"[39m
          [36m>[39m
            [36m<svg[39m
              [33mclass[39m=[32m"w-5 h-5 text-white/60"[39m
              [33mfill[39m=[32m"none"[39m
              [33mheight[39m=[32m"24"[39m
              [33mstroke[39m=[32m"currentColor"[39m
              [33mstroke-linecap[39m=[32m"round"[39m
              [33mstroke-linejoin[39m=[32m"round"[39m
              [33mstroke-width[39m=[32m"2"[39m
              [33mviewBox[39m=[32m"0 0 24 24"[39m
              [33mwidth[39m=[32m"24"[39m
              [33mxmlns[39m=[32m"http://www.w3.org/2000/svg"[39m
            [36m>[39m
              [36m<path[39m
                [33md[39m=[32m"M14.5 2H6a2 2 0 0 0-2 2v16a2 2 0 0 0 2 2h12a2 2 0 0 0 2-2V7.5L14.5 2z"[39m
              [36m/>[39m
              [36m<polyline[39m
                [33mpoints[39m=[32m"14 2 14 8 20 8"[39m
              [36m/>[39m
              [36m<line[39m
                [33mx1[39m=[32m"16"[39m
                [33mx2[39m=[32m"8"[39m
                [33my1[39m=[32m"13"[39m
                [33my2[39m=[32m"13"[39m
              [36m/>[39m
              [36m<line[39m
                [33mx1[39m=[32m"16"[39m
                [33mx2[39m=[32m"8"[39m
                [33my1[39m=[32m"17"[39m
                [33my2[39m=[32m"17"[39m
              [36m/>[39m
              [36m<line[39m
                [33mx1[39m=[32m"10"[39m
                [33mx2[39m=[32m"8"[39m
                [33my1[39m=[32m"9"[39m
                [33my2[39m=[32m"9"[39m
              [36m/>[39m
            [36m</svg>[39m
            [36m<span[39m
              [33mclass[39m=[32m"font-medium text-white"[39m
            [36m>[39m
              [0mTicket Snapshot Data[0m
            [36m</span>[39m
          [36m</div>[39m
          [36m<svg[39m
            [33mclass[39m=[32m"w-5 h-5 text-white/60"[39m
            [33mfill[39m=[32m"none"[39m
            [33mheight[39m=[32m"24"[39m
            [33mstroke[39m=[32m"currentColor"[39m
            [33mstroke-linecap[39m=[32m"round"[39m
            [33mstroke-linejoin[39m=[32m"round"[39m
            [33mstroke-width[39m=[32m"2"[39m
            [33mviewBox[39m=[32m"0 0 24 24"[39m
            [33mwidth[39m=[32m"24"[39m
            [33mxmlns[39m=[32m"http://www.w3.org/2000/svg"[39m
          [36m>[39m
            [36m<path[39m
              [33md[39m=[32m"m6 9 6 6 6-6"[39m
            [36m/>[39m
          [36m</svg>[39m
        [36m</button>[39m
      [36m</div>[39m
      [36m<div[39m
        [33mclass[39m=[32m"bg-white/5 border border-white/10 rounded-lg p-4"[39m
      [36m>[39m
        [36m<div[39m
          [33mclass[39m=[32m"flex items-center justify-between"[39m
        [36m>[39m
          [36m<span[39m
            [33mclass[39m=[32m"text-white/60"[39m
          [36m>[39m
            [0mGuarantee Status:[0m
          [36m</span>[39m
          [36m<span[39m
            [33mclass[39m=[32m"px-3 py-1 rounded-full text-sm font-medium bg-green-500/20 text-green-400"[39m
          [36m>[39m
            [0mUNDER GUARANTEE[0m
          [36m</span>[39m
        [36m</div>[39m
      [36m</div>[39m
    [36m</div>[39m
  [36m</div>[39m
[36m</body>[39m
 ❯ Object.getElementError node_modules/@testing-library/react/node_modules/@testing-library/dom/dist/config.js:37:19
 ❯ node_modules/@testing-library/react/node_modules/@testing-library/dom/dist/query-helpers.js:76:38
 ❯ node_modules/@testing-library/react/node_modules/@testing-library/dom/dist/query-helpers.js:52:17
 ❯ node_modules/@testing-library/react/node_modules/@testing-library/dom/dist/query-helpers.js:95:19
 ❯ src/modules/ticketing/__tests__/components/HandoverSnapshot.test.tsx:238:21
    236| 
    237|       // Assert
    238|       expect(screen.getByText(/no decisions/i)).toBeInTheDocument();
       |                     ^
    239|     });
    240|   });

⎯⎯⎯⎯⎯⎯⎯⎯⎯⎯⎯⎯⎯⎯⎯⎯⎯⎯⎯⎯⎯⎯[52/79]⎯

 FAIL  src/modules/ticketing/__tests__/components/HandoverSnapshot.test.tsx > HandoverSnapshot Component > Ownership Transfer Display > should display ownership transfer details
TestingLibraryElementError: Found multiple elements with the text: /QA/i

Here are the matching elements:

Ignored nodes: comments, script, style
[36m<h3[39m
  [33mclass[39m=[32m"text-xl font-bold text-white mb-2"[39m
[36m>[39m
  [0mQA → Maintenance[0m
[36m</h3>[39m

Ignored nodes: comments, script, style
[36m<span[39m
  [33mclass[39m=[32m"px-3 py-1 bg-blue-500/20 text-blue-400 rounded-full text-sm font-medium"[39m
[36m>[39m
  [0mQA Team[0m
[36m</span>[39m

Ignored nodes: comments, script, style
[36m<span[39m
  [33mclass[39m=[32m"text-white/90 font-mono"[39m
[36m>[39m
  [0mqa-user-[0m
[36m</span>[39m

(If this is intentional, then use the `*AllBy*` variant of the query (like `queryAllByText`, `getAllByText`, or `findAllByText`)).

Ignored nodes: comments, script, style
[36m<body>[39m
  [36m<div>[39m
    [36m<div[39m
      [33mclass[39m=[32m"space-y-4"[39m
    [36m>[39m
      [36m<div[39m
        [33mclass[39m=[32m"bg-white/5 border border-white/10 rounded-lg p-6"[39m
      [36m>[39m
        [36m<div[39m
          [33mclass[39m=[32m"flex items-start justify-between mb-4"[39m
        [36m>[39m
          [36m<div>[39m
            [36m<h3[39m
              [33mclass[39m=[32m"text-xl font-bold text-white mb-2"[39m
            [36m>[39m
              [0mQA → Maintenance[0m
            [36m</h3>[39m
            [36m<p[39m
              [33mclass[39m=[32m"text-sm text-white/60"[39m
            [36m>[39m
              [0mTicket: [0m
              [36m<span[39m
                [33mclass[39m=[32m"font-mono text-white/80"[39m
              [36m>[39m
                [0mFT406824[0m
              [36m</span>[39m
            [36m</p>[39m
          [36m</div>[39m
          [36m<div[39m
            [33mclass[39m=[32m"flex items-center gap-2 px-3 py-1.5 bg-blue-500/20 text-blue-400 rounded-full text-sm font-medium"[39m
          [36m>[39m
            [36m<svg[39m
              [33mclass[39m=[32m"w-4 h-4"[39m
              [33mfill[39m=[32m"none"[39m
              [33mheight[39m=[32m"24"[39m
              [33mstroke[39m=[32m"currentColor"[39m
              [33mstroke-linecap[39m=[32m"round"[39m
              [33mstroke-linejoin[39m=[32m"round"[39m
              [33mstroke-width[39m=[32m"2"[39m
              [33mviewBox[39m=[32m"0 0 24 24"[39m
              [33mwidth[39m=[32m"24"[39m
              [33mxmlns[39m=[32m"http://www.w3.org/2000/svg"[39m
            [36m>[39m
              [36m<rect[39m
                [33mheight[39m=[32m"11"[39m
                [33mrx[39m=[32m"2"[39m
                [33mry[39m=[32m"2"[39m
                [33mwidth[39m=[32m"18"[39m
                [33mx[39m=[32m"3"[39m
                [33my[39m=[32m"11"[39m
              [36m/>[39m
              [36m<path[39m
                [33md[39m=[32m"M7 11V7a5 5 0 0 1 10 0v4"[39m
              [36m/>[39m
            [36m</svg>[39m
            [36m<span>[39m
              [0mLocked[0m
            [36m</span>[39m
          [36m</div>[39m
        [36m</div>[39m
        [36m<div[39m
          [33mclass[39m=[32m"flex items-center gap-4 p-3 bg-white/5 rounded-lg"[39m
        [36m>[39m
          [36m<span[39m
            [33mclass[39m=[32m"px-3 py-1 bg-blue-500/20 text-blue-400 rounded-full text-sm font-medium"[39m
          [36m>[39m
            [0mQA Team[0m
          [36m</span>[39m
          [36m<svg[39m
            [33mclass[39m=[32m"w-4 h-4 text-white/40"[39m
            [33mfill[39m=[32m"none"[39m
            [33mheight[39m=[32m"24"[39m
            [33mstroke[39m=[32m"currentColor"[39m
            [33mstroke-linecap[39m=[32m"round"[39m
            [33mstroke-linejoin[39m=[32m"round"[39m
            [33mstroke-width[39m=[32m"2"[39m
            [33mviewBox[39m=[32m"0 0 24 24"[39m
            [33mwidth[39m=[32m"24"[39m
            [33mxmlns[39m=[32m"http://www.w3.org/2000/svg"[39m
          [36m>[39m
            [36m<path[39m
              [33md[39m=[32m"M5 12h14"[39m
            [36m/>[39m
            [36m<path[39m
              [33md[39m=[32m"m12 5 7 7-7 7"[39m
            [36m/>[39m
          [36m</svg>[39m
          [36m<span[39m
            [33mclass[39m=[32m"px-3 py-1 bg-green-500/20 text-green-400 rounded-full text-sm font-medium"[39m
          [36m>[39m
            [0mMaintenance Team[0m
          [36m</span>[39m
        [36m</div>[39m
        [36m<div[39m
          [33mclass[39m=[32m"grid grid-cols-1 md:grid-cols-2 gap-3 mt-4 pt-4 border-t border-white/10"[39m
        [36m>[39m
          [36m<div[39m
            [33mclass[39m=[32m"flex items-center gap-2 text-sm"[39m
          [36m>[39m
            [36m<svg[39m
              [33mclass[39m=[32m"w-4 h-4 text-white/40"[39m
              [33mfill[39m=[32m"none"[39m
              [33mheight[39m=[32m"24"[39m
              [33mstroke[39m=[32m"currentColor"[39m
              [33mstroke-linecap[39m=[32m"round"[39m
              [33mstroke-linejoin[39m=[32m"round"[39m
              [33mstroke-width[39m=[32m"2"[39m
              [33mviewBox[39m=[32m"0 0 24 24"[39m
              [33mwidth[39m=[32m"24"[39m
              [33mxmlns[39m=[32m"http://www.w3.org/2000/svg"[39m
            [36m>[39m
              [36m<rect[39m
                [33mheight[39m=[32m"18"[39m
                [33mrx[39m=[32m"2"[39m
                [33mry[39m=[32m"2"[39m
                [33mwidth[39m=[32m"18"[39m
                [33mx[39m=[32m"3"[39m
                [33my[39m=[32m"4"[39m
              [36m/>[39m
              [36m<line[39m
                [33mx1[39m=[32m"16"[39m
                [33mx2[39m=[32m"16"[39m
                [33my1[39m=[32m"2"[39m
                [33my2[39m=[32m"6"[39m
              [36m/>[39m
              [36m<line[39m
                [33mx1[39m=[32m"8"[39m
                [33mx2[39m=[32m"8"[39m
                [33my1[39m=[32m"2"[39m
                [33my2[39m=[32m"6"[39m
              [36m/>[39m
              [36m<line[39m
                [33mx1[39m=[32m"3"[39m
                [33mx2[39m=[32m"21"[39m
                [33my1[39m=[32m"10"[39m
                [33my2[39m=[32m"10"[39m
              [36m/>[39m
            [36m</svg>[39m
            [36m<span[39m
              [33mclass[39m=[32m"text-white/60"[39m
            [36m>[39m
              [0mHandover At:[0m
            [36m</span>[39m
            [36m<span[39m
              [33mclass[39m=[32m"text-white/90"[39m
            [36m>[39m
              [0m1/15/2024, 2:00:00 PM[0m
            [36m</span>[39m
          [36m</div>[39m
          [36m<div[39m
            [33mclass[39m=[32m"flex items-center gap-2 text-sm"[39m
          [36m>[39m
            [36m<svg[39m
              [33mclass[39m=[32m"w-4 h-4 text-white/40"[39m
              [33mfill[39m=[32m"none"[39m
              [33mheight[39m=[32m"24"[39m
              [33mstroke[39m=[32m"currentColor"[39m
              [33mstroke-linecap[39m=[32m"round"[39m
              [33mstroke-linejoin[39m=[32m"round"[39m
              [33mstroke-width[39m=[32m"2"[39m
              [33mviewBox[39m=[32m"0 0 24 24"[39m
              [33mwidth[39m=[32m"24"[39m
              [33mxmlns[39m=[32m"http://www.w3.org/2000/svg"[39m
            [36m>[39m
              [36m<path[39m
                [33md[39m=[32m"M19 21v-2a4 4 0 0 0-4-4H9a4 4 0 0 0-4 4v2"[39m
              [36m/>[39m
              [36m<circle[39m
                [33mcx[39m=[32m"12"[39m
                [33mcy[39m=[32m"7"[39m
                [33mr[39m=[32m"4"[39m
              [36m/>[39m
            [36m</svg>[39m
            [36m<span[39m
              [33mclass[39m=[32m"text-white/60"[39m
            [36m>[39m
              [0mHandover By:[0m
            [36m</span>[39m
            [36m<span[39m
              [33mclass[39m=[32m"text-white/90 font-mono"[39m
            [36m>[39m
              [0mqa-user-[0m
            [36m</span>[39m
          [36m</div>[39m
        [36m</div>[39m
      [36m</div>[39m
      [36m<div[39m
        [33mclass[39m=[32m"border border-white/10 rounded-lg overflow-hidden"[39m
      [36m>[39m
        [36m<button[39m
          [33mclass[39m=[32m"w-full flex items-center justify-between p-4 bg-white/5 hover:bg-white/10 transition-colors"[39m
        [36m>[39m
          [36m<div[39m
            [33mclass[39m=[32m"flex items-center gap-3"[39m
          [36m>[39m
            [36m<svg[39m
              [33mclass[39m=[32m"w-5 h-5 text-white/60"[39m
              [33mfill[39m=[32m"none"[39m
              [33mheight[39m=[32m"24"[39m
              [33mstroke[39m=[32m"currentColor"[39m
              [33mstroke-linecap[39m=[32m"round"[39m
              [33mstroke-linejoin[39m=[32m"round"[39m
              [33mstroke-width[39m=[32m"2"[39m
              [33mviewBox[39m=[32m"0 0 24 24"[39m
              [33mwidth[39m=[32m"24"[39m
              [33mxmlns[39m=[32m"http://www.w3.org/2000/svg"[39m
            [36m>[39m
              [36m<path[39m
                [33md[39m=[32m"M14.5 2H6a2 2 0 0 0-2 2v16a2 2 0 0 0 2 2h12a2 2 0 0 0 2-2V7.5L14.5 2z"[39m
              [36m/>[39m
              [36m<polyline[39m
                [33mpoints[39m=[32m"14 2 14 8 20 8"[39m
              [36m/>[39m
              [36m<line[39m
                [33mx1[39m=[32m"16"[39m
                [33mx2[39m=[32m"8"[39m
                [33my1[39m=[32m"13"[39m
                [33my2[39m=[32m"13"[39m
              [36m/>[39m
              [36m<line[39m
                [33mx1[39m=[32m"16"[39m
                [33mx2[39m=[32m"8"[39m
                [33my1[39m=[32m"17"[39m
                [33my2[39m=[32m"17"[39m
              [36m/>[39m
              [36m<line[39m
                [33mx1[39m=[32m"10"[39m
                [33mx2[39m=[32m"8"[39m
                [33my1[39m=[32m"9"[39m
                [33my2[39m=[32m"9"[39m
              [36m/>[39m
            [36m</svg>[39m
            [36m<span[39m
              [33mclass[39m=[32m"font-medium text-white"[39m
            [36m>[39m
              [0mTicket Snapshot Data[0m
            [36m</span>[39m
          [36m</div>[39m
          [36m<svg[39m
            [33mclass[39m=[32m"w-5 h-5 text-white/60"[39m
            [33mfill[39m=[32m"none"[39m
            [33mheight[39m=[32m"24"[39m
            [33mstroke[39m=[32m"currentColor"[39m
            [33mstroke-linecap[39m=[32m"round"[39m
            [33mstroke-linejoin[39m=[32m"round"[39m
            [33mstroke-width[39m=[32m"2"[39m
            [33mviewBox[39m=[32m"0 0 24 24"[39m
            [33mwidth[39m=[32m"24"[39m
            [33mxmlns[39m=[32m"http://www.w3.org/2000/svg"[39m
          [36m>[39m
            [36m<path[39m
              [33md[39m=[32m"m6 9 6 6 6-6"[39m
            [36m/>[39m
          [36m</svg>[39m
        [36m</button>[39m
      [36m</div>[39m
      [36m<div[39m
        [33mclass[39m=[32m"bg-white/5 border border-white/10 rounded-lg p-4"[39m
      [36m>[39m
        [36m<div[39m
          [33mclass[39m=[32m"flex items-center justify-between"[39m
        [36m>[39m
          [36m<span[39m
            [33mclass[39m=[32m"text-white/60"[39m
          [36m>[39m
            [0mGuarantee Status:[0m
          [36m</span>[39m
          [36m<span[39m
            [33mclass[39m=[32m"px-3 py-1 rounded-full text-sm font-medium bg-green-500/20 text-green-400"[39m
          [36m>[39m
            [0mUNDER GUARANTEE[0m
          [36m</span>[39m
        [36m</div>[39m
      [36m</div>[39m
    [36m</div>[39m
  [36m</div>[39m
[36m</body>[39m
 ❯ Object.getElementError node_modules/@testing-library/react/node_modules/@testing-library/dom/dist/config.js:37:19
 ❯ getElementError node_modules/@testing-library/react/node_modules/@testing-library/dom/dist/query-helpers.js:20:35
 ❯ getMultipleElementsFoundError node_modules/@testing-library/react/node_modules/@testing-library/dom/dist/query-helpers.js:23:10
 ❯ node_modules/@testing-library/react/node_modules/@testing-library/dom/dist/query-helpers.js:55:13
 ❯ node_modules/@testing-library/react/node_modules/@testing-library/dom/dist/query-helpers.js:95:19
 ❯ src/modules/ticketing/__tests__/components/HandoverSnapshot.test.tsx:251:21
    249| 
    250|       // Assert
    251|       expect(screen.getByText(/QA/i)).toBeInTheDocument();
       |                     ^
    252|       expect(screen.getByText(/Maintenance/i)).toBeInTheDocument();
    253|     });

⎯⎯⎯⎯⎯⎯⎯⎯⎯⎯⎯⎯⎯⎯⎯⎯⎯⎯⎯⎯⎯⎯[53/79]⎯

 FAIL  src/modules/ticketing/__tests__/components/QContactSync.test.tsx > SyncDashboard Component > Initial Rendering > should display sync status overview
 FAIL  src/modules/ticketing/__tests__/components/QContactSync.test.tsx > SyncDashboard Component > Initial Rendering > should display success rate as percentage
 FAIL  src/modules/ticketing/__tests__/components/QContactSync.test.tsx > SyncDashboard Component > Initial Rendering > should show pending outbound count
 FAIL  src/modules/ticketing/__tests__/components/QContactSync.test.tsx > SyncDashboard Component > Initial Rendering > should show loading state
 FAIL  src/modules/ticketing/__tests__/components/QContactSync.test.tsx > SyncDashboard Component > Initial Rendering > should show error state
 FAIL  src/modules/ticketing/__tests__/components/QContactSync.test.tsx > SyncDashboard Component > Health Status Display > should show healthy status with green indicator
 FAIL  src/modules/ticketing/__tests__/components/QContactSync.test.tsx > SyncDashboard Component > Health Status Display > should show unhealthy status with issues
 FAIL  src/modules/ticketing/__tests__/components/QContactSync.test.tsx > SyncDashboard Component > Refresh Functionality > should call onRefresh when refresh button clicked
Error: No QueryClient set, use QueryClientProvider to set one
 ❯ useQueryClient node_modules/@tanstack/react-query/src/QueryClientProvider.tsx:18:11
 ❯ useBaseQuery node_modules/@tanstack/react-query/src/useBaseQuery.ts:54:18
 ❯ Module.useQuery node_modules/@tanstack/react-query/src/useQuery.ts:51:10
 ❯ Module.useQContactSyncStatus src/modules/ticketing/hooks/useQContactSync.ts:151:17
    149|   enabled?: boolean;
    150| }) {
    151|   const query = useQuery({
       |                 ^
    152|     queryKey: qcontactSyncKeys.status(),
    153|     queryFn: fetchSyncStatus,
 ❯ SyncDashboard src/modules/ticketing/components/QContact/SyncDashboard.tsx:49:62
 ❯ renderWithHooks node_modules/react-dom/cjs/react-dom.development.js:15486:18
 ❯ mountIndeterminateComponent node_modules/react-dom/cjs/react-dom.development.js:20103:13
 ❯ beginWork node_modules/react-dom/cjs/react-dom.development.js:21626:16
 ❯ beginWork$1 node_modules/react-dom/cjs/react-dom.development.js:27465:14
 ❯ performUnitOfWork node_modules/react-dom/cjs/react-dom.development.js:26599:12

⎯⎯⎯⎯⎯⎯⎯⎯⎯⎯⎯⎯⎯⎯⎯⎯⎯⎯⎯⎯⎯⎯[54/79]⎯

 FAIL  src/modules/ticketing/__tests__/components/QContactSync.test.tsx > SyncTrigger Component > Trigger Manual Sync > should show advanced options when expanded
TestingLibraryElementError: Found a label with the text of: /Start Date/i, however no form control was found associated to that label. Make sure you're using the "for" attribute or "aria-labelledby" attribute correctly.

Ignored nodes: comments, script, style
[36m<body>[39m
  [36m<div>[39m
    [36m<div[39m
      [33mclass[39m=[32m"space-y-6"[39m
    [36m>[39m
      [36m<div>[39m
        [36m<h3[39m
          [33mclass[39m=[32m"text-xl font-bold text-white mb-1"[39m
        [36m>[39m
          [0mManual Sync Trigger[0m
        [36m</h3>[39m
        [36m<p[39m
          [33mclass[39m=[32m"text-sm text-white/60"[39m
        [36m>[39m
          [0mManually trigger a sync operation with custom options[0m
        [36m</p>[39m
      [36m</div>[39m
      [36m<div[39m
        [33mclass[39m=[32m"space-y-2"[39m
      [36m>[39m
        [36m<label[39m
          [33mclass[39m=[32m"text-sm font-medium text-white"[39m
        [36m>[39m
          [0mSync Direction[0m
        [36m</label>[39m
        [36m<div[39m
          [33mclass[39m=[32m"grid grid-cols-1 md:grid-cols-3 gap-3"[39m
        [36m>[39m
          [36m<button[39m
            [33mclass[39m=[32m"p-3 rounded-lg border transition-all text-left bg-blue-500/20 border-blue-500/50"[39m
          [36m>[39m
            [36m<div[39m
              [33mclass[39m=[32m"flex items-center mb-2"[39m
            [36m>[39m
              [36m<svg[39m
                [33mclass[39m=[32m"w-5 h-5 mr-2 text-blue-400"[39m
                [33mfill[39m=[32m"none"[39m
                [33mheight[39m=[32m"24"[39m
                [33mstroke[39m=[32m"currentColor"[39m
                [33mstroke-linecap[39m=[32m"round"[39m
                [33mstroke-linejoin[39m=[32m"round"[39m
                [33mstroke-width[39m=[32m"2"[39m
                [33mviewBox[39m=[32m"0 0 24 24"[39m
                [33mwidth[39m=[32m"24"[39m
                [33mxmlns[39m=[32m"http://www.w3.org/2000/svg"[39m
              [36m>[39m
                [36m<path[39m
                  [33md[39m=[32m"M8 3 4 7l4 4"[39m
                [36m/>[39m
                [36m<path[39m
                  [33md[39m=[32m"M4 7h16"[39m
                [36m/>[39m
                [36m<path[39m
                  [33md[39m=[32m"m16 21 4-4-4-4"[39m
                [36m/>[39m
                [36m<path[39m
                  [33md[39m=[32m"M20 17H4"[39m
                [36m/>[39m
              [36m</svg>[39m
              [36m<span[39m
                [33mclass[39m=[32m"font-medium text-blue-400"[39m
              [36m>[39m
                [0mBidirectional[0m
              [36m</span>[39m
            [36m</div>[39m
            [36m<p[39m
              [33mclass[39m=[32m"text-xs text-white/60"[39m
            [36m>[39m
              [0mSync both directions (recommended)[0m
            [36m</p>[39m
          [36m</button>[39m
          [36m<button[39m
            [33mclass[39m=[32m"p-3 rounded-lg border transition-all text-left bg-white/5 border-white/10 hover:bg-white/10"[39m
          [36m>[39m
            [36m<div[39m
              [33mclass[39m=[32m"flex items-center mb-2"[39m
            [36m>[39m
              [36m<svg[39m
                [33mclass[39m=[32m"w-5 h-5 mr-2 text-white/60"[39m
                [33mfill[39m=[32m"none"[39m
                [33mheight[39m=[32m"24"[39m
                [33mstroke[39m=[32m"currentColor"[39m
                [33mstroke-linecap[39m=[32m"round"[39m
                [33mstroke-linejoin[39m=[32m"round"[39m
                [33mstroke-width[39m=[32m"2"[39m
                [33mviewBox[39m=[32m"0 0 24 24"[39m
                [33mwidth[39m=[32m"24"[39m
                [33mxmlns[39m=[32m"http://www.w3.org/2000/svg"[39m
              [36m>[39m
                [36m<path[39m
                  [33md[39m=[32m"M21 15v4a2 2 0 0 1-2 2H5a2 2 0 0 1-2-2v-4"[39m
                [36m/>[39m
                [36m<polyline[39m
                  [33mpoints[39m=[32m"7 10 12 15 17 10"[39m
                [36m/>[39m
                [36m<line[39m
                  [33mx1[39m=[32m"12"[39m
                  [33mx2[39m=[32m"12"[39m
                  [33my1[39m=[32m"15"[39m
                  [33my2[39m=[32m"3"[39m
                [36m/>[39m
              [36m</svg>[39m
              [36m<span[39m
                [33mclass[39m=[32m"font-medium text-white"[39m
              [36m>[39m
                [0mInbound Only[0m
              [36m</span>[39m
            [36m</div>[39m
            [36m<p[39m
              [33mclass[39m=[32m"text-xs text-white/60"[39m
            [36m>[39m
              [0mQContact → FibreFlow[0m
            [36m</p>[39m
          [36m</button>[39m
          [36m<button[39m
            [33mclass[39m=[32m"p-3 rounded-lg border transition-all text-left bg-white/5 border-white/10 hover:bg-white/10"[39m
          [36m>[39m
            [36m<div[39m
              [33mclass[39m=[32m"flex items-center mb-2"[39m
            [36m>[39m
              [36m<svg[39m
                [33mclass[39m=[32m"w-5 h-5 mr-2 text-white/60"[39m
                [33mfill[39m=[32m"none"[39m
                [33mheight[39m=[32m"24"[39m
                [33mstroke[39m=[32m"currentColor"[39m
                [33mstroke-linecap[39m=[32m"round"[39m
                [33mstroke-linejoin[39m=[32m"round"[39m
                [33mstroke-width[39m=[32m"2"[39m
                [33mviewBox[39m=[32m"0 0 24 24"[39m
                [33mwidth[39m=[32m"24"[39m
                [33mxmlns[39m=[32m"http://www.w3.org/2000/svg"[39m
              [36m>[39m
                [36m<path[39m
                  [33md[39m=[32m"M21 15v4a2 2 0 0 1-2 2H5a2 2 0 0 1-2-2v-4"[39m
                [36m/>[39m
                [36m<polyline[39m
                  [33mpoints[39m=[32m"17 8 12 3 7 8"[39m
                [36m/>[39m
                [36m<line[39m
                  [33mx1[39m=[32m"12"[39m
                  [33mx2[39m=[32m"12"[39m
                  [33my1[39m=[32m"3"[39m
                  [33my2[39m=[32m"15"[39m
                [36m/>[39m
              [36m</svg>[39m
              [36m<span[39m
                [33mclass[39m=[32m"font-medium text-white"[39m
              [36m>[39m
                [0mOutbound Only[0m
              [36m</span>[39m
            [36m</div>[39m
            [36m<p[39m
              [33mclass[39m=[32m"text-xs text-white/60"[39m
            [36m>[39m
              [0mFibreFlow → QContact[0m
            [36m</p>[39m
          [36m</button>[39m
        [36m</div>[39m
      [36m</div>[39m
      [36m<div[39m
        [33mclass[39m=[32m"space-y-4"[39m
      [36m>[39m
        [36m<button[39m
          [33mclass[39m=[32m"flex items-center text-sm text-white/60 hover:text-white transition-all"[39m
        [36m>[39m
          [36m<svg[39m
            [33mclass[39m=[32m"w-4 h-4 mr-2"[39m
            [33mfill[39m=[32m"none"[39m
            [33mheight[39m=[32m"24"[39m
            [33mstroke[39m=[32m"currentColor"[39m
            [33mstroke-linecap[39m=[32m"round"[39m
            [33mstroke-linejoin[39m=[32m"round"[39m
            [33mstroke-width[39m=[32m"2"[39m
            [33mviewBox[39m=[32m"0 0 24 24"[39m
            [33mwidth[39m=[32m"24"[39m
            [33mxmlns[39m=[32m"http://www.w3.org/2000/svg"[39m
          [36m>[39m
            [36m<path[39m
              [33md[39m=[32m"M12.22 2h-.44a2 2 0 0 0-2 2v.18a2 2 0 0 1-1 1.73l-.43.25a2 2 0 0 1-2 0l-.15-.08a2 2 0 0 0-2.73.73l-.22.38a2 2 0 0 0 .73 2.73l.15.1a2 2 0 0 1 1 1.72v.51a2 2 0 0 1-1 1.74l-.15.09a2 2 0 0 0-.73 2.73l.22.38a2 2 0 0 0 2.73.73l.15-.08a2 2 0 0 1 2 0l.43.25a2 2 0 0 1 1 1.73V20a2 2 0 0 0 2 2h.44a2 2 0 0 0 2-2v-.18a2 2 0 0 1 1-1.73l.43-.25a2 2 0 0 1 2 0l.15.08a2 2 0 0 0 2.73-.73l.22-.39a2 2 0 0 0-.73-2.73l-.15-.08a2 2 0 0 1-1-1.74v-.5a2 2 0 0 1 1-1.74l.15-.09a2 2 0 0 0 .73-2.73l-.22-.38a2 2 0 0 0-2.73-.73l-.15.08a2 2 0 0 1-2 0l-.43-.25a2 2 0 0 1-1-1.73V4a2 2 0 0 0-2-2z"[39m
            [36m/>[39m
            [36m<circle[39m
              [33mcx[39m=[32m"12"[39m
              [33mcy[39m=[32m"12"[39m
              [33mr[39m=[32m"3"[39m
            [36m/>[39m
          [36m</svg>[39m
          [0mHide[0m
          [0m Advanced Options[0m
        [36m</button>[39m
        [36m<div[39m
          [33mclass[39m=[32m"space-y-4 p-4 bg-white/5 border border-white/10 rounded-lg"[39m
        [36m>[39m
          [36m<div[39m
            [33mclass[39m=[32m"grid grid-cols-2 gap-4"[39m
          [36m>[39m
            [36m<div>[39m
              [36m<label[39m
                [33mclass[39m=[32m"block text-sm font-medium text-white mb-2"[39m
              [36m>[39m
                [36m<svg[39m
                  [33mclass[39m=[32m"w-4 h-4 inline mr-1"[39m
                  [33mfill[39m=[32m"none"[39m
                  [33mheight[39m=[32m"24"[39m
                  [33mstroke[39m=[32m"currentColor"[39m
                  [33mstroke-linecap[39m=[32m"round"[39m
                  [33mstroke-linejoin[39m=[32m"round"[39m
                  [33mstroke-width[39m=[32m"2"[39m
                  [33mviewBox[39m=[32m"0 0 24 24"[39m
                  [33mwidth[39m=[32m"24"[39m
                  [33mxmlns[39m=[32m"http://www.w3.org/2000/svg"[39m
                [36m>[39m
                  [36m<rect[39m
                    [33mheight[39m=[32m"18"[39m
                    [33mrx[39m=[32m"2"[39m
                    [33mry[39m=[32m"2"[39m
                    [33mwidth[39m=[32m"18"[39m
                    [33mx[39m=[32m"3"[39m
                    [33my[39m=[32m"4"[39m
                  [36m/>[39m
                  [36m<line[39m
                    [33mx1[39m=[32m"16"[39m
                    [33mx2[39m=[32m"16"[39m
                    [33my1[39m=[32m"2"[39m
                    [33my2[39m=[32m"6"[39m
                  [36m/>[39m
                  [36m<line[39m
                    [33mx1[39m=[32m"8"[39m
                    [33mx2[39m=[32m"8"[39m
                    [33my1[39m=[32m"2"[39m
                    [33my2[39m=[32m"6"[39m
                  [36m/>[39m
                  [36m<line[39m
                    [33mx1[39m=[32m"3"[39m
                    [33mx2[39m=[32m"21"[39m
                    [33my1[39m=[32m"10"[39m
                    [33my2[39m=[32m"10"[39m
                  [36m/>[39m
                [36m</svg>[39m
                [0mStart Date[0m
              [36m</label>[39m
              [36m<input[39m
                [33mclass[39m=[32m"w-full px-3 py-2 bg-white/10 border border-white/10 rounded-lg text-white text-sm focus:outline-none focus:ring-2 focus:ring-blue-500"[39m
                [33mtype[39m=[32m"date"[39m
                [33mvalue[39m=[32m""[39m
              [36m/>[39m
            [36m</div>[39m
            [36m<div>[39m
              [36m<label[39m
                [33mclass[39m=[32m"block text-sm font-medium text-white mb-2"[39m
              [36m>[39m
                [36m<svg[39m
                  [33mclass[39m=[32m"w-4 h-4 inline mr-1"[39m
                  [33mfill[39m=[32m"none"[39m
                  [33mheight[39m=[32m"24"[39m
                  [33mstroke[39m=[32m"currentColor"[39m
                  [33mstroke-linecap[39m=[32m"round"[39m
                  [33mstroke-linejoin[39m=[32m"round"[39m
                  [33mstroke-width[39m=[32m"2"[39m
                  [33mviewBox[39m=[32m"0 0 24 24"[39m
                  [33mwidth[39m=[32m"24"[39m
                  [33mxmlns[39m=[32m"http://www.w3.org/2000/svg"[39m
                [36m>[39m
                  [36m<rect[39m
                    [33mheight[39m=[32m"18"[39m
                    [33mrx[39m=[32m"2"[39m
                    [33mry[39m=[32m"2"[39m
                    [33mwidth[39m=[32m"18"[39m
                    [33mx[39m=[32m"3"[39m
                    [33my[39m=[32m"4"[39m
                  [36m/>[39m
                  [36m<line[39m
                    [33mx1[39m=[32m"16"[39m
                    [33mx2[39m=[32m"16"[39m
                    [33my1[39m=[32m"2"[39m
                    [33my2[39m=[32m"6"[39m
                  [36m/>[39m
                  [36m<line[39m
                    [33mx1[39m=[32m"8"[39m
                    [33mx2[39m=[32m"8"[39m
                    [33my1[39m=[32m"2"[39m
                    [33my2[39m=[32m"6"[39m
                  [36m/>[39m
                  [36m<line[39m
                    [33mx1[39m=[32m"3"[39m
                    [33mx2[39m=[32m"21"[39m
                    [33my1[39m=[32m"10"[39m
                    [33my2[39m=[32m"10"[39m
                  [36m/>[39m
                [36m</svg>[39m
                [0mEnd Date[0m
              [36m</label>[39m
              [36m<input[39m
                [33mclass[39m=[32m"w-full px-3 py-2 bg-white/10 border border-white/10 rounded-lg text-white text-sm focus:outline-none focus:ring-2 focus:ring-blue-500"[39m
                [33mtype[39m=[32m"date"[39m
                [33mvalue[39m=[32m""[39m
              [36m/>[39m
            [36m</div>[39m
          [36m</div>[39m
          [36m<div[39m
            [33mclass[39m=[32m"flex items-center"[39m
          [36m>[39m
            [36m<input[39m
              [33mclass[39m=[32m"w-4 h-4 text-blue-600 bg-white/10 border-white/10 rounded focus:ring-blue-500"[39m
              [33mid[39m=[32m"forceResync"[39m
              [33mtype[39m=[32m"checkbox"[39m
            [36m/>[39m
            [36m<label[39m
              [33mclass[39m=[32m"ml-2 text-sm text-white"[39m
              [33mfor[39m=[32m"forceResync"[39m
            [36m>[39m
              [0mForce Resync[0m
              [0m [0m
              [36m<span[39m
                [33mclass[39m=[32m"text-white/60"[39m
              [36m>[39m
                [0m(Re-sync even if already synced)[0m
              [36m</span>[39m
            [36m</label>[39m
          [36m</div>[39m
        [36m</div>[39m
      [36m</div>[39m
      [36m<div[39m
        [33mclass[39m=[32m"flex items-center justify-between"[39m
      [36m>[39m
        [36m<button[39m
          [33mclass[39m=[32m"flex items-center px-6 py-3 rounded-lg font-semibold transition-all bg-blue-600 hover:bg-blue-700 text-white"[39m
        [36m>[39m
          [36m<svg[39m
            [33mclass[39m=[32m"w-5 h-5 mr-2"[39m
            [33mfill[39m=[32m"none"[39m
            [33mheight[39m=[32m"24"[39m
            [33mstroke[39m=[32m"currentColor"[39m
            [33mstroke-linecap[39m=[32m"round"[39m
            [33mstroke-linejoin[39m=[32m"round"[39m
            [33mstroke-width[39m=[32m"2"[39m
            [33mviewBox[39m=[32m"0 0 24 24"[39m
            [33mwidth[39m=[32m"24"[39m
            [33mxmlns[39m=[32m"http://www.w3.org/2000/svg"[39m
          [36m>[39m
            [36m<path[39m
              [33md[39m=[32m"M3 12a9 9 0 0 1 9-9 9.75 9.75 0 0 1 6.74 2.74L21 8"[39m
            [36m/>[39m
            [36m<path[39m
              [33md[39m=[32m"M21 3v5h-5"[39m
            [36m/>[39m
            [36m<path[39m
              [33md[39m=[32m"M21 12a9 9 0 0 1-9 9 9.75 9.75 0 0 1-6.74-2.74L3 16"[39m
            [36m/>[39m
            [36m<path[39m
              [33md[39m=[32m"M8 16H3v5"[39m
            [36m/>[39m
          [36m</svg>[39m
          [0mTrigger Sync[0m
        [36m</button>[39m
      [36m</div>[39m
    [36m</div>[39m
  [36m</div>[39m
[36m</body>[39m
 ❯ Object.getElementError node_modules/@testing-library/react/node_modules/@testing-library/dom/dist/config.js:37:19
 ❯ getAllByLabelText node_modules/@testing-library/react/node_modules/@testing-library/dom/dist/queries/label-text.js:100:40
 ❯ node_modules/@testing-library/react/node_modules/@testing-library/dom/dist/query-helpers.js:52:17
 ❯ node_modules/@testing-library/react/node_modules/@testing-library/dom/dist/query-helpers.js:95:19
 ❯ src/modules/ticketing/__tests__/components/QContactSync.test.tsx:273:21
    271| 
    272|       // Assert
    273|       expect(screen.getByLabelText(/Start Date/i)).toBeInTheDocument();
       |                     ^
    274|       expect(screen.getByLabelText(/End Date/i)).toBeInTheDocument();
    275|       expect(screen.getByLabelText(/Force Resync/i)).toBeInTheDocument…

⎯⎯⎯⎯⎯⎯⎯⎯⎯⎯⎯⎯⎯⎯⎯⎯⎯⎯⎯⎯⎯⎯[55/79]⎯

 FAIL  src/modules/ticketing/__tests__/components/QContactSync.test.tsx > SyncAuditLog Component > Initial Rendering > should display sync log entries
TestingLibraryElementError: Unable to find an element with the text: /log-1/i. This could be because the text is broken up by multiple elements. In this case, you can provide a function for your text matcher to make your matcher more flexible.

Ignored nodes: comments, script, style
[36m<body>[39m
  [36m<div>[39m
    [36m<div[39m
      [33mclass[39m=[32m"space-y-6"[39m
    [36m>[39m
      [36m<div[39m
        [33mclass[39m=[32m"flex items-center justify-between"[39m
      [36m>[39m
        [36m<div>[39m
          [36m<h3[39m
            [33mclass[39m=[32m"text-xl font-bold text-white mb-1"[39m
          [36m>[39m
            [0mSync Audit Log[0m
          [36m</h3>[39m
          [36m<p[39m
            [33mclass[39m=[32m"text-sm text-white/60"[39m
          [36m>[39m
            [0m3[0m
            [0m sync operation[0m
            [0ms[0m
            [0m | Success Rate:[0m
            [0m [0m
            [0m67[0m
            [0m%[0m
          [36m</p>[39m
        [36m</div>[39m
      [36m</div>[39m
      [36m<div[39m
        [33mclass[39m=[32m"grid grid-cols-2 md:grid-cols-4 gap-4"[39m
      [36m>[39m
        [36m<div[39m
          [33mclass[39m=[32m"p-3 bg-blue-500/10 border border-blue-500/20 rounded-lg"[39m
        [36m>[39m
          [36m<div[39m
            [33mclass[39m=[32m"flex items-center mb-1"[39m
          [36m>[39m
            [36m<svg[39m
              [33mclass[39m=[32m"w-4 h-4 text-blue-400 mr-2"[39m
              [33mfill[39m=[32m"none"[39m
              [33mheight[39m=[32m"24"[39m
              [33mstroke[39m=[32m"currentColor"[39m
              [33mstroke-linecap[39m=[32m"round"[39m
              [33mstroke-linejoin[39m=[32m"round"[39m
              [33mstroke-width[39m=[32m"2"[39m
              [33mviewBox[39m=[32m"0 0 24 24"[39m
              [33mwidth[39m=[32m"24"[39m
              [33mxmlns[39m=[32m"http://www.w3.org/2000/svg"[39m
            [36m>[39m
              [36m<path[39m
                [33md[39m=[32m"M21 15v4a2 2 0 0 1-2 2H5a2 2 0 0 1-2-2v-4"[39m
              [36m/>[39m
              [36m<polyline[39m
                [33mpoints[39m=[32m"7 10 12 15 17 10"[39m
              [36m/>[39m
              [36m<line[39m
                [33mx1[39m=[32m"12"[39m
                [33mx2[39m=[32m"12"[39m
                [33my1[39m=[32m"15"[39m
                [33my2[39m=[32m"3"[39m
              [36m/>[39m
            [36m</svg>[39m
            [36m<span[39m
              [33mclass[39m=[32m"text-xs text-white/60"[39m
            [36m>[39m
              [0mInbound[0m
            [36m</span>[39m
          [36m</div>[39m
          [36m<p[39m
            [33mclass[39m=[32m"text-xl font-bold text-blue-400"[39m
          [36m>[39m
            [0m2[0m
          [36m</p>[39m
        [36m</div>[39m
        [36m<div[39m
          [33mclass[39m=[32m"p-3 bg-purple-500/10 border border-purple-500/20 rounded-lg"[39m
        [36m>[39m
          [36m<div[39m
            [33mclass[39m=[32m"flex items-center mb-1"[39m
          [36m>[39m
            [36m<svg[39m
              [33mclass[39m=[32m"w-4 h-4 text-purple-400 mr-2"[39m
              [33mfill[39m=[32m"none"[39m
              [33mheight[39m=[32m"24"[39m
              [33mstroke[39m=[32m"currentColor"[39m
              [33mstroke-linecap[39m=[32m"round"[39m
              [33mstroke-linejoin[39m=[32m"round"[39m
              [33mstroke-width[39m=[32m"2"[39m
              [33mviewBox[39m=[32m"0 0 24 24"[39m
              [33mwidth[39m=[32m"24"[39m
              [33mxmlns[39m=[32m"http://www.w3.org/2000/svg"[39m
            [36m>[39m
              [36m<path[39m
                [33md[39m=[32m"M21 15v4a2 2 0 0 1-2 2H5a2 2 0 0 1-2-2v-4"[39m
              [36m/>[39m
              [36m<polyline[39m
                [33mpoints[39m=[32m"17 8 12 3 7 8"[39m
              [36m/>[39m
              [36m<line[39m
                [33mx1[39m=[32m"12"[39m
                [33mx2[39m=[32m"12"[39m
                [33my1[39m=[32m"3"[39m
                [33my2[39m=[32m"15"[39m
              [36m/>[39m
            [36m</svg>[39m
            [36m<span[39m
              [33mclass[39m=[32m"text-xs text-white/60"[39m
            [36m>[39m
              [0mOutbound[0m
            [36m</span>[39m
          [36m</div>[39m
          [36m<p[39m
            [33mclass[39m=[32m"text-xl font-bold text-purple-400"[39m
          [36m>[39m
            [0m1[0m
          [36m</p>[39m
        [36m</div>[39m
        [36m<div[39m
          [33mclass[39m=[32m"p-3 bg-green-500/10 border border-green-500/20 rounded-lg"[39m
        [36m>[39m
          [36m<div[39m
            [33mclass[39m=[32m"flex items-center mb-1"[39m
          [36m>[39m
            [36m<svg[39m
              [33mclass[39m=[32m"w-4 h-4 text-green-400 mr-2"[39m
              [33mfill[39m=[32m"none"[39m
              [33mheight[39m=[32m"24"[39m
              [33mstroke[39m=[32m"currentColor"[39m
              [33mstroke-linecap[39m=[32m"round"[39m
              [33mstroke-linejoin[39m=[32m"round"[39m
              [33mstroke-width[39m=[32m"2"[39m
              [33mviewBox[39m=[32m"0 0 24 24"[39m
              [33mwidth[39m=[32m"24"[39m
              [33mxmlns[39m=[32m"http://www.w3.org/2000/svg"[39m
            [36m>[39m
              [36m<path[39m
                [33md[39m=[32m"M12 22c5.523 0 10-4.477 10-10S17.523 2 12 2 2 6.477 2 12s4.477 10 10 10z"[39m
              [36m/>[39m
              [36m<path[39m
                [33md[39m=[32m"m9 12 2 2 4-4"[39m
              [36m/>[39m
            [36m</svg>[39m
            [36m<span[39m
              [33mclass[39m=[32m"text-xs text-white/60"[39m
            [36m>[39m
              [0mSuccess[0m
            [36m</span>[39m
          [36m</div>[39m
          [36m<p[39m
            [33mclass[39m=[32m"text-xl font-bold text-green-400"[39m
          [36m>[39m
            [0m2[0m
          [36m</p>[39m
        [36m</div>[39m
        [36m<div[39m
          [33mclass[39m=[32m"p-3 bg-red-500/10 border border-red-500/20 rounded-lg"[39m
        [36m>[39m
          [36m<div[39m
            [33mclass[39m=[32m"flex items-center mb-1"[39m
          [36m>[39m
            [36m<svg[39m
              [33mclass[39m=[32m"w-4 h-4 text-red-400 mr-2"[39m
              [33mfill[39m=[32m"none"[39m
              [33mheight[39m=[32m"24"[39m
              [33mstroke[39m=[32m"currentColor"[39m
              [33mstroke-linecap[39m=[32m"round"[39m
              [33mstroke-linejoin[39m=[32m"round"[39m
              [33mstroke-width[39m=[32m"2"[39m
              [33mviewBox[39m=[32m"0 0 24 24"[39m
              [33mwidth[39m=[32m"24"[39m
              [33mxmlns[39m=[32m"http://www.w3.org/2000/svg"[39m
            [36m>[39m
              [36m<circle[39m
                [33mcx[39m=[32m"12"[39m
                [33mcy[39m=[32m"12"[39m
                [33mr[39m=[32m"10"[3...
 ❯ Object.getElementError node_modules/@testing-library/react/node_modules/@testing-library/dom/dist/config.js:37:19
 ❯ node_modules/@testing-library/react/node_modules/@testing-library/dom/dist/query-helpers.js:76:38
 ❯ node_modules/@testing-library/react/node_modules/@testing-library/dom/dist/query-helpers.js:52:17
 ❯ node_modules/@testing-library/react/node_modules/@testing-library/dom/dist/query-helpers.js:95:19
 ❯ src/modules/ticketing/__tests__/components/QContactSync.test.tsx:293:21
    291|       // Assert
    292|       expect(screen.getByText(/Sync Audit Log/i)).toBeInTheDocument();
    293|       expect(screen.getByText(/log-1/i)).toBeInTheDocument();
       |                     ^
    294|       expect(screen.getByText(/log-2/i)).toBeInTheDocument();
    295|     });

⎯⎯⎯⎯⎯⎯⎯⎯⎯⎯⎯⎯⎯⎯⎯⎯⎯⎯⎯⎯⎯⎯[56/79]⎯

 FAIL  src/modules/ticketing/__tests__/components/QContactSync.test.tsx > SyncAuditLog Component > Initial Rendering > should display statistics
TestingLibraryElementError: Found multiple elements with the text: /3/i

Here are the matching elements:

Ignored nodes: comments, script, style
[36m<p[39m
  [33mclass[39m=[32m"text-xl font-bold text-blue-400"[39m
[36m>[39m
  [0m3[0m
[36m</p>[39m

Ignored nodes: comments, script, style
[36m<span[39m
  [33mclass[39m=[32m"text-white font-mono"[39m
[36m>[39m
  [0mticket-3[0m
  [0m...[0m
[36m</span>[39m

Ignored nodes: comments, script, style
[36m<span[39m
  [33mclass[39m=[32m"text-white font-mono"[39m
[36m>[39m
  [0mqc-3[0m
[36m</span>[39m

Ignored nodes: comments, script, style
[36m<span[39m
  [33mclass[39m=[32m"text-xs text-white/60"[39m
[36m>[39m
  [0mJan 15, 2024, 03:00:00 PM[0m
[36m</span>[39m

(If this is intentional, then use the `*AllBy*` variant of the query (like `queryAllByText`, `getAllByText`, or `findAllByText`)).

Ignored nodes: comments, script, style
[36m<body>[39m
  [36m<div>[39m
    [36m<div[39m
      [33mclass[39m=[32m"space-y-6"[39m
    [36m>[39m
      [36m<div[39m
        [33mclass[39m=[32m"flex items-center justify-between"[39m
      [36m>[39m
        [36m<div>[39m
          [36m<h3[39m
            [33mclass[39m=[32m"text-xl font-bold text-white mb-1"[39m
          [36m>[39m
            [0mSync Audit Log[0m
          [36m</h3>[39m
          [36m<p[39m
            [33mclass[39m=[32m"text-sm text-white/60"[39m
          [36m>[39m
            [0m5[0m
            [0m sync operation[0m
            [0ms[0m
            [0m | Success Rate:[0m
            [0m [0m
            [0m80[0m
            [0m%[0m
          [36m</p>[39m
        [36m</div>[39m
      [36m</div>[39m
      [36m<div[39m
        [33mclass[39m=[32m"grid grid-cols-2 md:grid-cols-4 gap-4"[39m
      [36m>[39m
        [36m<div[39m
          [33mclass[39m=[32m"p-3 bg-blue-500/10 border border-blue-500/20 rounded-lg"[39m
        [36m>[39m
          [36m<div[39m
            [33mclass[39m=[32m"flex items-center mb-1"[39m
          [36m>[39m
            [36m<svg[39m
              [33mclass[39m=[32m"w-4 h-4 text-blue-400 mr-2"[39m
              [33mfill[39m=[32m"none"[39m
              [33mheight[39m=[32m"24"[39m
              [33mstroke[39m=[32m"currentColor"[39m
              [33mstroke-linecap[39m=[32m"round"[39m
              [33mstroke-linejoin[39m=[32m"round"[39m
              [33mstroke-width[39m=[32m"2"[39m
              [33mviewBox[39m=[32m"0 0 24 24"[39m
              [33mwidth[39m=[32m"24"[39m
              [33mxmlns[39m=[32m"http://www.w3.org/2000/svg"[39m
            [36m>[39m
              [36m<path[39m
                [33md[39m=[32m"M21 15v4a2 2 0 0 1-2 2H5a2 2 0 0 1-2-2v-4"[39m
              [36m/>[39m
              [36m<polyline[39m
                [33mpoints[39m=[32m"7 10 12 15 17 10"[39m
              [36m/>[39m
              [36m<line[39m
                [33mx1[39m=[32m"12"[39m
                [33mx2[39m=[32m"12"[39m
                [33my1[39m=[32m"15"[39m
                [33my2[39m=[32m"3"[39m
              [36m/>[39m
            [36m</svg>[39m
            [36m<span[39m
              [33mclass[39m=[32m"text-xs text-white/60"[39m
            [36m>[39m
              [0mInbound[0m
            [36m</span>[39m
          [36m</div>[39m
          [36m<p[39m
            [33mclass[39m=[32m"text-xl font-bold text-blue-400"[39m
          [36m>[39m
            [0m3[0m
          [36m</p>[39m
        [36m</div>[39m
        [36m<div[39m
          [33mclass[39m=[32m"p-3 bg-purple-500/10 border border-purple-500/20 rounded-lg"[39m
        [36m>[39m
          [36m<div[39m
            [33mclass[39m=[32m"flex items-center mb-1"[39m
          [36m>[39m
            [36m<svg[39m
              [33mclass[39m=[32m"w-4 h-4 text-purple-400 mr-2"[39m
              [33mfill[39m=[32m"none"[39m
              [33mheight[39m=[32m"24"[39m
              [33mstroke[39m=[32m"currentColor"[39m
              [33mstroke-linecap[39m=[32m"round"[39m
              [33mstroke-linejoin[39m=[32m"round"[39m
              [33mstroke-width[39m=[32m"2"[39m
              [33mviewBox[39m=[32m"0 0 24 24"[39m
              [33mwidth[39m=[32m"24"[39m
              [33mxmlns[39m=[32m"http://www.w3.org/2000/svg"[39m
            [36m>[39m
              [36m<path[39m
                [33md[39m=[32m"M21 15v4a2 2 0 0 1-2 2H5a2 2 0 0 1-2-2v-4"[39m
              [36m/>[39m
              [36m<polyline[39m
                [33mpoints[39m=[32m"17 8 12 3 7 8"[39m
              [36m/>[39m
              [36m<line[39m
                [33mx1[39m=[32m"12"[39m
                [33mx2[39m=[32m"12"[39m
                [33my1[39m=[32m"3"[39m
                [33my2[39m=[32m"15"[39m
              [36m/>[39m
            [36m</svg>[39m
            [36m<span[39m
              [33mclass[39m=[32m"text-xs text-white/60"[39m
            [36m>[39m
              [0mOutbound[0m
            [36m</span>[39m
          [36m</div>[39m
          [36m<p[39m
            [33mclass[39m=[32m"text-xl font-bold text-purple-400"[39m
          [36m>[39m
            [0m2[0m
          [36m</p>[39m
        [36m</div>[39m
        [36m<div[39m
          [33mclass[39m=[32m"p-3 bg-green-500/10 border border-green-500/20 rounded-lg"[39m
        [36m>[39m
          [36m<div[39m
            [33mclass[39m=[32m"flex items-center mb-1"[39m
          [36m>[39m
            [36m<svg[39m
              [33mclass[39m=[32m"w-4 h-4 text-green-400 mr-2"[39m
              [33mfill[39m=[32m"none"[39m
              [33mheight[39m=[32m"24"[39m
              [33mstroke[39m=[32m"currentColor"[39m
              [33mstroke-linecap[39m=[32m"round"[39m
              [33mstroke-linejoin[39m=[32m"round"[39m
              [33mstroke-width[39m=[32m"2"[39m
              [33mviewBox[39m=[32m"0 0 24 24"[39m
              [33mwidth[39m=[32m"24"[39m
              [33mxmlns[39m=[32m"http://www.w3.org/2000/svg"[39m
            [36m>[39m
              [36m<path[39m
                [33md[39m=[32m"M12 22c5.523 0 10-4.477 10-10S17.523 2 12 2 2 6.477 2 12s4.477 10 10 10z"[39m
              [36m/>[39m
              [36m<path[39m
                [33md[39m=[32m"m9 12 2 2 4-4"[39m
              [36m/>[39m
            [36m</svg>[39m
            [36m<span[39m
              [33mclass[39m=[32m"text-xs text-white/60"[39m
            [36m>[39m
              [0mSuccess[0m
            [36m</span>[39m
          [36m</div>[39m
          [36m<p[39m
            [33mclass[39m=[32m"text-xl font-bold text-green-400"[39m
          [36m>[39m
            [0m4[0m
          [36m</p>[39m
        [36m</div>[39m
        [36m<div[39m
          [33mclass[39m=[32m"p-3 bg-red-500/10 border border-red-500/20 rounded-lg"[39m
        [36m>[39m
          [36m<div[39m
            [33mclass[39m=[32m"flex items-center mb-1"[39m
          [36m>[39m
            [36m<svg[39m
              [33mclass[39m=[32m"w-4 h-4 text-red-400 mr-2"[39m
              [33mfill[39m=[32m"none"[39m
              [33mheight[39m=[32m"24"[39m
              [33mstroke[39m=[32m"currentColor"[39m
              [33mstroke-linecap[39m=[32m"round"[39m
              [33mstroke-linejoin[39m=[32m"round"[39m
              [33mstroke-width[39m=[32m"2"[39m
              [33mviewBox[39m=[32m"0 0 24 24"[39m
              [33mwidth[39m=[32m"24"[39m
              [33mxmlns[39m=[32m"http://www.w3.org/2000/svg"[39m
            [36m>[39m
              [36m<circle[39m
                [33mcx[39m=[32m"12"[39m
                [33mcy[39m=[32m"12"[39m
                [33mr[39m=[32m"10"[3...
 ❯ Object.getElementError node_modules/@testing-library/react/node_modules/@testing-library/dom/dist/config.js:37:19
 ❯ getElementError node_modules/@testing-library/react/node_modules/@testing-library/dom/dist/query-helpers.js:20:35
 ❯ getMultipleElementsFoundError node_modules/@testing-library/react/node_modules/@testing-library/dom/dist/query-helpers.js:23:10
 ❯ node_modules/@testing-library/react/node_modules/@testing-library/dom/dist/query-helpers.js:55:13
 ❯ node_modules/@testing-library/react/node_modules/@testing-library/dom/dist/query-helpers.js:95:19
 ❯ src/modules/ticketing/__tests__/components/QContactSync.test.tsx:305:21
    303| 
    304|       // Assert
    305|       expect(screen.getByText(/3/i)).toBeInTheDocument(); // Inbound c…
       |                     ^
    306|       expect(screen.getByText(/2/i)).toBeInTheDocument(); // Outbound …
    307|     });

⎯⎯⎯⎯⎯⎯⎯⎯⎯⎯⎯⎯⎯⎯⎯⎯⎯⎯⎯⎯⎯⎯[57/79]⎯

 FAIL  src/modules/ticketing/__tests__/components/QContactSync.test.tsx > SyncAuditLog Component > Log Entry Display > should display sync direction and type
TestingLibraryElementError: Found multiple elements with the text: /INBOUND/i

Here are the matching elements:

Ignored nodes: comments, script, style
[36m<span[39m
  [33mclass[39m=[32m"text-xs text-white/60"[39m
[36m>[39m
  [0mInbound[0m
[36m</span>[39m

Ignored nodes: comments, script, style
[36m<p[39m
  [33mclass[39m=[32m"text-sm font-medium text-white"[39m
[36m>[39m
  [0mINBOUND[0m
[36m</p>[39m

(If this is intentional, then use the `*AllBy*` variant of the query (like `queryAllByText`, `getAllByText`, or `findAllByText`)).

Ignored nodes: comments, script, style
[36m<body>[39m
  [36m<div>[39m
    [36m<div[39m
      [33mclass[39m=[32m"space-y-6"[39m
    [36m>[39m
      [36m<div[39m
        [33mclass[39m=[32m"flex items-center justify-between"[39m
      [36m>[39m
        [36m<div>[39m
          [36m<h3[39m
            [33mclass[39m=[32m"text-xl font-bold text-white mb-1"[39m
          [36m>[39m
            [0mSync Audit Log[0m
          [36m</h3>[39m
          [36m<p[39m
            [33mclass[39m=[32m"text-sm text-white/60"[39m
          [36m>[39m
            [0m2[0m
            [0m sync operation[0m
            [0ms[0m
            [0m | Success Rate:[0m
            [0m [0m
            [0m50[0m
            [0m%[0m
          [36m</p>[39m
        [36m</div>[39m
      [36m</div>[39m
      [36m<div[39m
        [33mclass[39m=[32m"grid grid-cols-2 md:grid-cols-4 gap-4"[39m
      [36m>[39m
        [36m<div[39m
          [33mclass[39m=[32m"p-3 bg-blue-500/10 border border-blue-500/20 rounded-lg"[39m
        [36m>[39m
          [36m<div[39m
            [33mclass[39m=[32m"flex items-center mb-1"[39m
          [36m>[39m
            [36m<svg[39m
              [33mclass[39m=[32m"w-4 h-4 text-blue-400 mr-2"[39m
              [33mfill[39m=[32m"none"[39m
              [33mheight[39m=[32m"24"[39m
              [33mstroke[39m=[32m"currentColor"[39m
              [33mstroke-linecap[39m=[32m"round"[39m
              [33mstroke-linejoin[39m=[32m"round"[39m
              [33mstroke-width[39m=[32m"2"[39m
              [33mviewBox[39m=[32m"0 0 24 24"[39m
              [33mwidth[39m=[32m"24"[39m
              [33mxmlns[39m=[32m"http://www.w3.org/2000/svg"[39m
            [36m>[39m
              [36m<path[39m
                [33md[39m=[32m"M21 15v4a2 2 0 0 1-2 2H5a2 2 0 0 1-2-2v-4"[39m
              [36m/>[39m
              [36m<polyline[39m
                [33mpoints[39m=[32m"7 10 12 15 17 10"[39m
              [36m/>[39m
              [36m<line[39m
                [33mx1[39m=[32m"12"[39m
                [33mx2[39m=[32m"12"[39m
                [33my1[39m=[32m"15"[39m
                [33my2[39m=[32m"3"[39m
              [36m/>[39m
            [36m</svg>[39m
            [36m<span[39m
              [33mclass[39m=[32m"text-xs text-white/60"[39m
            [36m>[39m
              [0mInbound[0m
            [36m</span>[39m
          [36m</div>[39m
          [36m<p[39m
            [33mclass[39m=[32m"text-xl font-bold text-blue-400"[39m
          [36m>[39m
            [0m1[0m
          [36m</p>[39m
        [36m</div>[39m
        [36m<div[39m
          [33mclass[39m=[32m"p-3 bg-purple-500/10 border border-purple-500/20 rounded-lg"[39m
        [36m>[39m
          [36m<div[39m
            [33mclass[39m=[32m"flex items-center mb-1"[39m
          [36m>[39m
            [36m<svg[39m
              [33mclass[39m=[32m"w-4 h-4 text-purple-400 mr-2"[39m
              [33mfill[39m=[32m"none"[39m
              [33mheight[39m=[32m"24"[39m
              [33mstroke[39m=[32m"currentColor"[39m
              [33mstroke-linecap[39m=[32m"round"[39m
              [33mstroke-linejoin[39m=[32m"round"[39m
              [33mstroke-width[39m=[32m"2"[39m
              [33mviewBox[39m=[32m"0 0 24 24"[39m
              [33mwidth[39m=[32m"24"[39m
              [33mxmlns[39m=[32m"http://www.w3.org/2000/svg"[39m
            [36m>[39m
              [36m<path[39m
                [33md[39m=[32m"M21 15v4a2 2 0 0 1-2 2H5a2 2 0 0 1-2-2v-4"[39m
              [36m/>[39m
              [36m<polyline[39m
                [33mpoints[39m=[32m"17 8 12 3 7 8"[39m
              [36m/>[39m
              [36m<line[39m
                [33mx1[39m=[32m"12"[39m
                [33mx2[39m=[32m"12"[39m
                [33my1[39m=[32m"3"[39m
                [33my2[39m=[32m"15"[39m
              [36m/>[39m
            [36m</svg>[39m
            [36m<span[39m
              [33mclass[39m=[32m"text-xs text-white/60"[39m
            [36m>[39m
              [0mOutbound[0m
            [36m</span>[39m
          [36m</div>[39m
          [36m<p[39m
            [33mclass[39m=[32m"text-xl font-bold text-purple-400"[39m
          [36m>[39m
            [0m1[0m
          [36m</p>[39m
        [36m</div>[39m
        [36m<div[39m
          [33mclass[39m=[32m"p-3 bg-green-500/10 border border-green-500/20 rounded-lg"[39m
        [36m>[39m
          [36m<div[39m
            [33mclass[39m=[32m"flex items-center mb-1"[39m
          [36m>[39m
            [36m<svg[39m
              [33mclass[39m=[32m"w-4 h-4 text-green-400 mr-2"[39m
              [33mfill[39m=[32m"none"[39m
              [33mheight[39m=[32m"24"[39m
              [33mstroke[39m=[32m"currentColor"[39m
              [33mstroke-linecap[39m=[32m"round"[39m
              [33mstroke-linejoin[39m=[32m"round"[39m
              [33mstroke-width[39m=[32m"2"[39m
              [33mviewBox[39m=[32m"0 0 24 24"[39m
              [33mwidth[39m=[32m"24"[39m
              [33mxmlns[39m=[32m"http://www.w3.org/2000/svg"[39m
            [36m>[39m
              [36m<path[39m
                [33md[39m=[32m"M12 22c5.523 0 10-4.477 10-10S17.523 2 12 2 2 6.477 2 12s4.477 10 10 10z"[39m
              [36m/>[39m
              [36m<path[39m
                [33md[39m=[32m"m9 12 2 2 4-4"[39m
              [36m/>[39m
            [36m</svg>[39m
            [36m<span[39m
              [33mclass[39m=[32m"text-xs text-white/60"[39m
            [36m>[39m
              [0mSuccess[0m
            [36m</span>[39m
          [36m</div>[39m
          [36m<p[39m
            [33mclass[39m=[32m"text-xl font-bold text-green-400"[39m
          [36m>[39m
            [0m1[0m
          [36m</p>[39m
        [36m</div>[39m
        [36m<div[39m
          [33mclass[39m=[32m"p-3 bg-red-500/10 border border-red-500/20 rounded-lg"[39m
        [36m>[39m
          [36m<div[39m
            [33mclass[39m=[32m"flex items-center mb-1"[39m
          [36m>[39m
            [36m<svg[39m
              [33mclass[39m=[32m"w-4 h-4 text-red-400 mr-2"[39m
              [33mfill[39m=[32m"none"[39m
              [33mheight[39m=[32m"24"[39m
              [33mstroke[39m=[32m"currentColor"[39m
              [33mstroke-linecap[39m=[32m"round"[39m
              [33mstroke-linejoin[39m=[32m"round"[39m
              [33mstroke-width[39m=[32m"2"[39m
              [33mviewBox[39m=[32m"0 0 24 24"[39m
              [33mwidth[39m=[32m"24"[39m
              [33mxmlns[39m=[32m"http://www.w3.org/2000/svg"[39m
            [36m>[39m
              [36m<circle[39m
                [33mcx[39m=[32m"12"[39m
                [33mcy[39m=[32m"12"[39m
                [33mr[39m=[32m"10"[3...
 ❯ Object.getElementError node_modules/@testing-library/react/node_modules/@testing-library/dom/dist/config.js:37:19
 ❯ getElementError node_modules/@testing-library/react/node_modules/@testing-library/dom/dist/query-helpers.js:20:35
 ❯ getMultipleElementsFoundError node_modules/@testing-library/react/node_modules/@testing-library/dom/dist/query-helpers.js:23:10
 ❯ node_modules/@testing-library/react/node_modules/@testing-library/dom/dist/query-helpers.js:55:13
 ❯ node_modules/@testing-library/react/node_modules/@testing-library/dom/dist/query-helpers.js:95:19
 ❯ src/modules/ticketing/__tests__/components/QContactSync.test.tsx:347:21
    345| 
    346|       // Assert
    347|       expect(screen.getByText(/INBOUND/i)).toBeInTheDocument();
       |                     ^
    348|       expect(screen.getByText(/OUTBOUND/i)).toBeInTheDocument();
    349|       expect(screen.getAllByText(/Status Update/i).length).toBeGreater…

⎯⎯⎯⎯⎯⎯⎯⎯⎯⎯⎯⎯⎯⎯⎯⎯⎯⎯⎯⎯⎯⎯[58/79]⎯

 FAIL  src/modules/ticketing/__tests__/components/QContactSync.test.tsx > SyncAuditLog Component > Log Entry Display > should display sync status
TestingLibraryElementError: Found multiple elements with the text: /FAILED/i

Here are the matching elements:

Ignored nodes: comments, script, style
[36m<span[39m
  [33mclass[39m=[32m"text-xs text-white/60"[39m
[36m>[39m
  [0mFailed[0m
[36m</span>[39m

Ignored nodes: comments, script, style
[36m<span[39m
  [33mclass[39m=[32m"text-sm font-semibold text-red-400"[39m
[36m>[39m
  [0mFAILED[0m
[36m</span>[39m

(If this is intentional, then use the `*AllBy*` variant of the query (like `queryAllByText`, `getAllByText`, or `findAllByText`)).

Ignored nodes: comments, script, style
[36m<body>[39m
  [36m<div>[39m
    [36m<div[39m
      [33mclass[39m=[32m"space-y-6"[39m
    [36m>[39m
      [36m<div[39m
        [33mclass[39m=[32m"flex items-center justify-between"[39m
      [36m>[39m
        [36m<div>[39m
          [36m<h3[39m
            [33mclass[39m=[32m"text-xl font-bold text-white mb-1"[39m
          [36m>[39m
            [0mSync Audit Log[0m
          [36m</h3>[39m
          [36m<p[39m
            [33mclass[39m=[32m"text-sm text-white/60"[39m
          [36m>[39m
            [0m2[0m
            [0m sync operation[0m
            [0ms[0m
            [0m | Success Rate:[0m
            [0m [0m
            [0m50[0m
            [0m%[0m
          [36m</p>[39m
        [36m</div>[39m
      [36m</div>[39m
      [36m<div[39m
        [33mclass[39m=[32m"grid grid-cols-2 md:grid-cols-4 gap-4"[39m
      [36m>[39m
        [36m<div[39m
          [33mclass[39m=[32m"p-3 bg-blue-500/10 border border-blue-500/20 rounded-lg"[39m
        [36m>[39m
          [36m<div[39m
            [33mclass[39m=[32m"flex items-center mb-1"[39m
          [36m>[39m
            [36m<svg[39m
              [33mclass[39m=[32m"w-4 h-4 text-blue-400 mr-2"[39m
              [33mfill[39m=[32m"none"[39m
              [33mheight[39m=[32m"24"[39m
              [33mstroke[39m=[32m"currentColor"[39m
              [33mstroke-linecap[39m=[32m"round"[39m
              [33mstroke-linejoin[39m=[32m"round"[39m
              [33mstroke-width[39m=[32m"2"[39m
              [33mviewBox[39m=[32m"0 0 24 24"[39m
              [33mwidth[39m=[32m"24"[39m
              [33mxmlns[39m=[32m"http://www.w3.org/2000/svg"[39m
            [36m>[39m
              [36m<path[39m
                [33md[39m=[32m"M21 15v4a2 2 0 0 1-2 2H5a2 2 0 0 1-2-2v-4"[39m
              [36m/>[39m
              [36m<polyline[39m
                [33mpoints[39m=[32m"7 10 12 15 17 10"[39m
              [36m/>[39m
              [36m<line[39m
                [33mx1[39m=[32m"12"[39m
                [33mx2[39m=[32m"12"[39m
                [33my1[39m=[32m"15"[39m
                [33my2[39m=[32m"3"[39m
              [36m/>[39m
            [36m</svg>[39m
            [36m<span[39m
              [33mclass[39m=[32m"text-xs text-white/60"[39m
            [36m>[39m
              [0mInbound[0m
            [36m</span>[39m
          [36m</div>[39m
          [36m<p[39m
            [33mclass[39m=[32m"text-xl font-bold text-blue-400"[39m
          [36m>[39m
            [0m1[0m
          [36m</p>[39m
        [36m</div>[39m
        [36m<div[39m
          [33mclass[39m=[32m"p-3 bg-purple-500/10 border border-purple-500/20 rounded-lg"[39m
        [36m>[39m
          [36m<div[39m
            [33mclass[39m=[32m"flex items-center mb-1"[39m
          [36m>[39m
            [36m<svg[39m
              [33mclass[39m=[32m"w-4 h-4 text-purple-400 mr-2"[39m
              [33mfill[39m=[32m"none"[39m
              [33mheight[39m=[32m"24"[39m
              [33mstroke[39m=[32m"currentColor"[39m
              [33mstroke-linecap[39m=[32m"round"[39m
              [33mstroke-linejoin[39m=[32m"round"[39m
              [33mstroke-width[39m=[32m"2"[39m
              [33mviewBox[39m=[32m"0 0 24 24"[39m
              [33mwidth[39m=[32m"24"[39m
              [33mxmlns[39m=[32m"http://www.w3.org/2000/svg"[39m
            [36m>[39m
              [36m<path[39m
                [33md[39m=[32m"M21 15v4a2 2 0 0 1-2 2H5a2 2 0 0 1-2-2v-4"[39m
              [36m/>[39m
              [36m<polyline[39m
                [33mpoints[39m=[32m"17 8 12 3 7 8"[39m
              [36m/>[39m
              [36m<line[39m
                [33mx1[39m=[32m"12"[39m
                [33mx2[39m=[32m"12"[39m
                [33my1[39m=[32m"3"[39m
                [33my2[39m=[32m"15"[39m
              [36m/>[39m
            [36m</svg>[39m
            [36m<span[39m
              [33mclass[39m=[32m"text-xs text-white/60"[39m
            [36m>[39m
              [0mOutbound[0m
            [36m</span>[39m
          [36m</div>[39m
          [36m<p[39m
            [33mclass[39m=[32m"text-xl font-bold text-purple-400"[39m
          [36m>[39m
            [0m1[0m
          [36m</p>[39m
        [36m</div>[39m
        [36m<div[39m
          [33mclass[39m=[32m"p-3 bg-green-500/10 border border-green-500/20 rounded-lg"[39m
        [36m>[39m
          [36m<div[39m
            [33mclass[39m=[32m"flex items-center mb-1"[39m
          [36m>[39m
            [36m<svg[39m
              [33mclass[39m=[32m"w-4 h-4 text-green-400 mr-2"[39m
              [33mfill[39m=[32m"none"[39m
              [33mheight[39m=[32m"24"[39m
              [33mstroke[39m=[32m"currentColor"[39m
              [33mstroke-linecap[39m=[32m"round"[39m
              [33mstroke-linejoin[39m=[32m"round"[39m
              [33mstroke-width[39m=[32m"2"[39m
              [33mviewBox[39m=[32m"0 0 24 24"[39m
              [33mwidth[39m=[32m"24"[39m
              [33mxmlns[39m=[32m"http://www.w3.org/2000/svg"[39m
            [36m>[39m
              [36m<path[39m
                [33md[39m=[32m"M12 22c5.523 0 10-4.477 10-10S17.523 2 12 2 2 6.477 2 12s4.477 10 10 10z"[39m
              [36m/>[39m
              [36m<path[39m
                [33md[39m=[32m"m9 12 2 2 4-4"[39m
              [36m/>[39m
            [36m</svg>[39m
            [36m<span[39m
              [33mclass[39m=[32m"text-xs text-white/60"[39m
            [36m>[39m
              [0mSuccess[0m
            [36m</span>[39m
          [36m</div>[39m
          [36m<p[39m
            [33mclass[39m=[32m"text-xl font-bold text-green-400"[39m
          [36m>[39m
            [0m1[0m
          [36m</p>[39m
        [36m</div>[39m
        [36m<div[39m
          [33mclass[39m=[32m"p-3 bg-red-500/10 border border-red-500/20 rounded-lg"[39m
        [36m>[39m
          [36m<div[39m
            [33mclass[39m=[32m"flex items-center mb-1"[39m
          [36m>[39m
            [36m<svg[39m
              [33mclass[39m=[32m"w-4 h-4 text-red-400 mr-2"[39m
              [33mfill[39m=[32m"none"[39m
              [33mheight[39m=[32m"24"[39m
              [33mstroke[39m=[32m"currentColor"[39m
              [33mstroke-linecap[39m=[32m"round"[39m
              [33mstroke-linejoin[39m=[32m"round"[39m
              [33mstroke-width[39m=[32m"2"[39m
              [33mviewBox[39m=[32m"0 0 24 24"[39m
              [33mwidth[39m=[32m"24"[39m
              [33mxmlns[39m=[32m"http://www.w3.org/2000/svg"[39m
            [36m>[39m
              [36m<circle[39m
                [33mcx[39m=[32m"12"[39m
                [33mcy[39m=[32m"12"[39m
                [33mr[39m=[32m"10"[3...
 ❯ Object.getElementError node_modules/@testing-library/react/node_modules/@testing-library/dom/dist/config.js:37:19
 ❯ getElementError node_modules/@testing-library/react/node_modules/@testing-library/dom/dist/query-helpers.js:20:35
 ❯ getMultipleElementsFoundError node_modules/@testing-library/react/node_modules/@testing-library/dom/dist/query-helpers.js:23:10
 ❯ node_modules/@testing-library/react/node_modules/@testing-library/dom/dist/query-helpers.js:55:13
 ❯ node_modules/@testing-library/react/node_modules/@testing-library/dom/dist/query-helpers.js:95:19
 ❯ src/modules/ticketing/__tests__/components/QContactSync.test.tsx:360:21
    358| 
    359|       // Assert
    360|       expect(screen.getByText(/FAILED/i)).toBeInTheDocument();
       |                     ^
    361|       expect(screen.getByText(/SUCCESS/i)).toBeInTheDocument();
    362|     });

⎯⎯⎯⎯⎯⎯⎯⎯⎯⎯⎯⎯⎯⎯⎯⎯⎯⎯⎯⎯⎯⎯[59/79]⎯

 FAIL  src/modules/ticketing/__tests__/components/QContactSync.test.tsx > SyncAuditLog Component > Filtering > should call onFilterChange when filters applied
TestingLibraryElementError: Found a label with the text of: /Direction/i, however no form control was found associated to that label. Make sure you're using the "for" attribute or "aria-labelledby" attribute correctly.

Ignored nodes: comments, script, style
[36m<body>[39m
  [36m<div>[39m
    [36m<div[39m
      [33mclass[39m=[32m"space-y-6"[39m
    [36m>[39m
      [36m<div[39m
        [33mclass[39m=[32m"flex items-center justify-between"[39m
      [36m>[39m
        [36m<div>[39m
          [36m<h3[39m
            [33mclass[39m=[32m"text-xl font-bold text-white mb-1"[39m
          [36m>[39m
            [0mSync Audit Log[0m
          [36m</h3>[39m
          [36m<p[39m
            [33mclass[39m=[32m"text-sm text-white/60"[39m
          [36m>[39m
            [0m5[0m
            [0m sync operation[0m
            [0ms[0m
            [0m | Success Rate:[0m
            [0m [0m
            [0m80[0m
            [0m%[0m
          [36m</p>[39m
        [36m</div>[39m
      [36m</div>[39m
      [36m<div[39m
        [33mclass[39m=[32m"grid grid-cols-2 md:grid-cols-4 gap-4"[39m
      [36m>[39m
        [36m<div[39m
          [33mclass[39m=[32m"p-3 bg-blue-500/10 border border-blue-500/20 rounded-lg"[39m
        [36m>[39m
          [36m<div[39m
            [33mclass[39m=[32m"flex items-center mb-1"[39m
          [36m>[39m
            [36m<svg[39m
              [33mclass[39m=[32m"w-4 h-4 text-blue-400 mr-2"[39m
              [33mfill[39m=[32m"none"[39m
              [33mheight[39m=[32m"24"[39m
              [33mstroke[39m=[32m"currentColor"[39m
              [33mstroke-linecap[39m=[32m"round"[39m
              [33mstroke-linejoin[39m=[32m"round"[39m
              [33mstroke-width[39m=[32m"2"[39m
              [33mviewBox[39m=[32m"0 0 24 24"[39m
              [33mwidth[39m=[32m"24"[39m
              [33mxmlns[39m=[32m"http://www.w3.org/2000/svg"[39m
            [36m>[39m
              [36m<path[39m
                [33md[39m=[32m"M21 15v4a2 2 0 0 1-2 2H5a2 2 0 0 1-2-2v-4"[39m
              [36m/>[39m
              [36m<polyline[39m
                [33mpoints[39m=[32m"7 10 12 15 17 10"[39m
              [36m/>[39m
              [36m<line[39m
                [33mx1[39m=[32m"12"[39m
                [33mx2[39m=[32m"12"[39m
                [33my1[39m=[32m"15"[39m
                [33my2[39m=[32m"3"[39m
              [36m/>[39m
            [36m</svg>[39m
            [36m<span[39m
              [33mclass[39m=[32m"text-xs text-white/60"[39m
            [36m>[39m
              [0mInbound[0m
            [36m</span>[39m
          [36m</div>[39m
          [36m<p[39m
            [33mclass[39m=[32m"text-xl font-bold text-blue-400"[39m
          [36m>[39m
            [0m3[0m
          [36m</p>[39m
        [36m</div>[39m
        [36m<div[39m
          [33mclass[39m=[32m"p-3 bg-purple-500/10 border border-purple-500/20 rounded-lg"[39m
        [36m>[39m
          [36m<div[39m
            [33mclass[39m=[32m"flex items-center mb-1"[39m
          [36m>[39m
            [36m<svg[39m
              [33mclass[39m=[32m"w-4 h-4 text-purple-400 mr-2"[39m
              [33mfill[39m=[32m"none"[39m
              [33mheight[39m=[32m"24"[39m
              [33mstroke[39m=[32m"currentColor"[39m
              [33mstroke-linecap[39m=[32m"round"[39m
              [33mstroke-linejoin[39m=[32m"round"[39m
              [33mstroke-width[39m=[32m"2"[39m
              [33mviewBox[39m=[32m"0 0 24 24"[39m
              [33mwidth[39m=[32m"24"[39m
              [33mxmlns[39m=[32m"http://www.w3.org/2000/svg"[39m
            [36m>[39m
              [36m<path[39m
                [33md[39m=[32m"M21 15v4a2 2 0 0 1-2 2H5a2 2 0 0 1-2-2v-4"[39m
              [36m/>[39m
              [36m<polyline[39m
                [33mpoints[39m=[32m"17 8 12 3 7 8"[39m
              [36m/>[39m
              [36m<line[39m
                [33mx1[39m=[32m"12"[39m
                [33mx2[39m=[32m"12"[39m
                [33my1[39m=[32m"3"[39m
                [33my2[39m=[32m"15"[39m
              [36m/>[39m
            [36m</svg>[39m
            [36m<span[39m
              [33mclass[39m=[32m"text-xs text-white/60"[39m
            [36m>[39m
              [0mOutbound[0m
            [36m</span>[39m
          [36m</div>[39m
          [36m<p[39m
            [33mclass[39m=[32m"text-xl font-bold text-purple-400"[39m
          [36m>[39m
            [0m2[0m
          [36m</p>[39m
        [36m</div>[39m
        [36m<div[39m
          [33mclass[39m=[32m"p-3 bg-green-500/10 border border-green-500/20 rounded-lg"[39m
        [36m>[39m
          [36m<div[39m
            [33mclass[39m=[32m"flex items-center mb-1"[39m
          [36m>[39m
            [36m<svg[39m
              [33mclass[39m=[32m"w-4 h-4 text-green-400 mr-2"[39m
              [33mfill[39m=[32m"none"[39m
              [33mheight[39m=[32m"24"[39m
              [33mstroke[39m=[32m"currentColor"[39m
              [33mstroke-linecap[39m=[32m"round"[39m
              [33mstroke-linejoin[39m=[32m"round"[39m
              [33mstroke-width[39m=[32m"2"[39m
              [33mviewBox[39m=[32m"0 0 24 24"[39m
              [33mwidth[39m=[32m"24"[39m
              [33mxmlns[39m=[32m"http://www.w3.org/2000/svg"[39m
            [36m>[39m
              [36m<path[39m
                [33md[39m=[32m"M12 22c5.523 0 10-4.477 10-10S17.523 2 12 2 2 6.477 2 12s4.477 10 10 10z"[39m
              [36m/>[39m
              [36m<path[39m
                [33md[39m=[32m"m9 12 2 2 4-4"[39m
              [36m/>[39m
            [36m</svg>[39m
            [36m<span[39m
              [33mclass[39m=[32m"text-xs text-white/60"[39m
            [36m>[39m
              [0mSuccess[0m
            [36m</span>[39m
          [36m</div>[39m
          [36m<p[39m
            [33mclass[39m=[32m"text-xl font-bold text-green-400"[39m
          [36m>[39m
            [0m4[0m
          [36m</p>[39m
        [36m</div>[39m
        [36m<div[39m
          [33mclass[39m=[32m"p-3 bg-red-500/10 border border-red-500/20 rounded-lg"[39m
        [36m>[39m
          [36m<div[39m
            [33mclass[39m=[32m"flex items-center mb-1"[39m
          [36m>[39m
            [36m<svg[39m
              [33mclass[39m=[32m"w-4 h-4 text-red-400 mr-2"[39m
              [33mfill[39m=[32m"none"[39m
              [33mheight[39m=[32m"24"[39m
              [33mstroke[39m=[32m"currentColor"[39m
              [33mstroke-linecap[39m=[32m"round"[39m
              [33mstroke-linejoin[39m=[32m"round"[39m
              [33mstroke-width[39m=[32m"2"[39m
              [33mviewBox[39m=[32m"0 0 24 24"[39m
              [33mwidth[39m=[32m"24"[39m
              [33mxmlns[39m=[32m"http://www.w3.org/2000/svg"[39m
            [36m>[39m
              [36m<circle[39m
                [33mcx[39m=[32m"12"[39m
                [33mcy[39m=[32m"12"[39m
                [33mr[39m=[32m"10"[3...
 ❯ Object.getElementError node_modules/@testing-library/react/node_modules/@testing-library/dom/dist/config.js:37:19
 ❯ getAllByLabelText node_modules/@testing-library/react/node_modules/@testing-library/dom/dist/queries/label-text.js:100:40
 ❯ node_modules/@testing-library/react/node_modules/@testing-library/dom/dist/query-helpers.js:52:17
 ❯ node_modules/@testing-library/react/node_modules/@testing-library/dom/dist/query-helpers.js:95:19
 ❯ src/modules/ticketing/__tests__/components/QContactSync.test.tsx:401:38
    399| 
    400|       // Change direction filter
    401|       const directionSelect = screen.getByLabelText(/Direction/i);
       |                                      ^
    402|       fireEvent.change(directionSelect, { target: { value: 'inbound' }…
    403| 

⎯⎯⎯⎯⎯⎯⎯⎯⎯⎯⎯⎯⎯⎯⎯⎯⎯⎯⎯⎯⎯⎯[60/79]⎯

 FAIL  src/modules/ticketing/__tests__/components/QContactSync.test.tsx > SyncAuditLog Component > Pagination > should disable previous button on first page
TestingLibraryElementError: Unable to find an accessible element with the role "button" and name `/Previous/i`

Here are the accessible roles:

  heading:

  Name "Sync Audit Log":
  [36m<h3[39m
    [33mclass[39m=[32m"text-xl font-bold text-white mb-1"[39m
  [36m/>[39m

  --------------------------------------------------
  button:

  Name "INBOUND Status Update FAILED FF Ticket: ticket-1... QContact ID: qc-1 Jan 15, 2024, 12:00:00 PM":
  [36m<button[39m
    [33mclass[39m=[32m"w-full p-4 flex items-center justify-between text-left"[39m
  [36m/>[39m

  Name "OUTBOUND Status Update SUCCESS FF Ticket: ticket-2... QContact ID: qc-2 Jan 15, 2024, 01:00:00 PM":
  [36m<button[39m
    [33mclass[39m=[32m"w-full p-4 flex items-center justify-between text-left"[39m
  [36m/>[39m

  Name "INBOUND Status Update SUCCESS FF Ticket: ticket-3... QContact ID: qc-3 Jan 15, 2024, 02:00:00 PM":
  [36m<button[39m
    [33mclass[39m=[32m"w-full p-4 flex items-center justify-between text-left"[39m
  [36m/>[39m

  Name "OUTBOUND Status Update SUCCESS FF Ticket: ticket-4... QContact ID: qc-4 Jan 15, 2024, 03:00:00 PM":
  [36m<button[39m
    [33mclass[39m=[32m"w-full p-4 flex items-center justify-between text-left"[39m
  [36m/>[39m

  Name "INBOUND Status Update SUCCESS FF Ticket: ticket-5... QContact ID: qc-5 Jan 15, 2024, 04:00:00 PM":
  [36m<button[39m
    [33mclass[39m=[32m"w-full p-4 flex items-center justify-between text-left"[39m
  [36m/>[39m

  Name "OUTBOUND Status Update SUCCESS FF Ticket: ticket-6... QContact ID: qc-6 Jan 15, 2024, 05:00:00 PM":
  [36m<button[39m
    [33mclass[39m=[32m"w-full p-4 flex items-center justify-between text-left"[39m
  [36m/>[39m

  Name "INBOUND Status Update SUCCESS FF Ticket: ticket-7... QContact ID: qc-7 Jan 15, 2024, 06:00:00 PM":
  [36m<button[39m
    [33mclass[39m=[32m"w-full p-4 flex items-center justify-between text-left"[39m
  [36m/>[39m

  Name "OUTBOUND Status Update SUCCESS FF Ticket: ticket-8... QContact ID: qc-8 Jan 15, 2024, 07:00:00 PM":
  [36m<button[39m
    [33mclass[39m=[32m"w-full p-4 flex items-center justify-between text-left"[39m
  [36m/>[39m

  Name "INBOUND Status Update SUCCESS FF Ticket: ticket-9... QContact ID: qc-9 Jan 15, 2024, 08:00:00 PM":
  [36m<button[39m
    [33mclass[39m=[32m"w-full p-4 flex items-center justify-between text-left"[39m
  [36m/>[39m

  Name "OUTBOUND Status Update SUCCESS FF Ticket: ticket-1... QContact ID: qc-10 Jan 15, 2024, 09:00:00 PM":
  [36m<button[39m
    [33mclass[39m=[32m"w-full p-4 flex items-center justify-between text-left"[39m
  [36m/>[39m

  Name "INBOUND Status Update SUCCESS FF Ticket: ticket-1... QContact ID: qc-11 Jan 15, 2024, 10:00:00 PM":
  [36m<button[39m
    [33mclass[39m=[32m"w-full p-4 flex items-center justify-between text-left"[39m
  [36m/>[39m

  Name "OUTBOUND Status Update SUCCESS FF Ticket: ticket-1... QContact ID: qc-12 Jan 15, 2024, 11:00:00 PM":
  [36m<button[39m
    [33mclass[39m=[32m"w-full p-4 flex items-center justify-between text-left"[39m
  [36m/>[39m

  Name "INBOUND Status Update SUCCESS FF Ticket: ticket-1... QContact ID: qc-13 Jan 16, 2024, 12:00:00 AM":
  [36m<button[39m
    [33mclass[39m=[32m"w-full p-4 flex items-center justify-between text-left"[39m
  [36m/>[39m

  Name "OUTBOUND Status Update SUCCESS FF Ticket: ticket-1... QContact ID: qc-14 Jan 16, 2024, 01:00:00 AM":
  [36m<button[39m
    [33mclass[39m=[32m"w-full p-4 flex items-center justify-between text-left"[39m
  [36m/>[39m

  Name "INBOUND Status Update SUCCESS FF Ticket: ticket-1... QContact ID: qc-15 Jan 16, 2024, 02:00:00 AM":
  [36m<button[39m
    [33mclass[39m=[32m"w-full p-4 flex items-center justify-between text-left"[39m
  [36m/>[39m

  Name "OUTBOUND Status Update SUCCESS FF Ticket: ticket-1... QContact ID: qc-16 Invalid Date":
  [36m<button[39m
    [33mclass[39m=[32m"w-full p-4 flex items-center justify-between text-left"[39m
  [36m/>[39m

  Name "INBOUND Status Update SUCCESS FF Ticket: ticket-1... QContact ID: qc-17 Invalid Date":
  [36m<button[39m
    [33mclass[39m=[32m"w-full p-4 flex items-center justify-between text-left"[39m
  [36m/>[39m

  Name "OUTBOUND Status Update SUCCESS FF Ticket: ticket-1... QContact ID: qc-18 Invalid Date":
  [36m<button[39m
    [33mclass[39m=[32m"w-full p-4 flex items-center justify-between text-left"[39m
  [36m/>[39m

  Name "INBOUND Status Update SUCCESS FF Ticket: ticket-1... QContact ID: qc-19 Invalid Date":
  [36m<button[39m
    [33mclass[39m=[32m"w-full p-4 flex items-center justify-between text-left"[39m
  [36m/>[39m

  Name "OUTBOUND Status Update SUCCESS FF Ticket: ticket-2... QContact ID: qc-20 Invalid Date":
  [36m<button[39m
    [33mclass[39m=[32m"w-full p-4 flex items-center justify-between text-left"[39m
  [36m/>[39m

  Name "INBOUND Status Update SUCCESS FF Ticket: ticket-2... QContact ID: qc-21 Invalid Date":
  [36m<button[39m
    [33mclass[39m=[32m"w-full p-4 flex items-center justify-between text-left"[39m
  [36m/>[39m

  Name "OUTBOUND Status Update SUCCESS FF Ticket: ticket-2... QContact ID: qc-22 Invalid Date":
  [36m<button[39m
    [33mclass[39m=[32m"w-full p-4 flex items-center justify-between text-left"[39m
  [36m/>[39m

  Name "INBOUND Status Update SUCCESS FF Ticket: ticket-2... QContact ID: qc-23 Invalid Date":
  [36m<button[39m
    [33mclass[39m=[32m"w-full p-4 flex items-center justify-between text-left"[39m
  [36m/>[39m

  Name "OUTBOUND Status Update SUCCESS FF Ticket: ticket-2... QContact ID: qc-24 Invalid Date":
  [36m<button[39m
    [33mclass[39m=[32m"w-full p-4 flex items-center justify-between text-left"[39m
  [36m/>[39m

  Name "INBOUND Status Update SUCCESS FF Ticket: ticket-2... QContact ID: qc-25 Invalid Date":
  [36m<button[39m
    [33mclass[39m=[32m"w-full p-4 flex items-center justify-between text-left"[39m
  [36m/>[39m

  Name "OUTBOUND Status Update SUCCESS FF Ticket: ticket-2... QContact ID: qc-26 Invalid Date":
  [36m<button[39m
    [33mclass[39m=[32m"w-full p-4 flex items-center justify-between text-left"[39m
  [36m/>[39m

  Name "INBOUND Status Update SUCCESS FF Ticket: ticket-2... QContact ID: qc-27 Invalid Date":
  [36m<button[39m
    [33mclass[39m=[32m"w-full p-4 flex items-center justify-between text-left"[39m
  [36m/>[39m

  Name "OUTBOUND Status Update SUCCESS FF Ticket: ticket-2... QContact ID: qc-28 Invalid Date":
  [36m<button[39m
    [33mclass[39m=[32m"w-full p-4 flex items-center justify-between text-left"[39m
  [36m/>[39m

  Name "INBOUND Status Update SUCCESS FF Ticket: ticket-2... QContact ID: qc-29 Invalid Date":
  [36m<button[39m
    [33mclass[39m=[32m"w-full p-4 flex items-center justify-between text-left"[39m
  [36m/>[39m

  Name "OUTBOUND Status Update SUCCESS FF Ticket: ticket-3... QContact ID: qc-30 Invalid Date":
  [36m<button[39m
    [33mclass[39m=[32m"w-full p-4 flex items-center justify-between text-left"[39m
  [36m/>[39m

  Name "INBOUND Status Update SUCCESS FF Ticket: ticket-3... QContact ID: qc-31 Invalid Date":
  [36m<button[39m
    [33mclass[39m=[32m"w-full p-4 flex items-center justify-between text-left"[39m
  [36m/>[39m

  Name "OUTBOUND Status Update SUCCESS FF Ticket: ticket-3... QContact ID: qc-32 Invalid Date":
  [36m<button[39m
    [33mclass[39m=[32m"w-full p-4 flex items-center justify-between text-left"[39m
  [36m/>[39m

  Name "INBOUND Status Update SUCCESS FF Ticket: ticket-3... QContact ID: qc-33 Invalid Date":
  [36m<button[39m
    [33mclass[39m=[32m"w-full p-4 flex items-center justify-between text-left"[39m
  [36m/>[39m

  Name "OUTBOUND Status Update SUCCESS FF Ticket: ticket-3... QContact ID: qc-34 Invalid Date":
  [36m<button[39m
    [33mclass[39m=[32m"w-full p-4 flex items-center justify-between text-left"[39m
  [36m/>[39m

  Name "INBOUND Status Update SUCCESS FF Ticket: ticket-3... QContact ID: qc-35 Invalid Date":
  [36m<button[39m
    [33mclass[39m=[32m"w-full p-4 flex items-center justify-between text-left"[39m
  [36m/>[39m

  Name "OUTBOUND Status Update SUCCESS FF Ticket: ticket-3... QContact ID: qc-36 Invalid Date":
  [36m<button[39m
    [33mclass[39m=[32m"w-full p-4 flex items-center justify-between text-left"[39m
  [36m/>[39m

  Name "INBOUND Status Update SUCCESS FF Ticket: ticket-3... QContact ID: qc-37 Invalid Date":
  [36m<button[39m
    [33mclass[39m=[32m"w-full p-4 flex items-center justify-between text-left"[39m
  [36m/>[39m

  Name "OUTBOUND Status Update SUCCESS FF Ticket: ticket-3... QContact ID: qc-38 Invalid Date":
  [36m<button[39m
    [33mclass[39m=[32m"w-full p-4 flex items-center justify-between text-left"[39m
  [36m/>[39m

  Name "INBOUND Status Update SUCCESS FF Ticket: ticket-3... QContact ID: qc-39 Invalid Date":
  [36m<button[39m
    [33mclass[39m=[32m"w-full p-4 flex items-center justify-between text-left"[39m
  [36m/>[39m

  Name "OUTBOUND Status Update SUCCESS FF Ticket: ticket-4... QContact ID: qc-40 Invalid Date":
  [36m<button[39m
    [33mclass[39m=[32m"w-full p-4 flex items-center justify-between text-left"[39m
  [36m/>[39m

  Name "INBOUND Status Update SUCCESS FF Ticket: ticket-4... QContact ID: qc-41 Invalid Date":
  [36m<button[39m
    [33mclass[39m=[32m"w-full p-4 flex items-center justify-between text-left"[39m
  [36m/>[39m

  Name "OUTBOUND Status Update SUCCESS FF Ticket: ticket-4... QContact ID: qc-42 Invalid Date":
  [36m<button[39m
    [33mclass[39m=[32m"w-full p-4 flex items-center justify-between text-left"[39m
  [36m/>[39m

  Name "INBOUND Status Update SUCCESS FF Ticket: ticket-4... QContact ID: qc-43 Invalid Date":
  [36m<button[39m
    [33mclass[39m=[32m"w-full p-4 flex items-center justify-between text-left"[39m
  [36m/>[39m

  Name "OUTBOUND Status Update SUCCESS FF Ticket: ticket-4... QContact ID: qc-44 Invalid Date":
  [36m<button[39m
    [33mclass[39m=[32m"w-full p-4 flex items-center justify-between text-left"[39m
  [36m/>[39m

  Name "INBOUND Status Update SUCCESS FF Ticket: ticket-4... QContact ID: qc-45 Invalid Date":
  [36m<button[39m
    [33mclass[39m=[32m"w-full p-4 flex items-center justify-between text-left"[39m
  [36m/>[39m

  Name "OUTBOUND Status Update SUCCESS FF Ticket: ticket-4... QContact ID: qc-46 Invalid Date":
  [36m<button[39m
    [33mclass[39m=[32m"w-full p-4 flex items-center justify-between text-left"[39m
  [36m/>[39m

  Name "INBOUND Status Update SUCCESS FF Ticket: ticket-4... QContact ID: qc-47 Invalid Date":
  [36m<button[39m
    [33mclass[39m=[32m"w-full p-4 flex items-center justify-between text-left"[39m
  [36m/>[39m

  Name "OUTBOUND Status Update SUCCESS FF Ticket: ticket-4... QContact ID: qc-48 Invalid Date":
  [36m<button[39m
    [33mclass[39m=[32m"w-full p-4 flex items-center justify-between text-left"[39m
  [36m/>[39m

  Name "INBOUND Status Update SUCCESS FF Ticket: ticket-4... QContact ID: qc-49 Invalid Date":
  [36m<button[39m
    [33mclass[39m=[32m"w-full p-4 flex items-center justify-between text-left"[39m
  [36m/>[39m

  Name "OUTBOUND Status Update SUCCESS FF Ticket: ticket-5... QContact ID: qc-50 Invalid Date":
  [36m<button[39m
    [33mclass[39m=[32m"w-full p-4 flex items-center justify-between text-left"[39m
  [36m/>[39m

  Name "INBOUND Status Update SUCCESS FF Ticket: ticket-5... QContact ID: qc-51 Invalid Date":
  [36m<button[39m
    [33mclass[39m=[32m"w-full p-4 flex items-center justify-between text-left"[39m
  [36m/>[39m

  Name "OUTBOUND Status Update SUCCESS FF Ticket: ticket-5... QContact ID: qc-52 Invalid Date":
  [36m<button[39m
    [33mclass[39m=[32m"w-full p-4 flex items-center justify-between text-left"[39m
  [36m/>[39m

  Name "INBOUND Status Update SUCCESS FF Ticket: ticket-5... QContact ID: qc-53 Invalid Date":
  [36m<button[39m
    [33mclass[39m=[32m"w-full p-4 flex items-center justify-between text-left"[39m
  [36m/>[39m

  Name "OUTBOUND Status Update SUCCESS FF Ticket: ticket-5... QContact ID: qc-54 Invalid Date":
  [36m<button[39m
    [33mclass[39m=[32m"w-full p-4 flex items-center justify-between text-left"[39m
  [36m/>[39m

  Name "INBOUND Status Update SUCCESS FF Ticket: ticket-5... QContact ID: qc-55 Invalid Date":
  [36m<button[39m
    [33mclass[39m=[32m"w-full p-4 flex items-center justify-between text-left"[39m
  [36m/>[39m

  Name "OUTBOUND Status Update SUCCESS FF Ticket: ticket-5... QContact ID: qc-56 Invalid Date":
  [36m<button[39m
    [33mclass[39m=[32m"w-full p-4 flex items-center justify-between text-left"[39m
  [36m/>[39m

  Name "INBOUND Status Update SUCCESS FF Ticket: ticket-5... QContact ID: qc-57 Invalid Date":
  [36m<button[39m
    [33mclass[39m=[32m"w-full p-4 flex items-center justify-between text-left"[39m
  [36m/>[39m

  Name "OUTBOUND Status Update SUCCESS FF Ticket: ticket-5... QContact ID: qc-58 Invalid Date":
  [36m<button[39m
    [33mclass[39m=[32m"w-full p-4 flex items-center justify-between text-left"[39m
  [36m/>[39m

  Name "INBOUND Status Update SUCCESS FF Ticket: ticket-5... QContact ID: qc-59 Invalid Date":
  [36m<button[39m
    [33mclass[39m=[32m"w-full p-4 flex items-center justify-between text-left"[39m
  [36m/>[39m

  Name "OUTBOUND Status Update SUCCESS FF Ticket: ticket-6... QContact ID: qc-60 Invalid Date":
  [36m<button[39m
    [33mclass[39m=[32m"w-full p-4 flex items-center justify-between text-left"[39m
  [36m/>[39m

  Name "INBOUND Status Update SUCCESS FF Ticket: ticket-6... QContact ID: qc-61 Invalid Date":
  [36m<button[39m
    [33mclass[39m=[32m"w-full p-4 flex items-center justify-between text-left"[39m
  [36m/>[39m

  Name "OUTBOUND Status Update SUCCESS FF Ticket: ticket-6... QContact ID: qc-62 Invalid Date":
  [36m<button[39m
    [33mclass[39m=[32m"w-full p-4 flex items-center justify-between text-left"[39m
  [36m/>[39m

  Name "INBOUND Status Update SUCCESS FF Ticket: ticket-6... QContact ID: qc-63 Invalid Date":
  [36m<button[39m
    [33mclass[39m=[32m"w-full p-4 flex items-center justify-between text-left"[39m
  [36m/>[39m

  Name "OUTBOUND Status Update SUCCESS FF Ticket: ticket-6... QContact ID: qc-64 Invalid Date":
  [36m<button[39m
    [33mclass[39m=[32m"w-full p-4 flex items-center justify-between text-left"[39m
  [36m/>[39m

  Name "INBOUND Status Update SUCCESS FF Ticket: ticket-6... QContact ID: qc-65 Invalid Date":
  [36m<button[39m
    [33mclass[39m=[32m"w-full p-4 flex items-center justify-between text-left"[39m
  [36m/>[39m

  Name "OUTBOUND Status Update SUCCESS FF Ticket: ticket-6... QContact ID: qc-66 Invalid Date":
  [36m<button[39m
    [33mclass[39m=[32m"w-full p-4 flex items-center justify-between text-left"[39m
  [36m/>[39m

  Name "INBOUND Status Update SUCCESS FF Ticket: ticket-6... QContact ID: qc-67 Invalid Date":
  [36m<button[39m
    [33mclass[39m=[32m"w-full p-4 flex items-center justify-between text-left"[39m
  [36m/>[39m

  Name "OUTBOUND Status Update SUCCESS FF Ticket: ticket-6... QContact ID: qc-68 Invalid Date":
  [36m<button[39m
    [33mclass[39m=[32m"w-full p-4 flex items-center justify-between text-left"[39m
  [36m/>[39m

  Name "INBOUND Status Update SUCCESS FF Ticket: ticket-6... QContact ID: qc-69 Invalid Date":
  [36m<button[39m
    [33mclass[39m=[32m"w-full p-4 flex items-center justify-between text-left"[39m
  [36m/>[39m

  Name "OUTBOUND Status Update SUCCESS FF Ticket: ticket-7... QContact ID: qc-70 Invalid Date":
  [36m<button[39m
    [33mclass[39m=[32m"w-full p-4 flex items-center justify-between text-left"[39m
  [36m/>[39m

  Name "INBOUND Status Update SUCCESS FF Ticket: ticket-7... QContact ID: qc-71 Invalid Date":
  [36m<button[39m
    [33mclass[39m=[32m"w-full p-4 flex items-center justify-between text-left"[39m
  [36m/>[39m

  Name "OUTBOUND Status Update SUCCESS FF Ticket: ticket-7... QContact ID: qc-72 Invalid Date":
  [36m<button[39m
    [33mclass[39m=[32m"w-full p-4 flex items-center justify-between text-left"[39m
  [36m/>[39m

  Name "INBOUND Status Update SUCCESS FF Ticket: ticket-7... QContact ID: qc-73 Invalid Date":
  [36m<button[39m
    [33mclass[39m=[32m"w-full p-4 flex items-center justify-between text-left"[39m
  [36m/>[39m

  Name "OUTBOUND Status Update SUCCESS FF Ticket: ticket-7... QContact ID: qc-74 Invalid Date":
  [36m<button[39m
    [33mclass[39m=[32m"w-full p-4 flex items-center justify-between text-left"[39m
  [36m/>[39m

  Name "INBOUND Status Update SUCCESS FF Ticket: ticket-7... QContact ID: qc-75 Invalid Date":
  [36m<button[39m
    [33mclass[39m=[32m"w-full p-4 flex items-center justify-between text-left"[39m
  [36m/>[39m

  Name "OUTBOUND Status Update SUCCESS FF Ticket: ticket-7... QContact ID: qc-76 Invalid Date":
  [36m<button[39m
    [33mclass[39m=[32m"w-full p-4 flex items-center justify-between text-left"[39m
  [36m/>[39m

  Name "INBOUND Status Update SUCCESS FF Ticket: ticket-7... QContact ID: qc-77 Invalid Date":
  [36m<button[39m
    [33mclass[39m=[32m"w-full p-4 flex items-center justify-between text-left"[39m
  [36m/>[39m

  Name "OUTBOUND Status Update SUCCESS FF Ticket: ticket-7... QContact ID: qc-78 Invalid Date":
  [36m<button[39m
    [33mclass[39m=[32m"w-full p-4 flex items-center justify-between text-left"[39m
  [36m/>[39m

  Name "INBOUND Status Update SUCCESS FF Ticket: ticket-7... QContact ID: qc-79 Invalid Date":
  [36m<button[39m
    [33mclass[39m=[32m"w-full p-4 flex items-center justify-between text-left"[39m
  [36m/>[39m

  Name "OUTBOUND Status Update SUCCESS FF Ticket: ticket-8... QContact ID: qc-80 Invalid Date":
  [36m<button[39m
    [33mclass[39m=[32m"w-full p-4 flex items-center justify-between text-left"[39m
  [36m/>[39m

  Name "INBOUND Status Update SUCCESS FF Ticket: ticket-8... QContact ID: qc-81 Invalid Date":
  [36m<button[39m
    [33mclass[39m=[32m"w-full p-4 flex items-center justify-between text-left"[39m
  [36m/>[39m

  Name "OUTBOUND Status Update SUCCESS FF Ticket: ticket-8... QContact ID: qc-82 Invalid Date":
  [36m<button[39m
    [33mclass[39m=[32m"w-full p-4 flex items-center justify-between text-left"[39m
  [36m/>[39m

  Name "INBOUND Status Update SUCCESS FF Ticket: ticket-8... QContact ID: qc-83 Invalid Date":
  [36m<button[39m
    [33mclass[39m=[32m"w-full p-4 flex items-center justify-between text-left"[39m
  [36m/>[39m

  Name "OUTBOUND Status Update SUCCESS FF Ticket: ticket-8... QContact ID: qc-84 Invalid Date":
  [36m<button[39m
    [33mclass[39m=[32m"w-full p-4 flex items-center justify-between text-left"[39m
  [36m/>[39m

  Name "INBOUND Status Update SUCCESS FF Ticket: ticket-8... QContact ID: qc-85 Invalid Date":
  [36m<button[39m
    [33mclass[39m=[32m"w-full p-4 flex items-center justify-between text-left"[39m
  [36m/>[39m

  Name "OUTBOUND Status Update SUCCESS FF Ticket: ticket-8... QContact ID: qc-86 Invalid Date":
  [36m<button[39m
    [33mclass[39m=[32m"w-full p-4 flex items-center justify-between text-left"[39m
  [36m/>[39m

  Name "INBOUND Status Update SUCCESS FF Ticket: ticket-8... QContact ID: qc-87 Invalid Date":
  [36m<button[39m
    [33mclass[39m=[32m"w-full p-4 flex items-center justify-between text-left"[39m
  [36m/>[39m

  Name "OUTBOUND Status Update SUCCESS FF Ticket: ticket-8... QContact ID: qc-88 Invalid Date":
  [36m<button[39m
    [33mclass[39m=[32m"w-full p-4 flex items-center justify-between text-left"[39m
  [36m/>[39m

  Name "INBOUND Status Update SUCCESS FF Ticket: ticket-8... QContact ID: qc-89 Invalid Date":
  [36m<button[39m
    [33mclass[39m=[32m"w-full p-4 flex items-center justify-between text-left"[39m
  [36m/>[39m

  Name "OUTBOUND Status Update SUCCESS FF Ticket: ticket-9... QContact ID: qc-90 Invalid Date":
  [36m<button[39m
    [33mclass[39m=[32m"w-full p-4 flex items-center justify-between text-left"[39m
  [36m/>[39m

  Name "INBOUND Status Update SUCCESS FF Ticket: ticket-9... QContact ID: qc-91 Invalid Date":
  [36m<button[39m
    [33mclass[39m=[32m"w-full p-4 flex items-center justify-between text-left"[39m
  [36m/>[39m

  Name "OUTBOUND Status Update SUCCESS FF Ticket: ticket-9... QContact ID: qc-92 Invalid Date":
  [36m<button[39m
    [33mclass[39m=[32m"w-full p-4 flex items-center justify-between text-left"[39m
  [36m/>[39m

  Name "INBOUND Status Update SUCCESS FF Ticket: ticket-9... QContact ID: qc-93 Invalid Date":
  [36m<button[39m
    [33mclass[39m=[32m"w-full p-4 flex items-center justify-between text-left"[39m
  [36m/>[39m

  Name "OUTBOUND Status Update SUCCESS FF Ticket: ticket-9... QContact ID: qc-94 Invalid Date":
  [36m<button[39m
    [33mclass[39m=[32m"w-full p-4 flex items-center justify-between text-left"[39m
  [36m/>[39m

  Name "INBOUND Status Update SUCCESS FF Ticket: ticket-9... QContact ID: qc-95 Invalid Date":
  [36m<button[39m
    [33mclass[39m=[32m"w-full p-4 flex items-center justify-between text-left"[39m
  [36m/>[39m

  Name "OUTBOUND Status Update SUCCESS FF Ticket: ticket-9... QContact ID: qc-96 Invalid Date":
  [36m<button[39m
    [33mclass[39m=[32m"w-full p-4 flex items-center justify-between text-left"[39m
  [36m/>[39m

  Name "INBOUND Status Update SUCCESS FF Ticket: ticket-9... QContact ID: qc-97 Invalid Date":
  [36m<button[39m
    [33mclass[39m=[32m"w-full p-4 flex items-center justify-between text-left"[39m
  [36m/>[39m

  Name "OUTBOUND Status Update SUCCESS FF Ticket: ticket-9... QContact ID: qc-98 Invalid Date":
  [36m<button[39m
    [33mclass[39m=[32m"w-full p-4 flex items-center justify-between text-left"[39m
  [36m/>[39m

  Name "INBOUND Status Update SUCCESS FF Ticket: ticket-9... QContact ID: qc-99 Invalid Date":
  [36m<button[39m
    [33mclass[39m=[32m"w-full p-4 flex items-center justify-between text-left"[39m
  [36m/>[39m

  Name "OUTBOUND Status Update SUCCESS FF Ticket: ticket-1... QContact ID: qc-100 Invalid Date":
  [36m<button[39m
    [33mclass[39m=[32m"w-full p-4 flex items-center justify-between text-left"[39m
  [36m/>[39m

  --------------------------------------------------

Ignored nodes: comments, script, style
[36m<body>[39m
  [36m<div>[39m
    [36m<div[39m
      [33mclass[39m=[32m"space-y-6"[39m
    [36m>[39m
      [36m<div[39m
        [33mclass[39m=[32m"flex items-center justify-between"[39m
      [36m>[39m
        [36m<div>[39m
          [36m<h3[39m
            [33mclass[39m=[32m"text-xl font-bold text-white mb-1"[39m
          [36m>[39m
            [0mSync Audit Log[0m
          [36m</h3>[39m
          [36m<p[39m
            [33mclass[39m=[32m"text-sm text-white/60"[39m
          [36m>[39m
            [0m100[0m
            [0m sync operation[0m
            [0ms[0m
            [0m | Success Rate:[0m
            [0m [0m
            [0m99[0m
            [0m%[0m
          [36m</p>[39m
        [36m</div>[39m
      [36m</div>[39m
      [36m<div[39m
        [33mclass[39m=[32m"grid grid-cols-2 md:grid-cols-4 gap-4"[39m
      [36m>[39m
        [36m<div[39m
          [33mclass[39m=[32m"p-3 bg-blue-500/10 border border-blue-500/20 rounded-lg"[39m
        [36m>[39m
          [36m<div[39m
            [33mclass[39m=[32m"flex items-center mb-1"[39m
          [36m>[39m
            [36m<svg[39m
              [33mclass[39m=[32m"w-4 h-4 text-blue-400 mr-2"[39m
              [33mfill[39m=[32m"none"[39m
              [33mheight[39m=[32m"24"[39m
              [33mstroke[39m=[32m"currentColor"[39m
              [33mstroke-linecap[39m=[32m"round"[39m
              [33mstroke-linejoin[39m=[32m"round"[39m
              [33mstroke-width[39m=[32m"2"[39m
              [33mviewBox[39m=[32m"0 0 24 24"[39m
              [33mwidth[39m=[32m"24"[39m
              [33mxmlns[39m=[32m"http://www.w3.org/2000/svg"[39m
            [36m>[39m
              [36m<path[39m
                [33md[39m=[32m"M21 15v4a2 2 0 0 1-2 2H5a2 2 0 0 1-2-2v-4"[39m
              [36m/>[39m
              [36m<polyline[39m
                [33mpoints[39m=[32m"7 10 12 15 17 10"[39m
              [36m/>[39m
              [36m<line[39m
                [33mx1[39m=[32m"12"[39m
                [33mx2[39m=[32m"12"[39m
                [33my1[39m=[32m"15"[39m
                [33my2[39m=[32m"3"[39m
              [36m/>[39m
            [36m</svg>[39m
            [36m<span[39m
              [33mclass[39m=[32m"text-xs text-white/60"[39m
            [36m>[39m
              [0mInbound[0m
            [36m</span>[39m
          [36m</div>[39m
          [36m<p[39m
            [33mclass[39m=[32m"text-xl font-bold text-blue-400"[39m
          [36m>[39m
            [0m50[0m
          [36m</p>[39m
        [36m</div>[39m
        [36m<div[39m
          [33mclass[39m=[32m"p-3 bg-purple-500/10 border border-purple-500/20 rounded-lg"[39m
        [36m>[39m
          [36m<div[39m
            [33mclass[39m=[32m"flex items-center mb-1"[39m
          [36m>[39m
            [36m<svg[39m
              [33mclass[39m=[32m"w-4 h-4 text-purple-400 mr-2"[39m
              [33mfill[39m=[32m"none"[39m
              [33mheight[39m=[32m"24"[39m
              [33mstroke[39m=[32m"currentColor"[39m
              [33mstroke-linecap[39m=[32m"round"[39m
              [33mstroke-linejoin[39m=[32m"round"[39m
              [33mstroke-width[39m=[32m"2"[39m
              [33mviewBox[39m=[32m"0 0 24 24"[39m
              [33mwidth[39m=[32m"24"[39m
              [33mxmlns[39m=[32m"http://www.w3.org/2000/svg"[39m
            [36m>[39m
              [36m<path[39m
                [33md[39m=[32m"M21 15v4a2 2 0 0 1-2 2H5a2 2 0 0 1-2-2v-4"[39m
              [36m/>[39m
              [36m<polyline[39m
                [33mpoints[39m=[32m"17 8 12 3 7 8"[39m
              [36m/>[39m
              [36m<line[39m
                [33mx1[39m=[32m"12"[39m
                [33mx2[39m=[32m"12"[39m
                [33my1[39m=[32m"3"[39m
                [33my2[39m=[32m"15"[39m
              [36m/>[39m
            [36m</svg>[39m
            [36m<span[39m
              [33mclass[39m=[32m"text-xs text-white/60"[39m
            [36m>[39m
              [0mOutbound[0m
            [36m</span>[39m
          [36m</div>[39m
          [36m<p[39m
            [33mclass[39m=[32m"text-xl font-bold text-purple-400"[39m
          [36m>[39m
            [0m50[0m
          [36m</p>[39m
        [36m</div>[39m
        [36m<div[39m
          [33mclass[39m=[32m"p-3 bg-green-500/10 border border-green-500/20 rounded-lg"[39m
        [36m>[39m
          [36m<div[39m
            [33mclass[39m=[32m"flex items-center mb-1"[39m
          [36m>[39m
            [36m<svg[39m
              [33mclass[39m=[32m"w-4 h-4 text-green-400 mr-2"[39m
              [33mfill[39m=[32m"none"[39m
              [33mheight[39m=[32m"24"[39m
              [33mstroke[39m=[32m"currentColor"[39m
              [33mstroke-linecap[39m=[32m"round"[39m
              [33mstroke-linejoin[39m=[32m"round"[39m
              [33mstroke-width[39m=[32m"2"[39m
              [33mviewBox[39m=[32m"0 0 24 24"[39m
              [33mwidth[39m=[32m"24"[39m
              [33mxmlns[39m=[32m"http://www.w3.org/2000/svg"[39m
            [36m>[39m
              [36m<path[39m
                [33md[39m=[32m"M12 22c5.523 0 10-4.477 10-10S17.523 2 12 2 2 6.477 2 12s4.477 10 10 10z"[39m
              [36m/>[39m
              [36m<path[39m
                [33md[39m=[32m"m9 12 2 2 4-4"[39m
              [36m/>[39m
            [36m</svg>[39m
            [36m<span[39m
              [33mclass[39m=[32m"text-xs text-white/60"[39m
            [36m>[39m
              [0mSuccess[0m
            [36m</span>[39m
          [36m</div>[39m
          [36m<p[39m
            [33mclass[39m=[32m"text-xl font-bold text-green-400"[39m
          [36m>[39m
            [0m99[0m
          [36m</p>[39m
        [36m</div>[39m
        [36m<div[39m
          [33mclass[39m=[32m"p-3 bg-red-500/10 border border-red-500/20 rounded-lg"[39m
        [36m>[39m
          [36m<div[39m
            [33mclass[39m=[32m"flex items-center mb-1"[39m
          [36m>[39m
            [36m<svg[39m
              [33mclass[39m=[32m"w-4 h-4 text-red-400 mr-2"[39m
              [33mfill[39m=[32m"none"[39m
              [33mheight[39m=[32m"24"[39m
              [33mstroke[39m=[32m"currentColor"[39m
              [33mstroke-linecap[39m=[32m"round"[39m
              [33mstroke-linejoin[39m=[32m"round"[39m
              [33mstroke-width[39m=[32m"2"[39m
              [33mviewBox[39m=[32m"0 0 24 24"[39m
              [33mwidth[39m=[32m"24"[39m
              [33mxmlns[39m=[32m"http://www.w3.org/2000/svg"[39m
            [36m>[39m
              [36m<circle[39m
                [33mcx[39m=[32m"12"[39m
                [33mcy[39m=[32m"12"[39m
                [33mr[39m=[32m"1...
 ❯ Object.getElementError node_modules/@testing-library/react/node_modules/@testing-library/dom/dist/config.js:37:19
 ❯ node_modules/@testing-library/react/node_modules/@testing-library/dom/dist/query-helpers.js:76:38
 ❯ node_modules/@testing-library/react/node_modules/@testing-library/dom/dist/query-helpers.js:52:17
 ❯ node_modules/@testing-library/react/node_modules/@testing-library/dom/dist/query-helpers.js:95:19
 ❯ src/modules/ticketing/__tests__/components/QContactSync.test.tsx:457:37
    455|       );
    456| 
    457|       const previousButton = screen.getByRole('button', { name: /Previ…
       |                                     ^
    458| 
    459|       // Assert

⎯⎯⎯⎯⎯⎯⎯⎯⎯⎯⎯⎯⎯⎯⎯⎯⎯⎯⎯⎯⎯⎯[61/79]⎯

 FAIL  src/modules/ticketing/__tests__/components/TicketDetail.test.tsx > TicketDetail > should display ticket priority
TestingLibraryElementError: Unable to find an element with the text: HIGH. This could be because the text is broken up by multiple elements. In this case, you can provide a function for your text matcher to make your matcher more flexible.

Ignored nodes: comments, script, style
[36m<body>[39m
  [36m<div />[39m
[36m</body>[39m

Ignored nodes: comments, script, style
[36m<html>[39m
  [36m<head />[39m
  [36m<body>[39m
    [36m<div />[39m
  [36m</body>[39m
[36m</html>[39m
 ❯ waitForWrapper node_modules/@testing-library/react/node_modules/@testing-library/dom/dist/wait-for.js:166:27
 ❯ src/modules/ticketing/__tests__/components/TicketDetail.test.tsx:202:11
    200|     render(<TicketDetail ticketId="test-id-123" />, { wrapper: createW…
    201| 
    202|     await waitFor(() => {
       |           ^
    203|       expect(screen.getByText('HIGH')).toBeInTheDocument();
    204|     });

⎯⎯⎯⎯⎯⎯⎯⎯⎯⎯⎯⎯⎯⎯⎯⎯⎯⎯⎯⎯⎯⎯[62/79]⎯

 FAIL  src/modules/ticketing/__tests__/components/TicketList.test.tsx > TicketList > should display ticket priorities
TestingLibraryElementError: Unable to find an element with the text: NORMAL. This could be because the text is broken up by multiple elements. In this case, you can provide a function for your text matcher to make your matcher more flexible.

Ignored nodes: comments, script, style
[36m<body>[39m
  [36m<div>[39m
    [36m<div[39m
      [33mclass[39m=[32m"space-y-6"[39m
    [36m>[39m
      [36m<div[39m
        [33mclass[39m=[32m"flex items-center justify-between"[39m
      [36m>[39m
        [36m<div>[39m
          [36m<h2[39m
            [33mclass[39m=[32m"text-2xl font-bold text-white"[39m
          [36m>[39m
            [0mTickets[0m
          [36m</h2>[39m
          [36m<p[39m
            [33mclass[39m=[32m"text-sm text-white/60 mt-1"[39m
          [36m>[39m
            [0m2[0m
            [0m total tickets[0m
          [36m</p>[39m
        [36m</div>[39m
        [36m<button[39m
          [33maria-label[39m=[32m"Refresh tickets"[39m
          [33mclass[39m=[32m"flex items-center gap-2 px-4 py-2 text-sm font-medium text-white/80 hover:text-white bg-white/5 hover:bg-white/10 border border-white/10 rounded-lg transition-colors disabled:opacity-50 disabled:cursor-not-allowed"[39m
          [33mtype[39m=[32m"button"[39m
        [36m>[39m
          [36m<svg[39m
            [33mclass[39m=[32m"w-4 h-4"[39m
            [33mfill[39m=[32m"none"[39m
            [33mheight[39m=[32m"24"[39m
            [33mstroke[39m=[32m"currentColor"[39m
            [33mstroke-linecap[39m=[32m"round"[39m
            [33mstroke-linejoin[39m=[32m"round"[39m
            [33mstroke-width[39m=[32m"2"[39m
            [33mviewBox[39m=[32m"0 0 24 24"[39m
            [33mwidth[39m=[32m"24"[39m
            [33mxmlns[39m=[32m"http://www.w3.org/2000/svg"[39m
          [36m>[39m
            [36m<path[39m
              [33md[39m=[32m"M3 12a9 9 0 0 1 9-9 9.75 9.75 0 0 1 6.74 2.74L21 8"[39m
            [36m/>[39m
            [36m<path[39m
              [33md[39m=[32m"M21 3v5h-5"[39m
            [36m/>[39m
            [36m<path[39m
              [33md[39m=[32m"M21 12a9 9 0 0 1-9 9 9.75 9.75 0 0 1-6.74-2.74L3 16"[39m
            [36m/>[39m
            [36m<path[39m
              [33md[39m=[32m"M8 16H3v5"[39m
            [36m/>[39m
          [36m</svg>[39m
          [0mRefresh[0m
        [36m</button>[39m
      [36m</div>[39m
      [36m<div[39m
        [33mclass[39m=[32m"space-y-4"[39m
      [36m>[39m
        [36m<div[39m
          [33mclass[39m=[32m"flex items-center gap-3"[39m
        [36m>[39m
          [36m<div[39m
            [33mclass[39m=[32m"flex-1 relative"[39m
          [36m>[39m
            [36m<svg[39m
              [33mclass[39m=[32m"absolute left-3 top-1/2 -translate-y-1/2 w-4 h-4 text-white/40"[39m
              [33mfill[39m=[32m"none"[39m
              [33mheight[39m=[32m"24"[39m
              [33mstroke[39m=[32m"currentColor"[39m
              [33mstroke-linecap[39m=[32m"round"[39m
              [33mstroke-linejoin[39m=[32m"round"[39m
              [33mstroke-width[39m=[32m"2"[39m
              [33mviewBox[39m=[32m"0 0 24 24"[39m
              [33mwidth[39m=[32m"24"[39m
              [33mxmlns[39m=[32m"http://www.w3.org/2000/svg"[39m
            [36m>[39m
              [36m<circle[39m
                [33mcx[39m=[32m"11"[39m
                [33mcy[39m=[32m"11"[39m
                [33mr[39m=[32m"8"[39m
              [36m/>[39m
              [36m<path[39m
                [33md[39m=[32m"m21 21-4.3-4.3"[39m
              [36m/>[39m
            [36m</svg>[39m
            [36m<input[39m
              [33mclass[39m=[32m"w-full pl-10 pr-4 py-2 bg-white/5 border border-white/10 rounded-lg text-white placeholder:text-white/40 focus:outline-none focus:ring-2 focus:ring-blue-500/50"[39m
              [33mplaceholder[39m=[32m"Search tickets..."[39m
              [33mtype[39m=[32m"text"[39m
              [33mvalue[39m=[32m""[39m
            [36m/>[39m
          [36m</div>[39m
          [36m<button[39m
            [33mclass[39m=[32m"flex items-center gap-2 px-4 py-2 rounded-lg border transition-colors bg-white/5 border-white/10 text-white/80 hover:bg-white/10"[39m
            [33mtype[39m=[32m"button"[39m
          [36m>[39m
            [36m<svg[39m
              [33mclass[39m=[32m"w-4 h-4"[39m
              [33mfill[39m=[32m"none"[39m
              [33mheight[39m=[32m"24"[39m
              [33mstroke[39m=[32m"currentColor"[39m
              [33mstroke-linecap[39m=[32m"round"[39m
              [33mstroke-linejoin[39m=[32m"round"[39m
              [33mstroke-width[39m=[32m"2"[39m
              [33mviewBox[39m=[32m"0 0 24 24"[39m
              [33mwidth[39m=[32m"24"[39m
              [33mxmlns[39m=[32m"http://www.w3.org/2000/svg"[39m
            [36m>[39m
              [36m<polygon[39m
                [33mpoints[39m=[32m"22 3 2 3 10 12.46 10 19 14 21 14 12.46 22 3"[39m
              [36m/>[39m
            [36m</svg>[39m
            [36m<span>[39m
              [0mFilters[0m
            [36m</span>[39m
          [36m</button>[39m
        [36m</div>[39m
      [36m</div>[39m
      [36m<div[39m
        [33mclass[39m=[32m"space-y-3"[39m
      [36m>[39m
        [36m<ul[39m
          [33mclass[39m=[32m"space-y-3"[39m
          [33mrole[39m=[32m"list"[39m
        [36m>[39m
          [36m<li[39m
            [33mrole[39m=[32m"listitem"[39m
          [36m>[39m
            [36m<a[39m
              [33mclass[39m=[32m"block bg-white/5 border border-white/10 rounded-lg hover:bg-white/10 transition-colors p-4"[39m
              [33mhref[39m=[32m"/ticketing/tickets/1"[39m
            [36m>[39m
              [36m<div[39m
                [33mclass[39m=[32m"flex items-start justify-between gap-3"[39m
              [36m>[39m
                [36m<div[39m
                  [33mclass[39m=[32m"flex-1 min-w-0"[39m
                [36m>[39m
                  [36m<div[39m
                    [33mclass[39m=[32m"flex items-center gap-2 mb-1 flex-wrap"[39m
                  [36m>[39m
                    [36m<span[39m
                      [33mclass[39m=[32m"font-mono text-sm font-medium text-blue-400"[39m
                    [36m>[39m
                      [0mFT001[0m
                    [36m</span>[39m
                    [36m<span[39m
                      [33mclass[39m=[32m"text-xs font-medium uppercase text-blue-400"[39m
                    [36m>[39m
                      [0mnormal[0m
                    [36m</span>[39m
                  [36m</div>[39m
                  [36m<h3[39m
                    [33mclass[39m=[32m"text-white font-medium mb-2 line-clamp-1"[39m
                  [36m>[39m
                    [0mTest Ticket 1[0m
                  [36m</h3>[39m
                  [36m<div[39m
                    [33mclass[39m=[32m"flex items-center gap-3 flex-wrap text-xs text-white/60"[39m
                  [36m>[39m
                    [36m<span[39m
                   ...

Ignored nodes: comments, script, style
[36m<html>[39m
  [36m<head />[39m
  [36m<body>[39m
    [36m<div>[39m
      [36m<div[39m
        [33mclass[39m=[32m"space-y-6"[39m
      [36m>[39m
        [36m<div[39m
          [33mclass[39m=[32m"flex items-center justify-between"[39m
        [36m>[39m
          [36m<div>[39m
            [36m<h2[39m
              [33mclass[39m=[32m"text-2xl font-bold text-white"[39m
            [36m>[39m
              [0mTickets[0m
            [36m</h2>[39m
            [36m<p[39m
              [33mclass[39m=[32m"text-sm text-white/60 mt-1"[39m
            [36m>[39m
              [0m2[0m
              [0m total tickets[0m
            [36m</p>[39m
          [36m</div>[39m
          [36m<button[39m
            [33maria-label[39m=[32m"Refresh tickets"[39m
            [33mclass[39m=[32m"flex items-center gap-2 px-4 py-2 text-sm font-medium text-white/80 hover:text-white bg-white/5 hover:bg-white/10 border border-white/10 rounded-lg transition-colors disabled:opacity-50 disabled:cursor-not-allowed"[39m
            [33mtype[39m=[32m"button"[39m
          [36m>[39m
            [36m<svg[39m
              [33mclass[39m=[32m"w-4 h-4"[39m
              [33mfill[39m=[32m"none"[39m
              [33mheight[39m=[32m"24"[39m
              [33mstroke[39m=[32m"currentColor"[39m
              [33mstroke-linecap[39m=[32m"round"[39m
              [33mstroke-linejoin[39m=[32m"round"[39m
              [33mstroke-width[39m=[32m"2"[39m
              [33mviewBox[39m=[32m"0 0 24 24"[39m
              [33mwidth[39m=[32m"24"[39m
              [33mxmlns[39m=[32m"http://www.w3.org/2000/svg"[39m
            [36m>[39m
              [36m<path[39m
                [33md[39m=[32m"M3 12a9 9 0 0 1 9-9 9.75 9.75 0 0 1 6.74 2.74L21 8"[39m
              [36m/>[39m
              [36m<path[39m
                [33md[39m=[32m"M21 3v5h-5"[39m
              [36m/>[39m
              [36m<path[39m
                [33md[39m=[32m"M21 12a9 9 0 0 1-9 9 9.75 9.75 0 0 1-6.74-2.74L3 16"[39m
              [36m/>[39m
              [36m<path[39m
                [33md[39m=[32m"M8 16H3v5"[39m
              [36m/>[39m
            [36m</svg>[39m
            [0mRefresh[0m
          [36m</button>[39m
        [36m</div>[39m
        [36m<div[39m
          [33mclass[39m=[32m"space-y-4"[39m
        [36m>[39m
          [36m<div[39m
            [33mclass[39m=[32m"flex items-center gap-3"[39m
          [36m>[39m
            [36m<div[39m
              [33mclass[39m=[32m"flex-1 relative"[39m
            [36m>[39m
              [36m<svg[39m
                [33mclass[39m=[32m"absolute left-3 top-1/2 -translate-y-1/2 w-4 h-4 text-white/40"[39m
                [33mfill[39m=[32m"none"[39m
                [33mheight[39m=[32m"24"[39m
                [33mstroke[39m=[32m"currentColor"[39m
                [33mstroke-linecap[39m=[32m"round"[39m
                [33mstroke-linejoin[39m=[32m"round"[39m
                [33mstroke-width[39m=[32m"2"[39m
                [33mviewBox[39m=[32m"0 0 24 24"[39m
                [33mwidth[39m=[32m"24"[39m
                [33mxmlns[39m=[32m"http://www.w3.org/2000/svg"[39m
              [36m>[39m
                [36m<circle[39m
                  [33mcx[39m=[32m"11"[39m
                  [33mcy[39m=[32m"11"[39m
                  [33mr[39m=[32m"8"[39m
                [36m/>[39m
                [36m<path[39m
                  [33md[39m=[32m"m21 21-4.3-4.3"[39m
                [36m/>[39m
              [36m</svg>[39m
              [36m<input[39m
                [33mclass[39m=[32m"w-full pl-10 pr-4 py-2 bg-white/5 border border-white/10 rounded-lg text-white placeholder:text-white/40 focus:outline-none focus:ring-2 focus:ring-blue-500/50"[39m
                [33mplaceholder[39m=[32m"Search tickets..."[39m
                [33mtype[39m=[32m"text"[39m
                [33mvalue[39m=[32m""[39m
              [36m/>[39m
            [36m</div>[39m
            [36m<button[39m
              [33mclass[39m=[32m"flex items-center gap-2 px-4 py-2 rounded-lg border transition-colors bg-white/5 border-white/10 text-white/80 hover:bg-white/10"[39m
              [33mtype[39m=[32m"button"[39m
            [36m>[39m
              [36m<svg[39m
                [33mclass[39m=[32m"w-4 h-4"[39m
                [33mfill[39m=[32m"none"[39m
                [33mheight[39m=[32m"24"[39m
                [33mstroke[39m=[32m"currentColor"[39m
                [33mstroke-linecap[39m=[32m"round"[39m
                [33mstroke-linejoin[39m=[32m"round"[39m
                [33mstroke-width[39m=[32m"2"[39m
                [33mviewBox[39m=[32m"0 0 24 24"[39m
                [33mwidth[39m=[32m"24"[39m
                [33mxmlns[39m=[32m"http://www.w3.org/2000/svg"[39m
              [36m>[39m
                [36m<polygon[39m
                  [33mpoints[39m=[32m"22 3 2 3 10 12.46 10 19 14 21 14 12.46 22 3"[39m
                [36m/>[39m
              [36m</svg>[39m
              [36m<span>[39m
                [0mFilters[0m
              [36m</span>[39m
            [36m</button>[39m
          [36m</div>[39m
        [36m</div>[39m
        [36m<div[39m
          [33mclass[39m=[32m"space-y-3"[39m
        [36m>[39m
          [36m<ul[39m
            [33mclass[39m=[32m"space-y-3"[39m
            [33mrole[39m=[32m"list"[39m
          [36m>[39m
            [36m<li[39m
              [33mrole[39m=[32m"listitem"[39m
            [36m>[39m
              [36m<a[39m
                [33mclass[39m=[32m"block bg-white/5 border border-white/10 rounded-lg hover:bg-white/10 transition-colors p-4"[39m
                [33mhref[39m=[32m"/ticketing/tickets/1"[39m
              [36m>[39m
                [36m<div[39m
                  [33mclass[39m=[32m"flex items-start justify-between gap-3"[39m
                [36m>[39m
                  [36m<div[39m
                    [33mclass[39m=[32m"flex-1 min-w-0"[39m
                  [36m>[39m
                    [36m<div[39m
                      [33mclass[39m=[32m"flex items-center gap-2 mb-1 flex-wrap"[39m
                    [36m>[39m
                      [36m<span[39m
                        [33mclass[39m=[32m"font-mono text-sm font-medium text-blue-400"[39m
                      [36m>[39m
                        [0mFT001[0m
                      [36m</span>[39m
                      [36m<span[39m
                        [33mclass[39m=[32m"text-xs font-medium uppercase text-blue-400"[39m
                      [36m>[39m
                        [0mnormal[0m
                      [36m</span>[39m
                    [36m</div>[39m
                    [36m<h3[39m
                      [33mclass[39m=[32m"text-white font-medium mb-2 lin...
 ❯ Proxy.waitForWrapper node_modules/@testing-library/react/node_modules/@testing-library/dom/dist/wait-for.js:166:27
 ❯ src/modules/ticketing/__tests__/components/TicketList.test.tsx:276:11
    274|     render(<TicketList />, { wrapper: createWrapper() });
    275| 
    276|     await waitFor(() => {
       |           ^
    277|       expect(screen.getByText('NORMAL')).toBeInTheDocument();
    278|       expect(screen.getByText('HIGH')).toBeInTheDocument();

⎯⎯⎯⎯⎯⎯⎯⎯⎯⎯⎯⎯⎯⎯⎯⎯⎯⎯⎯⎯⎯⎯[63/79]⎯

 FAIL  src/modules/workflow/__tests__/context/WorkflowPortalContext.test.tsx > WorkflowPortalContext > Initial State > should initialize with correct default state
AssertionError: expected [ { id: '1', …(13) }, …(1) ] to deeply equal []

- Expected
+ Received

- Array []
+ Array [
+   Object {
+     "assignedTo": "user-1",
+     "createdAt": "2024-01-10T00:00:00Z",
+     "currentPhaseId": "phase-2",
+     "id": "1",
+     "metrics": Object {},
+     "name": "Fiber Installation Workflow - Downtown Project",
+     "plannedEndDate": "2024-06-30T00:00:00Z",
+     "progressPercentage": 35,
+     "projectId": "proj-1",
+     "startDate": "2024-01-15T00:00:00Z",
+     "status": "active",
+     "teamMembers": Array [
+       "user-1",
+       "user-2",
+       "user-3",
+     ],
+     "updatedAt": "2024-01-20T00:00:00Z",
+     "workflowTemplateId": "template-1",
+   },
+   Object {
+     "assignedTo": "user-2",
+     "createdAt": "2024-01-25T00:00:00Z",
+     "id": "2",
+     "metrics": Object {},
+     "name": "Network Upgrade Workflow - Residential Area",
+     "plannedEndDate": "2024-08-15T00:00:00Z",
+     "progressPercentage": 60,
+     "projectId": "proj-2",
+     "startDate": "2024-02-01T00:00:00Z",
+     "status": "paused",
+     "teamMembers": Array [
+       "user-2",
+       "user-4",
+     ],
+     "updatedAt": "2024-02-05T00:00:00Z",
+     "workflowTemplateId": "template-2",
+   },
+ ]

 ❯ src/modules/workflow/__tests__/context/WorkflowPortalContext.test.tsx:78:47
     76|         recentlyUpdated: 0
     77|       });
     78|       expect(result.current.projectWorkflows).toEqual([]);
       |                                               ^
     79|       expect(result.current.templates).toEqual([]);
     80|     });

⎯⎯⎯⎯⎯⎯⎯⎯⎯⎯⎯⎯⎯⎯⎯⎯⎯⎯⎯⎯⎯⎯[64/79]⎯

 FAIL  src/modules/workflow/__tests__/context/WorkflowPortalContext.test.tsx > WorkflowPortalContext > Template Statistics Loading > should handle template statistics loading error
AssertionError: expected "spy" to be called with arguments: [ …(2) ]

Received: 



Number of calls: 0

 ❯ src/modules/workflow/__tests__/context/WorkflowPortalContext.test.tsx:227:33
    225|       });
    226| 
    227|       expect(mockConsole.error).toHaveBeenCalledWith(
       |                                 ^
    228|         'Error loading template stats:',
    229|         expect.any(Error)

⎯⎯⎯⎯⎯⎯⎯⎯⎯⎯⎯⎯⎯⎯⎯⎯⎯⎯⎯⎯⎯⎯[65/79]⎯

 FAIL  src/modules/workflow/__tests__/context/WorkflowPortalContext.test.tsx > WorkflowPortalContext > Project Workflow Statistics > should load project workflow statistics
AssertionError: expected +0 to be 2 // Object.is equality

Ignored nodes: comments, script, style
[36m<html>[39m
  [36m<head />[39m
  [36m<body>[39m
    [36m<div />[39m
  [36m</body>[39m
[36m</html>[39m

- Expected
+ Received

- 2
+ 0

 ❯ src/modules/workflow/__tests__/context/WorkflowPortalContext.test.tsx:275:75
    273| 
    274|       await waitFor(() => {
    275|         expect(result.current.projectWorkflowStats.totalProjectWorkflo…
       |                                                                           ^
    276|         expect(result.current.projectWorkflowStats.activeWorkflows).to…
    277|         expect(result.current.projectWorkflowStats.pausedWorkflows).to…
 ❯ runWithExpensiveErrorDiagnosticsDisabled node_modules/@testing-library/react/node_modules/@testing-library/dom/dist/config.js:47:12
 ❯ checkCallback node_modules/@testing-library/react/node_modules/@testing-library/dom/dist/wait-for.js:127:77
 ❯ Timeout.checkRealTimersCallback node_modules/@testing-library/react/node_modules/@testing-library/dom/dist/wait-for.js:121:16

⎯⎯⎯⎯⎯⎯⎯⎯⎯⎯⎯⎯⎯⎯⎯⎯⎯⎯⎯⎯⎯⎯[66/79]⎯

 FAIL  src/modules/workflow/__tests__/context/WorkflowPortalContext.test.tsx > WorkflowPortalContext > Project Workflow Statistics > should update projects tab badge with overdue workflows
AssertionError: expected undefined to be 'error' // Object.is equality

Ignored nodes: comments, script, style
[36m<html>[39m
  [36m<head />[39m
  [36m<body>[39m
    [36m<div />[39m
  [36m</body>[39m
[36m</html>[39m

- Expected: 
"error"

+ Received: 
undefined

 ❯ src/modules/workflow/__tests__/context/WorkflowPortalContext.test.tsx:301:57
    299| 
    300|       await waitFor(() => {
    301|         expect(result.current.tabBadges.projects?.type).toBe('error');
       |                                                         ^
    302|       });
    303|     });
 ❯ runWithExpensiveErrorDiagnosticsDisabled node_modules/@testing-library/react/node_modules/@testing-library/dom/dist/config.js:47:12
 ❯ checkCallback node_modules/@testing-library/react/node_modules/@testing-library/dom/dist/wait-for.js:127:77
 ❯ Timeout.checkRealTimersCallback node_modules/@testing-library/react/node_modules/@testing-library/dom/dist/wait-for.js:121:16

⎯⎯⎯⎯⎯⎯⎯⎯⎯⎯⎯⎯⎯⎯⎯⎯⎯⎯⎯⎯⎯⎯[67/79]⎯

 FAIL  src/modules/workflow/__tests__/context/WorkflowPortalContext.test.tsx > WorkflowPortalContext > Project Workflow Management > should handle project workflow creation error
ReferenceError: jest is not defined
 ❯ src/modules/workflow/__tests__/context/WorkflowPortalContext.test.tsx:390:23
    388|       // Mock console.error to throw an error
    389|       const originalError = console.error;
    390|       console.error = jest.fn().mockImplementation(() => {
       |                       ^
    391|         throw new Error('Creation failed');
    392|       });

⎯⎯⎯⎯⎯⎯⎯⎯⎯⎯⎯⎯⎯⎯⎯⎯⎯⎯⎯⎯⎯⎯[68/79]⎯

 FAIL  src/modules/workflow/__tests__/context/WorkflowPortalContext.test.tsx > WorkflowPortalContext > Hook Error Handling > should throw error when used outside provider
ReferenceError: jest is not defined
 ❯ src/modules/workflow/__tests__/context/WorkflowPortalContext.test.tsx:449:23
    447|       // Mock console.error to suppress test output
    448|       const originalError = console.error;
    449|       console.error = jest.fn();
       |                       ^
    450| 
    451|       expect(() => {

⎯⎯⎯⎯⎯⎯⎯⎯⎯⎯⎯⎯⎯⎯⎯⎯⎯⎯⎯⎯⎯⎯[69/79]⎯

⎯⎯⎯⎯⎯⎯ Unhandled Errors ⎯⎯⎯⎯⎯⎯

Vitest caught 1 unhandled error during the test run.
This might cause false positive tests. Resolve unhandled errors to make sure your tests are not affected.

⎯⎯⎯⎯⎯ Uncaught Exception ⎯⎯⎯⎯⎯
TypeError: steps.filter is not a function
 ❯ src/modules/ticketing/components/Verification/VerificationChecklist.tsx:190:41
    188|         <div className="space-y-6">
    189|           {(['preparation', 'installation', 'testing', 'documentation'…
    190|             const categorySteps = steps.filter((step) => {
       |                                         ^
    191|               const stepNumber = step.step_number as VerificationStepN…
    192|               return VERIFICATION_STEPS_BY_CATEGORY[category].some(
 ❯ VerificationChecklist src/modules/ticketing/components/Verification/VerificationChecklist.tsx:189:83
 ❯ renderWithHooks node_modules/react-dom/cjs/react-dom.development.js:15486:18
 ❯ updateFunctionComponent node_modules/react-dom/cjs/react-dom.development.js:19617:20
 ❯ beginWork node_modules/react-dom/cjs/react-dom.development.js:21640:16
 ❯ beginWork$1 node_modules/react-dom/cjs/react-dom.development.js:27465:14
 ❯ performUnitOfWork node_modules/react-dom/cjs/react-dom.development.js:26599:12
 ❯ workLoopSync node_modules/react-dom/cjs/react-dom.development.js:26505:5
 ❯ renderRootSync node_modules/react-dom/cjs/react-dom.development.js:26473:7

This error originated in "src/modules/ticketing/__tests__/components/TicketDetail.test.tsx" test file. It doesn't mean the error was thrown inside the file itself, but while it was running.
The latest test that might've caused the error is "should display ticket priority". It might mean one of the following:
- The error was thrown, while Vitest was running this test.
- This was the last recorded test before the error was thrown, if error originated after test finished its execution.
⎯⎯⎯⎯⎯⎯⎯⎯⎯⎯⎯⎯⎯⎯⎯⎯⎯⎯⎯⎯⎯⎯⎯⎯⎯⎯⎯⎯⎯⎯

 Test Files  35 failed | 52 passed (87)
      Tests  59 failed | 1316 passed | 1 skipped (1376)
     Errors  1 error
   Start at  10:46:39
   Duration  40.98s (transform 3.31s, setup 3.68s, collect 9.21s, tests 58.15s, environment 18.21s, prepare 6.89s)


 FAIL  Tests failed. Watching for file changes...
       press h to show help, press q to quit
